
*** Running vivado
    with args -log fft_top.vds -m64 -product Vivado -mode batch -messageDb vivado.pb -notrace -source fft_top.tcl


****** Vivado v2023.1 (64-bit)
  **** SW Build 3865809 on Sun May  7 15:04:56 MDT 2023
  **** IP Build 3864474 on Sun May  7 20:36:21 MDT 2023
  **** SharedData Build 3865790 on Sun May 07 13:33:03 MDT 2023
    ** Copyright 1986-2022 Xilinx, Inc. All Rights Reserved.
    ** Copyright 2022-2023 Advanced Micro Devices, Inc. All Rights Reserved.

source fft_top.tcl -notrace
create_project: Time (s): cpu = 00:00:10 ; elapsed = 00:00:11 . Memory (MB): peak = 1328.258 ; gain = 0.023 ; free physical = 1154 ; free virtual = 3667
Command: synth_design -top fft_top -part xc7a100tcsg324-1
Starting synth_design
Attempting to get a license for feature 'Synthesis' and/or device 'xc7a100t'
INFO: [Common 17-349] Got license for feature 'Synthesis' and/or device 'xc7a100t'
INFO: [Device 21-403] Loading part xc7a100tcsg324-1
INFO: [Synth 8-7079] Multithreading enabled for synth_design using a maximum of 4 processes.
INFO: [Synth 8-7078] Launching helper process for spawning children vivado processes
INFO: [Synth 8-7075] Helper process launched with PID 906999
WARNING: [Synth 8-11067] parameter 'BITSIMAG' declared inside package 'fft_pkg' shall be treated as localparam [/home/fpga13/group_admi/exp_2/exp_2.srcs/sources_1/imports/fpga13/pkg.sv:5]
WARNING: [Synth 8-11067] parameter 'BITSREAL' declared inside package 'fft_pkg' shall be treated as localparam [/home/fpga13/group_admi/exp_2/exp_2.srcs/sources_1/imports/fpga13/pkg.sv:6]
WARNING: [Synth 8-11067] parameter 'WINDOWSTEP_MS' declared inside package 'fft_pkg' shall be treated as localparam [/home/fpga13/group_admi/exp_2/exp_2.srcs/sources_1/imports/fpga13/pkg.sv:17]
WARNING: [Synth 8-11067] parameter 'WINDOWSIZE_MS' declared inside package 'fft_pkg' shall be treated as localparam [/home/fpga13/group_admi/exp_2/exp_2.srcs/sources_1/imports/fpga13/pkg.sv:18]
WARNING: [Synth 8-11067] parameter 'SAMPLE_PER_MS' declared inside package 'fft_pkg' shall be treated as localparam [/home/fpga13/group_admi/exp_2/exp_2.srcs/sources_1/imports/fpga13/pkg.sv:19]
WARNING: [Synth 8-11067] parameter 'FRAME_WIDTH_MS' declared inside package 'fft_pkg' shall be treated as localparam [/home/fpga13/group_admi/exp_2/exp_2.srcs/sources_1/imports/fpga13/pkg.sv:20]
WARNING: [Synth 8-11067] parameter 'REQUIRED_FRAMES' declared inside package 'fft_pkg' shall be treated as localparam [/home/fpga13/group_admi/exp_2/exp_2.srcs/sources_1/imports/fpga13/pkg.sv:22]
WARNING: [Synth 8-11067] parameter 'PARALLELISM' declared inside package 'fft_pkg' shall be treated as localparam [/home/fpga13/group_admi/exp_2/exp_2.srcs/sources_1/imports/fpga13/pkg.sv:26]
WARNING: [Synth 8-11067] parameter 'FIFO_DEPTH_MS' declared inside package 'fft_pkg' shall be treated as localparam [/home/fpga13/group_admi/exp_2/exp_2.srcs/sources_1/imports/fpga13/pkg.sv:27]
WARNING: [Synth 8-11067] parameter 'FIFO_DEPTH' declared inside package 'fft_pkg' shall be treated as localparam [/home/fpga13/group_admi/exp_2/exp_2.srcs/sources_1/imports/fpga13/pkg.sv:28]
WARNING: [Synth 8-11067] parameter 'WINDOWSTEP' declared inside package 'fft_pkg' shall be treated as localparam [/home/fpga13/group_admi/exp_2/exp_2.srcs/sources_1/imports/fpga13/pkg.sv:29]
WARNING: [Synth 8-11067] parameter 'ENOUGH_DATA' declared inside package 'fft_pkg' shall be treated as localparam [/home/fpga13/group_admi/exp_2/exp_2.srcs/sources_1/imports/fpga13/pkg.sv:32]
WARNING: [Synth 8-11067] parameter 'FRAME_SIZE' declared inside package 'fft_pkg' shall be treated as localparam [/home/fpga13/group_admi/exp_2/exp_2.srcs/sources_1/imports/fpga13/pkg.sv:33]
WARNING: [Synth 8-11067] parameter 'WAIT_SIZE' declared inside package 'fft_pkg' shall be treated as localparam [/home/fpga13/group_admi/exp_2/exp_2.srcs/sources_1/imports/fpga13/pkg.sv:34]
WARNING: [Synth 8-11067] parameter 'FRAME_COUNT' declared inside package 'fft_pkg' shall be treated as localparam [/home/fpga13/group_admi/exp_2/exp_2.srcs/sources_1/imports/fpga13/pkg.sv:36]
WARNING: [Synth 8-9661] initial value of parameter 'dtype_t' is omitted [/home/fpga13/group_admi/exp_2/exp_2.srcs/sources_1/imports/fpga13/fft_top.sv:366]
---------------------------------------------------------------------------------
Starting RTL Elaboration : Time (s): cpu = 00:00:04 ; elapsed = 00:00:05 . Memory (MB): peak = 2060.879 ; gain = 378.770 ; free physical = 155 ; free virtual = 2688
---------------------------------------------------------------------------------
INFO: [Synth 8-6157] synthesizing module 'fft_top' [/home/fpga13/group_admi/exp_2/exp_2.srcs/sources_1/imports/fpga13/fft_top.sv:3]
INFO: [Synth 8-6157] synthesizing module 'serial_fft' [/home/fpga13/group_admi/exp_2/exp_2.srcs/sources_1/imports/fpga13/fft_top.sv:76]
INFO: [Synth 8-6157] synthesizing module 'xpm_memory_tdpram' [/mnt/data40tb/Xilinx/Vivado/2023.1/data/ip/xpm/xpm_memory/hdl/xpm_memory.sv:9044]
	Parameter MEMORY_SIZE bound to: 32768 - type: integer 
	Parameter MEMORY_PRIMITIVE bound to: auto - type: string 
	Parameter CLOCKING_MODE bound to: common_clock - type: string 
	Parameter ECC_MODE bound to: no_ecc - type: string 
	Parameter MEMORY_INIT_FILE bound to: none - type: string 
	Parameter MEMORY_INIT_PARAM bound to: 0 - type: string 
	Parameter USE_MEM_INIT bound to: 1 - type: integer 
	Parameter WAKEUP_TIME bound to: disable_sleep - type: string 
	Parameter AUTO_SLEEP_TIME bound to: 0 - type: integer 
	Parameter MESSAGE_CONTROL bound to: 0 - type: integer 
	Parameter USE_EMBEDDED_CONSTRAINT bound to: 0 - type: integer 
	Parameter MEMORY_OPTIMIZATION bound to: true - type: string 
	Parameter WRITE_DATA_WIDTH_A bound to: 32 - type: integer 
	Parameter READ_DATA_WIDTH_A bound to: 32 - type: integer 
	Parameter BYTE_WRITE_WIDTH_A bound to: 32 - type: integer 
	Parameter ADDR_WIDTH_A bound to: 10 - type: integer 
	Parameter READ_RESET_VALUE_A bound to: 0 - type: string 
	Parameter READ_LATENCY_A bound to: 2 - type: integer 
	Parameter WRITE_MODE_A bound to: no_change - type: string 
	Parameter WRITE_DATA_WIDTH_B bound to: 32 - type: integer 
	Parameter READ_DATA_WIDTH_B bound to: 32 - type: integer 
	Parameter BYTE_WRITE_WIDTH_B bound to: 32 - type: integer 
	Parameter ADDR_WIDTH_B bound to: 10 - type: integer 
	Parameter READ_RESET_VALUE_B bound to: 0 - type: string 
	Parameter READ_LATENCY_B bound to: 2 - type: integer 
	Parameter WRITE_MODE_B bound to: no_change - type: string 
INFO: [Synth 8-6157] synthesizing module 'xpm_memory_base' [/mnt/data40tb/Xilinx/Vivado/2023.1/data/ip/xpm/xpm_memory/hdl/xpm_memory.sv:56]
INFO: [Synth 8-6059] Synth Info: [XPM_MEMORY 20-1] MEMORY_PRIMITIVE (0) instructs Vivado Synthesis to choose the memory primitive type. Depending on their values, other XPM_MEMORY parameters may preclude the choice of certain memory primitive types. Review XPM_MEMORY documentation and parameter values to understand any limitations, or set MEMORY_PRIMITIVE to a different value.   [/mnt/data40tb/Xilinx/Vivado/2023.1/data/ip/xpm/xpm_memory/hdl/xpm_memory.sv:508]
INFO: [Synth 8-6059] Synth Info: [XPM_MEMORY 20-2] MEMORY_INIT_FILE (none), MEMORY_INIT_PARAM together specify no memory initialization. Initial memory contents will be all 0's.   [/mnt/data40tb/Xilinx/Vivado/2023.1/data/ip/xpm/xpm_memory/hdl/xpm_memory.sv:510]
INFO: [Synth 8-6155] done synthesizing module 'xpm_memory_base' (0#1) [/mnt/data40tb/Xilinx/Vivado/2023.1/data/ip/xpm/xpm_memory/hdl/xpm_memory.sv:56]
INFO: [Synth 8-6155] done synthesizing module 'xpm_memory_tdpram' (0#1) [/mnt/data40tb/Xilinx/Vivado/2023.1/data/ip/xpm/xpm_memory/hdl/xpm_memory.sv:9044]
INFO: [Synth 8-155] case statement is not full and has no default [/home/fpga13/group_admi/exp_2/exp_2.srcs/sources_1/imports/fpga13/fft_top.sv:193]
INFO: [Synth 8-6157] synthesizing module 'BUFGCE' [/mnt/data40tb/Xilinx/Vivado/2023.1/scripts/rt/data/unisim_comp.v:1529]
INFO: [Synth 8-6155] done synthesizing module 'BUFGCE' (0#1) [/mnt/data40tb/Xilinx/Vivado/2023.1/scripts/rt/data/unisim_comp.v:1529]
INFO: [Synth 8-6155] done synthesizing module 'serial_fft' (0#1) [/home/fpga13/group_admi/exp_2/exp_2.srcs/sources_1/imports/fpga13/fft_top.sv:76]
INFO: [Synth 8-6157] synthesizing module 'fft_abs_value' [/home/fpga13/group_admi/exp_2/exp_2.srcs/sources_1/imports/fpga13/fft_top.sv:289]
INFO: [Synth 8-6157] synthesizing module 'stream_register' [/home/fpga13/group_admi/exp_2/exp_2.srcs/sources_1/imports/fpga13/fft_top.sv:338]
INFO: [Synth 8-6155] done synthesizing module 'stream_register' (0#1) [/home/fpga13/group_admi/exp_2/exp_2.srcs/sources_1/imports/fpga13/fft_top.sv:338]
INFO: [Synth 8-6157] synthesizing module 'sqrt_cordic' [/home/fpga13/group_admi/exp_2/exp_2.runs/synth_1/.Xil/Vivado-906903-FPGA13L/realtime/sqrt_cordic_stub.v:6]
INFO: [Synth 8-6155] done synthesizing module 'sqrt_cordic' (0#1) [/home/fpga13/group_admi/exp_2/exp_2.runs/synth_1/.Xil/Vivado-906903-FPGA13L/realtime/sqrt_cordic_stub.v:6]
INFO: [Synth 8-6155] done synthesizing module 'fft_abs_value' (0#1) [/home/fpga13/group_admi/exp_2/exp_2.srcs/sources_1/imports/fpga13/fft_top.sv:289]
INFO: [Synth 8-6157] synthesizing module 'drop_upper_freqs' [/home/fpga13/group_admi/exp_2/exp_2.srcs/sources_1/imports/fpga13/fft_top.sv:364]
INFO: [Synth 8-6155] done synthesizing module 'drop_upper_freqs' (0#1) [/home/fpga13/group_admi/exp_2/exp_2.srcs/sources_1/imports/fpga13/fft_top.sv:364]
INFO: [Synth 8-6155] done synthesizing module 'fft_top' (0#1) [/home/fpga13/group_admi/exp_2/exp_2.srcs/sources_1/imports/fpga13/fft_top.sv:3]
WARNING: [Synth 8-6014] Unused sequential element gen_rd_a.gen_douta_pipe.ena_pipe_reg[0] was removed.  [/mnt/data40tb/Xilinx/Vivado/2023.1/data/ip/xpm/xpm_memory/hdl/xpm_memory.sv:2381]
WARNING: [Synth 8-6014] Unused sequential element gen_rd_b.gen_doutb_pipe.enb_pipe_reg[0] was removed.  [/mnt/data40tb/Xilinx/Vivado/2023.1/data/ip/xpm/xpm_memory/hdl/xpm_memory.sv:3071]
WARNING: [Synth 8-6014] Unused sequential element wdata_reg was removed.  [/home/fpga13/group_admi/exp_2/exp_2.srcs/sources_1/imports/fpga13/fft_top.sv:216]
WARNING: [Synth 8-3848] Net data_o[tdata][i_value] in module/entity serial_fft does not have driver. [/home/fpga13/group_admi/exp_2/exp_2.srcs/sources_1/imports/fpga13/fft_top.sv:86]
WARNING: [Synth 8-3848] Net data_o[tdata][r_value] in module/entity serial_fft does not have driver. [/home/fpga13/group_admi/exp_2/exp_2.srcs/sources_1/imports/fpga13/fft_top.sv:86]
WARNING: [Synth 8-3848] Net data_o[tlast] in module/entity serial_fft does not have driver. [/home/fpga13/group_admi/exp_2/exp_2.srcs/sources_1/imports/fpga13/fft_top.sv:86]
WARNING: [Synth 8-3848] Net valid_o in module/entity serial_fft does not have driver. [/home/fpga13/group_admi/exp_2/exp_2.srcs/sources_1/imports/fpga13/fft_top.sv:87]
WARNING: [Synth 8-3848] Net fft_ready in module/entity serial_fft does not have driver. [/home/fpga13/group_admi/exp_2/exp_2.srcs/sources_1/imports/fpga13/fft_top.sv:278]
WARNING: [Synth 8-7129] Port sleep in module xpm_memory_base is either unconnected or has no load
WARNING: [Synth 8-7129] Port injectsbiterra in module xpm_memory_base is either unconnected or has no load
WARNING: [Synth 8-7129] Port injectdbiterra in module xpm_memory_base is either unconnected or has no load
WARNING: [Synth 8-7129] Port clkb in module xpm_memory_base is either unconnected or has no load
WARNING: [Synth 8-7129] Port injectsbiterrb in module xpm_memory_base is either unconnected or has no load
WARNING: [Synth 8-7129] Port injectdbiterrb in module xpm_memory_base is either unconnected or has no load
WARNING: [Synth 8-7129] Port data_o[tdata][i_value][15] in module serial_fft is either unconnected or has no load
WARNING: [Synth 8-7129] Port data_o[tdata][i_value][14] in module serial_fft is either unconnected or has no load
WARNING: [Synth 8-7129] Port data_o[tdata][i_value][13] in module serial_fft is either unconnected or has no load
WARNING: [Synth 8-7129] Port data_o[tdata][i_value][12] in module serial_fft is either unconnected or has no load
WARNING: [Synth 8-7129] Port data_o[tdata][i_value][11] in module serial_fft is either unconnected or has no load
WARNING: [Synth 8-7129] Port data_o[tdata][i_value][10] in module serial_fft is either unconnected or has no load
WARNING: [Synth 8-7129] Port data_o[tdata][i_value][9] in module serial_fft is either unconnected or has no load
WARNING: [Synth 8-7129] Port data_o[tdata][i_value][8] in module serial_fft is either unconnected or has no load
WARNING: [Synth 8-7129] Port data_o[tdata][i_value][7] in module serial_fft is either unconnected or has no load
WARNING: [Synth 8-7129] Port data_o[tdata][i_value][6] in module serial_fft is either unconnected or has no load
WARNING: [Synth 8-7129] Port data_o[tdata][i_value][5] in module serial_fft is either unconnected or has no load
WARNING: [Synth 8-7129] Port data_o[tdata][i_value][4] in module serial_fft is either unconnected or has no load
WARNING: [Synth 8-7129] Port data_o[tdata][i_value][3] in module serial_fft is either unconnected or has no load
WARNING: [Synth 8-7129] Port data_o[tdata][i_value][2] in module serial_fft is either unconnected or has no load
WARNING: [Synth 8-7129] Port data_o[tdata][i_value][1] in module serial_fft is either unconnected or has no load
WARNING: [Synth 8-7129] Port data_o[tdata][i_value][0] in module serial_fft is either unconnected or has no load
WARNING: [Synth 8-7129] Port data_o[tdata][r_value][15] in module serial_fft is either unconnected or has no load
WARNING: [Synth 8-7129] Port data_o[tdata][r_value][14] in module serial_fft is either unconnected or has no load
WARNING: [Synth 8-7129] Port data_o[tdata][r_value][13] in module serial_fft is either unconnected or has no load
WARNING: [Synth 8-7129] Port data_o[tdata][r_value][12] in module serial_fft is either unconnected or has no load
WARNING: [Synth 8-7129] Port data_o[tdata][r_value][11] in module serial_fft is either unconnected or has no load
WARNING: [Synth 8-7129] Port data_o[tdata][r_value][10] in module serial_fft is either unconnected or has no load
WARNING: [Synth 8-7129] Port data_o[tdata][r_value][9] in module serial_fft is either unconnected or has no load
WARNING: [Synth 8-7129] Port data_o[tdata][r_value][8] in module serial_fft is either unconnected or has no load
WARNING: [Synth 8-7129] Port data_o[tdata][r_value][7] in module serial_fft is either unconnected or has no load
WARNING: [Synth 8-7129] Port data_o[tdata][r_value][6] in module serial_fft is either unconnected or has no load
WARNING: [Synth 8-7129] Port data_o[tdata][r_value][5] in module serial_fft is either unconnected or has no load
WARNING: [Synth 8-7129] Port data_o[tdata][r_value][4] in module serial_fft is either unconnected or has no load
WARNING: [Synth 8-7129] Port data_o[tdata][r_value][3] in module serial_fft is either unconnected or has no load
WARNING: [Synth 8-7129] Port data_o[tdata][r_value][2] in module serial_fft is either unconnected or has no load
WARNING: [Synth 8-7129] Port data_o[tdata][r_value][1] in module serial_fft is either unconnected or has no load
WARNING: [Synth 8-7129] Port data_o[tdata][r_value][0] in module serial_fft is either unconnected or has no load
WARNING: [Synth 8-7129] Port data_o[tlast] in module serial_fft is either unconnected or has no load
WARNING: [Synth 8-7129] Port valid_o in module serial_fft is either unconnected or has no load
WARNING: [Synth 8-7129] Port ready_i in module serial_fft is either unconnected or has no load
---------------------------------------------------------------------------------
Finished RTL Elaboration : Time (s): cpu = 00:00:06 ; elapsed = 00:00:07 . Memory (MB): peak = 2129.816 ; gain = 447.707 ; free physical = 148 ; free virtual = 2607
---------------------------------------------------------------------------------
---------------------------------------------------------------------------------
Start Handling Custom Attributes
---------------------------------------------------------------------------------
---------------------------------------------------------------------------------
Finished Handling Custom Attributes : Time (s): cpu = 00:00:06 ; elapsed = 00:00:07 . Memory (MB): peak = 2147.629 ; gain = 465.520 ; free physical = 148 ; free virtual = 2607
---------------------------------------------------------------------------------
---------------------------------------------------------------------------------
Finished RTL Optimization Phase 1 : Time (s): cpu = 00:00:06 ; elapsed = 00:00:07 . Memory (MB): peak = 2147.629 ; gain = 465.520 ; free physical = 148 ; free virtual = 2607
---------------------------------------------------------------------------------
Netlist sorting complete. Time (s): cpu = 00:00:00.01 ; elapsed = 00:00:00 . Memory (MB): peak = 2153.566 ; gain = 0.000 ; free physical = 172 ; free virtual = 2611
WARNING: [Netlist 29-345] The value of SIM_DEVICE on instance 'u_serial_fft/clk_gate' of type 'BUFGCE' is 'ULTRASCALE'; it is being changed to match the current FPGA architecture, '7SERIES'. For functional simulation to match hardware behavior, the value of SIM_DEVICE should be changed in the source netlist. 
INFO: [Netlist 29-17] Analyzing 1 Unisim elements for replacement
INFO: [Netlist 29-28] Unisim Transformation completed in 0 CPU seconds
INFO: [Project 1-570] Preparing netlist for logic optimization

Processing XDC Constraints
Initializing timing engine
Parsing XDC File [/home/fpga13/group_admi/exp_2/exp_2.gen/sources_1/ip/sqrt_cordic/sqrt_cordic/sqrt_cordic_in_context.xdc] for cell 'abs_value_i/sqrt_i'
Finished Parsing XDC File [/home/fpga13/group_admi/exp_2/exp_2.gen/sources_1/ip/sqrt_cordic/sqrt_cordic/sqrt_cordic_in_context.xdc] for cell 'abs_value_i/sqrt_i'
INFO: [Project 1-236] Implementation specific constraints were found while reading constraint file [/mnt/data40tb/Xilinx/Vivado/2023.1/data/ip/xpm/xpm_memory/tcl/xpm_memory_xdc.tcl]. These constraints will be ignored for synthesis but will be used in implementation. Impacted constraints are listed in the file [.Xil/fft_top_propImpl.xdc].
Resolution: To avoid this warning, move constraints listed in [.Xil/fft_top_propImpl.xdc] to another XDC file and exclude this new file from synthesis with the used_in_synthesis property (File Properties dialog in GUI) and re-run elaboration/synthesis.
INFO: [Project 1-1714] 1 XPM XDC files have been applied to the design.
Completed Processing XDC Constraints

Netlist sorting complete. Time (s): cpu = 00:00:00 ; elapsed = 00:00:00 . Memory (MB): peak = 2252.363 ; gain = 0.000 ; free physical = 154 ; free virtual = 2605
INFO: [Project 1-111] Unisim Transformation Summary:
  A total of 1 instances were transformed.
  BUFGCE => BUFGCTRL: 1 instance 

Constraint Validation Runtime : Time (s): cpu = 00:00:00 ; elapsed = 00:00:00.01 . Memory (MB): peak = 2252.363 ; gain = 0.000 ; free physical = 154 ; free virtual = 2605
---------------------------------------------------------------------------------
Finished Constraint Validation : Time (s): cpu = 00:00:13 ; elapsed = 00:00:14 . Memory (MB): peak = 2252.363 ; gain = 570.254 ; free physical = 153 ; free virtual = 2604
---------------------------------------------------------------------------------
---------------------------------------------------------------------------------
Start Loading Part and Timing Information
---------------------------------------------------------------------------------
Loading part: xc7a100tcsg324-1
---------------------------------------------------------------------------------
Finished Loading Part and Timing Information : Time (s): cpu = 00:00:13 ; elapsed = 00:00:14 . Memory (MB): peak = 2252.363 ; gain = 570.254 ; free physical = 153 ; free virtual = 2604
---------------------------------------------------------------------------------
---------------------------------------------------------------------------------
Start Applying 'set_property' XDC Constraints
---------------------------------------------------------------------------------
Applied set_property KEEP_HIERARCHY = SOFT for abs_value_i/sqrt_i. (constraint file  auto generated constraint).
Applied set_property KEEP_HIERARCHY = SOFT for u_serial_fft/i_xpm_memory_tdpram. (constraint file  auto generated constraint).
---------------------------------------------------------------------------------
Finished applying 'set_property' XDC Constraints : Time (s): cpu = 00:00:13 ; elapsed = 00:00:14 . Memory (MB): peak = 2252.363 ; gain = 570.254 ; free physical = 154 ; free virtual = 2605
---------------------------------------------------------------------------------
INFO: [Synth 8-3971] The signal "xpm_memory_base:/gen_wr_b.gen_word_narrow.mem_reg" was recognized as a true dual port RAM template.
---------------------------------------------------------------------------------
Finished RTL Optimization Phase 2 : Time (s): cpu = 00:00:13 ; elapsed = 00:00:14 . Memory (MB): peak = 2252.363 ; gain = 570.254 ; free physical = 152 ; free virtual = 2604
---------------------------------------------------------------------------------
---------------------------------------------------------------------------------
Start RTL Component Statistics 
---------------------------------------------------------------------------------
Detailed RTL Component Info : 
+---Adders : 
	   2 Input   10 Bit       Adders := 7     
	   2 Input    9 Bit       Adders := 1     
	   2 Input    7 Bit       Adders := 1     
+---Registers : 
	               40 Bit    Registers := 1     
	               32 Bit    Registers := 6     
	               10 Bit    Registers := 5     
	                9 Bit    Registers := 1     
	                7 Bit    Registers := 1     
	                1 Bit    Registers := 2     
+---RAMs : 
	              32K Bit	(1024 X 32 bit)          RAMs := 1     
+---Muxes : 
	   2 Input   32 Bit        Muxes := 2     
	   2 Input   10 Bit        Muxes := 7     
	   2 Input    9 Bit        Muxes := 1     
	   2 Input    1 Bit        Muxes := 8     
---------------------------------------------------------------------------------
Finished RTL Component Statistics 
---------------------------------------------------------------------------------
---------------------------------------------------------------------------------
Start Part Resource Summary
---------------------------------------------------------------------------------
Part Resources:
DSPs: 240 (col length:80)
BRAMs: 270 (col length: RAMB18 80 RAMB36 40)
---------------------------------------------------------------------------------
Finished Part Resource Summary
---------------------------------------------------------------------------------
---------------------------------------------------------------------------------
Start Cross Boundary and Area Optimization
---------------------------------------------------------------------------------
WARNING: [Synth 8-7080] Parallel synthesis criteria is not met
DSP Report: Generating DSP abs_value_i/square_value[value]0, operation Mode is: A*B.
DSP Report: operator abs_value_i/square_value[value]0 is absorbed into DSP abs_value_i/square_value[value]0.
DSP Report: Generating DSP abs_value_i/square_value[value], operation Mode is: PCIN+A*B.
DSP Report: operator abs_value_i/square_value[value] is absorbed into DSP abs_value_i/square_value[value].
DSP Report: operator abs_value_i/square_value[value]0 is absorbed into DSP abs_value_i/square_value[value].
WARNING: [Synth 8-3917] design fft_top has port proc_data[tdata][0] driven by constant 0
WARNING: [Synth 8-7129] Port injectsbiterra in module xpm_memory_base is either unconnected or has no load
WARNING: [Synth 8-7129] Port injectdbiterra in module xpm_memory_base is either unconnected or has no load
WARNING: [Synth 8-7129] Port clkb in module xpm_memory_base is either unconnected or has no load
WARNING: [Synth 8-7129] Port injectsbiterrb in module xpm_memory_base is either unconnected or has no load
WARNING: [Synth 8-7129] Port injectdbiterrb in module xpm_memory_base is either unconnected or has no load
WARNING: [Synth 8-6014] Unused sequential element gen_wr_a.gen_word_narrow.mem_reg was removed. 
---------------------------------------------------------------------------------
Finished Cross Boundary and Area Optimization : Time (s): cpu = 00:00:16 ; elapsed = 00:00:17 . Memory (MB): peak = 2252.363 ; gain = 570.254 ; free physical = 178 ; free virtual = 2610
---------------------------------------------------------------------------------
---------------------------------------------------------------------------------
Start ROM, RAM, DSP, Shift Register and Retiming Reporting
---------------------------------------------------------------------------------

DSP: Preliminary Mapping Report (see note below. The ' indicates corresponding REG is set)
+--------------+-------------+--------+--------+--------+--------+--------+------+------+------+------+-------+------+------+
|Module Name   | DSP Mapping | A Size | B Size | C Size | D Size | P Size | AREG | BREG | CREG | DREG | ADREG | MREG | PREG | 
+--------------+-------------+--------+--------+--------+--------+--------+------+------+------+------+-------+------+------+
|fft_abs_value | A*B         | 16     | 16     | -      | -      | 32     | 0    | 0    | -    | -    | -     | 0    | 0    | 
|fft_abs_value | PCIN+A*B    | 16     | 16     | -      | -      | 33     | 0    | 0    | -    | -    | -     | 0    | 0    | 
+--------------+-------------+--------+--------+--------+--------+--------+------+------+------+------+-------+------+------+

Note: The table above is a preliminary report that shows the DSPs inferred at the current stage of the synthesis flow. Some DSP may be reimplemented as non DSP primitives later in the synthesis flow. Multiple instantiated DSPs are reported only once.
---------------------------------------------------------------------------------
Finished ROM, RAM, DSP, Shift Register and Retiming Reporting
---------------------------------------------------------------------------------
---------------------------------------------------------------------------------
Start Applying XDC Timing Constraints
---------------------------------------------------------------------------------
---------------------------------------------------------------------------------
Finished Applying XDC Timing Constraints : Time (s): cpu = 00:00:21 ; elapsed = 00:00:22 . Memory (MB): peak = 2252.363 ; gain = 570.254 ; free physical = 175 ; free virtual = 2613
---------------------------------------------------------------------------------
---------------------------------------------------------------------------------
Start Timing Optimization
---------------------------------------------------------------------------------
---------------------------------------------------------------------------------
Finished Timing Optimization : Time (s): cpu = 00:00:21 ; elapsed = 00:00:22 . Memory (MB): peak = 2252.363 ; gain = 570.254 ; free physical = 175 ; free virtual = 2613
---------------------------------------------------------------------------------
---------------------------------------------------------------------------------
Start Technology Mapping
---------------------------------------------------------------------------------
---------------------------------------------------------------------------------
Finished Technology Mapping : Time (s): cpu = 00:00:21 ; elapsed = 00:00:22 . Memory (MB): peak = 2252.363 ; gain = 570.254 ; free physical = 175 ; free virtual = 2613
---------------------------------------------------------------------------------
---------------------------------------------------------------------------------
Start IO Insertion
---------------------------------------------------------------------------------
---------------------------------------------------------------------------------
Start Flattening Before IO Insertion
---------------------------------------------------------------------------------
---------------------------------------------------------------------------------
Finished Flattening Before IO Insertion
---------------------------------------------------------------------------------
---------------------------------------------------------------------------------
Start Final Netlist Cleanup
---------------------------------------------------------------------------------
---------------------------------------------------------------------------------
Finished Final Netlist Cleanup
---------------------------------------------------------------------------------
WARNING: [Synth 8-5410] Found another clock driver \u_serial_fft/clk_gate :O [/home/fpga13/group_admi/exp_2/exp_2.srcs/sources_1/imports/fpga13/fft_top.sv:279]
---------------------------------------------------------------------------------
Finished IO Insertion : Time (s): cpu = 00:00:25 ; elapsed = 00:00:26 . Memory (MB): peak = 2252.363 ; gain = 570.254 ; free physical = 175 ; free virtual = 2614
---------------------------------------------------------------------------------
---------------------------------------------------------------------------------
Start Renaming Generated Instances
---------------------------------------------------------------------------------
---------------------------------------------------------------------------------
Finished Renaming Generated Instances : Time (s): cpu = 00:00:25 ; elapsed = 00:00:26 . Memory (MB): peak = 2252.363 ; gain = 570.254 ; free physical = 175 ; free virtual = 2614
---------------------------------------------------------------------------------
---------------------------------------------------------------------------------
Start Rebuilding User Hierarchy
---------------------------------------------------------------------------------
---------------------------------------------------------------------------------
Finished Rebuilding User Hierarchy : Time (s): cpu = 00:00:25 ; elapsed = 00:00:26 . Memory (MB): peak = 2252.363 ; gain = 570.254 ; free physical = 175 ; free virtual = 2614
---------------------------------------------------------------------------------
---------------------------------------------------------------------------------
Start Renaming Generated Ports
---------------------------------------------------------------------------------
---------------------------------------------------------------------------------
Finished Renaming Generated Ports : Time (s): cpu = 00:00:25 ; elapsed = 00:00:26 . Memory (MB): peak = 2252.363 ; gain = 570.254 ; free physical = 175 ; free virtual = 2614
---------------------------------------------------------------------------------
---------------------------------------------------------------------------------
Start Handling Custom Attributes
---------------------------------------------------------------------------------
---------------------------------------------------------------------------------
Finished Handling Custom Attributes : Time (s): cpu = 00:00:25 ; elapsed = 00:00:26 . Memory (MB): peak = 2252.363 ; gain = 570.254 ; free physical = 175 ; free virtual = 2614
---------------------------------------------------------------------------------
---------------------------------------------------------------------------------
Start Renaming Generated Nets
---------------------------------------------------------------------------------
---------------------------------------------------------------------------------
Finished Renaming Generated Nets : Time (s): cpu = 00:00:25 ; elapsed = 00:00:26 . Memory (MB): peak = 2252.363 ; gain = 570.254 ; free physical = 175 ; free virtual = 2614
---------------------------------------------------------------------------------
---------------------------------------------------------------------------------
Start Writing Synthesis Report
---------------------------------------------------------------------------------

Report BlackBoxes: 
+------+--------------+----------+
|      |BlackBox name |Instances |
+------+--------------+----------+
|1     |sqrt_cordic   |         1|
+------+--------------+----------+

Report Cell Usage: 
+------+------------+------+
|      |Cell        |Count |
+------+------------+------+
|1     |sqrt_cordic |     1|
|2     |BUFG        |     1|
|3     |BUFGCE      |     1|
|4     |CARRY4      |     1|
|5     |LUT1        |     4|
|6     |LUT2        |    12|
|7     |LUT3        |    14|
|8     |LUT4        |    21|
|9     |LUT5        |    27|
|10    |LUT6        |    35|
|11    |FDCE        |    64|
|12    |FDPE        |     1|
|13    |IBUF        |     5|
|14    |OBUF        |    19|
+------+------------+------+
---------------------------------------------------------------------------------
Finished Writing Synthesis Report : Time (s): cpu = 00:00:25 ; elapsed = 00:00:26 . Memory (MB): peak = 2252.363 ; gain = 570.254 ; free physical = 175 ; free virtual = 2614
---------------------------------------------------------------------------------
Synthesis finished with 0 errors, 0 critical warnings and 9 warnings.
Synthesis Optimization Runtime : Time (s): cpu = 00:00:23 ; elapsed = 00:00:24 . Memory (MB): peak = 2252.363 ; gain = 465.520 ; free physical = 175 ; free virtual = 2614
Synthesis Optimization Complete : Time (s): cpu = 00:00:25 ; elapsed = 00:00:26 . Memory (MB): peak = 2252.371 ; gain = 570.254 ; free physical = 175 ; free virtual = 2614
INFO: [Project 1-571] Translating synthesized netlist
Netlist sorting complete. Time (s): cpu = 00:00:00 ; elapsed = 00:00:00 . Memory (MB): peak = 2252.371 ; gain = 0.000 ; free physical = 175 ; free virtual = 2614
WARNING: [Netlist 29-345] The value of SIM_DEVICE on instance 'u_serial_fft/clk_gate' of type 'BUFGCE' is 'ULTRASCALE'; it is being changed to match the current FPGA architecture, '7SERIES'. For functional simulation to match hardware behavior, the value of SIM_DEVICE should be changed in the source netlist. 
INFO: [Netlist 29-17] Analyzing 2 Unisim elements for replacement
INFO: [Netlist 29-28] Unisim Transformation completed in 0 CPU seconds
INFO: [Project 1-570] Preparing netlist for logic optimization
INFO: [Opt 31-138] Pushed 0 inverter(s) to 0 load pin(s).
Netlist sorting complete. Time (s): cpu = 00:00:00 ; elapsed = 00:00:00 . Memory (MB): peak = 2252.371 ; gain = 0.000 ; free physical = 443 ; free virtual = 2883
INFO: [Project 1-111] Unisim Transformation Summary:
  A total of 1 instances were transformed.
  BUFGCE => BUFGCTRL: 1 instance 

Synth Design complete | Checksum: 4877553c
INFO: [Common 17-83] Releasing license: Synthesis
40 Infos, 76 Warnings, 0 Critical Warnings and 0 Errors encountered.
synth_design completed successfully
synth_design: Time (s): cpu = 00:00:32 ; elapsed = 00:00:33 . Memory (MB): peak = 2252.371 ; gain = 906.301 ; free physical = 443 ; free virtual = 2883
INFO: [Common 17-2834] synth_design peak Physical Memory [PSS] (MB): overall = 1819.580; main = 1503.835; forked = 364.107
INFO: [Common 17-2834] synth_design peak Virtual Memory [VSS] (MB): overall = 3218.695; main = 2252.367; forked = 966.328
INFO: [Common 17-1381] The checkpoint '/home/fpga13/group_admi/exp_2/exp_2.runs/synth_1/fft_top.dcp' has been generated.
INFO: [runtcl-4] Executing : report_utilization -file fft_top_utilization_synth.rpt -pb fft_top_utilization_synth.pb
INFO: [Common 17-206] Exiting Vivado at Tue Nov 18 10:43:44 2025...
