Copyright 1986-2022 Xilinx, Inc. All Rights Reserved. Copyright 2022-2023 Advanced Micro Devices, Inc. All Rights Reserved.
-------------------------------------------------------------------------------------------------------------------------------------------------
| Tool Version     : Vivado v.2023.1 (win64) Build 3865809 Sun May  7 15:05:29 MDT 2023
| Date             : Tue Jan 27 11:09:14 2026
| Host             : DESKTOP-OS4G7S0 running 64-bit major release  (build 9200)
| Command          : report_power -file top_power_routed.rpt -pb top_power_summary_routed.pb -rpx top_power_routed.rpx
| Design           : top
| Device           : xc7a100tcsg324-1
| Design State     : routed
| Grade            : commercial
| Process          : typical
| Characterization : Production
-------------------------------------------------------------------------------------------------------------------------------------------------

Power Report

Table of Contents
-----------------
1. Summary
1.1 On-Chip Components
1.2 Power Supply Summary
1.3 Confidence Level
2. Settings
2.1 Environment
2.2 Clock Constraints
3. Detailed Reports
3.1 By Hierarchy

1. Summary
----------

+--------------------------+--------------+
| Total On-Chip Power (W)  | 0.369        |
| Design Power Budget (W)  | Unspecified* |
| Power Budget Margin (W)  | NA           |
| Dynamic (W)              | 0.270        |
| Device Static (W)        | 0.099        |
| Effective TJA (C/W)      | 4.6          |
| Max Ambient (C)          | 83.3         |
| Junction Temperature (C) | 26.7         |
| Confidence Level         | Medium       |
| Setting File             | ---          |
| Simulation Activity File | ---          |
| Design Nets Matched      | NA           |
+--------------------------+--------------+
* Specify Design Power Budget using, set_operating_conditions -design_power_budget <value in Watts>


1.1 On-Chip Components
----------------------

+-------------------------+-----------+----------+-----------+-----------------+
| On-Chip                 | Power (W) | Used     | Available | Utilization (%) |
+-------------------------+-----------+----------+-----------+-----------------+
| Clocks                  |     0.009 |        9 |       --- |             --- |
| Slice Logic             |     0.005 |     4065 |       --- |             --- |
|   LUT as Logic          |     0.004 |     1131 |     63400 |            1.78 |
|   Register              |    <0.001 |     1843 |    126800 |            1.45 |
|   CARRY4                |    <0.001 |      140 |     15850 |            0.88 |
|   LUT as Shift Register |    <0.001 |      138 |     19000 |            0.73 |
|   F7/F8 Muxes           |    <0.001 |       27 |     63400 |            0.04 |
|   Others                |     0.000 |      324 |       --- |             --- |
| Signals                 |     0.007 |     2957 |       --- |             --- |
| Block RAM               |     0.016 |       12 |       135 |            8.89 |
| MMCM                    |     0.228 |        2 |         6 |           33.33 |
| DSPs                    |     0.002 |        6 |       240 |            2.50 |
| I/O                     |     0.002 |       22 |       210 |           10.48 |
| Static Power            |     0.099 |          |           |                 |
| Total                   |     0.369 |          |           |                 |
+-------------------------+-----------+----------+-----------+-----------------+


1.2 Power Supply Summary
------------------------

+-----------+-------------+-----------+-------------+------------+-------------+-------------+------------+
| Source    | Voltage (V) | Total (A) | Dynamic (A) | Static (A) | Powerup (A) | Budget (A)  | Margin (A) |
+-----------+-------------+-----------+-------------+------------+-------------+-------------+------------+
| Vccint    |       1.000 |     0.055 |       0.039 |      0.016 |       NA    | Unspecified | NA         |
| Vccaux    |       1.800 |     0.145 |       0.127 |      0.018 |       NA    | Unspecified | NA         |
| Vcco33    |       3.300 |     0.005 |       0.001 |      0.004 |       NA    | Unspecified | NA         |
| Vcco25    |       2.500 |     0.000 |       0.000 |      0.000 |       NA    | Unspecified | NA         |
| Vcco18    |       1.800 |     0.000 |       0.000 |      0.000 |       NA    | Unspecified | NA         |
| Vcco15    |       1.500 |     0.000 |       0.000 |      0.000 |       NA    | Unspecified | NA         |
| Vcco135   |       1.350 |     0.000 |       0.000 |      0.000 |       NA    | Unspecified | NA         |
| Vcco12    |       1.200 |     0.000 |       0.000 |      0.000 |       NA    | Unspecified | NA         |
| Vccaux_io |       1.800 |     0.000 |       0.000 |      0.000 |       NA    | Unspecified | NA         |
| Vccbram   |       1.000 |     0.002 |       0.001 |      0.001 |       NA    | Unspecified | NA         |
| MGTAVcc   |       1.000 |     0.000 |       0.000 |      0.000 |       NA    | Unspecified | NA         |
| MGTAVtt   |       1.200 |     0.000 |       0.000 |      0.000 |       NA    | Unspecified | NA         |
| Vccadc    |       1.800 |     0.020 |       0.000 |      0.020 |       NA    | Unspecified | NA         |
+-----------+-------------+-----------+-------------+------------+-------------+-------------+------------+


1.3 Confidence Level
--------------------

+-----------------------------+------------+-------------------------------------------------------+------------------------------------------------------------------------------------------------------------+
| User Input Data             | Confidence | Details                                               | Action                                                                                                     |
+-----------------------------+------------+-------------------------------------------------------+------------------------------------------------------------------------------------------------------------+
| Design implementation state | High       | Design is routed                                      |                                                                                                            |
| Clock nodes activity        | High       | User specified more than 95% of clocks                |                                                                                                            |
| I/O nodes activity          | Medium     | More than 5% of inputs are missing user specification | Provide missing input activity with simulation results or by editing the "By Resource Type -> I/Os" view   |
| Internal nodes activity     | Medium     | User specified less than 25% of internal nodes        | Provide missing internal nodes activity with simulation results or by editing the "By Resource Type" views |
| Device models               | High       | Device models are Production                          |                                                                                                            |
|                             |            |                                                       |                                                                                                            |
| Overall confidence level    | Medium     |                                                       |                                                                                                            |
+-----------------------------+------------+-------------------------------------------------------+------------------------------------------------------------------------------------------------------------+


2. Settings
-----------

2.1 Environment
---------------

+-----------------------+--------------------------+
| Ambient Temp (C)      | 25.0                     |
| ThetaJA (C/W)         | 4.6                      |
| Airflow (LFM)         | 250                      |
| Heat Sink             | medium (Medium Profile)  |
| ThetaSA (C/W)         | 4.6                      |
| Board Selection       | medium (10"x10")         |
| # of Board Layers     | 12to15 (12 to 15 Layers) |
| Board Temperature (C) | 25.0                     |
+-----------------------+--------------------------+


2.2 Clock Constraints
---------------------

+--------------------+---------------------------------------+-----------------+
| Clock              | Domain                                | Constraint (ns) |
+--------------------+---------------------------------------+-----------------+
| clk                | clk                                   |            10.0 |
| clk                | clk_IBUF_BUFG                         |            10.0 |
| clk_out1_clk_wiz_0 | i2spcm0/inst/inst/clk_out1_clk_wiz_0  |            61.0 |
| clk_pixel_clk_wiz  | vga0/clk_wiz_i/inst/clk_pixel_clk_wiz |            40.0 |
| clkfbout_clk_wiz   | vga0/clk_wiz_i/inst/clkfbout_clk_wiz  |            10.0 |
| clkfbout_clk_wiz_0 | i2spcm0/inst/inst/clkfbout_clk_wiz_0  |            50.0 |
+--------------------+---------------------------------------+-----------------+


3. Detailed Reports
-------------------

3.1 By Hierarchy
----------------

+---------------------------+-----------+
| Name                      | Power (W) |
+---------------------------+-----------+
| top                       |     0.270 |
|   fft0                    |     0.024 |
|     abs_value_i           |     0.006 |
|       sqrt_i              |     0.006 |
|     u_serial_fft          |     0.018 |
|       fft_i               |     0.014 |
|       i_xpm_memory_tdpram |     0.003 |
|   i2spcm0                 |     0.113 |
|     inst                  |     0.112 |
|       inst                |     0.112 |
|   vga0                    |     0.131 |
|     clk_wiz_i             |     0.117 |
|       inst                |     0.117 |
|     image_buf_i           |     0.011 |
|       i_xpm_memory_tdpram |     0.010 |
|     render_i              |     0.002 |
+---------------------------+-----------+


