Copyright 1986-2022 Xilinx, Inc. All Rights Reserved. Copyright 2022-2023 Advanced Micro Devices, Inc. All Rights Reserved.
---------------------------------------------------------------------------------------------------------------------------------------------
| Tool Version : Vivado v.2023.1 (win64) Build 3865809 Sun May  7 15:05:29 MDT 2023
| Date         : Tue Jan 27 11:08:43 2026
| Host         : DESKTOP-OS4G7S0 running 64-bit major release  (build 9200)
| Command      : report_control_sets -verbose -file top_control_sets_placed.rpt
| Design       : top
| Device       : xc7a100t
---------------------------------------------------------------------------------------------------------------------------------------------

Control Set Information

Table of Contents
-----------------
1. Summary
2. Histogram
3. Flip-Flop Distribution
4. Detailed Control Set Information

1. Summary
----------

+----------------------------------------------------------+-------+
|                          Status                          | Count |
+----------------------------------------------------------+-------+
| Total control sets                                       |    70 |
|    Minimum number of control sets                        |    70 |
|    Addition due to synthesis replication                 |     0 |
|    Addition due to physical synthesis replication        |     0 |
| Unused register locations in slices containing registers |   309 |
+----------------------------------------------------------+-------+
* Control sets can be merged at opt_design using control_set_merge or merge_equivalent_drivers
** Run report_qor_suggestions for automated merging and remapping suggestions


2. Histogram
------------

+--------------------+-------+
|       Fanout       | Count |
+--------------------+-------+
| Total control sets |    70 |
| >= 0 to < 4        |    20 |
| >= 4 to < 6        |     2 |
| >= 6 to < 8        |     7 |
| >= 8 to < 10       |     6 |
| >= 10 to < 12      |     7 |
| >= 12 to < 14      |     1 |
| >= 14 to < 16      |     0 |
| >= 16              |    27 |
+--------------------+-------+
* Control sets can be remapped at either synth_design or opt_design


3. Flip-Flop Distribution
-------------------------

+--------------+-----------------------+------------------------+-----------------+--------------+
| Clock Enable | Synchronous Set/Reset | Asynchronous Set/Reset | Total Registers | Total Slices |
+--------------+-----------------------+------------------------+-----------------+--------------+
| No           | No                    | No                     |             321 |          115 |
| No           | No                    | Yes                    |             281 |           83 |
| No           | Yes                   | No                     |              73 |           22 |
| Yes          | No                    | No                     |             946 |          226 |
| Yes          | No                    | Yes                    |             206 |           60 |
| Yes          | Yes                   | No                     |              16 |            5 |
+--------------+-----------------------+------------------------+-----------------+--------------+


4. Detailed Control Set Information
-----------------------------------

+--------------------------------+----------------------------------------------------------------------------------------------------------------------------------------------------------+----------------------------------------------------------------------------------------------------------------------------------+------------------+----------------+--------------+
|          Clock Signal          |                                                                       Enable Signal                                                                      |                                                         Set/Reset Signal                                                         | Slice Load Count | Bel Load Count | Bels / Slice |
+--------------------------------+----------------------------------------------------------------------------------------------------------------------------------------------------------+----------------------------------------------------------------------------------------------------------------------------------+------------------+----------------+--------------+
|  clk_IBUF_BUFG                 | uart/u_gen/uart_tx_i_1_n_0                                                                                                                               | i2spcm0/arstn                                                                                                                    |                1 |              1 |         1.00 |
|  i2spcm0/inst/inst/clk_out1    | i2spcm0/lreg[30]_i_1_n_0                                                                                                                                 |                                                                                                                                  |                1 |              1 |         1.00 |
|  i2spcm0/inst/inst/clk_out1    | i2spcm0/lreg[18]_i_1_n_0                                                                                                                                 |                                                                                                                                  |                1 |              1 |         1.00 |
|  i2spcm0/inst/inst/clk_out1    | i2spcm0/lreg[20]_i_1_n_0                                                                                                                                 |                                                                                                                                  |                1 |              1 |         1.00 |
|  i2spcm0/inst/inst/clk_out1    | i2spcm0/lreg[15]_i_1_n_0                                                                                                                                 |                                                                                                                                  |                1 |              1 |         1.00 |
|  i2spcm0/inst/inst/clk_out1    | i2spcm0/lreg[16]_i_1_n_0                                                                                                                                 |                                                                                                                                  |                1 |              1 |         1.00 |
|  i2spcm0/inst/inst/clk_out1    | i2spcm0/lreg[14]_i_1_n_0                                                                                                                                 |                                                                                                                                  |                1 |              1 |         1.00 |
|  i2spcm0/inst/inst/clk_out1    | i2spcm0/lreg[31]_i_1_n_0                                                                                                                                 |                                                                                                                                  |                1 |              1 |         1.00 |
|  i2spcm0/inst/inst/clk_out1    | i2spcm0/lreg[28]_i_1_n_0                                                                                                                                 |                                                                                                                                  |                1 |              1 |         1.00 |
|  i2spcm0/inst/inst/clk_out1    | i2spcm0/lreg[19]_i_1_n_0                                                                                                                                 |                                                                                                                                  |                1 |              1 |         1.00 |
|  i2spcm0/inst/inst/clk_out1    | i2spcm0/lreg[24]_i_1_n_0                                                                                                                                 |                                                                                                                                  |                1 |              1 |         1.00 |
|  i2spcm0/inst/inst/clk_out1    | i2spcm0/lreg[21]_i_1_n_0                                                                                                                                 |                                                                                                                                  |                1 |              1 |         1.00 |
|  i2spcm0/inst/inst/clk_out1    | i2spcm0/lreg[23]_i_1_n_0                                                                                                                                 |                                                                                                                                  |                1 |              1 |         1.00 |
|  i2spcm0/inst/inst/clk_out1    | i2spcm0/lreg[29]_i_1_n_0                                                                                                                                 |                                                                                                                                  |                1 |              1 |         1.00 |
|  i2spcm0/inst/inst/clk_out1    | i2spcm0/lreg[26]_i_1_n_0                                                                                                                                 |                                                                                                                                  |                1 |              1 |         1.00 |
|  i2spcm0/inst/inst/clk_out1    | i2spcm0/lreg[27]_i_1_n_0                                                                                                                                 |                                                                                                                                  |                1 |              1 |         1.00 |
|  i2spcm0/inst/inst/clk_out1    | i2spcm0/lreg[17]_i_1_n_0                                                                                                                                 |                                                                                                                                  |                1 |              1 |         1.00 |
|  i2spcm0/inst/inst/clk_out1    | i2spcm0/lreg[25]_i_1_n_0                                                                                                                                 |                                                                                                                                  |                1 |              1 |         1.00 |
|  i2spcm0/inst/inst/clk_out1    | i2spcm0/lreg[22]_i_1_n_0                                                                                                                                 |                                                                                                                                  |                1 |              1 |         1.00 |
|  vga0/clk_wiz_i/inst/clk_pixel |                                                                                                                                                          | i2spcm0/arstn                                                                                                                    |                2 |              3 |         1.50 |
|  clk_IBUF_BUFG                 | fft0/u_serial_fft/fft_i/U0/i_synth/xfft_inst/non_floating_point.arch_e.xfft_inst/control/addr_gen/no_cyclic_prefix.n_counter/r_count_en1_out             |                                                                                                                                  |                1 |              4 |         4.00 |
|  fft0/u_serial_fft/clk_0       | fft0/u_serial_fft/raddr_base[9]_i_1_n_0                                                                                                                  | i2spcm0/arstn                                                                                                                    |                1 |              5 |         5.00 |
|  i2spcm0/inst/inst/clk_out1    |                                                                                                                                                          |                                                                                                                                  |                2 |              6 |         3.00 |
|  clk_IBUF_BUFG                 | mfcc/inst/grp_mfcc_Pipeline_task_6_fu_64/flow_control_loop_pipe_sequential_init_U/m_fu_52                                                                |                                                                                                                                  |                2 |              6 |         3.00 |
|  i2spcm0/inst/inst/clk_out1    | i2spcm0/en                                                                                                                                               | i2spcm0/arstn                                                                                                                    |                2 |              6 |         3.00 |
|  clk_IBUF_BUFG                 | fft0/u_serial_fft/fft_i/U0/i_synth/axi_wrapper/config_channel_fifo/gen_non_real_time.data_in_fifo_pt1/wr_enable                                          |                                                                                                                                  |                2 |              7 |         3.50 |
|  clk_IBUF_BUFG                 | vga0/render_i/xidx[6]_i_1_n_0                                                                                                                            | i2spcm0/arstn                                                                                                                    |                3 |              7 |         2.33 |
|  clk_IBUF_BUFG                 | fft0/abs_value_i/sqrt_i/U0/i_synth/i_synth/gen_sqrt.square_root/gen_rdy_int/E[0]                                                                         | fft0/abs_value_i/sqrt_i/U0/i_synth/i_has_aresetn.i_reg_reset/opt_has_pipe.first_q                                                |                2 |              7 |         3.50 |
|  fft0/u_serial_fft/clk_0       | fft0/u_serial_fft/window_last                                                                                                                            | i2spcm0/arstn                                                                                                                    |                3 |              7 |         2.33 |
|  clk_IBUF_BUFG                 | fft0/abs_value_i/sqrt_i/U0/i_synth/i_outfifo.i_output_fifo/fifo0/rd_enable                                                                               |                                                                                                                                  |                2 |              8 |         4.00 |
|  clk_IBUF_BUFG                 | fft0/abs_value_i/sqrt_i/U0/i_synth/i_nd_to_rdy/wr_enable                                                                                                 |                                                                                                                                  |                2 |              8 |         4.00 |
|  clk_IBUF_BUFG                 | fft0/u_serial_fft/fft_i/U0/i_synth/xfft_inst/non_floating_point.arch_e.xfft_inst/control/state_machine/count_en                                          | fft0/u_serial_fft/fft_i/U0/i_synth/xfft_inst/non_floating_point.arch_e.xfft_inst/control/state_machine/fsm_natural_output.reg0_0 |                3 |              9 |         3.00 |
|  clk_IBUF_BUFG                 | fft0/u_serial_fft/fft_i/U0/i_synth/axi_wrapper/symbols_out_remaining[8]_i_1_n_0                                                                          |                                                                                                                                  |                5 |              9 |         1.80 |
|  fft0/u_serial_fft/clk_0       | fft0/u_serial_fft/re                                                                                                                                     | i2spcm0/arstn                                                                                                                    |                2 |              9 |         4.50 |
|  clk_IBUF_BUFG                 | fft0/u_drop_upper_freqs/E[0]                                                                                                                             | i2spcm0/arstn                                                                                                                    |                3 |              9 |         3.00 |
|  vga0/clk_wiz_i/inst/clk_pixel | vga0/vga_gen_i/ver_cnt                                                                                                                                   | vga0/colorize_pixel_i/lut_mem/rstn_pixel_reg                                                                                     |                3 |             10 |         3.33 |
|  clk_IBUF_BUFG                 | mfcc/inst/grp_mfcc_Pipeline_task_2_fu_52/flow_control_loop_pipe_sequential_init_U/E[0]                                                                   |                                                                                                                                  |                5 |             10 |         2.00 |
|  clk_IBUF_BUFG                 | fft0/u_drop_upper_freqs/cnt0                                                                                                                             | i2spcm0/arstn                                                                                                                    |                3 |             10 |         3.33 |
|  fft0/u_serial_fft/clk_0       | fft0/u_serial_fft/count[9]_i_1_n_0                                                                                                                       | i2spcm0/arstn                                                                                                                    |                4 |             10 |         2.50 |
|  fft0/u_serial_fft/clk_0       | fft0/u_serial_fft/raddr[9]_i_1_n_0                                                                                                                       | i2spcm0/arstn                                                                                                                    |                3 |             10 |         3.33 |
|  fft0/u_serial_fft/clk_0       | i2spcm0/tvalid_pcm_reg_0[0]                                                                                                                              | i2spcm0/arstn                                                                                                                    |                3 |             10 |         3.33 |
|  clk_IBUF_BUFG                 | uart/u_gen/FSM_onehot_state[10]_i_1_n_0                                                                                                                  | i2spcm0/arstn                                                                                                                    |                2 |             11 |         5.50 |
|  clk_IBUF_BUFG                 |                                                                                                                                                          | mfcc/inst/regslice_both_out_stream_V_last_V_U/ap_rst_n_inv                                                                       |                3 |             12 |         4.00 |
|  clk_IBUF_BUFG                 | i2spcm0/tdata_pcm0__0                                                                                                                                    |                                                                                                                                  |                5 |             16 |         3.20 |
|  clk_IBUF_BUFG                 | fft0/u_serial_fft/fft_i/U0/i_synth/xfft_inst/non_floating_point.arch_e.xfft_inst/control/addr_gen/run_addr_gen/E[0]                                      |                                                                                                                                  |                2 |             16 |         8.00 |
|  clk_IBUF_BUFG                 | fft0/u_serial_fft/fft_i/U0/i_synth/axi_wrapper/scale_sch_latched0                                                                                        |                                                                                                                                  |                4 |             16 |         4.00 |
|  clk_IBUF_BUFG                 | i2spcm0/xpm_cdc_pulse_inst/dest_pulse                                                                                                                    |                                                                                                                                  |                3 |             18 |         6.00 |
|  clk_IBUF_BUFG                 | i2spcm0/tdata_prev                                                                                                                                       | i2spcm0/arstn                                                                                                                    |                4 |             19 |         4.75 |
|  clk_IBUF_BUFG                 | i2spcm0/tdata_prev[0][18]_i_1_n_0                                                                                                                        | i2spcm0/arstn                                                                                                                    |                6 |             19 |         3.17 |
|  clk_IBUF_BUFG                 | i2spcm0/tdata_prev[1][18]_i_1_n_0                                                                                                                        | i2spcm0/arstn                                                                                                                    |                3 |             19 |         6.33 |
|  clk_IBUF_BUFG                 | i2spcm0/tdata_prev[2][18]_i_1_n_0                                                                                                                        | i2spcm0/arstn                                                                                                                    |                4 |             19 |         4.75 |
|  vga0/clk_wiz_i/inst/clk_pixel |                                                                                                                                                          |                                                                                                                                  |                5 |             19 |         3.80 |
|  clk_IBUF_BUFG                 | vga0/render_i/pixel_reg/E[0]                                                                                                                             | i2spcm0/arstn                                                                                                                    |               10 |             25 |         2.50 |
|  clk_IBUF_BUFG                 |                                                                                                                                                          | fft0/abs_value_i/sqrt_i/U0/i_synth/i_has_aresetn.i_reg_reset/opt_has_pipe.first_q                                                |               10 |             29 |         2.90 |
|  clk_IBUF_BUFG                 | fft0/u_serial_fft/fft_i/U0/i_synth/axi_wrapper/data_in_channel_fifo/gen_non_real_time.data_in_fifo_pt1/wr_enable                                         |                                                                                                                                  |                4 |             32 |         8.00 |
|  clk_IBUF_BUFG                 | fft0/u_serial_fft/fft_i/U0/i_synth/axi_wrapper/E[0]                                                                                                      |                                                                                                                                  |                5 |             32 |         6.40 |
|  clk_IBUF_BUFG                 | fft0/u_serial_fft/fft_i/U0/i_synth/axi_wrapper/gen_ce_non_real_time.ce_predicted_reg_0[0]                                                                |                                                                                                                                  |                5 |             32 |         6.40 |
|  clk_IBUF_BUFG                 | fft0/u_serial_fft/fft_i/U0/i_synth/axi_wrapper/data_in_channel_fifo/gen_non_real_time.data_in_fifo_pt1/gen_non_real_time.gen_has_skid_buffer.data_out_20 |                                                                                                                                  |                8 |             32 |         4.00 |
|  clk_IBUF_BUFG                 | fft0/u_serial_fft/fft_i/U0/i_synth/axi_wrapper/data_in_channel_fifo/gen_non_real_time.data_in_fifo_pt1/gen_non_real_time.gen_has_skid_buffer.data_out_10 |                                                                                                                                  |                7 |             32 |         4.57 |
|  clk_IBUF_BUFG                 | fft0/abs_value_i/sqrt_i/U0/i_synth/i_has_input_skid.i_2to1/p_14_in                                                                                       |                                                                                                                                  |                8 |             32 |         4.00 |
|  clk_IBUF_BUFG                 | fft0/abs_value_i/sqrt_i/U0/i_synth/i_has_input_skid.i_2to1/reg1_a_wr                                                                                     |                                                                                                                                  |                9 |             32 |         3.56 |
|  clk_IBUF_BUFG                 |                                                                                                                                                          | i2spcm0/arstn                                                                                                                    |               13 |             33 |         2.54 |
|  clk_IBUF_BUFG                 | fft0/u_serial_fft/fft_i/U0/i_synth/xfft_inst/non_floating_point.arch_e.xfft_inst/control/addr_gen/io_addr_gen/wr_enable                                  |                                                                                                                                  |                5 |             33 |         6.60 |
|  clk_IBUF_BUFG                 | fft0/u_serial_fft/fft_i/U0/i_synth/axi_wrapper/twiddle_ce                                                                                                |                                                                                                                                  |                6 |             34 |         5.67 |
|  clk_IBUF_BUFG                 | fft0/u_serial_fft/fft_i/U0/i_synth/axi_wrapper/data_out_channel/gen_non_real_time.fifo/fifo0/rd_enable                                                   |                                                                                                                                  |                6 |             34 |         5.67 |
|  fft0/u_serial_fft/clk_0       |                                                                                                                                                          | i2spcm0/arstn                                                                                                                    |               10 |             36 |         3.60 |
|  clk_IBUF_BUFG                 | fft0/u_serial_fft/fft_i/U0/i_synth/axi_wrapper/pr_i                                                                                                      |                                                                                                                                  |                6 |             40 |         6.67 |
|  vga0/clk_wiz_i/inst/clk_pixel |                                                                                                                                                          | vga0/colorize_pixel_i/lut_mem/rstn_pixel_reg                                                                                     |               67 |            241 |         3.60 |
|  clk_IBUF_BUFG                 |                                                                                                                                                          |                                                                                                                                  |              108 |            321 |         2.97 |
|  clk_IBUF_BUFG                 | fft0/u_serial_fft/fft_i/U0/i_synth/axi_wrapper/ce_w2c                                                                                                    |                                                                                                                                  |              119 |            645 |         5.42 |
+--------------------------------+----------------------------------------------------------------------------------------------------------------------------------------------------------+----------------------------------------------------------------------------------------------------------------------------------+------------------+----------------+--------------+


