INFO: [SIM 2] *************** CSIM start ***************
INFO: [SIM 4] CSIM will launch GCC as the compiler.
   Compiling ../../../tb.cpp in debug mode
   Compiling ../../../mfcc.cpp in debug mode
   Generating csim.exe
Starting testbench...
The following features are enabled:
FEATURE_1_MEL
FEATURE_2_LOG
-------------------------------------------------------------
Test case number 0
Max difference: 0.00390625
PASSED
-------------------------------------------------------------
Test case number 1
Max difference: 0.00390625
PASSED
-------------------------------------------------------------
Test case number 2
Max difference: 0.00390625
PASSED
-------------------------------------------------------------
Test case number 3
Max difference: 0.00390625
PASSED
-------------------------------------------------------------
Test case number 4
Max difference: 0.00390625
PASSED
-------------------------------------------------------------
Test case number 5
Max difference: 0.00390625
PASSED
-------------------------------------------------------------
Test case number 6
Max difference: 0.00390625
PASSED
-------------------------------------------------------------
Test case number 7
Max difference: 0.00390625
PASSED
-------------------------------------------------------------
Test case number 8
Max difference: 0.00390625
PASSED
-------------------------------------------------------------
Test case number 9
Max difference: 0.00390625
PASSED
Testbench completed.
INFO [HLS SIM]: The maximum depth reached by any hls::stream() instance in the design is 257
INFO: [SIM 1] CSim done with 0 errors.
INFO: [SIM 3] *************** CSIM finish ***************
