Copyright 1986-2022 Xilinx, Inc. All Rights Reserved. Copyright 2022-2023 Advanced Micro Devices, Inc. All Rights Reserved.
---------------------------------------------------------------------------------------------------------------------------------------------
| Tool Version : Vivado v.2023.1 (win64) Build 3865809 Sun May  7 15:05:29 MDT 2023
| Date         : Wed Feb  4 14:58:49 2026
| Host         : DESKTOP-OS4G7S0 running 64-bit major release  (build 9200)
| Command      : report_drc -file top_drc_opted.rpt -pb top_drc_opted.pb -rpx top_drc_opted.rpx
| Design       : top
| Device       : xc7a100tcsg324-1
| Speed File   : -1
| Design State : Synthesized
---------------------------------------------------------------------------------------------------------------------------------------------

Report DRC

Table of Contents
-----------------
1. REPORT SUMMARY
2. REPORT DETAILS

1. REPORT SUMMARY
-----------------
            Netlist: netlist
          Floorplan: design_1
      Design limits: <entire design considered>
           Ruledeck: default
             Max violations: <unlimited>
             Violations found: 55
+-----------+----------+-------------------------------------------------------------------+------------+
| Rule      | Severity | Description                                                       | Violations |
+-----------+----------+-------------------------------------------------------------------+------------+
| CFGBVS-1  | Warning  | Missing CFGBVS and CONFIG_VOLTAGE Design Properties               | 1          |
| CHECK-3   | Warning  | Report rule limit reached                                         | 2          |
| DPIP-1    | Warning  | Input pipelining                                                  | 5          |
| DPOP-1    | Warning  | PREG Output pipelining                                            | 2          |
| DPOP-2    | Warning  | MREG Output pipelining                                            | 3          |
| REQP-1839 | Warning  | RAMB36 async control check                                        | 20         |
| REQP-1840 | Warning  | RAMB18 async control check                                        | 20         |
| AVAL-4    | Advisory | enum_USE_DPORT_FALSE_enum_DREG_ADREG_0_connects_CED_CEAD_RSTD_GND | 2          |
+-----------+----------+-------------------------------------------------------------------+------------+

2. REPORT DETAILS
-----------------
CFGBVS-1#1 Warning
Missing CFGBVS and CONFIG_VOLTAGE Design Properties  
Neither the CFGBVS nor CONFIG_VOLTAGE voltage property is set in the current_design.  Configuration bank voltage select (CFGBVS) must be set to VCCO or GND, and CONFIG_VOLTAGE must be set to the correct configuration voltage, in order to determine the I/O voltage support for the pins in bank 0.  It is suggested to specify these either using the 'Edit Device Properties' function in the GUI or directly in the XDC file using the following syntax:

 set_property CFGBVS value1 [current_design]
 #where value1 is either VCCO or GND

 set_property CONFIG_VOLTAGE value2 [current_design]
 #where value2 is the voltage provided to configuration bank 0

Refer to the device configuration user guide for more information.
Related violations: <none>

CHECK-3#1 Warning
Report rule limit reached  
REQP-1839 rule limit reached: 20 violations have been found.
Related violations: <none>

CHECK-3#2 Warning
Report rule limit reached  
REQP-1840 rule limit reached: 20 violations have been found.
Related violations: <none>

DPIP-1#1 Warning
Input pipelining  
DSP fft0/abs_value_i/square_value[value] input fft0/abs_value_i/square_value[value]/A[29:0] is not pipelined. Pipelining DSP48 input will improve performance.
Related violations: <none>

DPIP-1#2 Warning
Input pipelining  
DSP fft0/abs_value_i/square_value[value] input fft0/abs_value_i/square_value[value]/B[17:0] is not pipelined. Pipelining DSP48 input will improve performance.
Related violations: <none>

DPIP-1#3 Warning
Input pipelining  
DSP fft0/abs_value_i/square_value[value]0 input fft0/abs_value_i/square_value[value]0/A[29:0] is not pipelined. Pipelining DSP48 input will improve performance.
Related violations: <none>

DPIP-1#4 Warning
Input pipelining  
DSP fft0/abs_value_i/square_value[value]0 input fft0/abs_value_i/square_value[value]0/B[17:0] is not pipelined. Pipelining DSP48 input will improve performance.
Related violations: <none>

DPIP-1#5 Warning
Input pipelining  
DSP vga0/image_buf_i/addr_x_scaled0 input vga0/image_buf_i/addr_x_scaled0/A[29:0] is not pipelined. Pipelining DSP48 input will improve performance.
Related violations: <none>

DPOP-1#1 Warning
PREG Output pipelining  
DSP vga0/image_buf_i/addr_x_scaled0 output vga0/image_buf_i/addr_x_scaled0/P[47:0] is not pipelined (PREG=0). Pipelining the DSP48 output will improve performance and often saves power so it is suggested whenever possible to fully pipeline this function.  If this DSP48 function was inferred, it is suggested to describe an additional register stage after this function.  If the DSP48 was instantiated in the design, it is suggested to set the PREG attribute to 1.
Related violations: <none>

DPOP-1#2 Warning
PREG Output pipelining  
DSP vga0/p_1_out output vga0/p_1_out/P[47:0] is not pipelined (PREG=0). Pipelining the DSP48 output will improve performance and often saves power so it is suggested whenever possible to fully pipeline this function.  If this DSP48 function was inferred, it is suggested to describe an additional register stage after this function.  If the DSP48 was instantiated in the design, it is suggested to set the PREG attribute to 1.
Related violations: <none>

DPOP-2#1 Warning
MREG Output pipelining  
DSP fft0/abs_value_i/square_value[value] multiplier stage fft0/abs_value_i/square_value[value]/P[47:0] is not pipelined (MREG=0). Pipelining the multiplier function will improve performance and will save significant power so it is suggested whenever possible to fully pipeline this function.  If this multiplier was inferred, it is suggested to describe an additional register stage after this function.  If there is no registered adder/accumulator following the multiply function, two pipeline stages are suggested to allow both the MREG and PREG registers to be used.  If the DSP48 was instantiated in the design, it is suggested to set both the MREG and PREG attributes to 1 when performing multiply functions.
Related violations: <none>

DPOP-2#2 Warning
MREG Output pipelining  
DSP vga0/image_buf_i/addr_x_scaled0 multiplier stage vga0/image_buf_i/addr_x_scaled0/P[47:0] is not pipelined (MREG=0). Pipelining the multiplier function will improve performance and will save significant power so it is suggested whenever possible to fully pipeline this function.  If this multiplier was inferred, it is suggested to describe an additional register stage after this function.  If there is no registered adder/accumulator following the multiply function, two pipeline stages are suggested to allow both the MREG and PREG registers to be used.  If the DSP48 was instantiated in the design, it is suggested to set both the MREG and PREG attributes to 1 when performing multiply functions.
Related violations: <none>

DPOP-2#3 Warning
MREG Output pipelining  
DSP vga0/p_1_out multiplier stage vga0/p_1_out/P[47:0] is not pipelined (MREG=0). Pipelining the multiplier function will improve performance and will save significant power so it is suggested whenever possible to fully pipeline this function.  If this multiplier was inferred, it is suggested to describe an additional register stage after this function.  If there is no registered adder/accumulator following the multiply function, two pipeline stages are suggested to allow both the MREG and PREG registers to be used.  If the DSP48 was instantiated in the design, it is suggested to set both the MREG and PREG attributes to 1 when performing multiply functions.
Related violations: <none>

REQP-1839#1 Warning
RAMB36 async control check  
The RAMB36E1 fft0/u_serial_fft/i_xpm_memory_tdpram/xpm_memory_base_inst/gen_wr_b.gen_word_narrow.mem_reg has an input control pin fft0/u_serial_fft/i_xpm_memory_tdpram/xpm_memory_base_inst/gen_wr_b.gen_word_narrow.mem_reg/ADDRARDADDR[10] (net: fft0/u_serial_fft/i_xpm_memory_tdpram/xpm_memory_base_inst/addra[5]) which is driven by a register (fft0/u_serial_fft/raddr_reg[5]) that has an active asychronous set or reset. This may cause corruption of the memory contents and/or read values when the set/reset is asserted and is not analyzed by the default static timing analysis. It is suggested to eliminate the use of a set/reset to registers driving this RAMB pin or else use a synchronous reset in which the assertion of the reset is timed by default.
Related violations: <none>

REQP-1839#2 Warning
RAMB36 async control check  
The RAMB36E1 fft0/u_serial_fft/i_xpm_memory_tdpram/xpm_memory_base_inst/gen_wr_b.gen_word_narrow.mem_reg has an input control pin fft0/u_serial_fft/i_xpm_memory_tdpram/xpm_memory_base_inst/gen_wr_b.gen_word_narrow.mem_reg/ADDRARDADDR[11] (net: fft0/u_serial_fft/i_xpm_memory_tdpram/xpm_memory_base_inst/addra[6]) which is driven by a register (fft0/u_serial_fft/raddr_reg[6]) that has an active asychronous set or reset. This may cause corruption of the memory contents and/or read values when the set/reset is asserted and is not analyzed by the default static timing analysis. It is suggested to eliminate the use of a set/reset to registers driving this RAMB pin or else use a synchronous reset in which the assertion of the reset is timed by default.
Related violations: <none>

REQP-1839#3 Warning
RAMB36 async control check  
The RAMB36E1 fft0/u_serial_fft/i_xpm_memory_tdpram/xpm_memory_base_inst/gen_wr_b.gen_word_narrow.mem_reg has an input control pin fft0/u_serial_fft/i_xpm_memory_tdpram/xpm_memory_base_inst/gen_wr_b.gen_word_narrow.mem_reg/ADDRARDADDR[12] (net: fft0/u_serial_fft/i_xpm_memory_tdpram/xpm_memory_base_inst/addra[7]) which is driven by a register (fft0/u_serial_fft/raddr_reg[7]) that has an active asychronous set or reset. This may cause corruption of the memory contents and/or read values when the set/reset is asserted and is not analyzed by the default static timing analysis. It is suggested to eliminate the use of a set/reset to registers driving this RAMB pin or else use a synchronous reset in which the assertion of the reset is timed by default.
Related violations: <none>

REQP-1839#4 Warning
RAMB36 async control check  
The RAMB36E1 fft0/u_serial_fft/i_xpm_memory_tdpram/xpm_memory_base_inst/gen_wr_b.gen_word_narrow.mem_reg has an input control pin fft0/u_serial_fft/i_xpm_memory_tdpram/xpm_memory_base_inst/gen_wr_b.gen_word_narrow.mem_reg/ADDRARDADDR[13] (net: fft0/u_serial_fft/i_xpm_memory_tdpram/xpm_memory_base_inst/addra[8]) which is driven by a register (fft0/u_serial_fft/raddr_reg[8]) that has an active asychronous set or reset. This may cause corruption of the memory contents and/or read values when the set/reset is asserted and is not analyzed by the default static timing analysis. It is suggested to eliminate the use of a set/reset to registers driving this RAMB pin or else use a synchronous reset in which the assertion of the reset is timed by default.
Related violations: <none>

REQP-1839#5 Warning
RAMB36 async control check  
The RAMB36E1 fft0/u_serial_fft/i_xpm_memory_tdpram/xpm_memory_base_inst/gen_wr_b.gen_word_narrow.mem_reg has an input control pin fft0/u_serial_fft/i_xpm_memory_tdpram/xpm_memory_base_inst/gen_wr_b.gen_word_narrow.mem_reg/ADDRARDADDR[14] (net: fft0/u_serial_fft/i_xpm_memory_tdpram/xpm_memory_base_inst/addra[9]) which is driven by a register (fft0/u_serial_fft/raddr_reg[9]) that has an active asychronous set or reset. This may cause corruption of the memory contents and/or read values when the set/reset is asserted and is not analyzed by the default static timing analysis. It is suggested to eliminate the use of a set/reset to registers driving this RAMB pin or else use a synchronous reset in which the assertion of the reset is timed by default.
Related violations: <none>

REQP-1839#6 Warning
RAMB36 async control check  
The RAMB36E1 fft0/u_serial_fft/i_xpm_memory_tdpram/xpm_memory_base_inst/gen_wr_b.gen_word_narrow.mem_reg has an input control pin fft0/u_serial_fft/i_xpm_memory_tdpram/xpm_memory_base_inst/gen_wr_b.gen_word_narrow.mem_reg/ADDRARDADDR[5] (net: fft0/u_serial_fft/i_xpm_memory_tdpram/xpm_memory_base_inst/addra[0]) which is driven by a register (fft0/u_serial_fft/raddr_reg[0]) that has an active asychronous set or reset. This may cause corruption of the memory contents and/or read values when the set/reset is asserted and is not analyzed by the default static timing analysis. It is suggested to eliminate the use of a set/reset to registers driving this RAMB pin or else use a synchronous reset in which the assertion of the reset is timed by default.
Related violations: <none>

REQP-1839#7 Warning
RAMB36 async control check  
The RAMB36E1 fft0/u_serial_fft/i_xpm_memory_tdpram/xpm_memory_base_inst/gen_wr_b.gen_word_narrow.mem_reg has an input control pin fft0/u_serial_fft/i_xpm_memory_tdpram/xpm_memory_base_inst/gen_wr_b.gen_word_narrow.mem_reg/ADDRARDADDR[6] (net: fft0/u_serial_fft/i_xpm_memory_tdpram/xpm_memory_base_inst/addra[1]) which is driven by a register (fft0/u_serial_fft/raddr_reg[1]) that has an active asychronous set or reset. This may cause corruption of the memory contents and/or read values when the set/reset is asserted and is not analyzed by the default static timing analysis. It is suggested to eliminate the use of a set/reset to registers driving this RAMB pin or else use a synchronous reset in which the assertion of the reset is timed by default.
Related violations: <none>

REQP-1839#8 Warning
RAMB36 async control check  
The RAMB36E1 fft0/u_serial_fft/i_xpm_memory_tdpram/xpm_memory_base_inst/gen_wr_b.gen_word_narrow.mem_reg has an input control pin fft0/u_serial_fft/i_xpm_memory_tdpram/xpm_memory_base_inst/gen_wr_b.gen_word_narrow.mem_reg/ADDRARDADDR[7] (net: fft0/u_serial_fft/i_xpm_memory_tdpram/xpm_memory_base_inst/addra[2]) which is driven by a register (fft0/u_serial_fft/raddr_reg[2]) that has an active asychronous set or reset. This may cause corruption of the memory contents and/or read values when the set/reset is asserted and is not analyzed by the default static timing analysis. It is suggested to eliminate the use of a set/reset to registers driving this RAMB pin or else use a synchronous reset in which the assertion of the reset is timed by default.
Related violations: <none>

REQP-1839#9 Warning
RAMB36 async control check  
The RAMB36E1 fft0/u_serial_fft/i_xpm_memory_tdpram/xpm_memory_base_inst/gen_wr_b.gen_word_narrow.mem_reg has an input control pin fft0/u_serial_fft/i_xpm_memory_tdpram/xpm_memory_base_inst/gen_wr_b.gen_word_narrow.mem_reg/ADDRARDADDR[8] (net: fft0/u_serial_fft/i_xpm_memory_tdpram/xpm_memory_base_inst/addra[3]) which is driven by a register (fft0/u_serial_fft/raddr_reg[3]) that has an active asychronous set or reset. This may cause corruption of the memory contents and/or read values when the set/reset is asserted and is not analyzed by the default static timing analysis. It is suggested to eliminate the use of a set/reset to registers driving this RAMB pin or else use a synchronous reset in which the assertion of the reset is timed by default.
Related violations: <none>

REQP-1839#10 Warning
RAMB36 async control check  
The RAMB36E1 fft0/u_serial_fft/i_xpm_memory_tdpram/xpm_memory_base_inst/gen_wr_b.gen_word_narrow.mem_reg has an input control pin fft0/u_serial_fft/i_xpm_memory_tdpram/xpm_memory_base_inst/gen_wr_b.gen_word_narrow.mem_reg/ADDRARDADDR[9] (net: fft0/u_serial_fft/i_xpm_memory_tdpram/xpm_memory_base_inst/addra[4]) which is driven by a register (fft0/u_serial_fft/raddr_reg[4]) that has an active asychronous set or reset. This may cause corruption of the memory contents and/or read values when the set/reset is asserted and is not analyzed by the default static timing analysis. It is suggested to eliminate the use of a set/reset to registers driving this RAMB pin or else use a synchronous reset in which the assertion of the reset is timed by default.
Related violations: <none>

REQP-1839#11 Warning
RAMB36 async control check  
The RAMB36E1 fft0/u_serial_fft/i_xpm_memory_tdpram/xpm_memory_base_inst/gen_wr_b.gen_word_narrow.mem_reg has an input control pin fft0/u_serial_fft/i_xpm_memory_tdpram/xpm_memory_base_inst/gen_wr_b.gen_word_narrow.mem_reg/ADDRBWRADDR[10] (net: fft0/u_serial_fft/i_xpm_memory_tdpram/xpm_memory_base_inst/addrb[5]) which is driven by a register (fft0/u_serial_fft/waddr_reg[5]) that has an active asychronous set or reset. This may cause corruption of the memory contents and/or read values when the set/reset is asserted and is not analyzed by the default static timing analysis. It is suggested to eliminate the use of a set/reset to registers driving this RAMB pin or else use a synchronous reset in which the assertion of the reset is timed by default.
Related violations: <none>

REQP-1839#12 Warning
RAMB36 async control check  
The RAMB36E1 fft0/u_serial_fft/i_xpm_memory_tdpram/xpm_memory_base_inst/gen_wr_b.gen_word_narrow.mem_reg has an input control pin fft0/u_serial_fft/i_xpm_memory_tdpram/xpm_memory_base_inst/gen_wr_b.gen_word_narrow.mem_reg/ADDRBWRADDR[11] (net: fft0/u_serial_fft/i_xpm_memory_tdpram/xpm_memory_base_inst/addrb[6]) which is driven by a register (fft0/u_serial_fft/waddr_reg[6]) that has an active asychronous set or reset. This may cause corruption of the memory contents and/or read values when the set/reset is asserted and is not analyzed by the default static timing analysis. It is suggested to eliminate the use of a set/reset to registers driving this RAMB pin or else use a synchronous reset in which the assertion of the reset is timed by default.
Related violations: <none>

REQP-1839#13 Warning
RAMB36 async control check  
The RAMB36E1 fft0/u_serial_fft/i_xpm_memory_tdpram/xpm_memory_base_inst/gen_wr_b.gen_word_narrow.mem_reg has an input control pin fft0/u_serial_fft/i_xpm_memory_tdpram/xpm_memory_base_inst/gen_wr_b.gen_word_narrow.mem_reg/ADDRBWRADDR[12] (net: fft0/u_serial_fft/i_xpm_memory_tdpram/xpm_memory_base_inst/addrb[7]) which is driven by a register (fft0/u_serial_fft/waddr_reg[7]) that has an active asychronous set or reset. This may cause corruption of the memory contents and/or read values when the set/reset is asserted and is not analyzed by the default static timing analysis. It is suggested to eliminate the use of a set/reset to registers driving this RAMB pin or else use a synchronous reset in which the assertion of the reset is timed by default.
Related violations: <none>

REQP-1839#14 Warning
RAMB36 async control check  
The RAMB36E1 fft0/u_serial_fft/i_xpm_memory_tdpram/xpm_memory_base_inst/gen_wr_b.gen_word_narrow.mem_reg has an input control pin fft0/u_serial_fft/i_xpm_memory_tdpram/xpm_memory_base_inst/gen_wr_b.gen_word_narrow.mem_reg/ADDRBWRADDR[13] (net: fft0/u_serial_fft/i_xpm_memory_tdpram/xpm_memory_base_inst/addrb[8]) which is driven by a register (fft0/u_serial_fft/waddr_reg[8]) that has an active asychronous set or reset. This may cause corruption of the memory contents and/or read values when the set/reset is asserted and is not analyzed by the default static timing analysis. It is suggested to eliminate the use of a set/reset to registers driving this RAMB pin or else use a synchronous reset in which the assertion of the reset is timed by default.
Related violations: <none>

REQP-1839#15 Warning
RAMB36 async control check  
The RAMB36E1 fft0/u_serial_fft/i_xpm_memory_tdpram/xpm_memory_base_inst/gen_wr_b.gen_word_narrow.mem_reg has an input control pin fft0/u_serial_fft/i_xpm_memory_tdpram/xpm_memory_base_inst/gen_wr_b.gen_word_narrow.mem_reg/ADDRBWRADDR[14] (net: fft0/u_serial_fft/i_xpm_memory_tdpram/xpm_memory_base_inst/addrb[9]) which is driven by a register (fft0/u_serial_fft/waddr_reg[9]) that has an active asychronous set or reset. This may cause corruption of the memory contents and/or read values when the set/reset is asserted and is not analyzed by the default static timing analysis. It is suggested to eliminate the use of a set/reset to registers driving this RAMB pin or else use a synchronous reset in which the assertion of the reset is timed by default.
Related violations: <none>

REQP-1839#16 Warning
RAMB36 async control check  
The RAMB36E1 fft0/u_serial_fft/i_xpm_memory_tdpram/xpm_memory_base_inst/gen_wr_b.gen_word_narrow.mem_reg has an input control pin fft0/u_serial_fft/i_xpm_memory_tdpram/xpm_memory_base_inst/gen_wr_b.gen_word_narrow.mem_reg/ADDRBWRADDR[5] (net: fft0/u_serial_fft/i_xpm_memory_tdpram/xpm_memory_base_inst/addrb[0]) which is driven by a register (fft0/u_serial_fft/waddr_reg[0]) that has an active asychronous set or reset. This may cause corruption of the memory contents and/or read values when the set/reset is asserted and is not analyzed by the default static timing analysis. It is suggested to eliminate the use of a set/reset to registers driving this RAMB pin or else use a synchronous reset in which the assertion of the reset is timed by default.
Related violations: <none>

REQP-1839#17 Warning
RAMB36 async control check  
The RAMB36E1 fft0/u_serial_fft/i_xpm_memory_tdpram/xpm_memory_base_inst/gen_wr_b.gen_word_narrow.mem_reg has an input control pin fft0/u_serial_fft/i_xpm_memory_tdpram/xpm_memory_base_inst/gen_wr_b.gen_word_narrow.mem_reg/ADDRBWRADDR[6] (net: fft0/u_serial_fft/i_xpm_memory_tdpram/xpm_memory_base_inst/addrb[1]) which is driven by a register (fft0/u_serial_fft/waddr_reg[1]) that has an active asychronous set or reset. This may cause corruption of the memory contents and/or read values when the set/reset is asserted and is not analyzed by the default static timing analysis. It is suggested to eliminate the use of a set/reset to registers driving this RAMB pin or else use a synchronous reset in which the assertion of the reset is timed by default.
Related violations: <none>

REQP-1839#18 Warning
RAMB36 async control check  
The RAMB36E1 fft0/u_serial_fft/i_xpm_memory_tdpram/xpm_memory_base_inst/gen_wr_b.gen_word_narrow.mem_reg has an input control pin fft0/u_serial_fft/i_xpm_memory_tdpram/xpm_memory_base_inst/gen_wr_b.gen_word_narrow.mem_reg/ADDRBWRADDR[7] (net: fft0/u_serial_fft/i_xpm_memory_tdpram/xpm_memory_base_inst/addrb[2]) which is driven by a register (fft0/u_serial_fft/waddr_reg[2]) that has an active asychronous set or reset. This may cause corruption of the memory contents and/or read values when the set/reset is asserted and is not analyzed by the default static timing analysis. It is suggested to eliminate the use of a set/reset to registers driving this RAMB pin or else use a synchronous reset in which the assertion of the reset is timed by default.
Related violations: <none>

REQP-1839#19 Warning
RAMB36 async control check  
The RAMB36E1 fft0/u_serial_fft/i_xpm_memory_tdpram/xpm_memory_base_inst/gen_wr_b.gen_word_narrow.mem_reg has an input control pin fft0/u_serial_fft/i_xpm_memory_tdpram/xpm_memory_base_inst/gen_wr_b.gen_word_narrow.mem_reg/ADDRBWRADDR[8] (net: fft0/u_serial_fft/i_xpm_memory_tdpram/xpm_memory_base_inst/addrb[3]) which is driven by a register (fft0/u_serial_fft/waddr_reg[3]) that has an active asychronous set or reset. This may cause corruption of the memory contents and/or read values when the set/reset is asserted and is not analyzed by the default static timing analysis. It is suggested to eliminate the use of a set/reset to registers driving this RAMB pin or else use a synchronous reset in which the assertion of the reset is timed by default.
Related violations: <none>

REQP-1839#20 Warning
RAMB36 async control check  
The RAMB36E1 fft0/u_serial_fft/i_xpm_memory_tdpram/xpm_memory_base_inst/gen_wr_b.gen_word_narrow.mem_reg has an input control pin fft0/u_serial_fft/i_xpm_memory_tdpram/xpm_memory_base_inst/gen_wr_b.gen_word_narrow.mem_reg/ADDRBWRADDR[9] (net: fft0/u_serial_fft/i_xpm_memory_tdpram/xpm_memory_base_inst/addrb[4]) which is driven by a register (fft0/u_serial_fft/waddr_reg[4]) that has an active asychronous set or reset. This may cause corruption of the memory contents and/or read values when the set/reset is asserted and is not analyzed by the default static timing analysis. It is suggested to eliminate the use of a set/reset to registers driving this RAMB pin or else use a synchronous reset in which the assertion of the reset is timed by default.
Related violations: <none>

REQP-1840#1 Warning
RAMB18 async control check  
The RAMB18E1 vga0/colorize_pixel_i/lut_mem/xpm_memory_base_inst/gen_rd_a.gen_rd_a_synth_template.gen_rf_narrow_pipe.douta_reg_reg has an input control pin vga0/colorize_pixel_i/lut_mem/xpm_memory_base_inst/gen_rd_a.gen_rd_a_synth_template.gen_rf_narrow_pipe.douta_reg_reg/ENARDEN (net: vga0/colorize_pixel_i/lut_mem/xpm_memory_base_inst/gen_rd_a.gen_rd_a_synth_template.gen_rf_narrow_pipe.douta_reg_reg_ENARDEN_cooolgate_en_sig_6) which is driven by a register (vga0/rstn_pixel_sync_reg[0]) that has an active asychronous set or reset. This may cause corruption of the memory contents and/or read values when the set/reset is asserted and is not analyzed by the default static timing analysis. It is suggested to eliminate the use of a set/reset to registers driving this RAMB pin or else use a synchronous reset in which the assertion of the reset is timed by default.
Related violations: <none>

REQP-1840#2 Warning
RAMB18 async control check  
The RAMB18E1 vga0/colorize_pixel_i/lut_mem/xpm_memory_base_inst/gen_rd_a.gen_rd_a_synth_template.gen_rf_narrow_pipe.douta_reg_reg has an input control pin vga0/colorize_pixel_i/lut_mem/xpm_memory_base_inst/gen_rd_a.gen_rd_a_synth_template.gen_rf_narrow_pipe.douta_reg_reg/ENARDEN (net: vga0/colorize_pixel_i/lut_mem/xpm_memory_base_inst/gen_rd_a.gen_rd_a_synth_template.gen_rf_narrow_pipe.douta_reg_reg_ENARDEN_cooolgate_en_sig_6) which is driven by a register (vga0/rstn_pixel_sync_reg[1]) that has an active asychronous set or reset. This may cause corruption of the memory contents and/or read values when the set/reset is asserted and is not analyzed by the default static timing analysis. It is suggested to eliminate the use of a set/reset to registers driving this RAMB pin or else use a synchronous reset in which the assertion of the reset is timed by default.
Related violations: <none>

REQP-1840#3 Warning
RAMB18 async control check  
The RAMB18E1 vga0/colorize_pixel_i/lut_mem/xpm_memory_base_inst/gen_rd_a.gen_rd_a_synth_template.gen_rf_narrow_pipe.douta_reg_reg has an input control pin vga0/colorize_pixel_i/lut_mem/xpm_memory_base_inst/gen_rd_a.gen_rd_a_synth_template.gen_rf_narrow_pipe.douta_reg_reg/RSTREGARSTREG (net: vga0/colorize_pixel_i/lut_mem/xpm_memory_base_inst/lopt) which is driven by a register (vga0/rstn_pixel_reg) that has an active asychronous set or reset. This may cause corruption of the memory contents and/or read values when the set/reset is asserted and is not analyzed by the default static timing analysis. It is suggested to eliminate the use of a set/reset to registers driving this RAMB pin or else use a synchronous reset in which the assertion of the reset is timed by default.
Related violations: <none>

REQP-1840#4 Warning
RAMB18 async control check  
The RAMB18E1 vga0/render_i/fft_buffer_reg has an input control pin vga0/render_i/fft_buffer_reg/ADDRARDADDR[10] (net: vga0/render_i/fft_widx[6]) which is driven by a register (vga0/render_i/fft_widx_reg[6]) that has an active asychronous set or reset. This may cause corruption of the memory contents and/or read values when the set/reset is asserted and is not analyzed by the default static timing analysis. It is suggested to eliminate the use of a set/reset to registers driving this RAMB pin or else use a synchronous reset in which the assertion of the reset is timed by default.
Related violations: <none>

REQP-1840#5 Warning
RAMB18 async control check  
The RAMB18E1 vga0/render_i/fft_buffer_reg has an input control pin vga0/render_i/fft_buffer_reg/ADDRARDADDR[11] (net: vga0/render_i/fft_widx[7]) which is driven by a register (vga0/render_i/fft_widx_reg[7]) that has an active asychronous set or reset. This may cause corruption of the memory contents and/or read values when the set/reset is asserted and is not analyzed by the default static timing analysis. It is suggested to eliminate the use of a set/reset to registers driving this RAMB pin or else use a synchronous reset in which the assertion of the reset is timed by default.
Related violations: <none>

REQP-1840#6 Warning
RAMB18 async control check  
The RAMB18E1 vga0/render_i/fft_buffer_reg has an input control pin vga0/render_i/fft_buffer_reg/ADDRARDADDR[12] (net: vga0/render_i/fft_widx[8]) which is driven by a register (vga0/render_i/fft_widx_reg[8]) that has an active asychronous set or reset. This may cause corruption of the memory contents and/or read values when the set/reset is asserted and is not analyzed by the default static timing analysis. It is suggested to eliminate the use of a set/reset to registers driving this RAMB pin or else use a synchronous reset in which the assertion of the reset is timed by default.
Related violations: <none>

REQP-1840#7 Warning
RAMB18 async control check  
The RAMB18E1 vga0/render_i/fft_buffer_reg has an input control pin vga0/render_i/fft_buffer_reg/ADDRARDADDR[4] (net: vga0/render_i/fft_widx[0]) which is driven by a register (vga0/render_i/fft_widx_reg[0]) that has an active asychronous set or reset. This may cause corruption of the memory contents and/or read values when the set/reset is asserted and is not analyzed by the default static timing analysis. It is suggested to eliminate the use of a set/reset to registers driving this RAMB pin or else use a synchronous reset in which the assertion of the reset is timed by default.
Related violations: <none>

REQP-1840#8 Warning
RAMB18 async control check  
The RAMB18E1 vga0/render_i/fft_buffer_reg has an input control pin vga0/render_i/fft_buffer_reg/ADDRARDADDR[5] (net: vga0/render_i/fft_widx[1]) which is driven by a register (vga0/render_i/fft_widx_reg[1]) that has an active asychronous set or reset. This may cause corruption of the memory contents and/or read values when the set/reset is asserted and is not analyzed by the default static timing analysis. It is suggested to eliminate the use of a set/reset to registers driving this RAMB pin or else use a synchronous reset in which the assertion of the reset is timed by default.
Related violations: <none>

REQP-1840#9 Warning
RAMB18 async control check  
The RAMB18E1 vga0/render_i/fft_buffer_reg has an input control pin vga0/render_i/fft_buffer_reg/ADDRARDADDR[6] (net: vga0/render_i/fft_widx[2]) which is driven by a register (vga0/render_i/fft_widx_reg[2]) that has an active asychronous set or reset. This may cause corruption of the memory contents and/or read values when the set/reset is asserted and is not analyzed by the default static timing analysis. It is suggested to eliminate the use of a set/reset to registers driving this RAMB pin or else use a synchronous reset in which the assertion of the reset is timed by default.
Related violations: <none>

REQP-1840#10 Warning
RAMB18 async control check  
The RAMB18E1 vga0/render_i/fft_buffer_reg has an input control pin vga0/render_i/fft_buffer_reg/ADDRARDADDR[7] (net: vga0/render_i/fft_widx[3]) which is driven by a register (vga0/render_i/fft_widx_reg[3]) that has an active asychronous set or reset. This may cause corruption of the memory contents and/or read values when the set/reset is asserted and is not analyzed by the default static timing analysis. It is suggested to eliminate the use of a set/reset to registers driving this RAMB pin or else use a synchronous reset in which the assertion of the reset is timed by default.
Related violations: <none>

REQP-1840#11 Warning
RAMB18 async control check  
The RAMB18E1 vga0/render_i/fft_buffer_reg has an input control pin vga0/render_i/fft_buffer_reg/ADDRARDADDR[8] (net: vga0/render_i/fft_widx[4]) which is driven by a register (vga0/render_i/fft_widx_reg[4]) that has an active asychronous set or reset. This may cause corruption of the memory contents and/or read values when the set/reset is asserted and is not analyzed by the default static timing analysis. It is suggested to eliminate the use of a set/reset to registers driving this RAMB pin or else use a synchronous reset in which the assertion of the reset is timed by default.
Related violations: <none>

REQP-1840#12 Warning
RAMB18 async control check  
The RAMB18E1 vga0/render_i/fft_buffer_reg has an input control pin vga0/render_i/fft_buffer_reg/ADDRARDADDR[9] (net: vga0/render_i/fft_widx[5]) which is driven by a register (vga0/render_i/fft_widx_reg[5]) that has an active asychronous set or reset. This may cause corruption of the memory contents and/or read values when the set/reset is asserted and is not analyzed by the default static timing analysis. It is suggested to eliminate the use of a set/reset to registers driving this RAMB pin or else use a synchronous reset in which the assertion of the reset is timed by default.
Related violations: <none>

REQP-1840#13 Warning
RAMB18 async control check  
The RAMB18E1 vga0/render_i/fft_buffer_reg has an input control pin vga0/render_i/fft_buffer_reg/ADDRBWRADDR[10] (net: vga0/render_i/yidx_reg_n_0_[6]) which is driven by a register (vga0/render_i/yidx_reg[6]) that has an active asychronous set or reset. This may cause corruption of the memory contents and/or read values when the set/reset is asserted and is not analyzed by the default static timing analysis. It is suggested to eliminate the use of a set/reset to registers driving this RAMB pin or else use a synchronous reset in which the assertion of the reset is timed by default.
Related violations: <none>

REQP-1840#14 Warning
RAMB18 async control check  
The RAMB18E1 vga0/render_i/fft_buffer_reg has an input control pin vga0/render_i/fft_buffer_reg/ADDRBWRADDR[11] (net: vga0/render_i/yidx_reg_n_0_[7]) which is driven by a register (vga0/render_i/yidx_reg[7]) that has an active asychronous set or reset. This may cause corruption of the memory contents and/or read values when the set/reset is asserted and is not analyzed by the default static timing analysis. It is suggested to eliminate the use of a set/reset to registers driving this RAMB pin or else use a synchronous reset in which the assertion of the reset is timed by default.
Related violations: <none>

REQP-1840#15 Warning
RAMB18 async control check  
The RAMB18E1 vga0/render_i/fft_buffer_reg has an input control pin vga0/render_i/fft_buffer_reg/ADDRBWRADDR[12] (net: vga0/render_i/yidx_reg_n_0_[8]) which is driven by a register (vga0/render_i/yidx_reg[8]) that has an active asychronous set or reset. This may cause corruption of the memory contents and/or read values when the set/reset is asserted and is not analyzed by the default static timing analysis. It is suggested to eliminate the use of a set/reset to registers driving this RAMB pin or else use a synchronous reset in which the assertion of the reset is timed by default.
Related violations: <none>

REQP-1840#16 Warning
RAMB18 async control check  
The RAMB18E1 vga0/render_i/fft_buffer_reg has an input control pin vga0/render_i/fft_buffer_reg/ADDRBWRADDR[5] (net: vga0/render_i/yidx_reg_n_0_[1]) which is driven by a register (vga0/render_i/yidx_reg[1]) that has an active asychronous set or reset. This may cause corruption of the memory contents and/or read values when the set/reset is asserted and is not analyzed by the default static timing analysis. It is suggested to eliminate the use of a set/reset to registers driving this RAMB pin or else use a synchronous reset in which the assertion of the reset is timed by default.
Related violations: <none>

REQP-1840#17 Warning
RAMB18 async control check  
The RAMB18E1 vga0/render_i/fft_buffer_reg has an input control pin vga0/render_i/fft_buffer_reg/ADDRBWRADDR[6] (net: vga0/render_i/yidx_reg_n_0_[2]) which is driven by a register (vga0/render_i/yidx_reg[2]) that has an active asychronous set or reset. This may cause corruption of the memory contents and/or read values when the set/reset is asserted and is not analyzed by the default static timing analysis. It is suggested to eliminate the use of a set/reset to registers driving this RAMB pin or else use a synchronous reset in which the assertion of the reset is timed by default.
Related violations: <none>

REQP-1840#18 Warning
RAMB18 async control check  
The RAMB18E1 vga0/render_i/fft_buffer_reg has an input control pin vga0/render_i/fft_buffer_reg/ADDRBWRADDR[7] (net: vga0/render_i/yidx_reg_n_0_[3]) which is driven by a register (vga0/render_i/yidx_reg[3]) that has an active asychronous set or reset. This may cause corruption of the memory contents and/or read values when the set/reset is asserted and is not analyzed by the default static timing analysis. It is suggested to eliminate the use of a set/reset to registers driving this RAMB pin or else use a synchronous reset in which the assertion of the reset is timed by default.
Related violations: <none>

REQP-1840#19 Warning
RAMB18 async control check  
The RAMB18E1 vga0/render_i/fft_buffer_reg has an input control pin vga0/render_i/fft_buffer_reg/ADDRBWRADDR[8] (net: vga0/render_i/yidx_reg_n_0_[4]) which is driven by a register (vga0/render_i/yidx_reg[4]) that has an active asychronous set or reset. This may cause corruption of the memory contents and/or read values when the set/reset is asserted and is not analyzed by the default static timing analysis. It is suggested to eliminate the use of a set/reset to registers driving this RAMB pin or else use a synchronous reset in which the assertion of the reset is timed by default.
Related violations: <none>

REQP-1840#20 Warning
RAMB18 async control check  
The RAMB18E1 vga0/render_i/fft_buffer_reg has an input control pin vga0/render_i/fft_buffer_reg/ADDRBWRADDR[9] (net: vga0/render_i/yidx_reg_n_0_[5]) which is driven by a register (vga0/render_i/yidx_reg[5]) that has an active asychronous set or reset. This may cause corruption of the memory contents and/or read values when the set/reset is asserted and is not analyzed by the default static timing analysis. It is suggested to eliminate the use of a set/reset to registers driving this RAMB pin or else use a synchronous reset in which the assertion of the reset is timed by default.
Related violations: <none>

AVAL-4#1 Advisory
enum_USE_DPORT_FALSE_enum_DREG_ADREG_0_connects_CED_CEAD_RSTD_GND  
fft0/u_serial_fft/fft_i/U0/i_synth/xfft_inst/non_floating_point.arch_e.xfft_inst/single_channel.datapath/complex_multiplier/i_cmpy/four_mult_structure.use_dsp.i_dsp/re_im/use_DSP48.qDSP[0].appDSP[0].bppDSP[0].u_l[0].use_dsp48e1.dsp: DSP48E1 is not using the D port (USE_DPORT = FALSE). For improved power characteristics, set DREG and ADREG to '1', tie CED, CEAD, and RSTD to logic '0'.
Related violations: <none>

AVAL-4#2 Advisory
enum_USE_DPORT_FALSE_enum_DREG_ADREG_0_connects_CED_CEAD_RSTD_GND  
fft0/u_serial_fft/fft_i/U0/i_synth/xfft_inst/non_floating_point.arch_e.xfft_inst/single_channel.datapath/complex_multiplier/i_cmpy/four_mult_structure.use_dsp.i_dsp/re_im/use_DSP48.qDSP[0].appDSP[0].bppDSP[0].u_l[1].use_dsp48e1.dsp: DSP48E1 is not using the D port (USE_DPORT = FALSE). For improved power characteristics, set DREG and ADREG to '1', tie CED, CEAD, and RSTD to logic '0'.
Related violations: <none>


