

================================================================
== Synthesis Summary Report of 'mfcc'
================================================================
+ General Information: 
    * Date:           Tue Jan 20 12:41:17 2026
    * Version:        2023.1 (Build 3854077 on May  4 2023)
    * Project:        audrey_4_hls
    * Solution:       solution1 (Vivado IP Flow Target)
    * Product family: artix7
    * Target device:  xc7a100t-csg324-1
    

+ Performance & Resource Estimates: 
    
    PS: '+' for module; 'o' for loop; '*' for dataflow
    +-------------------------+------+------+---------+-----------+----------+---------+------+----------+------+----+----------+-----------+-----+
    |         Modules         | Issue|      | Latency |  Latency  | Iteration|         | Trip |          |      |    |          |           |     |
    |         & Loops         | Type | Slack| (cycles)|    (ns)   |  Latency | Interval| Count| Pipelined| BRAM | DSP|    FF    |    LUT    | URAM|
    +-------------------------+------+------+---------+-----------+----------+---------+------+----------+------+----+----------+-----------+-----+
    |+ mfcc                   |     -|  3.57|      564|  5.640e+03|         -|      565|     -|        no|     -|   -|  31 (~0%)|  210 (~0%)|    -|
    | + mfcc_Pipeline_task_2  |     -|  3.57|      514|  5.140e+03|         -|      514|     -|        no|     -|   -|  12 (~0%)|   75 (~0%)|    -|
    |  o task_2               |     -|  7.30|      512|  5.120e+03|         1|        1|   512|       yes|     -|   -|         -|          -|    -|
    | + mfcc_Pipeline_task_6  |     -|  3.74|       44|    440.000|         -|       44|     -|        no|     -|   -|  10 (~0%)|   91 (~0%)|    -|
    |  o task_6               |     -|  7.30|       42|    420.000|         2|        1|    42|       yes|     -|   -|         -|          -|    -|
    +-------------------------+------+------+---------+-----------+----------+---------+------+----------+------+----+----------+-----------+-----+


================================================================
== HW Interfaces
================================================================
* AXIS
+------------+-----------+---------------+-------+-------+-------+--------+-------+--------+
| Interface  | Direction | Register Mode | TDATA | TKEEP | TLAST | TREADY | TSTRB | TVALID |
+------------+-----------+---------------+-------+-------+-------+--------+-------+--------+
| in_stream  | in        | both          | 16    | 2     | 1     | 1      | 2     | 1      |
| out_stream | out       | both          | 16    | 2     | 1     | 1      | 2     | 1      |
+------------+-----------+---------------+-------+-------+-------+--------+-------+--------+

* TOP LEVEL CONTROL
+-----------+--------------+----------+
| Interface | Type         | Ports    |
+-----------+--------------+----------+
| ap_clk    | clock        | ap_clk   |
| ap_rst_n  | reset        | ap_rst_n |
| ap_ctrl   | ap_ctrl_none |          |
+-----------+--------------+----------+


================================================================
== SW I/O Information
================================================================
* Top Function Arguments
+------------+-----------+---------------------------------------------------------------------+
| Argument   | Direction | Datatype                                                            |
+------------+-----------+---------------------------------------------------------------------+
| in_stream  | in        | stream<hls::axis<ap_fixed<16, 8, AP_TRN, AP_WRAP, 0>, 0, 0, 0>, 0>& |
| out_stream | out       | stream<hls::axis<ap_fixed<16, 8, AP_TRN, AP_WRAP, 0>, 0, 0, 0>, 0>& |
+------------+-----------+---------------------------------------------------------------------+

* SW-to-HW Mapping
+------------+--------------+-----------+
| Argument   | HW Interface | HW Type   |
+------------+--------------+-----------+
| in_stream  | in_stream    | interface |
| out_stream | out_stream   | interface |
+------------+--------------+-----------+


================================================================
== Bind Op Report
================================================================
+-------------------------+-----+--------+-----------+-----+--------+---------+
| Name                    | DSP | Pragma | Variable  | Op  | Impl   | Latency |
+-------------------------+-----+--------+-----------+-----+--------+---------+
| + mfcc                  | 0   |        |           |     |        |         |
|  + mfcc_Pipeline_task_2 | 0   |        |           |     |        |         |
|    i_2_fu_76_p2         | -   |        | i_2       | add | fabric | 0       |
|  + mfcc_Pipeline_task_6 | 0   |        |           |     |        |         |
|    add_ln106_fu_89_p2   | -   |        | add_ln106 | add | fabric | 0       |
+-------------------------+-----+--------+-----------+-----+--------+---------+


================================================================
== Bind Storage Report
================================================================
  No bind storage info in design

================================================================
== Pragma Report
================================================================
* Valid Pragma Syntax
+-----------+--------------------------+----------------------------------------------+
| Type      | Options                  | Location                                     |
+-----------+--------------------------+----------------------------------------------+
| interface | ap_ctrl_none port=return | audrey_4_hls/mfcc.cpp:23 in mfcc, return     |
| interface | axis port=in_stream      | audrey_4_hls/mfcc.cpp:24 in mfcc, in_stream  |
| interface | axis port=out_stream     | audrey_4_hls/mfcc.cpp:25 in mfcc, out_stream |
| pipeline  | II=1                     | audrey_4_hls/mfcc.cpp:34 in mfcc             |
| pipeline  | II=1                     | audrey_4_hls/mfcc.cpp:108 in mfcc            |
| pipeline  | II=1                     | audrey_4_hls/mfcc.cpp:166 in feature_0_stft  |
| pipeline  | II=1                     | audrey_4_hls/mfcc.cpp:200 in feature_2_log   |
+-----------+--------------------------+----------------------------------------------+


