

================================================================
== Vitis HLS Report for 'log_17_9_s'
================================================================
* Date:           Mon Jan 19 23:15:30 2026

* Version:        2023.1 (Build 3854077 on May  4 2023)
* Project:        audrey_4_hls
* Solution:       solution1 (Vivado IP Flow Target)
* Product family: artix7
* Target device:  xc7a100t-csg324-1


================================================================
== Performance Estimates
================================================================
+ Timing: 
    * Summary: 
    +--------+----------+----------+------------+
    |  Clock |  Target  | Estimated| Uncertainty|
    +--------+----------+----------+------------+
    |ap_clk  |  10.00 ns|  6.876 ns|     2.70 ns|
    +--------+----------+----------+------------+

+ Latency: 
    * Summary: 
    +---------+---------+----------+----------+-----+-----+---------+
    |  Latency (cycles) |  Latency (absolute) |  Interval | Pipeline|
    |   min   |   max   |    min   |    max   | min | max |   Type  |
    +---------+---------+----------+----------+-----+-----+---------+
    |       10|       10|  0.100 us|  0.100 us|    1|    1|      yes|
    +---------+---------+----------+----------+-----+-----+---------+

    + Detail: 
        * Instance: 
        N/A

        * Loop: 
        N/A



================================================================
== Utilization Estimates
================================================================
* Summary: 
+-----------------+---------+-----+--------+-------+-----+
|       Name      | BRAM_18K| DSP |   FF   |  LUT  | URAM|
+-----------------+---------+-----+--------+-------+-----+
|DSP              |        -|    1|       -|      -|    -|
|Expression       |        -|    -|       0|    940|    -|
|FIFO             |        -|    -|       -|      -|    -|
|Instance         |        -|    3|      95|    129|    -|
|Memory           |        1|    -|      24|     11|    -|
|Multiplexer      |        -|    -|       -|    205|    -|
|Register         |        -|    -|     765|    128|    -|
+-----------------+---------+-----+--------+-------+-----+
|Total            |        1|    4|     884|   1413|    0|
+-----------------+---------+-----+--------+-------+-----+
|Available        |      270|  240|  126800|  63400|    0|
+-----------------+---------+-----+--------+-------+-----+
|Utilization (%)  |       ~0|    1|      ~0|      2|    0|
+-----------------+---------+-----+--------+-------+-----+

+ Detail: 
    * Instance: 
    +------------------------+--------------------+---------+----+----+----+-----+
    |        Instance        |       Module       | BRAM_18K| DSP| FF | LUT| URAM|
    +------------------------+--------------------+---------+----+----+----+-----+
    |mul_29s_6ns_29_2_1_U73  |mul_29s_6ns_29_2_1  |        0|   2|  95|  46|    0|
    |mul_5s_23ns_28_1_1_U74  |mul_5s_23ns_28_1_1  |        0|   1|   0|  32|    0|
    |mul_9ns_9ns_18_1_1_U75  |mul_9ns_9ns_18_1_1  |        0|   0|   0|  51|    0|
    +------------------------+--------------------+---------+----+----+----+-----+
    |Total                   |                    |        0|   3|  95| 129|    0|
    +------------------------+--------------------+---------+----+----+----+-----+

    * DSP: 
    +-------------------------------------+---------------------------------+--------------+
    |               Instance              |              Module             |  Expression  |
    +-------------------------------------+---------------------------------+--------------+
    |mac_mulsub_24ns_4ns_29ns_29_4_1_U76  |mac_mulsub_24ns_4ns_29ns_29_4_1  |  i0 - i1 * i2|
    +-------------------------------------+---------------------------------+--------------+

    * Memory: 
    +-----------------------------------------------------------+--------------------------------------------------------------------------------+---------+----+----+-----+------+-----+------+-------------+
    |                           Memory                          |                                     Module                                     | BRAM_18K| FF | LUT| URAM| Words| Bits| Banks| W*Bits*Banks|
    +-----------------------------------------------------------+--------------------------------------------------------------------------------+---------+----+----+-----+------+-----+------+-------------+
    |log_apfixed_reduce_log0_lut_table_ap_fixed_0_5_64_array_U  |log_17_9_s_log_apfixed_reduce_log0_lut_table_ap_fixed_0_5_64_array_ROM_AUTO_1R  |        1|   0|   0|    0|    64|   22|     1|         1408|
    |log_apfixed_reduce_log_inverse_lut_table_array_U           |log_17_9_s_log_apfixed_reduce_log_inverse_lut_table_array_ROM_AUTO_1R           |        0|   6|   6|    0|    64|    6|     1|          384|
    |log_apfixed_reduce_log_lut_table_ap_fixed_4_4_16_array_U   |log_17_9_s_log_apfixed_reduce_log_lut_table_ap_fixed_4_4_16_array_ROM_AUTO_1R   |        0|  18|   5|    0|    16|   18|     1|          288|
    +-----------------------------------------------------------+--------------------------------------------------------------------------------+---------+----+----+-----+------+-----+------+-------------+
    |Total                                                      |                                                                                |        1|  24|  11|    0|   144|   46|     3|         2080|
    +-----------------------------------------------------------+--------------------------------------------------------------------------------+---------+----+----+-----+------+-----+------+-------------+

    * FIFO: 
    N/A

    * Expression: 
    +----------------------------+----------+----+---+----+------------+------------+
    |        Variable Name       | Operation| DSP| FF| LUT| Bitwidth P0| Bitwidth P1|
    +----------------------------+----------+----+---+----+------------+------------+
    |add_ln184_fu_1540_p2        |         +|   0|  0|  36|          29|          29|
    |add_ln779_1_fu_1668_p2      |         +|   0|  0|  29|          29|          29|
    |add_ln779_fu_1557_p2        |         +|   0|  0|  29|          22|          22|
    |log_base_1_fu_1699_p2       |         +|   0|  0|  36|          29|          29|
    |log_base_fu_1674_p2         |         +|   0|  0|  29|          29|          29|
    |sub_ln776_fu_1634_p2        |         -|   0|  0|  33|          26|          26|
    |ap_condition_222            |       and|   0|  0|   2|           1|           1|
    |ap_condition_289            |       and|   0|  0|   2|           1|           1|
    |ap_condition_299            |       and|   0|  0|   2|           1|           1|
    |ap_condition_302            |       and|   0|  0|   2|           1|           1|
    |ap_condition_305            |       and|   0|  0|   2|           1|           1|
    |ap_condition_308            |       and|   0|  0|   2|           1|           1|
    |ap_condition_311            |       and|   0|  0|   2|           1|           1|
    |ap_condition_314            |       and|   0|  0|   2|           1|           1|
    |ap_condition_317            |       and|   0|  0|   2|           1|           1|
    |ap_condition_320            |       and|   0|  0|   2|           1|           1|
    |ap_condition_323            |       and|   0|  0|   2|           1|           1|
    |ap_condition_326            |       and|   0|  0|   2|           1|           1|
    |ap_condition_329            |       and|   0|  0|   2|           1|           1|
    |ap_condition_332            |       and|   0|  0|   2|           1|           1|
    |ap_condition_335            |       and|   0|  0|   2|           1|           1|
    |ap_condition_338            |       and|   0|  0|   2|           1|           1|
    |ap_condition_341            |       and|   0|  0|   2|           1|           1|
    |icmp_ln703_fu_415_p2        |      icmp|   0|  0|  24|          17|           1|
    |icmp_ln731_10_fu_1091_p2    |      icmp|   0|  0|  35|          28|          28|
    |icmp_ln731_11_fu_1157_p2    |      icmp|   0|  0|  35|          28|          28|
    |icmp_ln731_12_fu_1223_p2    |      icmp|   0|  0|  35|          28|          28|
    |icmp_ln731_13_fu_1289_p2    |      icmp|   0|  0|  35|          28|          28|
    |icmp_ln731_14_fu_1345_p2    |      icmp|   0|  0|  35|          28|          28|
    |icmp_ln731_15_fu_1381_p2    |      icmp|   0|  0|  37|          29|          30|
    |icmp_ln731_16_fu_1399_p2    |      icmp|   0|  0|  36|          29|           1|
    |icmp_ln731_1_fu_497_p2      |      icmp|   0|  0|  35|          28|          28|
    |icmp_ln731_2_fu_563_p2      |      icmp|   0|  0|  35|          28|          28|
    |icmp_ln731_3_fu_629_p2      |      icmp|   0|  0|  35|          28|          28|
    |icmp_ln731_4_fu_695_p2      |      icmp|   0|  0|  35|          28|          28|
    |icmp_ln731_5_fu_761_p2      |      icmp|   0|  0|  35|          28|          28|
    |icmp_ln731_6_fu_827_p2      |      icmp|   0|  0|  35|          28|          28|
    |icmp_ln731_7_fu_893_p2      |      icmp|   0|  0|  35|          28|          28|
    |icmp_ln731_8_fu_959_p2      |      icmp|   0|  0|  35|          28|          28|
    |icmp_ln731_9_fu_1025_p2     |      icmp|   0|  0|  35|          28|          28|
    |icmp_ln731_fu_453_p2        |      icmp|   0|  0|  35|          28|          28|
    |select_ln182_fu_1511_p3     |    select|   0|  0|  29|           1|          29|
    |select_ln731_10_fu_1177_p3  |    select|   0|  0|   2|           1|           1|
    |select_ln731_11_fu_1243_p3  |    select|   0|  0|   2|           1|           1|
    |select_ln731_12_fu_1309_p3  |    select|   0|  0|   2|           1|           1|
    |select_ln731_13_fu_1365_p3  |    select|   0|  0|   2|           1|           1|
    |select_ln731_14_fu_1405_p3  |    select|   0|  0|   5|           1|           5|
    |select_ln731_1_fu_583_p3    |    select|   0|  0|   2|           1|           1|
    |select_ln731_2_fu_649_p3    |    select|   0|  0|   2|           1|           1|
    |select_ln731_3_fu_715_p3    |    select|   0|  0|   2|           1|           1|
    |select_ln731_4_fu_781_p3    |    select|   0|  0|   2|           1|           1|
    |select_ln731_5_fu_847_p3    |    select|   0|  0|   2|           1|           1|
    |select_ln731_6_fu_913_p3    |    select|   0|  0|   2|           1|           1|
    |select_ln731_7_fu_979_p3    |    select|   0|  0|   2|           1|           1|
    |select_ln731_8_fu_1045_p3   |    select|   0|  0|   2|           1|           1|
    |select_ln731_9_fu_1111_p3   |    select|   0|  0|   2|           1|           1|
    |select_ln731_fu_517_p3      |    select|   0|  0|   2|           1|           1|
    |ap_enable_pp0               |       xor|   0|  0|   2|           1|           2|
    |xor_ln731_10_fu_1171_p2     |       xor|   0|  0|   2|           1|           2|
    |xor_ln731_11_fu_1237_p2     |       xor|   0|  0|   2|           1|           2|
    |xor_ln731_12_fu_1303_p2     |       xor|   0|  0|   2|           1|           2|
    |xor_ln731_13_fu_1359_p2     |       xor|   0|  0|   2|           1|           2|
    |xor_ln731_1_fu_577_p2       |       xor|   0|  0|   2|           1|           2|
    |xor_ln731_2_fu_643_p2       |       xor|   0|  0|   2|           1|           2|
    |xor_ln731_3_fu_709_p2       |       xor|   0|  0|   2|           1|           2|
    |xor_ln731_4_fu_775_p2       |       xor|   0|  0|   2|           1|           2|
    |xor_ln731_5_fu_841_p2       |       xor|   0|  0|   2|           1|           2|
    |xor_ln731_6_fu_907_p2       |       xor|   0|  0|   2|           1|           2|
    |xor_ln731_7_fu_973_p2       |       xor|   0|  0|   2|           1|           2|
    |xor_ln731_8_fu_1039_p2      |       xor|   0|  0|   2|           1|           2|
    |xor_ln731_9_fu_1105_p2      |       xor|   0|  0|   2|           1|           2|
    |xor_ln731_fu_511_p2         |       xor|   0|  0|   2|           1|           2|
    +----------------------------+----------+----+---+----+------------+------------+
    |Total                       |          |   0|  0| 940|         707|         711|
    +----------------------------+----------+----+---+----+------------+------------+

    * Multiplexer: 
    +----------------------------------------+----+-----------+-----+-----------+
    |                  Name                  | LUT| Input Size| Bits| Total Bits|
    +----------------------------------------+----+-----------+-----+-----------+
    |ap_phi_mux_index0_2_phi_fu_322_p4       |  13|          3|    6|         18|
    |ap_phi_mux_r_1_phi_fu_403_p4            |   9|          2|   15|         30|
    |ap_phi_reg_pp0_iter1_b_exp_07_reg_328   |  87|         18|    5|         90|
    |ap_phi_reg_pp0_iter1_b_frac_05_reg_279  |  87|         18|   29|        522|
    |ap_phi_reg_pp0_iter1_r_1_reg_399        |   9|          2|   15|         30|
    +----------------------------------------+----+-----------+-----+-----------+
    |Total                                   | 205|         43|   70|        690|
    +----------------------------------------+----+-----------+-----+-----------+

    * Register: 
    +----------------------------------------+----+----+-----+-----------+
    |                  Name                  | FF | LUT| Bits| Const Bits|
    +----------------------------------------+----+----+-----+-----------+
    |a_reg_1907                              |   4|   0|    4|          0|
    |add_ln184_reg_1918                      |  29|   0|   29|          0|
    |add_ln184_reg_1918_pp0_iter6_reg        |  29|   0|   29|          0|
    |add_ln779_reg_1933                      |  22|   0|   22|          0|
    |ap_CS_fsm                               |   1|   0|    1|          0|
    |ap_enable_reg_pp0_iter1                 |   1|   0|    1|          0|
    |ap_enable_reg_pp0_iter10                |   1|   0|    1|          0|
    |ap_enable_reg_pp0_iter2                 |   1|   0|    1|          0|
    |ap_enable_reg_pp0_iter3                 |   1|   0|    1|          0|
    |ap_enable_reg_pp0_iter4                 |   1|   0|    1|          0|
    |ap_enable_reg_pp0_iter5                 |   1|   0|    1|          0|
    |ap_enable_reg_pp0_iter6                 |   1|   0|    1|          0|
    |ap_enable_reg_pp0_iter7                 |   1|   0|    1|          0|
    |ap_enable_reg_pp0_iter8                 |   1|   0|    1|          0|
    |ap_enable_reg_pp0_iter9                 |   1|   0|    1|          0|
    |ap_phi_reg_pp0_iter10_r_1_reg_399       |  15|   0|   15|          0|
    |ap_phi_reg_pp0_iter1_b_exp_07_reg_328   |   5|   0|    5|          0|
    |ap_phi_reg_pp0_iter1_b_frac_05_reg_279  |  29|   0|   29|          0|
    |ap_phi_reg_pp0_iter1_r_1_reg_399        |  15|   0|   15|          0|
    |ap_phi_reg_pp0_iter2_b_exp_07_reg_328   |   5|   0|    5|          0|
    |ap_phi_reg_pp0_iter2_r_1_reg_399        |  15|   0|   15|          0|
    |ap_phi_reg_pp0_iter3_b_exp_07_reg_328   |   5|   0|    5|          0|
    |ap_phi_reg_pp0_iter3_r_1_reg_399        |  15|   0|   15|          0|
    |ap_phi_reg_pp0_iter4_b_exp_07_reg_328   |   5|   0|    5|          0|
    |ap_phi_reg_pp0_iter4_r_1_reg_399        |  15|   0|   15|          0|
    |ap_phi_reg_pp0_iter5_b_exp_07_reg_328   |   5|   0|    5|          0|
    |ap_phi_reg_pp0_iter5_r_1_reg_399        |  15|   0|   15|          0|
    |ap_phi_reg_pp0_iter6_b_exp_07_reg_328   |   5|   0|    5|          0|
    |ap_phi_reg_pp0_iter6_r_1_reg_399        |  15|   0|   15|          0|
    |ap_phi_reg_pp0_iter7_b_exp_07_reg_328   |   5|   0|    5|          0|
    |ap_phi_reg_pp0_iter7_r_1_reg_399        |  15|   0|   15|          0|
    |ap_phi_reg_pp0_iter8_b_exp_07_reg_328   |   5|   0|    5|          0|
    |ap_phi_reg_pp0_iter8_r_1_reg_399        |  15|   0|   15|          0|
    |ap_phi_reg_pp0_iter9_r_1_reg_399        |  15|   0|   15|          0|
    |b_frac_05_reg_279                       |  29|   0|   29|          0|
    |b_frac_tilde_inverse_reg_1879           |   6|   0|    6|          0|
    |icmp_ln703_reg_1724                     |   1|   0|    1|          0|
    |log_base_reg_1953                       |  29|   0|   29|          0|
    |log_sum_reg_1884                        |  22|   0|   22|          0|
    |lshr_ln_reg_1943                        |  17|   0|   17|          0|
    |mul_ln761_reg_1894                      |  29|   0|   29|          0|
    |tmp_42_reg_1901                         |  24|   0|   24|          0|
    |tmp_47_reg_1938                         |  15|   0|   15|          0|
    |tmp_49_reg_1948                         |  22|   0|   22|          0|
    |tmp_50_reg_1958                         |   1|   0|    1|          0|
    |add_ln779_reg_1933                      |  64|  32|   22|          0|
    |b_frac_05_reg_279                       |  64|  32|   29|          0|
    |icmp_ln703_reg_1724                     |  64|  32|    1|          0|
    |log_sum_reg_1884                        |  64|  32|   22|          0|
    +----------------------------------------+----+----+-----+-----------+
    |Total                                   | 765| 128|  583|          0|
    +----------------------------------------+----+----+-----+-----------+



================================================================
== Interface
================================================================
* Summary: 
+-----------+-----+-----+------------+--------------+--------------+
| RTL Ports | Dir | Bits|  Protocol  | Source Object|    C Type    |
+-----------+-----+-----+------------+--------------+--------------+
|ap_clk     |   in|    1|  ap_ctrl_hs|    log<17, 9>|  return value|
|ap_rst     |   in|    1|  ap_ctrl_hs|    log<17, 9>|  return value|
|ap_start   |   in|    1|  ap_ctrl_hs|    log<17, 9>|  return value|
|ap_done    |  out|    1|  ap_ctrl_hs|    log<17, 9>|  return value|
|ap_idle    |  out|    1|  ap_ctrl_hs|    log<17, 9>|  return value|
|ap_ready   |  out|    1|  ap_ctrl_hs|    log<17, 9>|  return value|
|ap_return  |  out|   15|  ap_ctrl_hs|    log<17, 9>|  return value|
|x_val      |   in|   17|     ap_none|         x_val|        scalar|
+-----------+-----+-----+------------+--------------+--------------+

