

================================================================
== Vitis HLS Report for 'mfcc_Pipeline_VITIS_LOOP_199_1'
================================================================
* Date:           Mon Jan 19 23:15:31 2026

* Version:        2023.1 (Build 3854077 on May  4 2023)
* Project:        audrey_4_hls
* Solution:       solution1 (Vivado IP Flow Target)
* Product family: artix7
* Target device:  xc7a100t-csg324-1


================================================================
== Performance Estimates
================================================================
+ Timing: 
    * Summary: 
    +--------+----------+----------+------------+
    |  Clock |  Target  | Estimated| Uncertainty|
    +--------+----------+----------+------------+
    |ap_clk  |  10.00 ns|  6.876 ns|     2.70 ns|
    +--------+----------+----------+------------+

+ Latency: 
    * Summary: 
    +---------+---------+----------+----------+-----+-----+---------+
    |  Latency (cycles) |  Latency (absolute) |  Interval | Pipeline|
    |   min   |   max   |    min   |    max   | min | max |   Type  |
    +---------+---------+----------+----------+-----+-----+---------+
    |       55|       55|  0.550 us|  0.550 us|   55|   55|       no|
    +---------+---------+----------+----------+-----+-----+---------+

    + Detail: 
        * Instance: 
        +----------------------+------------+---------+---------+----------+----------+-----+-----+---------+
        |                      |            |  Latency (cycles) |  Latency (absolute) |  Interval | Pipeline|
        |       Instance       |   Module   |   min   |   max   |    min   |    max   | min | max |   Type  |
        +----------------------+------------+---------+---------+----------+----------+-----+-----+---------+
        |grp_log_17_9_s_fu_70  |log_17_9_s  |       10|       10|  0.100 us|  0.100 us|    1|    1|      yes|
        +----------------------+------------+---------+---------+----------+----------+-----+-----+---------+

        * Loop: 
        +--------------------+---------+---------+----------+-----------+-----------+------+----------+
        |                    |  Latency (cycles) | Iteration|  Initiation Interval  | Trip |          |
        |      Loop Name     |   min   |   max   |  Latency |  achieved |   target  | Count| Pipelined|
        +--------------------+---------+---------+----------+-----------+-----------+------+----------+
        |- VITIS_LOOP_199_1  |       53|       53|        13|          1|          1|    42|       yes|
        +--------------------+---------+---------+----------+-----------+-----------+------+----------+



================================================================
== Utilization Estimates
================================================================
* Summary: 
+-----------------+---------+-----+--------+-------+-----+
|       Name      | BRAM_18K| DSP |   FF   |  LUT  | URAM|
+-----------------+---------+-----+--------+-------+-----+
|DSP              |        -|    -|       -|      -|    -|
|Expression       |        -|    -|       0|     54|    -|
|FIFO             |        -|    -|       -|      -|    -|
|Instance         |        1|    4|     884|   1413|    -|
|Memory           |        -|    -|       -|      -|    -|
|Multiplexer      |        -|    -|       -|     36|    -|
|Register         |        -|    -|     184|     64|    -|
+-----------------+---------+-----+--------+-------+-----+
|Total            |        1|    4|    1068|   1567|    0|
+-----------------+---------+-----+--------+-------+-----+
|Available        |      270|  240|  126800|  63400|    0|
+-----------------+---------+-----+--------+-------+-----+
|Utilization (%)  |       ~0|    1|      ~0|      2|    0|
+-----------------+---------+-----+--------+-------+-----+

+ Detail: 
    * Instance: 
    +----------------------+------------+---------+----+-----+------+-----+
    |       Instance       |   Module   | BRAM_18K| DSP|  FF |  LUT | URAM|
    +----------------------+------------+---------+----+-----+------+-----+
    |grp_log_17_9_s_fu_70  |log_17_9_s  |        1|   4|  884|  1413|    0|
    +----------------------+------------+---------+----+-----+------+-----+
    |Total                 |            |        1|   4|  884|  1413|    0|
    +----------------------+------------+---------+----+-----+------+-----+

    * DSP: 
    N/A

    * Memory: 
    N/A

    * FIFO: 
    N/A

    * Expression: 
    +---------------------+----------+----+---+----+------------+------------+
    |    Variable Name    | Operation| DSP| FF| LUT| Bitwidth P0| Bitwidth P1|
    +---------------------+----------+----+---+----+------------+------------+
    |add_ln199_fu_96_p2   |         +|   0|  0|  14|           6|           1|
    |x_fu_116_p2          |         +|   0|  0|  24|          17|           1|
    |icmp_ln199_fu_90_p2  |      icmp|   0|  0|  14|           6|           6|
    |ap_enable_pp0        |       xor|   0|  0|   2|           1|           2|
    +---------------------+----------+----+---+----+------------+------------+
    |Total                |          |   0|  0|  54|          30|          10|
    +---------------------+----------+----+---+----+------------+------------+

    * Multiplexer: 
    +-------------------------+----+-----------+-----+-----------+
    |           Name          | LUT| Input Size| Bits| Total Bits|
    +-------------------------+----+-----------+-----+-----------+
    |ap_done_int              |   9|          2|    1|          2|
    |ap_enable_reg_pp0_iter1  |   9|          2|    1|          2|
    |ap_sig_allocacmp_m       |   9|          2|    6|         12|
    |m_1_fu_40                |   9|          2|    6|         12|
    +-------------------------+----+-----------+-----+-----------+
    |Total                    |  36|          8|   14|         28|
    +-------------------------+----+-----------+-----+-----------+

    * Register: 
    +-----------------------------------+----+----+-----+-----------+
    |                Name               | FF | LUT| Bits| Const Bits|
    +-----------------------------------+----+----+-----+-----------+
    |ap_CS_fsm                          |   1|   0|    1|          0|
    |ap_done_reg                        |   1|   0|    1|          0|
    |ap_enable_reg_pp0_iter1            |   1|   0|    1|          0|
    |ap_enable_reg_pp0_iter10           |   1|   0|    1|          0|
    |ap_enable_reg_pp0_iter11           |   1|   0|    1|          0|
    |ap_enable_reg_pp0_iter12           |   1|   0|    1|          0|
    |ap_enable_reg_pp0_iter2            |   1|   0|    1|          0|
    |ap_enable_reg_pp0_iter3            |   1|   0|    1|          0|
    |ap_enable_reg_pp0_iter4            |   1|   0|    1|          0|
    |ap_enable_reg_pp0_iter5            |   1|   0|    1|          0|
    |ap_enable_reg_pp0_iter6            |   1|   0|    1|          0|
    |ap_enable_reg_pp0_iter7            |   1|   0|    1|          0|
    |ap_enable_reg_pp0_iter8            |   1|   0|    1|          0|
    |ap_enable_reg_pp0_iter9            |   1|   0|    1|          0|
    |ap_loop_exit_ready_pp0_iter10_reg  |   1|   0|    1|          0|
    |ap_loop_exit_ready_pp0_iter11_reg  |   1|   0|    1|          0|
    |ap_loop_exit_ready_pp0_iter1_reg   |   1|   0|    1|          0|
    |ap_loop_exit_ready_pp0_iter2_reg   |   1|   0|    1|          0|
    |ap_loop_exit_ready_pp0_iter3_reg   |   1|   0|    1|          0|
    |ap_loop_exit_ready_pp0_iter4_reg   |   1|   0|    1|          0|
    |ap_loop_exit_ready_pp0_iter5_reg   |   1|   0|    1|          0|
    |ap_loop_exit_ready_pp0_iter6_reg   |   1|   0|    1|          0|
    |ap_loop_exit_ready_pp0_iter7_reg   |   1|   0|    1|          0|
    |ap_loop_exit_ready_pp0_iter8_reg   |   1|   0|    1|          0|
    |ap_loop_exit_ready_pp0_iter9_reg   |   1|   0|    1|          0|
    |grp_log_17_9_s_fu_70_ap_start_reg  |   1|   0|    1|          0|
    |icmp_ln199_reg_129                 |   1|   0|    1|          0|
    |m_1_cast_reg_133                   |   6|   0|   64|         58|
    |m_1_fu_40                          |   6|   0|    6|          0|
    |x_reg_143                          |  17|   0|   17|          0|
    |icmp_ln199_reg_129                 |  64|  32|    1|          0|
    |m_1_cast_reg_133                   |  64|  32|   64|         58|
    +-----------------------------------+----+----+-----+-----------+
    |Total                              | 184|  64|  179|        116|
    +-----------------------------------+----+----+-----+-----------+



================================================================
== Interface
================================================================
* Summary: 
+-----------------------+-----+-----+------------+--------------------------------+--------------+
|       RTL Ports       | Dir | Bits|  Protocol  |          Source Object         |    C Type    |
+-----------------------+-----+-----+------------+--------------------------------+--------------+
|ap_clk                 |   in|    1|  ap_ctrl_hs|  mfcc_Pipeline_VITIS_LOOP_199_1|  return value|
|ap_rst                 |   in|    1|  ap_ctrl_hs|  mfcc_Pipeline_VITIS_LOOP_199_1|  return value|
|ap_start               |   in|    1|  ap_ctrl_hs|  mfcc_Pipeline_VITIS_LOOP_199_1|  return value|
|ap_done                |  out|    1|  ap_ctrl_hs|  mfcc_Pipeline_VITIS_LOOP_199_1|  return value|
|ap_idle                |  out|    1|  ap_ctrl_hs|  mfcc_Pipeline_VITIS_LOOP_199_1|  return value|
|ap_ready               |  out|    1|  ap_ctrl_hs|  mfcc_Pipeline_VITIS_LOOP_199_1|  return value|
|mel_filtered_address0  |  out|    6|   ap_memory|                    mel_filtered|         array|
|mel_filtered_ce0       |  out|    1|   ap_memory|                    mel_filtered|         array|
|mel_filtered_q0        |   in|   16|   ap_memory|                    mel_filtered|         array|
|mfcc_1_address0        |  out|    6|   ap_memory|                          mfcc_1|         array|
|mfcc_1_ce0             |  out|    1|   ap_memory|                          mfcc_1|         array|
|mfcc_1_we0             |  out|    1|   ap_memory|                          mfcc_1|         array|
|mfcc_1_d0              |  out|   15|   ap_memory|                          mfcc_1|         array|
+-----------------------+-----+-----+------------+--------------------------------+--------------+

