

================================================================
== Vitis HLS Report for 'mfcc_Pipeline_task_3'
================================================================
* Date:           Mon Jan 19 23:15:28 2026

* Version:        2023.1 (Build 3854077 on May  4 2023)
* Project:        audrey_4_hls
* Solution:       solution1 (Vivado IP Flow Target)
* Product family: artix7
* Target device:  xc7a100t-csg324-1


================================================================
== Performance Estimates
================================================================
+ Timing: 
    * Summary: 
    +--------+----------+----------+------------+
    |  Clock |  Target  | Estimated| Uncertainty|
    +--------+----------+----------+------------+
    |ap_clk  |  10.00 ns|  5.376 ns|     2.70 ns|
    +--------+----------+----------+------------+

+ Latency: 
    * Summary: 
    +---------+---------+----------+----------+-----+-----+---------+
    |  Latency (cycles) |  Latency (absolute) |  Interval | Pipeline|
    |   min   |   max   |    min   |    max   | min | max |   Type  |
    +---------+---------+----------+----------+-----+-----+---------+
    |      259|      259|  2.590 us|  2.590 us|  259|  259|       no|
    +---------+---------+----------+----------+-----+-----+---------+

    + Detail: 
        * Instance: 
        N/A

        * Loop: 
        +----------+---------+---------+----------+-----------+-----------+------+----------+
        |          |  Latency (cycles) | Iteration|  Initiation Interval  | Trip |          |
        | Loop Name|   min   |   max   |  Latency |  achieved |   target  | Count| Pipelined|
        +----------+---------+---------+----------+-----------+-----------+------+----------+
        |- task_3  |      257|      257|         1|          1|          1|   257|       yes|
        +----------+---------+---------+----------+-----------+-----------+------+----------+



================================================================
== Utilization Estimates
================================================================
* Summary: 
+-----------------+---------+-----+--------+-------+-----+
|       Name      | BRAM_18K| DSP |   FF   |  LUT  | URAM|
+-----------------+---------+-----+--------+-------+-----+
|DSP              |        -|    -|       -|      -|    -|
|Expression       |        -|    -|       0|     36|    -|
|FIFO             |        -|    -|       -|      -|    -|
|Instance         |        -|    -|       -|      -|    -|
|Memory           |        -|    -|       -|      -|    -|
|Multiplexer      |        -|    -|       -|     36|    -|
|Register         |        -|    -|      11|      -|    -|
+-----------------+---------+-----+--------+-------+-----+
|Total            |        0|    0|      11|     72|    0|
+-----------------+---------+-----+--------+-------+-----+
|Available        |      270|  240|  126800|  63400|    0|
+-----------------+---------+-----+--------+-------+-----+
|Utilization (%)  |        0|    0|      ~0|     ~0|    0|
+-----------------+---------+-----+--------+-------+-----+

+ Detail: 
    * Instance: 
    N/A

    * DSP: 
    N/A

    * Memory: 
    N/A

    * FIFO: 
    N/A

    * Expression: 
    +----------------------------------+----------+----+---+----+------------+------------+
    |           Variable Name          | Operation| DSP| FF| LUT| Bitwidth P0| Bitwidth P1|
    +----------------------------------+----------+----+---+----+------------+------------+
    |add_ln42_fu_93_p2                 |         +|   0|  0|  16|           9|           1|
    |ap_condition_124                  |       and|   0|  0|   2|           1|           1|
    |icmp_ln42_fu_87_p2                |      icmp|   0|  0|  16|           9|           9|
    |ap_block_state1_pp0_stage0_iter0  |        or|   0|  0|   2|           1|           1|
    +----------------------------------+----------+----+---+----+------------+------------+
    |Total                             |          |   0|  0|  36|          20|          12|
    +----------------------------------+----------+----+---+----+------------+------------+

    * Multiplexer: 
    +-----------------------+----+-----------+-----+-----------+
    |          Name         | LUT| Input Size| Bits| Total Bits|
    +-----------------------+----+-----------+-----+-----------+
    |ap_done_int            |   9|          2|    1|          2|
    |ap_sig_allocacmp_i_1   |   9|          2|    9|         18|
    |i_fu_50                |   9|          2|    9|         18|
    |in_stream_TDATA_blk_n  |   9|          2|    1|          2|
    +-----------------------+----+-----------+-----+-----------+
    |Total                  |  36|          8|   20|         40|
    +-----------------------+----+-----------+-----+-----------+

    * Register: 
    +-------------+---+----+-----+-----------+
    |     Name    | FF| LUT| Bits| Const Bits|
    +-------------+---+----+-----+-----------+
    |ap_CS_fsm    |  1|   0|    1|          0|
    |ap_done_reg  |  1|   0|    1|          0|
    |i_fu_50      |  9|   0|    9|          0|
    +-------------+---+----+-----+-----------+
    |Total        | 11|   0|   11|          0|
    +-------------+---+----+-----+-----------+



================================================================
== Interface
================================================================
* Summary: 
+--------------------------+-----+-----+------------+----------------------+--------------+
|         RTL Ports        | Dir | Bits|  Protocol  |     Source Object    |    C Type    |
+--------------------------+-----+-----+------------+----------------------+--------------+
|ap_clk                    |   in|    1|  ap_ctrl_hs|  mfcc_Pipeline_task_3|  return value|
|ap_rst                    |   in|    1|  ap_ctrl_hs|  mfcc_Pipeline_task_3|  return value|
|ap_start                  |   in|    1|  ap_ctrl_hs|  mfcc_Pipeline_task_3|  return value|
|ap_done                   |  out|    1|  ap_ctrl_hs|  mfcc_Pipeline_task_3|  return value|
|ap_idle                   |  out|    1|  ap_ctrl_hs|  mfcc_Pipeline_task_3|  return value|
|ap_ready                  |  out|    1|  ap_ctrl_hs|  mfcc_Pipeline_task_3|  return value|
|in_stream_TVALID          |   in|    1|        axis|    in_stream_V_data_V|       pointer|
|in_stream_TDATA           |   in|   16|        axis|    in_stream_V_data_V|       pointer|
|in_stream_TREADY          |  out|    1|        axis|    in_stream_V_last_V|       pointer|
|in_stream_TLAST           |   in|    1|        axis|    in_stream_V_last_V|       pointer|
|in_stream_TKEEP           |   in|    2|        axis|    in_stream_V_keep_V|       pointer|
|in_stream_TSTRB           |   in|    2|        axis|    in_stream_V_strb_V|       pointer|
|abs_spectrogram_address0  |  out|    9|   ap_memory|       abs_spectrogram|         array|
|abs_spectrogram_ce0       |  out|    1|   ap_memory|       abs_spectrogram|         array|
|abs_spectrogram_we0       |  out|    1|   ap_memory|       abs_spectrogram|         array|
|abs_spectrogram_d0        |  out|   16|   ap_memory|       abs_spectrogram|         array|
+--------------------------+-----+-----+------------+----------------------+--------------+

