

================================================================
== Vitis HLS Report for 'mfcc'
================================================================
* Date:           Mon Jan 19 23:15:31 2026

* Version:        2023.1 (Build 3854077 on May  4 2023)
* Project:        audrey_4_hls
* Solution:       solution1 (Vivado IP Flow Target)
* Product family: artix7
* Target device:  xc7a100t-csg324-1


================================================================
== Performance Estimates
================================================================
+ Timing: 
    * Summary: 
    +--------+----------+----------+------------+
    |  Clock |  Target  | Estimated| Uncertainty|
    +--------+----------+----------+------------+
    |ap_clk  |  10.00 ns|  6.876 ns|     2.70 ns|
    +--------+----------+----------+------------+

+ Latency: 
    * Summary: 
    +---------+---------+----------+----------+-----+-----+---------+
    |  Latency (cycles) |  Latency (absolute) |  Interval | Pipeline|
    |   min   |   max   |    min   |    max   | min | max |   Type  |
    +---------+---------+----------+----------+-----+-----+---------+
    |      459|      459|  4.590 us|  4.590 us|  460|  460|       no|
    +---------+---------+----------+----------+-----+-----+---------+

    + Detail: 
        * Instance: 
        +-------------------------------------------+--------------------------------+---------+---------+----------+----------+-----+-----+---------+
        |                                           |                                |  Latency (cycles) |  Latency (absolute) |  Interval | Pipeline|
        |                  Instance                 |             Module             |   min   |   max   |    min   |    max   | min | max |   Type  |
        +-------------------------------------------+--------------------------------+---------+---------+----------+----------+-----+-----+---------+
        |grp_mfcc_Pipeline_task_3_fu_138            |mfcc_Pipeline_task_3            |      259|      259|  2.590 us|  2.590 us|  259|  259|       no|
        |grp_mfcc_Pipeline_VITIS_LOOP_180_1_fu_151  |mfcc_Pipeline_VITIS_LOOP_180_1  |       92|       92|  0.920 us|  0.920 us|   92|   92|       no|
        |grp_mfcc_Pipeline_VITIS_LOOP_199_1_fu_219  |mfcc_Pipeline_VITIS_LOOP_199_1  |       55|       55|  0.550 us|  0.550 us|   55|   55|       no|
        |grp_mfcc_Pipeline_task_6_fu_231            |mfcc_Pipeline_task_6            |       44|       44|  0.440 us|  0.440 us|   44|   44|       no|
        +-------------------------------------------+--------------------------------+---------+---------+----------+----------+-----+-----+---------+

        * Loop: 
        N/A



================================================================
== Utilization Estimates
================================================================
* Summary: 
+-----------------+---------+-----+--------+-------+-----+
|       Name      | BRAM_18K| DSP |   FF   |  LUT  | URAM|
+-----------------+---------+-----+--------+-------+-----+
|DSP              |        -|    -|       -|      -|    -|
|Expression       |        -|    -|       0|      2|    -|
|FIFO             |        -|    -|       -|      -|    -|
|Instance         |        1|   34|    2592|   3459|    -|
|Memory           |       14|    -|      31|     21|    0|
|Multiplexer      |        -|    -|       -|    285|    -|
|Register         |        -|    -|      14|      -|    -|
+-----------------+---------+-----+--------+-------+-----+
|Total            |       15|   34|    2637|   3767|    0|
+-----------------+---------+-----+--------+-------+-----+
|Available        |      270|  240|  126800|  63400|    0|
+-----------------+---------+-----+--------+-------+-----+
|Utilization (%)  |        5|   14|       2|      5|    0|
+-----------------+---------+-----+--------+-------+-----+

+ Detail: 
    * Instance: 
    +-------------------------------------------+--------------------------------+---------+----+------+------+-----+
    |                  Instance                 |             Module             | BRAM_18K| DSP|  FF  |  LUT | URAM|
    +-------------------------------------------+--------------------------------+---------+----+------+------+-----+
    |grp_mfcc_Pipeline_VITIS_LOOP_180_1_fu_151  |mfcc_Pipeline_VITIS_LOOP_180_1  |        0|  30|  1503|  1729|    0|
    |grp_mfcc_Pipeline_VITIS_LOOP_199_1_fu_219  |mfcc_Pipeline_VITIS_LOOP_199_1  |        1|   4|  1068|  1567|    0|
    |grp_mfcc_Pipeline_task_3_fu_138            |mfcc_Pipeline_task_3            |        0|   0|    11|    72|    0|
    |grp_mfcc_Pipeline_task_6_fu_231            |mfcc_Pipeline_task_6            |        0|   0|    10|    91|    0|
    +-------------------------------------------+--------------------------------+---------+----+------+------+-----+
    |Total                                      |                                |        1|  34|  2592|  3459|    0|
    +-------------------------------------------+--------------------------------+---------+----+------+------+-----+

    * DSP: 
    N/A

    * Memory: 
    +-------------------+------------------------------------+---------+----+----+-----+------+-----+------+-------------+
    |       Memory      |               Module               | BRAM_18K| FF | LUT| URAM| Words| Bits| Banks| W*Bits*Banks|
    +-------------------+------------------------------------+---------+----+----+-----+------+-----+------+-------------+
    |abs_spectrogram_U  |abs_spectrogram_RAM_1WNR_AUTO_1R1W  |       14|   0|   0|    0|   257|   16|     1|         4112|
    |mel_filtered_U     |mel_filtered_RAM_AUTO_1R1W          |        0|  16|  11|    0|    42|   16|     1|          672|
    |mfcc_1_U           |mfcc_1_RAM_AUTO_1R1W                |        0|  15|  10|    0|    42|   15|     1|          630|
    +-------------------+------------------------------------+---------+----+----+-----+------+-----+------+-------------+
    |Total              |                                    |       14|  31|  21|    0|   341|   47|     3|         5414|
    +-------------------+------------------------------------+---------+----+----+-----+------+-----+------+-------------+

    * FIFO: 
    N/A

    * Expression: 
    +---------------------------------------------------+----------+----+---+----+------------+------------+
    |                   Variable Name                   | Operation| DSP| FF| LUT| Bitwidth P0| Bitwidth P1|
    +---------------------------------------------------+----------+----+---+----+------------+------------+
    |grp_mfcc_Pipeline_task_6_fu_231_out_stream_TREADY  |       and|   0|  0|   2|           1|           1|
    +---------------------------------------------------+----------+----+---+----+------------+------------+
    |Total                                              |          |   0|  0|   2|           1|           1|
    +---------------------------------------------------+----------+----+---+----+------------+------------+

    * Multiplexer: 
    +-------------------------------+----+-----------+-----+-----------+
    |              Name             | LUT| Input Size| Bits| Total Bits|
    +-------------------------------+----+-----------+-----+-----------+
    |abs_spectrogram_address0       |  13|          3|    9|         27|
    |abs_spectrogram_ce0            |  13|          3|    1|          3|
    |abs_spectrogram_ce1            |   9|          2|    1|          2|
    |abs_spectrogram_ce10           |   9|          2|    1|          2|
    |abs_spectrogram_ce11           |   9|          2|    1|          2|
    |abs_spectrogram_ce12           |   9|          2|    1|          2|
    |abs_spectrogram_ce13           |   9|          2|    1|          2|
    |abs_spectrogram_ce14           |   9|          2|    1|          2|
    |abs_spectrogram_ce2            |   9|          2|    1|          2|
    |abs_spectrogram_ce3            |   9|          2|    1|          2|
    |abs_spectrogram_ce4            |   9|          2|    1|          2|
    |abs_spectrogram_ce5            |   9|          2|    1|          2|
    |abs_spectrogram_ce6            |   9|          2|    1|          2|
    |abs_spectrogram_ce7            |   9|          2|    1|          2|
    |abs_spectrogram_ce8            |   9|          2|    1|          2|
    |abs_spectrogram_ce9            |   9|          2|    1|          2|
    |abs_spectrogram_we0            |   9|          2|    1|          2|
    |ap_NS_fsm                      |  45|         11|    1|         11|
    |in_stream_TREADY_int_regslice  |   9|          2|    1|          2|
    |mel_filtered_address0          |  13|          3|    6|         18|
    |mel_filtered_ce0               |  13|          3|    1|          3|
    |mel_filtered_we0               |   9|          2|    1|          2|
    |mfcc_1_address0                |  13|          3|    6|         18|
    |mfcc_1_ce0                     |  13|          3|    1|          3|
    |mfcc_1_we0                     |   9|          2|    1|          2|
    +-------------------------------+----+-----------+-----+-----------+
    |Total                          | 285|         65|   43|        119|
    +-------------------------------+----+-----------+-----+-----------+

    * Register: 
    +--------------------------------------------------------+----+----+-----+-----------+
    |                          Name                          | FF | LUT| Bits| Const Bits|
    +--------------------------------------------------------+----+----+-----+-----------+
    |ap_CS_fsm                                               |  10|   0|   10|          0|
    |grp_mfcc_Pipeline_VITIS_LOOP_180_1_fu_151_ap_start_reg  |   1|   0|    1|          0|
    |grp_mfcc_Pipeline_VITIS_LOOP_199_1_fu_219_ap_start_reg  |   1|   0|    1|          0|
    |grp_mfcc_Pipeline_task_3_fu_138_ap_start_reg            |   1|   0|    1|          0|
    |grp_mfcc_Pipeline_task_6_fu_231_ap_start_reg            |   1|   0|    1|          0|
    +--------------------------------------------------------+----+----+-----+-----------+
    |Total                                                   |  14|   0|   14|          0|
    +--------------------------------------------------------+----+----+-----+-----------+



================================================================
== Interface
================================================================
* Summary: 
+-------------------+-----+-----+--------------+---------------------+--------------+
|     RTL Ports     | Dir | Bits|   Protocol   |    Source Object    |    C Type    |
+-------------------+-----+-----+--------------+---------------------+--------------+
|ap_clk             |   in|    1|  ap_ctrl_none|                 mfcc|  return value|
|ap_rst_n           |   in|    1|  ap_ctrl_none|                 mfcc|  return value|
|in_stream_TDATA    |   in|   16|          axis|   in_stream_V_data_V|       pointer|
|in_stream_TVALID   |   in|    1|          axis|   in_stream_V_last_V|       pointer|
|in_stream_TREADY   |  out|    1|          axis|   in_stream_V_last_V|       pointer|
|in_stream_TLAST    |   in|    1|          axis|   in_stream_V_last_V|       pointer|
|in_stream_TKEEP    |   in|    2|          axis|   in_stream_V_keep_V|       pointer|
|in_stream_TSTRB    |   in|    2|          axis|   in_stream_V_strb_V|       pointer|
|out_stream_TDATA   |  out|   16|          axis|  out_stream_V_data_V|       pointer|
|out_stream_TVALID  |  out|    1|          axis|  out_stream_V_last_V|       pointer|
|out_stream_TREADY  |   in|    1|          axis|  out_stream_V_last_V|       pointer|
|out_stream_TLAST   |  out|    1|          axis|  out_stream_V_last_V|       pointer|
|out_stream_TKEEP   |  out|    2|          axis|  out_stream_V_keep_V|       pointer|
|out_stream_TSTRB   |  out|    2|          axis|  out_stream_V_strb_V|       pointer|
+-------------------+-----+-----+--------------+---------------------+--------------+

