

================================================================
== Vitis HLS Report for 'mfcc'
================================================================
* Date:           Tue Jan 20 12:41:17 2026

* Version:        2023.1 (Build 3854077 on May  4 2023)
* Project:        audrey_4_hls
* Solution:       solution1 (Vivado IP Flow Target)
* Product family: artix7
* Target device:  xc7a100t-csg324-1


================================================================
== Performance Estimates
================================================================
+ Timing: 
    * Summary: 
    +--------+----------+----------+------------+
    |  Clock |  Target  | Estimated| Uncertainty|
    +--------+----------+----------+------------+
    |ap_clk  |  10.00 ns|  3.733 ns|     2.70 ns|
    +--------+----------+----------+------------+

+ Latency: 
    * Summary: 
    +---------+---------+----------+----------+-----+-----+---------+
    |  Latency (cycles) |  Latency (absolute) |  Interval | Pipeline|
    |   min   |   max   |    min   |    max   | min | max |   Type  |
    +---------+---------+----------+----------+-----+-----+---------+
    |      564|      564|  5.640 us|  5.640 us|  565|  565|       no|
    +---------+---------+----------+----------+-----+-----+---------+

    + Detail: 
        * Instance: 
        +--------------------------------+----------------------+---------+---------+----------+----------+-----+-----+---------+
        |                                |                      |  Latency (cycles) |  Latency (absolute) |  Interval | Pipeline|
        |            Instance            |        Module        |   min   |   max   |    min   |    max   | min | max |   Type  |
        +--------------------------------+----------------------+---------+---------+----------+----------+-----+-----+---------+
        |grp_mfcc_Pipeline_task_2_fu_52  |mfcc_Pipeline_task_2  |      514|      514|  5.140 us|  5.140 us|  514|  514|       no|
        |grp_mfcc_Pipeline_task_6_fu_64  |mfcc_Pipeline_task_6  |       44|       44|  0.440 us|  0.440 us|   44|   44|       no|
        +--------------------------------+----------------------+---------+---------+----------+----------+-----+-----+---------+

        * Loop: 
        N/A



================================================================
== Utilization Estimates
================================================================
* Summary: 
+-----------------+---------+-----+--------+-------+-----+
|       Name      | BRAM_18K| DSP |   FF   |  LUT  | URAM|
+-----------------+---------+-----+--------+-------+-----+
|DSP              |        -|    -|       -|      -|    -|
|Expression       |        -|    -|       0|      2|    -|
|FIFO             |        -|    -|       -|      -|    -|
|Instance         |        -|    -|      22|    166|    -|
|Memory           |        -|    -|       -|      -|    -|
|Multiplexer      |        -|    -|       -|     42|    -|
|Register         |        -|    -|       9|      -|    -|
+-----------------+---------+-----+--------+-------+-----+
|Total            |        0|    0|      31|    210|    0|
+-----------------+---------+-----+--------+-------+-----+
|Available        |      270|  240|  126800|  63400|    0|
+-----------------+---------+-----+--------+-------+-----+
|Utilization (%)  |        0|    0|      ~0|     ~0|    0|
+-----------------+---------+-----+--------+-------+-----+

+ Detail: 
    * Instance: 
    +--------------------------------+----------------------+---------+----+----+----+-----+
    |            Instance            |        Module        | BRAM_18K| DSP| FF | LUT| URAM|
    +--------------------------------+----------------------+---------+----+----+----+-----+
    |grp_mfcc_Pipeline_task_2_fu_52  |mfcc_Pipeline_task_2  |        0|   0|  12|  75|    0|
    |grp_mfcc_Pipeline_task_6_fu_64  |mfcc_Pipeline_task_6  |        0|   0|  10|  91|    0|
    +--------------------------------+----------------------+---------+----+----+----+-----+
    |Total                           |                      |        0|   0|  22| 166|    0|
    +--------------------------------+----------------------+---------+----+----+----+-----+

    * DSP: 
    N/A

    * Memory: 
    N/A

    * FIFO: 
    N/A

    * Expression: 
    +--------------------------------------------------+----------+----+---+----+------------+------------+
    |                   Variable Name                  | Operation| DSP| FF| LUT| Bitwidth P0| Bitwidth P1|
    +--------------------------------------------------+----------+----+---+----+------------+------------+
    |grp_mfcc_Pipeline_task_6_fu_64_out_stream_TREADY  |       and|   0|  0|   2|           1|           1|
    +--------------------------------------------------+----------+----+---+----+------------+------------+
    |Total                                             |          |   0|  0|   2|           1|           1|
    +--------------------------------------------------+----------+----+---+----+------------+------------+

    * Multiplexer: 
    +-------------------------------+----+-----------+-----+-----------+
    |              Name             | LUT| Input Size| Bits| Total Bits|
    +-------------------------------+----+-----------+-----+-----------+
    |ap_NS_fsm                      |  33|          8|    1|          8|
    |in_stream_TREADY_int_regslice  |   9|          2|    1|          2|
    +-------------------------------+----+-----------+-----+-----------+
    |Total                          |  42|         10|    2|         10|
    +-------------------------------+----+-----------+-----+-----------+

    * Register: 
    +---------------------------------------------+---+----+-----+-----------+
    |                     Name                    | FF| LUT| Bits| Const Bits|
    +---------------------------------------------+---+----+-----+-----------+
    |ap_CS_fsm                                    |  7|   0|    7|          0|
    |grp_mfcc_Pipeline_task_2_fu_52_ap_start_reg  |  1|   0|    1|          0|
    |grp_mfcc_Pipeline_task_6_fu_64_ap_start_reg  |  1|   0|    1|          0|
    +---------------------------------------------+---+----+-----+-----------+
    |Total                                        |  9|   0|    9|          0|
    +---------------------------------------------+---+----+-----+-----------+



================================================================
== Interface
================================================================
* Summary: 
+-------------------+-----+-----+--------------+---------------------+--------------+
|     RTL Ports     | Dir | Bits|   Protocol   |    Source Object    |    C Type    |
+-------------------+-----+-----+--------------+---------------------+--------------+
|ap_clk             |   in|    1|  ap_ctrl_none|                 mfcc|  return value|
|ap_rst_n           |   in|    1|  ap_ctrl_none|                 mfcc|  return value|
|in_stream_TDATA    |   in|   16|          axis|   in_stream_V_data_V|       pointer|
|in_stream_TVALID   |   in|    1|          axis|   in_stream_V_last_V|       pointer|
|in_stream_TREADY   |  out|    1|          axis|   in_stream_V_last_V|       pointer|
|in_stream_TLAST    |   in|    1|          axis|   in_stream_V_last_V|       pointer|
|in_stream_TKEEP    |   in|    2|          axis|   in_stream_V_keep_V|       pointer|
|in_stream_TSTRB    |   in|    2|          axis|   in_stream_V_strb_V|       pointer|
|out_stream_TDATA   |  out|   16|          axis|  out_stream_V_data_V|       pointer|
|out_stream_TVALID  |  out|    1|          axis|  out_stream_V_last_V|       pointer|
|out_stream_TREADY  |   in|    1|          axis|  out_stream_V_last_V|       pointer|
|out_stream_TLAST   |  out|    1|          axis|  out_stream_V_last_V|       pointer|
|out_stream_TKEEP   |  out|    2|          axis|  out_stream_V_keep_V|       pointer|
|out_stream_TSTRB   |  out|    2|          axis|  out_stream_V_strb_V|       pointer|
+-------------------+-----+-----+--------------+---------------------+--------------+

