

================================================================
== Vitis HLS Report for 'mfcc_Pipeline_task_6'
================================================================
* Date:           Tue Jan 20 12:41:17 2026

* Version:        2023.1 (Build 3854077 on May  4 2023)
* Project:        audrey_4_hls
* Solution:       solution1 (Vivado IP Flow Target)
* Product family: artix7
* Target device:  xc7a100t-csg324-1


================================================================
== Performance Estimates
================================================================
+ Timing: 
    * Summary: 
    +--------+----------+----------+------------+
    |  Clock |  Target  | Estimated| Uncertainty|
    +--------+----------+----------+------------+
    |ap_clk  |  10.00 ns|  3.556 ns|     2.70 ns|
    +--------+----------+----------+------------+

+ Latency: 
    * Summary: 
    +---------+---------+----------+----------+-----+-----+---------+
    |  Latency (cycles) |  Latency (absolute) |  Interval | Pipeline|
    |   min   |   max   |    min   |    max   | min | max |   Type  |
    +---------+---------+----------+----------+-----+-----+---------+
    |       44|       44|  0.440 us|  0.440 us|   44|   44|       no|
    +---------+---------+----------+----------+-----+-----+---------+

    + Detail: 
        * Instance: 
        N/A

        * Loop: 
        +----------+---------+---------+----------+-----------+-----------+------+----------+
        |          |  Latency (cycles) | Iteration|  Initiation Interval  | Trip |          |
        | Loop Name|   min   |   max   |  Latency |  achieved |   target  | Count| Pipelined|
        +----------+---------+---------+----------+-----------+-----------+------+----------+
        |- task_6  |       42|       42|         2|          1|          1|    42|       yes|
        +----------+---------+---------+----------+-----------+-----------+------+----------+



================================================================
== Utilization Estimates
================================================================
* Summary: 
+-----------------+---------+-----+--------+-------+-----+
|       Name      | BRAM_18K| DSP |   FF   |  LUT  | URAM|
+-----------------+---------+-----+--------+-------+-----+
|DSP              |        -|    -|       -|      -|    -|
|Expression       |        -|    -|       0|     46|    -|
|FIFO             |        -|    -|       -|      -|    -|
|Instance         |        -|    -|       -|      -|    -|
|Memory           |        -|    -|       -|      -|    -|
|Multiplexer      |        -|    -|       -|     45|    -|
|Register         |        -|    -|      10|      -|    -|
+-----------------+---------+-----+--------+-------+-----+
|Total            |        0|    0|      10|     91|    0|
+-----------------+---------+-----+--------+-------+-----+
|Available        |      270|  240|  126800|  63400|    0|
+-----------------+---------+-----+--------+-------+-----+
|Utilization (%)  |        0|    0|      ~0|     ~0|    0|
+-----------------+---------+-----+--------+-------+-----+

+ Detail: 
    * Instance: 
    N/A

    * DSP: 
    N/A

    * Memory: 
    N/A

    * FIFO: 
    N/A

    * Expression: 
    +---------------------------+----------+----+---+----+------------+------------+
    |       Variable Name       | Operation| DSP| FF| LUT| Bitwidth P0| Bitwidth P1|
    +---------------------------+----------+----+---+----+------------+------------+
    |add_ln106_fu_89_p2         |         +|   0|  0|  14|           6|           1|
    |ap_block_pp0_stage0_01001  |       and|   0|  0|   2|           1|           1|
    |icmp_ln106_fu_83_p2        |      icmp|   0|  0|  14|           6|           6|
    |val_out_last_fu_95_p2      |      icmp|   0|  0|  14|           6|           6|
    |ap_enable_pp0              |       xor|   0|  0|   2|           1|           2|
    +---------------------------+----------+----+---+----+------------+------------+
    |Total                      |          |   0|  0|  46|          20|          16|
    +---------------------------+----------+----+---+----+------------+------------+

    * Multiplexer: 
    +-------------------------+----+-----------+-----+-----------+
    |           Name          | LUT| Input Size| Bits| Total Bits|
    +-------------------------+----+-----------+-----+-----------+
    |ap_done_int              |   9|          2|    1|          2|
    |ap_enable_reg_pp0_iter1  |   9|          2|    1|          2|
    |ap_sig_allocacmp_m_1     |   9|          2|    6|         12|
    |m_fu_52                  |   9|          2|    6|         12|
    |out_stream_TDATA_blk_n   |   9|          2|    1|          2|
    +-------------------------+----+-----------+-----+-----------+
    |Total                    |  45|         10|   15|         30|
    +-------------------------+----+-----------+-----+-----------+

    * Register: 
    +-------------------------+---+----+-----+-----------+
    |           Name          | FF| LUT| Bits| Const Bits|
    +-------------------------+---+----+-----+-----------+
    |ap_CS_fsm                |  1|   0|    1|          0|
    |ap_done_reg              |  1|   0|    1|          0|
    |ap_enable_reg_pp0_iter1  |  1|   0|    1|          0|
    |m_fu_52                  |  6|   0|    6|          0|
    |val_out_last_reg_116     |  1|   0|    1|          0|
    +-------------------------+---+----+-----+-----------+
    |Total                    | 10|   0|   10|          0|
    +-------------------------+---+----+-----+-----------+



================================================================
== Interface
================================================================
* Summary: 
+-------------------+-----+-----+------------+----------------------+--------------+
|     RTL Ports     | Dir | Bits|  Protocol  |     Source Object    |    C Type    |
+-------------------+-----+-----+------------+----------------------+--------------+
|ap_clk             |   in|    1|  ap_ctrl_hs|  mfcc_Pipeline_task_6|  return value|
|ap_rst             |   in|    1|  ap_ctrl_hs|  mfcc_Pipeline_task_6|  return value|
|ap_start           |   in|    1|  ap_ctrl_hs|  mfcc_Pipeline_task_6|  return value|
|ap_done            |  out|    1|  ap_ctrl_hs|  mfcc_Pipeline_task_6|  return value|
|ap_idle            |  out|    1|  ap_ctrl_hs|  mfcc_Pipeline_task_6|  return value|
|ap_ready           |  out|    1|  ap_ctrl_hs|  mfcc_Pipeline_task_6|  return value|
|out_stream_TREADY  |   in|    1|        axis|   out_stream_V_data_V|       pointer|
|out_stream_TDATA   |  out|   16|        axis|   out_stream_V_data_V|       pointer|
|out_stream_TVALID  |  out|    1|        axis|   out_stream_V_last_V|       pointer|
|out_stream_TLAST   |  out|    1|        axis|   out_stream_V_last_V|       pointer|
|out_stream_TKEEP   |  out|    2|        axis|   out_stream_V_keep_V|       pointer|
|out_stream_TSTRB   |  out|    2|        axis|   out_stream_V_strb_V|       pointer|
+-------------------+-----+-----+------------+----------------------+--------------+

