
****** Vivado v2023.1 (64-bit)
  **** SW Build 3865809 on Sun May  7 15:04:56 MDT 2023
  **** IP Build 3864474 on Sun May  7 20:36:21 MDT 2023
  **** SharedData Build 3865790 on Sun May 07 13:33:03 MDT 2023
    ** Copyright 1986-2022 Xilinx, Inc. All Rights Reserved.
    ** Copyright 2022-2023 Advanced Micro Devices, Inc. All Rights Reserved.

source /home/fpga13/group_admi/fpga_project/fpga_project.runs/impl_1/.Xil/Vivado-146488-FPGA13L/dc_drv.0/dc/debug_ip_core.tcl
# set_param runs.launchOptions { -jobs 4  }
# set_param xicom.use_bs_reader 1
# set_param synth.enableIncremental 0
# set_param chipscope.maxJobs 1
# set_param constr.enable.ToolModifiedConstraintHandling 0
# set_param chipscope.flow 0
# set_param ips.addSpecialDataToCacheID 0
# set script_paths {/home/fpga13/group_admi/fpga_project/fpga_project.runs/impl_1/.Xil/Vivado-146488-FPGA13L/dbg_hub_CV.0/out/get_cs_ip.tcl /home/fpga13/group_admi/fpga_project/fpga_project.runs/impl_1/.Xil/Vivado-146488-FPGA13L/u_ila_0_CV.0/out/get_cs_ip.tcl}
# foreach script_path $script_paths { 
#     source $script_path
#     lappend debug_ip_vlnv $ip_vlnv 
#     lappend debug_ip_module_name $ip_module_name
#     lappend debug_params $params
#     lappend debug_intf_params $intf_params
#     lappend debug_connectivity $connectivity
#     lappend debug_output_xci $output_xci
#     lappend debug_output_dcp $output_dcp
#     lappend debug_output_dir $output_dir
#     lappend debug_synth_opts $synth_opts
#     lappend debug_xdc_files $xdc_files
# }
## set_param runs.launchOptions { -jobs 4  }
## set_param xicom.use_bs_reader 1
## set_param synth.enableIncremental 0
## set_param chipscope.maxJobs 1
## set_param constr.enable.ToolModifiedConstraintHandling 0
## set_param chipscope.flow 0
## set part xc7a100tcsg324-1
## set board_part_repo_paths {}
## set board_part {}
## set board_connections {}
## set tool_flow Vivado
## set ip_vlnv xilinx.com:ip:xsdbm:3.0
## set ip_module_name dbg_hub
## set params {{{PARAM_VALUE.C_BSCAN_MODE} {false} {PARAM_VALUE.C_BSCAN_MODE_WITH_CORE} {false} {PARAM_VALUE.C_CLK_INPUT_FREQ_HZ} {300000000} {PARAM_VALUE.C_ENABLE_CLK_DIVIDER} {false} {PARAM_VALUE.C_EN_BSCANID_VEC} {false} {PARAM_VALUE.C_NUM_BSCAN_MASTER_PORTS} {0} {PARAM_VALUE.C_TWO_PRIM_MODE} {false} {PARAM_VALUE.C_USER_SCAN_CHAIN} {1} {PARAM_VALUE.C_USE_EXT_BSCAN} {false} {PARAM_VALUE.C_XSDB_NUM_SLAVES} {1}}}
## set intf_params {}
## set connectivity {}
## set output_xci /home/fpga13/group_admi/fpga_project/fpga_project.runs/impl_1/.Xil/Vivado-146488-FPGA13L/dbg_hub_CV.0/out/result.xci
## set output_dcp /home/fpga13/group_admi/fpga_project/fpga_project.runs/impl_1/.Xil/Vivado-146488-FPGA13L/dbg_hub_CV.0/out/result.dcp
## set output_dir /home/fpga13/group_admi/fpga_project/fpga_project.runs/impl_1/.Xil/Vivado-146488-FPGA13L/dbg_hub_CV.0/out
## set ip_repo_paths {}
## set ip_output_repo /home/fpga13/group_admi/fpga_project/fpga_project.cache/ip
## set ip_cache_permissions {read write}
## set oopbus_ip_repo_paths [get_param chipscope.oopbus_ip_repo_paths]
## set synth_opts {}
## set xdc_files {}
## set_param runs.launchOptions { -jobs 4  }
## set_param xicom.use_bs_reader 1
## set_param synth.enableIncremental 0
## set_param chipscope.maxJobs 1
## set_param constr.enable.ToolModifiedConstraintHandling 0
## set_param chipscope.flow 0
## set part xc7a100tcsg324-1
## set board_part_repo_paths {}
## set board_part {}
## set board_connections {}
## set tool_flow Vivado
## set ip_vlnv xilinx.com:ip:ila:6.2
## set ip_module_name u_ila_0
## set params {{{PARAM_VALUE.ALL_PROBE_SAME_MU} {true} {PARAM_VALUE.ALL_PROBE_SAME_MU_CNT} {1} {PARAM_VALUE.C_ADV_TRIGGER} {false} {PARAM_VALUE.C_DATA_DEPTH} {1024} {PARAM_VALUE.C_EN_STRG_QUAL} {false} {PARAM_VALUE.C_INPUT_PIPE_STAGES} {0} {PARAM_VALUE.C_NUM_OF_PROBES} {2} {PARAM_VALUE.C_PROBE0_TYPE} {0} {PARAM_VALUE.C_PROBE0_WIDTH} {1} {PARAM_VALUE.C_PROBE1_TYPE} {0} {PARAM_VALUE.C_PROBE1_WIDTH} {1} {PARAM_VALUE.C_TRIGIN_EN} {0} {PARAM_VALUE.C_TRIGOUT_EN} {0}}}
## set intf_params {}
## set connectivity {}
## set output_xci /home/fpga13/group_admi/fpga_project/fpga_project.runs/impl_1/.Xil/Vivado-146488-FPGA13L/u_ila_0_CV.0/out/result.xci
## set output_dcp /home/fpga13/group_admi/fpga_project/fpga_project.runs/impl_1/.Xil/Vivado-146488-FPGA13L/u_ila_0_CV.0/out/result.dcp
## set output_dir /home/fpga13/group_admi/fpga_project/fpga_project.runs/impl_1/.Xil/Vivado-146488-FPGA13L/u_ila_0_CV.0/out
## set ip_repo_paths {}
## set ip_output_repo /home/fpga13/group_admi/fpga_project/fpga_project.cache/ip
## set ip_cache_permissions {read write}
## set oopbus_ip_repo_paths [get_param chipscope.oopbus_ip_repo_paths]
## set synth_opts {}
## set xdc_files {}
# set debug_ip_repo_paths $ip_repo_paths
# set debug_ip_output_repo $ip_output_repo
# set debug_ip_cache_permissions $ip_cache_permissions
# set debug_oopbus_ip_repo_paths [get_param chipscope.oopbus_ip_repo_paths]
# set ordering_constrs 1
# set jobs 1
# source {/mnt/data40tb/Xilinx/Vivado/2023.1/scripts/ip/ipxchipscope.tcl}
create_project: Time (s): cpu = 00:00:10 ; elapsed = 00:00:12 . Memory (MB): peak = 1314.254 ; gain = 39.039 ; free physical = 182 ; free virtual = 1685
INFO: [IP_Flow 19-234] Refreshing IP repositories
INFO: [IP_Flow 19-1704] No user IP repositories specified
INFO: [IP_Flow 19-2313] Loaded Vivado IP repository '/mnt/data40tb/Xilinx/Vivado/2023.1/data/ip'.
IP SYNTH XDC FILES = 
Current synth_xdc_files = 
DBG: creating temporary IP: dbg_hub
INFO: [Device 21-403] Loading part xc7a100tcsg324-1
create_ip: Time (s): cpu = 00:00:05 ; elapsed = 00:00:08 . Memory (MB): peak = 1760.824 ; gain = 426.727 ; free physical = 192 ; free virtual = 1334
/home/fpga13/group_admi/fpga_project/fpga_project.runs/impl_1/.Xil/Vivado-146488-FPGA13L/dc_drv.0/dc/prj_ip.srcs/sources_1/ip/dbg_hub/dbg_hub.xci
INFO: [IP_Flow 19-1686] Generating 'Instantiation Template' target for IP 'dbg_hub'...
INFO: [IP_Flow 19-1686] Generating 'Synthesis' target for IP 'dbg_hub'...
INFO: [IP_Flow 19-1686] Generating 'Simulation' target for IP 'dbg_hub'...
generation completed successfully
Succeeded copying xdc_files
Succeeded copying xci files
INFO: [IP_Flow 19-6924] IPCACHE: Running cache check for IP inst: dbg_hub
created run dbg_hub_synth_1
IP SYNTH XDC FILES = 
Current synth_xdc_files = 
DBG: creating temporary IP: u_ila_0
/home/fpga13/group_admi/fpga_project/fpga_project.runs/impl_1/.Xil/Vivado-146488-FPGA13L/dc_drv.0/dc/prj_ip.srcs/sources_1/ip/u_ila_0/u_ila_0.xci
INFO: [IP_Flow 19-1686] Generating 'Instantiation Template' target for IP 'u_ila_0'...
INFO: [IP_Flow 19-1686] Generating 'Synthesis' target for IP 'u_ila_0'...
WARNING: [IP_Flow 19-4994] Overwriting existing constraint file '/home/fpga13/group_admi/fpga_project/fpga_project.runs/impl_1/.Xil/Vivado-146488-FPGA13L/dc_drv.0/dc/prj_ip.gen/sources_1/ip/u_ila_0/u_ila_0_ooc.xdc'
INFO: [IP_Flow 19-1686] Generating 'Simulation' target for IP 'u_ila_0'...
INFO: [IP_Flow 19-1686] Generating 'Implementation' target for IP 'u_ila_0'...
INFO: [IP_Flow 19-1686] Generating 'Change Log' target for IP 'u_ila_0'...
generation completed successfully
Succeeded copying xdc_files
Succeeded copying xci files
INFO: [IP_Flow 19-6924] IPCACHE: Running cache check for IP inst: u_ila_0
created run u_ila_0_synth_1
launching all runs dbg_hub_synth_1 u_ila_0_synth_1
INFO: [IP_Flow 19-6924] IPCACHE: Running cache check for IP inst: dbg_hub
INFO: [IP_Flow 19-6924] IPCACHE: Running cache check for IP inst: u_ila_0
[Tue Dec 16 12:08:06 2025] Launched dbg_hub_synth_1, u_ila_0_synth_1...
Run output will be captured here:
dbg_hub_synth_1: /home/fpga13/group_admi/fpga_project/fpga_project.runs/impl_1/.Xil/Vivado-146488-FPGA13L/dc_drv.0/dc/prj_ip.runs/dbg_hub_synth_1/runme.log
u_ila_0_synth_1: /home/fpga13/group_admi/fpga_project/fpga_project.runs/impl_1/.Xil/Vivado-146488-FPGA13L/dc_drv.0/dc/prj_ip.runs/u_ila_0_synth_1/runme.log
INFO: [InternalPartition_RunlogStart-1] dbg_hub
[Tue Dec 16 12:08:06 2025] Waiting for dbg_hub_synth_1 to finish...

*** Running vivado
    with args -log dbg_hub.vds -m64 -product Vivado -mode batch -messageDb vivado.pb -notrace -source dbg_hub.tcl


****** Vivado v2023.1 (64-bit)
  **** SW Build 3865809 on Sun May  7 15:04:56 MDT 2023
  **** IP Build 3864474 on Sun May  7 20:36:21 MDT 2023
  **** SharedData Build 3865790 on Sun May 07 13:33:03 MDT 2023
    ** Copyright 1986-2022 Xilinx, Inc. All Rights Reserved.
    ** Copyright 2022-2023 Advanced Micro Devices, Inc. All Rights Reserved.

source dbg_hub.tcl -notrace
create_project: Time (s): cpu = 00:00:10 ; elapsed = 00:00:11 . Memory (MB): peak = 1314.219 ; gain = 40.039 ; free physical = 157 ; free virtual = 854
INFO: [IP_Flow 19-6924] IPCACHE: Running cache check for IP inst: dbg_hub
Command: synth_design -top dbg_hub -part xc7a100tcsg324-1 -incremental_mode off -mode out_of_context
Starting synth_design
Attempting to get a license for feature 'Synthesis' and/or device 'xc7a100t'
INFO: [Common 17-349] Got license for feature 'Synthesis' and/or device 'xc7a100t'
INFO: [Device 21-403] Loading part xc7a100tcsg324-1
INFO: [Synth 8-7079] Multithreading enabled for synth_design using a maximum of 4 processes.
INFO: [Synth 8-7078] Launching helper process for spawning children vivado processes
INFO: [Synth 8-7075] Helper process launched with PID 147842
