
*** Running vivado
    with args -log sqrt_cordic.vds -m64 -product Vivado -mode batch -messageDb vivado.pb -notrace -source sqrt_cordic.tcl


ECHO is off.
ECHO is off.

****** Vivado v2023.1 (64-bit)
  **** SW Build 3865809 on Sun May  7 15:05:29 MDT 2023
  **** IP Build 3864474 on Sun May  7 20:36:21 MDT 2023
  **** SharedData Build 3865790 on Sun May 07 13:33:03 MDT 2023
    ** Copyright 1986-2022 Xilinx, Inc. All Rights Reserved.
    ** Copyright 2022-2023 Advanced Micro Devices, Inc. All Rights Reserved.

source sqrt_cordic.tcl -notrace
INFO: [IP_Flow 19-234] Refreshing IP repositories
INFO: [IP_Flow 19-1700] Loaded user IP repository 'c:/Users/necde/Documents/GitHub Repos/rwth-lab-fpga-WIP/export-nonpipelined'.
INFO: [IP_Flow 19-2313] Loaded Vivado IP repository 'C:/Xilinx/Vivado/2023.1/data/ip'.
WARNING: [IP_Flow 19-4995] The host OS only allows 260 characters in a normal path. The IP cache path is more than 80 characters. If you experience issues with IP caching, please consider changing the IP cache to a location with a shorter path. Alternately consider using the OS subst command to map part of the path to a drive letter. 
Current IP cache path is c:/Users/necde/Documents/GitHub Repos/rwth-lab-fpga-WIP/fpga_project/fpga_project.cache/ip 
INFO: [IP_Flow 19-6924] IPCACHE: Running cache check for IP inst: sqrt_cordic
Command: synth_design -top sqrt_cordic -part xc7a100tcsg324-1 -incremental_mode off -mode out_of_context
Starting synth_design
Attempting to get a license for feature 'Synthesis' and/or device 'xc7a100t'
INFO: [Common 17-349] Got license for feature 'Synthesis' and/or device 'xc7a100t'
INFO: [Device 21-403] Loading part xc7a100tcsg324-1
INFO: [Synth 8-7079] Multithreading enabled for synth_design using a maximum of 2 processes.
INFO: [Synth 8-7078] Launching helper process for spawning children vivado processes
INFO: [Synth 8-7075] Helper process launched with PID 28372
---------------------------------------------------------------------------------
Starting RTL Elaboration : Time (s): cpu = 00:00:07 ; elapsed = 00:00:08 . Memory (MB): peak = 1299.555 ; gain = 412.762
---------------------------------------------------------------------------------
INFO: [Synth 8-638] synthesizing module 'sqrt_cordic' [c:/Users/necde/Documents/GitHub Repos/rwth-lab-fpga-WIP/fpga_project/fpga_project.gen/sources_1/ip/sqrt_cordic/synth/sqrt_cordic.vhd:74]
	Parameter C_ARCHITECTURE bound to: 2 - type: integer 
	Parameter C_CORDIC_FUNCTION bound to: 6 - type: integer 
	Parameter C_COARSE_ROTATE bound to: 0 - type: integer 
	Parameter C_DATA_FORMAT bound to: 1 - type: integer 
	Parameter C_XDEVICEFAMILY bound to: artix7 - type: string 
	Parameter C_HAS_ACLKEN bound to: 0 - type: integer 
	Parameter C_HAS_ACLK bound to: 1 - type: integer 
	Parameter C_HAS_S_AXIS_CARTESIAN bound to: 1 - type: integer 
	Parameter C_HAS_S_AXIS_PHASE bound to: 0 - type: integer 
	Parameter C_HAS_ARESETN bound to: 1 - type: integer 
	Parameter C_INPUT_WIDTH bound to: 33 - type: integer 
	Parameter C_ITERATIONS bound to: 0 - type: integer 
	Parameter C_OUTPUT_WIDTH bound to: 16 - type: integer 
	Parameter C_PHASE_FORMAT bound to: 0 - type: integer 
	Parameter C_PIPELINE_MODE bound to: -1 - type: integer 
	Parameter C_PRECISION bound to: 0 - type: integer 
	Parameter C_ROUND_MODE bound to: 0 - type: integer 
	Parameter C_SCALE_COMP bound to: 0 - type: integer 
	Parameter C_THROTTLE_SCHEME bound to: 2 - type: integer 
	Parameter C_TLAST_RESOLUTION bound to: 1 - type: integer 
	Parameter C_HAS_S_AXIS_PHASE_TUSER bound to: 0 - type: integer 
	Parameter C_HAS_S_AXIS_PHASE_TLAST bound to: 0 - type: integer 
	Parameter C_S_AXIS_PHASE_TDATA_WIDTH bound to: 40 - type: integer 
	Parameter C_S_AXIS_PHASE_TUSER_WIDTH bound to: 1 - type: integer 
	Parameter C_HAS_S_AXIS_CARTESIAN_TUSER bound to: 0 - type: integer 
	Parameter C_HAS_S_AXIS_CARTESIAN_TLAST bound to: 1 - type: integer 
	Parameter C_S_AXIS_CARTESIAN_TDATA_WIDTH bound to: 40 - type: integer 
	Parameter C_S_AXIS_CARTESIAN_TUSER_WIDTH bound to: 1 - type: integer 
	Parameter C_M_AXIS_DOUT_TDATA_WIDTH bound to: 16 - type: integer 
	Parameter C_M_AXIS_DOUT_TUSER_WIDTH bound to: 1 - type: integer 
INFO: [Synth 8-3491] module 'cordic_v6_0_19' declared at 'c:/Users/necde/Documents/GitHub Repos/rwth-lab-fpga-WIP/fpga_project/fpga_project.gen/sources_1/ip/sqrt_cordic/hdl/cordic_v6_0_vh_rfs.vhd:10135' bound to instance 'U0' of component 'cordic_v6_0_19' [c:/Users/necde/Documents/GitHub Repos/rwth-lab-fpga-WIP/fpga_project/fpga_project.gen/sources_1/ip/sqrt_cordic/synth/sqrt_cordic.vhd:155]
INFO: [Synth 8-3919] null assignment ignored
INFO: [Synth 8-3919] null assignment ignored
INFO: [Synth 8-3919] null assignment ignored
INFO: [Synth 8-3919] null assignment ignored
INFO: [Synth 8-3919] null assignment ignored
INFO: [Synth 8-3919] null assignment ignored
INFO: [Synth 8-3919] null assignment ignored
INFO: [Synth 8-3919] null assignment ignored
INFO: [Synth 8-3919] null assignment ignored
INFO: [Synth 8-3919] null assignment ignored
INFO: [Synth 8-3919] null assignment ignored
INFO: [Synth 8-3919] null assignment ignored
INFO: [Synth 8-3919] null assignment ignored
INFO: [Synth 8-3919] null assignment ignored
INFO: [Synth 8-3919] null assignment ignored
INFO: [Synth 8-3919] null assignment ignored
INFO: [Synth 8-3919] null assignment ignored
INFO: [Synth 8-3919] null assignment ignored
INFO: [Synth 8-3919] null assignment ignored
INFO: [Synth 8-3919] null assignment ignored
INFO: [Synth 8-3919] null assignment ignored
INFO: [Synth 8-3919] null assignment ignored
INFO: [Synth 8-3919] null assignment ignored
INFO: [Synth 8-3919] null assignment ignored
INFO: [Synth 8-3919] null assignment ignored
INFO: [Synth 8-3919] null assignment ignored
INFO: [Synth 8-3919] null assignment ignored
INFO: [Synth 8-3919] null assignment ignored
INFO: [Synth 8-3919] null assignment ignored
INFO: [Synth 8-3919] null assignment ignored
INFO: [Synth 8-3919] null assignment ignored
INFO: [Synth 8-3919] null assignment ignored
INFO: [Synth 8-3919] null assignment ignored
INFO: [Synth 8-3919] null assignment ignored
INFO: [Synth 8-3919] null assignment ignored
INFO: [Synth 8-3919] null assignment ignored
INFO: [Synth 8-3919] null assignment ignored
INFO: [Synth 8-3919] null assignment ignored
INFO: [Synth 8-3919] null assignment ignored
INFO: [Synth 8-3919] null assignment ignored
INFO: [Synth 8-3919] null assignment ignored
INFO: [Synth 8-3919] null assignment ignored
INFO: [Synth 8-3919] null assignment ignored
INFO: [Synth 8-3919] null assignment ignored
INFO: [Synth 8-3919] null assignment ignored
INFO: [Synth 8-3919] null assignment ignored
INFO: [Synth 8-3919] null assignment ignored
INFO: [Synth 8-3919] null assignment ignored
INFO: [Synth 8-3919] null assignment ignored
INFO: [Synth 8-3919] null assignment ignored
INFO: [Synth 8-3919] null assignment ignored
INFO: [Synth 8-3919] null assignment ignored
INFO: [Synth 8-3919] null assignment ignored
INFO: [Synth 8-3919] null assignment ignored
INFO: [Synth 8-3919] null assignment ignored
INFO: [Synth 8-3919] null assignment ignored
INFO: [Synth 8-3919] null assignment ignored
INFO: [Synth 8-3919] null assignment ignored
INFO: [Synth 8-3919] null assignment ignored
INFO: [Synth 8-3919] null assignment ignored
INFO: [Synth 8-3919] null assignment ignored
INFO: [Synth 8-3919] null assignment ignored
INFO: [Synth 8-3919] null assignment ignored
INFO: [Synth 8-3919] null assignment ignored
INFO: [Synth 8-3919] null assignment ignored
INFO: [Synth 8-3919] null assignment ignored
INFO: [Synth 8-3919] null assignment ignored
INFO: [Synth 8-3919] null assignment ignored
INFO: [Synth 8-3919] null assignment ignored
INFO: [Synth 8-3919] null assignment ignored
INFO: [Synth 8-3919] null assignment ignored
INFO: [Synth 8-3919] null assignment ignored
INFO: [Synth 8-3919] null assignment ignored
INFO: [Synth 8-3919] null assignment ignored
INFO: [Synth 8-3919] null assignment ignored
INFO: [Synth 8-3919] null assignment ignored
INFO: [Synth 8-3919] null assignment ignored
INFO: [Synth 8-3919] null assignment ignored
INFO: [Synth 8-3919] null assignment ignored
INFO: [Synth 8-3919] null assignment ignored
INFO: [Synth 8-3919] null assignment ignored
INFO: [Synth 8-3919] null assignment ignored
INFO: [Synth 8-3919] null assignment ignored
INFO: [Synth 8-3919] null assignment ignored
INFO: [Synth 8-3919] null assignment ignored
INFO: [Synth 8-3919] null assignment ignored
INFO: [Synth 8-3919] null assignment ignored
INFO: [Synth 8-3919] null assignment ignored
INFO: [Synth 8-3919] null assignment ignored
INFO: [Synth 8-3919] null assignment ignored
INFO: [Synth 8-3919] null assignment ignored
INFO: [Synth 8-3919] null assignment ignored
INFO: [Synth 8-3919] null assignment ignored
INFO: [Synth 8-3919] null assignment ignored
INFO: [Synth 8-3919] null assignment ignored
INFO: [Synth 8-3919] null assignment ignored
INFO: [Synth 8-3919] null assignment ignored
INFO: [Synth 8-3919] null assignment ignored
INFO: [Synth 8-3919] null assignment ignored
INFO: [Synth 8-3919] null assignment ignored
INFO: [Common 17-14] Message 'Synth 8-3919' appears 100 times and further instances of the messages will be disabled. Use the Tcl command set_msg_config to change the current settings.
INFO: [Synth 8-256] done synthesizing module 'sqrt_cordic' (0#1) [c:/Users/necde/Documents/GitHub Repos/rwth-lab-fpga-WIP/fpga_project/fpga_project.gen/sources_1/ip/sqrt_cordic/synth/sqrt_cordic.vhd:74]
WARNING: [Synth 8-7129] Port SCLR in module delay__parameterized69 is either unconnected or has no load
WARNING: [Synth 8-7129] Port WE in module delay__parameterized67 is either unconnected or has no load
WARNING: [Synth 8-7129] Port CE in module delay__parameterized67 is either unconnected or has no load
WARNING: [Synth 8-7129] Port SCLR in module delay__parameterized67 is either unconnected or has no load
WARNING: [Synth 8-7129] Port CLK in module delay__parameterized67 is either unconnected or has no load
WARNING: [Synth 8-7129] Port clk in module c_addsub_v12_0_15_lut6_legacy__parameterized25 is either unconnected or has no load
WARNING: [Synth 8-7129] Port add in module c_addsub_v12_0_15_lut6_legacy__parameterized25 is either unconnected or has no load
WARNING: [Synth 8-7129] Port c_in in module c_addsub_v12_0_15_lut6_legacy__parameterized25 is either unconnected or has no load
WARNING: [Synth 8-7129] Port ce in module c_addsub_v12_0_15_lut6_legacy__parameterized25 is either unconnected or has no load
WARNING: [Synth 8-7129] Port bypass in module c_addsub_v12_0_15_lut6_legacy__parameterized25 is either unconnected or has no load
WARNING: [Synth 8-7129] Port aclr in module c_addsub_v12_0_15_lut6_legacy__parameterized25 is either unconnected or has no load
WARNING: [Synth 8-7129] Port aset in module c_addsub_v12_0_15_lut6_legacy__parameterized25 is either unconnected or has no load
WARNING: [Synth 8-7129] Port ainit in module c_addsub_v12_0_15_lut6_legacy__parameterized25 is either unconnected or has no load
WARNING: [Synth 8-7129] Port sclr in module c_addsub_v12_0_15_lut6_legacy__parameterized25 is either unconnected or has no load
WARNING: [Synth 8-7129] Port sset in module c_addsub_v12_0_15_lut6_legacy__parameterized25 is either unconnected or has no load
WARNING: [Synth 8-7129] Port sinit in module c_addsub_v12_0_15_lut6_legacy__parameterized25 is either unconnected or has no load
WARNING: [Synth 8-7129] Port c_in in module c_addsub_v12_0_15_legacy__parameterized25 is either unconnected or has no load
WARNING: [Synth 8-7129] Port b_in in module c_addsub_v12_0_15_legacy__parameterized25 is either unconnected or has no load
WARNING: [Synth 8-7129] Port a_signed in module c_addsub_v12_0_15_legacy__parameterized25 is either unconnected or has no load
WARNING: [Synth 8-7129] Port b_signed in module c_addsub_v12_0_15_legacy__parameterized25 is either unconnected or has no load
WARNING: [Synth 8-7129] Port C_IN in module c_addsub_v12_0_15_viv__parameterized25 is either unconnected or has no load
WARNING: [Synth 8-7129] Port rem_out[16] in module cordic_sqrt_mod__parameterized25 is either unconnected or has no load
WARNING: [Synth 8-7129] Port rem_out[15] in module cordic_sqrt_mod__parameterized25 is either unconnected or has no load
WARNING: [Synth 8-7129] Port rem_out[14] in module cordic_sqrt_mod__parameterized25 is either unconnected or has no load
WARNING: [Synth 8-7129] Port rem_out[13] in module cordic_sqrt_mod__parameterized25 is either unconnected or has no load
WARNING: [Synth 8-7129] Port rem_out[12] in module cordic_sqrt_mod__parameterized25 is either unconnected or has no load
WARNING: [Synth 8-7129] Port rem_out[11] in module cordic_sqrt_mod__parameterized25 is either unconnected or has no load
WARNING: [Synth 8-7129] Port rem_out[10] in module cordic_sqrt_mod__parameterized25 is either unconnected or has no load
WARNING: [Synth 8-7129] Port rem_out[9] in module cordic_sqrt_mod__parameterized25 is either unconnected or has no load
WARNING: [Synth 8-7129] Port rem_out[8] in module cordic_sqrt_mod__parameterized25 is either unconnected or has no load
WARNING: [Synth 8-7129] Port rem_out[7] in module cordic_sqrt_mod__parameterized25 is either unconnected or has no load
WARNING: [Synth 8-7129] Port rem_out[6] in module cordic_sqrt_mod__parameterized25 is either unconnected or has no load
WARNING: [Synth 8-7129] Port rem_out[5] in module cordic_sqrt_mod__parameterized25 is either unconnected or has no load
WARNING: [Synth 8-7129] Port rem_out[4] in module cordic_sqrt_mod__parameterized25 is either unconnected or has no load
WARNING: [Synth 8-7129] Port rem_out[3] in module cordic_sqrt_mod__parameterized25 is either unconnected or has no load
WARNING: [Synth 8-7129] Port rem_out[2] in module cordic_sqrt_mod__parameterized25 is either unconnected or has no load
WARNING: [Synth 8-7129] Port rem_out[1] in module cordic_sqrt_mod__parameterized25 is either unconnected or has no load
WARNING: [Synth 8-7129] Port rem_out[0] in module cordic_sqrt_mod__parameterized25 is either unconnected or has no load
WARNING: [Synth 8-7129] Port WE in module delay__parameterized65 is either unconnected or has no load
WARNING: [Synth 8-7129] Port CE in module delay__parameterized65 is either unconnected or has no load
WARNING: [Synth 8-7129] Port SCLR in module delay__parameterized65 is either unconnected or has no load
WARNING: [Synth 8-7129] Port CLK in module delay__parameterized65 is either unconnected or has no load
WARNING: [Synth 8-7129] Port clk in module c_addsub_v12_0_15_lut6_legacy__parameterized23 is either unconnected or has no load
WARNING: [Synth 8-7129] Port add in module c_addsub_v12_0_15_lut6_legacy__parameterized23 is either unconnected or has no load
WARNING: [Synth 8-7129] Port c_in in module c_addsub_v12_0_15_lut6_legacy__parameterized23 is either unconnected or has no load
WARNING: [Synth 8-7129] Port ce in module c_addsub_v12_0_15_lut6_legacy__parameterized23 is either unconnected or has no load
WARNING: [Synth 8-7129] Port bypass in module c_addsub_v12_0_15_lut6_legacy__parameterized23 is either unconnected or has no load
WARNING: [Synth 8-7129] Port aclr in module c_addsub_v12_0_15_lut6_legacy__parameterized23 is either unconnected or has no load
WARNING: [Synth 8-7129] Port aset in module c_addsub_v12_0_15_lut6_legacy__parameterized23 is either unconnected or has no load
WARNING: [Synth 8-7129] Port ainit in module c_addsub_v12_0_15_lut6_legacy__parameterized23 is either unconnected or has no load
WARNING: [Synth 8-7129] Port sclr in module c_addsub_v12_0_15_lut6_legacy__parameterized23 is either unconnected or has no load
WARNING: [Synth 8-7129] Port sset in module c_addsub_v12_0_15_lut6_legacy__parameterized23 is either unconnected or has no load
WARNING: [Synth 8-7129] Port sinit in module c_addsub_v12_0_15_lut6_legacy__parameterized23 is either unconnected or has no load
WARNING: [Synth 8-7129] Port c_in in module c_addsub_v12_0_15_legacy__parameterized23 is either unconnected or has no load
WARNING: [Synth 8-7129] Port b_in in module c_addsub_v12_0_15_legacy__parameterized23 is either unconnected or has no load
WARNING: [Synth 8-7129] Port a_signed in module c_addsub_v12_0_15_legacy__parameterized23 is either unconnected or has no load
WARNING: [Synth 8-7129] Port b_signed in module c_addsub_v12_0_15_legacy__parameterized23 is either unconnected or has no load
WARNING: [Synth 8-7129] Port C_IN in module c_addsub_v12_0_15_viv__parameterized23 is either unconnected or has no load
WARNING: [Synth 8-7129] Port SCLR in module delay__parameterized51 is either unconnected or has no load
WARNING: [Synth 8-7129] Port clk in module c_addsub_v12_0_15_lut6_legacy__parameterized21 is either unconnected or has no load
WARNING: [Synth 8-7129] Port add in module c_addsub_v12_0_15_lut6_legacy__parameterized21 is either unconnected or has no load
WARNING: [Synth 8-7129] Port c_in in module c_addsub_v12_0_15_lut6_legacy__parameterized21 is either unconnected or has no load
WARNING: [Synth 8-7129] Port ce in module c_addsub_v12_0_15_lut6_legacy__parameterized21 is either unconnected or has no load
WARNING: [Synth 8-7129] Port bypass in module c_addsub_v12_0_15_lut6_legacy__parameterized21 is either unconnected or has no load
WARNING: [Synth 8-7129] Port aclr in module c_addsub_v12_0_15_lut6_legacy__parameterized21 is either unconnected or has no load
WARNING: [Synth 8-7129] Port aset in module c_addsub_v12_0_15_lut6_legacy__parameterized21 is either unconnected or has no load
WARNING: [Synth 8-7129] Port ainit in module c_addsub_v12_0_15_lut6_legacy__parameterized21 is either unconnected or has no load
WARNING: [Synth 8-7129] Port sclr in module c_addsub_v12_0_15_lut6_legacy__parameterized21 is either unconnected or has no load
WARNING: [Synth 8-7129] Port sset in module c_addsub_v12_0_15_lut6_legacy__parameterized21 is either unconnected or has no load
WARNING: [Synth 8-7129] Port sinit in module c_addsub_v12_0_15_lut6_legacy__parameterized21 is either unconnected or has no load
WARNING: [Synth 8-7129] Port c_in in module c_addsub_v12_0_15_legacy__parameterized21 is either unconnected or has no load
WARNING: [Synth 8-7129] Port b_in in module c_addsub_v12_0_15_legacy__parameterized21 is either unconnected or has no load
WARNING: [Synth 8-7129] Port a_signed in module c_addsub_v12_0_15_legacy__parameterized21 is either unconnected or has no load
WARNING: [Synth 8-7129] Port b_signed in module c_addsub_v12_0_15_legacy__parameterized21 is either unconnected or has no load
WARNING: [Synth 8-7129] Port C_IN in module c_addsub_v12_0_15_viv__parameterized21 is either unconnected or has no load
WARNING: [Synth 8-7129] Port WE in module delay__parameterized55 is either unconnected or has no load
WARNING: [Synth 8-7129] Port CE in module delay__parameterized55 is either unconnected or has no load
WARNING: [Synth 8-7129] Port SCLR in module delay__parameterized55 is either unconnected or has no load
WARNING: [Synth 8-7129] Port CLK in module delay__parameterized55 is either unconnected or has no load
WARNING: [Synth 8-7129] Port WE in module delay__parameterized53 is either unconnected or has no load
WARNING: [Synth 8-7129] Port CE in module delay__parameterized53 is either unconnected or has no load
WARNING: [Synth 8-7129] Port SCLR in module delay__parameterized53 is either unconnected or has no load
WARNING: [Synth 8-7129] Port CLK in module delay__parameterized53 is either unconnected or has no load
WARNING: [Synth 8-7129] Port clk in module c_addsub_v12_0_15_lut6_legacy__parameterized19 is either unconnected or has no load
WARNING: [Synth 8-7129] Port add in module c_addsub_v12_0_15_lut6_legacy__parameterized19 is either unconnected or has no load
WARNING: [Synth 8-7129] Port c_in in module c_addsub_v12_0_15_lut6_legacy__parameterized19 is either unconnected or has no load
WARNING: [Synth 8-7129] Port ce in module c_addsub_v12_0_15_lut6_legacy__parameterized19 is either unconnected or has no load
WARNING: [Synth 8-7129] Port bypass in module c_addsub_v12_0_15_lut6_legacy__parameterized19 is either unconnected or has no load
WARNING: [Synth 8-7129] Port aclr in module c_addsub_v12_0_15_lut6_legacy__parameterized19 is either unconnected or has no load
WARNING: [Synth 8-7129] Port aset in module c_addsub_v12_0_15_lut6_legacy__parameterized19 is either unconnected or has no load
WARNING: [Synth 8-7129] Port ainit in module c_addsub_v12_0_15_lut6_legacy__parameterized19 is either unconnected or has no load
WARNING: [Synth 8-7129] Port sclr in module c_addsub_v12_0_15_lut6_legacy__parameterized19 is either unconnected or has no load
WARNING: [Synth 8-7129] Port sset in module c_addsub_v12_0_15_lut6_legacy__parameterized19 is either unconnected or has no load
WARNING: [Synth 8-7129] Port sinit in module c_addsub_v12_0_15_lut6_legacy__parameterized19 is either unconnected or has no load
WARNING: [Synth 8-7129] Port c_in in module c_addsub_v12_0_15_legacy__parameterized19 is either unconnected or has no load
WARNING: [Synth 8-7129] Port b_in in module c_addsub_v12_0_15_legacy__parameterized19 is either unconnected or has no load
WARNING: [Synth 8-7129] Port a_signed in module c_addsub_v12_0_15_legacy__parameterized19 is either unconnected or has no load
WARNING: [Synth 8-7129] Port b_signed in module c_addsub_v12_0_15_legacy__parameterized19 is either unconnected or has no load
WARNING: [Synth 8-7129] Port C_IN in module c_addsub_v12_0_15_viv__parameterized19 is either unconnected or has no load
WARNING: [Synth 8-7129] Port WE in module delay__parameterized49 is either unconnected or has no load
INFO: [Common 17-14] Message 'Synth 8-7129' appears 100 times and further instances of the messages will be disabled. Use the Tcl command set_msg_config to change the current settings.
---------------------------------------------------------------------------------
Finished RTL Elaboration : Time (s): cpu = 00:00:15 ; elapsed = 00:00:18 . Memory (MB): peak = 1560.984 ; gain = 674.191
---------------------------------------------------------------------------------
---------------------------------------------------------------------------------
Start Handling Custom Attributes
---------------------------------------------------------------------------------
---------------------------------------------------------------------------------
Finished Handling Custom Attributes : Time (s): cpu = 00:00:15 ; elapsed = 00:00:18 . Memory (MB): peak = 1560.984 ; gain = 674.191
---------------------------------------------------------------------------------
---------------------------------------------------------------------------------
Finished RTL Optimization Phase 1 : Time (s): cpu = 00:00:15 ; elapsed = 00:00:18 . Memory (MB): peak = 1560.984 ; gain = 674.191
---------------------------------------------------------------------------------
Netlist sorting complete. Time (s): cpu = 00:00:00 ; elapsed = 00:00:00.037 . Memory (MB): peak = 1560.984 ; gain = 0.000
INFO: [Netlist 29-17] Analyzing 364 Unisim elements for replacement
INFO: [Netlist 29-28] Unisim Transformation completed in 0 CPU seconds
INFO: [Project 1-570] Preparing netlist for logic optimization

Processing XDC Constraints
Initializing timing engine
Parsing XDC File [c:/Users/necde/Documents/GitHub Repos/rwth-lab-fpga-WIP/fpga_project/fpga_project.gen/sources_1/ip/sqrt_cordic/sqrt_cordic_ooc.xdc] for cell 'U0'
Finished Parsing XDC File [c:/Users/necde/Documents/GitHub Repos/rwth-lab-fpga-WIP/fpga_project/fpga_project.gen/sources_1/ip/sqrt_cordic/sqrt_cordic_ooc.xdc] for cell 'U0'
Parsing XDC File [C:/Users/necde/Documents/GitHub Repos/rwth-lab-fpga-WIP/fpga_project/fpga_project.runs/sqrt_cordic_synth_1/dont_touch.xdc]
Finished Parsing XDC File [C:/Users/necde/Documents/GitHub Repos/rwth-lab-fpga-WIP/fpga_project/fpga_project.runs/sqrt_cordic_synth_1/dont_touch.xdc]
Completed Processing XDC Constraints

Netlist sorting complete. Time (s): cpu = 00:00:00 ; elapsed = 00:00:00.001 . Memory (MB): peak = 1588.859 ; gain = 0.000
INFO: [Project 1-111] Unisim Transformation Summary:
No Unisim elements were transformed.

Constraint Validation Runtime : Time (s): cpu = 00:00:00 ; elapsed = 00:00:00.050 . Memory (MB): peak = 1588.934 ; gain = 0.074
INFO: [Designutils 20-5008] Incremental synthesis strategy off
---------------------------------------------------------------------------------
Finished Constraint Validation : Time (s): cpu = 00:00:24 ; elapsed = 00:00:28 . Memory (MB): peak = 1588.934 ; gain = 702.141
---------------------------------------------------------------------------------
---------------------------------------------------------------------------------
Start Loading Part and Timing Information
---------------------------------------------------------------------------------
Loading part: xc7a100tcsg324-1
---------------------------------------------------------------------------------
Finished Loading Part and Timing Information : Time (s): cpu = 00:00:24 ; elapsed = 00:00:28 . Memory (MB): peak = 1588.934 ; gain = 702.141
---------------------------------------------------------------------------------
---------------------------------------------------------------------------------
Start Applying 'set_property' XDC Constraints
---------------------------------------------------------------------------------
Applied set_property KEEP_HIERARCHY = SOFT for U0. (constraint file  {C:/Users/necde/Documents/GitHub Repos/rwth-lab-fpga-WIP/fpga_project/fpga_project.runs/sqrt_cordic_synth_1/dont_touch.xdc}, line 9).
---------------------------------------------------------------------------------
Finished applying 'set_property' XDC Constraints : Time (s): cpu = 00:00:24 ; elapsed = 00:00:28 . Memory (MB): peak = 1588.934 ; gain = 702.141
---------------------------------------------------------------------------------
---------------------------------------------------------------------------------
Finished RTL Optimization Phase 2 : Time (s): cpu = 00:00:25 ; elapsed = 00:00:30 . Memory (MB): peak = 1588.934 ; gain = 702.141
---------------------------------------------------------------------------------
---------------------------------------------------------------------------------
Start RTL Component Statistics 
---------------------------------------------------------------------------------
---------------------------------------------------------------------------------
Finished RTL Component Statistics 
---------------------------------------------------------------------------------
---------------------------------------------------------------------------------
Start Part Resource Summary
---------------------------------------------------------------------------------
Part Resources:
DSPs: 240 (col length:80)
BRAMs: 270 (col length: RAMB18 80 RAMB36 40)
---------------------------------------------------------------------------------
Finished Part Resource Summary
---------------------------------------------------------------------------------
---------------------------------------------------------------------------------
Start Cross Boundary and Area Optimization
---------------------------------------------------------------------------------
WARNING: [Synth 8-7080] Parallel synthesis criteria is not met
---------------------------------------------------------------------------------
Finished Cross Boundary and Area Optimization : Time (s): cpu = 00:00:27 ; elapsed = 00:00:31 . Memory (MB): peak = 1588.934 ; gain = 702.141
---------------------------------------------------------------------------------
---------------------------------------------------------------------------------
Start Applying XDC Timing Constraints
---------------------------------------------------------------------------------
---------------------------------------------------------------------------------
Finished Applying XDC Timing Constraints : Time (s): cpu = 00:00:31 ; elapsed = 00:00:36 . Memory (MB): peak = 1588.934 ; gain = 702.141
---------------------------------------------------------------------------------
---------------------------------------------------------------------------------
Start Timing Optimization
---------------------------------------------------------------------------------
---------------------------------------------------------------------------------
Finished Timing Optimization : Time (s): cpu = 00:00:31 ; elapsed = 00:00:36 . Memory (MB): peak = 1588.934 ; gain = 702.141
---------------------------------------------------------------------------------
---------------------------------------------------------------------------------
Start Technology Mapping
---------------------------------------------------------------------------------
---------------------------------------------------------------------------------
Finished Technology Mapping : Time (s): cpu = 00:00:31 ; elapsed = 00:00:36 . Memory (MB): peak = 1588.934 ; gain = 702.141
---------------------------------------------------------------------------------
---------------------------------------------------------------------------------
Start IO Insertion
---------------------------------------------------------------------------------
---------------------------------------------------------------------------------
Start Flattening Before IO Insertion
---------------------------------------------------------------------------------
---------------------------------------------------------------------------------
Finished Flattening Before IO Insertion
---------------------------------------------------------------------------------
---------------------------------------------------------------------------------
Start Final Netlist Cleanup
---------------------------------------------------------------------------------
---------------------------------------------------------------------------------
Finished Final Netlist Cleanup
---------------------------------------------------------------------------------
---------------------------------------------------------------------------------
Finished IO Insertion : Time (s): cpu = 00:00:34 ; elapsed = 00:00:40 . Memory (MB): peak = 1588.934 ; gain = 702.141
---------------------------------------------------------------------------------
---------------------------------------------------------------------------------
Start Renaming Generated Instances
---------------------------------------------------------------------------------
---------------------------------------------------------------------------------
Finished Renaming Generated Instances : Time (s): cpu = 00:00:34 ; elapsed = 00:00:40 . Memory (MB): peak = 1588.934 ; gain = 702.141
---------------------------------------------------------------------------------
---------------------------------------------------------------------------------
Start Rebuilding User Hierarchy
---------------------------------------------------------------------------------
---------------------------------------------------------------------------------
Finished Rebuilding User Hierarchy : Time (s): cpu = 00:00:34 ; elapsed = 00:00:40 . Memory (MB): peak = 1588.934 ; gain = 702.141
---------------------------------------------------------------------------------
---------------------------------------------------------------------------------
Start Renaming Generated Ports
---------------------------------------------------------------------------------
---------------------------------------------------------------------------------
Finished Renaming Generated Ports : Time (s): cpu = 00:00:34 ; elapsed = 00:00:40 . Memory (MB): peak = 1588.934 ; gain = 702.141
---------------------------------------------------------------------------------
---------------------------------------------------------------------------------
Start Handling Custom Attributes
---------------------------------------------------------------------------------
---------------------------------------------------------------------------------
Finished Handling Custom Attributes : Time (s): cpu = 00:00:34 ; elapsed = 00:00:40 . Memory (MB): peak = 1588.934 ; gain = 702.141
---------------------------------------------------------------------------------
---------------------------------------------------------------------------------
Start Renaming Generated Nets
---------------------------------------------------------------------------------
---------------------------------------------------------------------------------
Finished Renaming Generated Nets : Time (s): cpu = 00:00:34 ; elapsed = 00:00:40 . Memory (MB): peak = 1588.934 ; gain = 702.141
---------------------------------------------------------------------------------
---------------------------------------------------------------------------------
Start Writing Synthesis Report
---------------------------------------------------------------------------------

Report BlackBoxes: 
+-+--------------+----------+
| |BlackBox name |Instances |
+-+--------------+----------+
+-+--------------+----------+

Report Cell Usage: 
+------+-------+------+
|      |Cell   |Count |
+------+-------+------+
|1     |LUT1   |    59|
|2     |LUT2   |   123|
|3     |LUT3   |   112|
|4     |LUT4   |     1|
|5     |LUT5   |    60|
|6     |LUT6   |    12|
|7     |MUXCY  |   161|
|8     |SRL16E |    40|
|9     |XORCY  |   144|
|10    |FDRE   |   282|
|11    |FDSE   |     6|
+------+-------+------+
---------------------------------------------------------------------------------
Finished Writing Synthesis Report : Time (s): cpu = 00:00:34 ; elapsed = 00:00:40 . Memory (MB): peak = 1588.934 ; gain = 702.141
---------------------------------------------------------------------------------
Synthesis finished with 0 errors, 0 critical warnings and 165 warnings.
Synthesis Optimization Runtime : Time (s): cpu = 00:00:17 ; elapsed = 00:00:36 . Memory (MB): peak = 1588.934 ; gain = 674.191
Synthesis Optimization Complete : Time (s): cpu = 00:00:35 ; elapsed = 00:00:40 . Memory (MB): peak = 1588.934 ; gain = 702.141
INFO: [Project 1-571] Translating synthesized netlist
Netlist sorting complete. Time (s): cpu = 00:00:00 ; elapsed = 00:00:00.013 . Memory (MB): peak = 1588.934 ; gain = 0.000
INFO: [Netlist 29-17] Analyzing 305 Unisim elements for replacement
INFO: [Netlist 29-28] Unisim Transformation completed in 0 CPU seconds
INFO: [Project 1-570] Preparing netlist for logic optimization
INFO: [Opt 31-138] Pushed 0 inverter(s) to 0 load pin(s).
Netlist sorting complete. Time (s): cpu = 00:00:00 ; elapsed = 00:00:00.001 . Memory (MB): peak = 1588.934 ; gain = 0.000
INFO: [Project 1-111] Unisim Transformation Summary:
  A total of 49 instances were transformed.
  (MUXCY,XORCY) => CARRY4: 49 instances

Synth Design complete | Checksum: cecbe92f
INFO: [Common 17-83] Releasing license: Synthesis
126 Infos, 102 Warnings, 0 Critical Warnings and 0 Errors encountered.
synth_design completed successfully
INFO: [Common 17-600] The following parameters have non-default value.
tcl.statsThreshold
INFO: [Common 17-1381] The checkpoint 'C:/Users/necde/Documents/GitHub Repos/rwth-lab-fpga-WIP/fpga_project/fpga_project.runs/sqrt_cordic_synth_1/sqrt_cordic.dcp' has been generated.
INFO: [Coretcl 2-1648] Added synthesis output to IP cache for IP sqrt_cordic, cache-ID = 5d90fe2c9b77e35a
INFO: [Coretcl 2-1174] Renamed 123 cell refs.
INFO: [Common 17-1381] The checkpoint 'C:/Users/necde/Documents/GitHub Repos/rwth-lab-fpga-WIP/fpga_project/fpga_project.runs/sqrt_cordic_synth_1/sqrt_cordic.dcp' has been generated.
INFO: [runtcl-4] Executing : report_utilization -file sqrt_cordic_utilization_synth.rpt -pb sqrt_cordic_utilization_synth.pb
INFO: [Common 17-206] Exiting Vivado at Sun Jan 25 11:26:53 2026...
