INFO: [VRFC 10-2263] Analyzing SystemVerilog file "/home/fpga13/group_admi/exp_2/exp_2.srcs/sources_1/imports/fpga13/pkg_vga.sv" into library xil_defaultlib
INFO: [VRFC 10-2263] Analyzing SystemVerilog file "/home/fpga13/group_admi/exp_2/exp_2.srcs/sources_1/imports/fpga13/vga_top.sv" into library xil_defaultlib
INFO: [VRFC 10-311] analyzing module vga_top
INFO: [VRFC 10-311] analyzing module colorize_pixel
INFO: [VRFC 10-311] analyzing module vga_gen
INFO: [VRFC 10-311] analyzing module image_buf
INFO: [VRFC 10-311] analyzing module render_fft
INFO: [VRFC 10-311] analyzing module detection_overlay
INFO: [VRFC 10-311] analyzing module stream_register
INFO: [VRFC 10-311] analyzing module vga_top_wrapper
INFO: [VRFC 10-2263] Analyzing SystemVerilog file "/home/fpga13/group_admi/exp_2/exp_2.srcs/sim_1/imports/fpga13/tb.sv" into library xil_defaultlib
INFO: [VRFC 10-311] analyzing module tb
ERROR: [VRFC 10-3195] cannot open include file '../../params.v' [/home/fpga13/group_admi/exp_2/exp_2.srcs/sim_1/imports/fpga13/tb.sv:15]
ERROR: [VRFC 10-8530] module 'tb' is ignored due to previous errors [/home/fpga13/group_admi/exp_2/exp_2.srcs/sim_1/imports/fpga13/tb.sv:3]
INFO: [VRFC 10-311] analyzing module vga_model
ERROR: [VRFC 10-8492] illegal operator '!==' for real expression [/home/fpga13/group_admi/exp_2/exp_2.srcs/sim_1/imports/fpga13/tb.sv:173]
ERROR: [VRFC 10-8492] illegal operator '!==' for real expression [/home/fpga13/group_admi/exp_2/exp_2.srcs/sim_1/imports/fpga13/tb.sv:188]
ERROR: [VRFC 10-807] illegal context for real expression [/home/fpga13/group_admi/exp_2/exp_2.srcs/sim_1/imports/fpga13/tb.sv:213]
ERROR: [VRFC 10-807] illegal context for real expression [/home/fpga13/group_admi/exp_2/exp_2.srcs/sim_1/imports/fpga13/tb.sv:219]
ERROR: [VRFC 10-8530] module 'vga_model' is ignored due to previous errors [/home/fpga13/group_admi/exp_2/exp_2.srcs/sim_1/imports/fpga13/tb.sv:111]
INFO: [VRFC 10-311] analyzing module clock_gen
ERROR: [VRFC 10-3195] cannot open include file '../../params.v' [/home/fpga13/group_admi/exp_2/exp_2.srcs/sim_1/imports/fpga13/tb.sv:261]
ERROR: [VRFC 10-2989] 'TCLK' is not declared [/home/fpga13/group_admi/exp_2/exp_2.srcs/sim_1/imports/fpga13/tb.sv:264]
ERROR: [VRFC 10-8530] module 'clock_gen' is ignored due to previous errors [/home/fpga13/group_admi/exp_2/exp_2.srcs/sim_1/imports/fpga13/tb.sv:254]
INFO: [VRFC 10-311] analyzing module stream_prop
ERROR: [VRFC 10-8530] module 'stream_prop' is ignored due to previous errors [/home/fpga13/group_admi/exp_2/exp_2.srcs/sim_1/imports/fpga13/tb.sv:303]
