Time resolution is 1 ps
Note:   - SCALING_SCH: in_ptr = 1, out_ptr = 1
Time: 0 ps  Iteration: 0  Process: /fft_test/i_fft/u_serial_fft/our_fft/U0/i_synth/axi_wrapper/gen_config_fifo_in/line__94240  File: C:/Xilinx/2025.1/Vivado/data/ip/xilinx/xfft_v9_1/hdl/xfft_v9_1_vh_rfs.vhd
Note:     - C_CHANNELS  = 1
Time: 0 ps  Iteration: 0  Process: /fft_test/i_fft/u_serial_fft/our_fft/U0/i_synth/axi_wrapper/gen_config_fifo_in/line__94240  File: C:/Xilinx/2025.1/Vivado/data/ip/xilinx/xfft_v9_1/hdl/xfft_v9_1_vh_rfs.vhd
Note:     - field_width = 18
Time: 0 ps  Iteration: 0  Process: /fft_test/i_fft/u_serial_fft/our_fft/U0/i_synth/axi_wrapper/gen_config_fifo_in/line__94240  File: C:/Xilinx/2025.1/Vivado/data/ip/xilinx/xfft_v9_1/hdl/xfft_v9_1_vh_rfs.vhd
Note:   - Copying SCALE_SCH from 18 downto 1 to 18 downto 1
Time: 0 ps  Iteration: 0  Process: /fft_test/i_fft/u_serial_fft/our_fft/U0/i_synth/axi_wrapper/gen_config_fifo_in/line__94240  File: C:/Xilinx/2025.1/Vivado/data/ip/xilinx/xfft_v9_1/hdl/xfft_v9_1_vh_rfs.vhd
Note:   - SCALING_SCH: in_ptr = 1, out_ptr = 1
Time: 0 ps  Iteration: 1  Process: /fft_test/i_fft/u_serial_fft/our_fft/U0/i_synth/axi_wrapper/gen_config_fifo_in/line__94240  File: C:/Xilinx/2025.1/Vivado/data/ip/xilinx/xfft_v9_1/hdl/xfft_v9_1_vh_rfs.vhd
Note:     - C_CHANNELS  = 1
Time: 0 ps  Iteration: 1  Process: /fft_test/i_fft/u_serial_fft/our_fft/U0/i_synth/axi_wrapper/gen_config_fifo_in/line__94240  File: C:/Xilinx/2025.1/Vivado/data/ip/xilinx/xfft_v9_1/hdl/xfft_v9_1_vh_rfs.vhd
Note:     - field_width = 18
Time: 0 ps  Iteration: 1  Process: /fft_test/i_fft/u_serial_fft/our_fft/U0/i_synth/axi_wrapper/gen_config_fifo_in/line__94240  File: C:/Xilinx/2025.1/Vivado/data/ip/xilinx/xfft_v9_1/hdl/xfft_v9_1_vh_rfs.vhd
Note:   - Copying SCALE_SCH from 18 downto 1 to 18 downto 1
Time: 0 ps  Iteration: 1  Process: /fft_test/i_fft/u_serial_fft/our_fft/U0/i_synth/axi_wrapper/gen_config_fifo_in/line__94240  File: C:/Xilinx/2025.1/Vivado/data/ip/xilinx/xfft_v9_1/hdl/xfft_v9_1_vh_rfs.vhd
Info: [XPM_MEMORY 20-1] MEMORY_PRIMITIVE (0) instructs Vivado Synthesis to choose the memory primitive type. Depending on their values, other XPM_MEMORY parameters may preclude the choice of certain memory primitive types. Review XPM_MEMORY documentation and parameter values to understand any limitations, or set MEMORY_PRIMITIVE to a different value. fft_test.i_fft.u_serial_fft.i_xpm_memory_tdpram.xpm_memory_base_inst.config_drc
Time: 1 ps  Iteration: 0  Process: /fft_test/i_fft/u_serial_fft/i_xpm_memory_tdpram/xpm_memory_base_inst/Initial310_0  Scope: fft_test.i_fft.u_serial_fft.i_xpm_memory_tdpram.xpm_memory_base_inst.config_drc  File: C:/Xilinx/2025.1/Vivado/data/ip/xpm/xpm_memory/hdl/xpm_memory.sv Line: 522
Info: [XPM_MEMORY 20-2] MEMORY_INIT_FILE (none), MEMORY_INIT_PARAM together specify no memory initialization. Initial memory contents will be all 0's. fft_test.i_fft.u_serial_fft.i_xpm_memory_tdpram.xpm_memory_base_inst.config_drc 48
Time: 1 ps  Iteration: 0  Process: /fft_test/i_fft/u_serial_fft/i_xpm_memory_tdpram/xpm_memory_base_inst/Initial310_0  Scope: fft_test.i_fft.u_serial_fft.i_xpm_memory_tdpram.xpm_memory_base_inst.config_drc  File: C:/Xilinx/2025.1/Vivado/data/ip/xpm/xpm_memory/hdl/xpm_memory.sv Line: 524
Failure: ERROR:add_1 must be in range [-1,DEPTH-1]
Time: 35 ns  Iteration: 1
$finish called at time : 35 ns
Warning: NUMERIC_STD."=": metavalue detected, returning FALSE
Time: 35 ns  Iteration: 1
Warning: NUMERIC_STD."=": metavalue detected, returning FALSE
Time: 35 ns  Iteration: 1
Failure: ERROR:empty_1 and not_empty_1 are inconsistent
Time: 35 ns  Iteration: 1
$finish called at time : 35 ns
Failure: ERROR:add_1 must be in range [-1,DEPTH-1]
Time: 45 ns  Iteration: 1
$finish called at time : 45 ns
Warning: NUMERIC_STD."=": metavalue detected, returning FALSE
Time: 45 ns  Iteration: 1
Warning: NUMERIC_STD."=": metavalue detected, returning FALSE
Time: 45 ns  Iteration: 1
Failure: ERROR:empty_1 and not_empty_1 are inconsistent
Time: 45 ns  Iteration: 1
$finish called at time : 45 ns
Failure: ERROR:add_1 must be in range [-1,DEPTH-1]
Time: 55 ns  Iteration: 1
$finish called at time : 55 ns
Warning: NUMERIC_STD."=": metavalue detected, returning FALSE
Time: 55 ns  Iteration: 1
Warning: NUMERIC_STD."=": metavalue detected, returning FALSE
Time: 55 ns  Iteration: 1
Failure: ERROR:empty_1 and not_empty_1 are inconsistent
Time: 55 ns  Iteration: 1
$finish called at time : 55 ns
Failure: ERROR:add_1 must be in range [-1,DEPTH-1]
Time: 65 ns  Iteration: 1
$finish called at time : 65 ns
Note:   - SCALING_SCH: in_ptr = 1, out_ptr = 1
Time: 0 ps  Iteration: 0  Process: /fft_test/i_fft/u_serial_fft/our_fft/U0/i_synth/axi_wrapper/gen_config_fifo_in/line__94240  File: C:/Xilinx/2025.1/Vivado/data/ip/xilinx/xfft_v9_1/hdl/xfft_v9_1_vh_rfs.vhd
Note:     - C_CHANNELS  = 1
Time: 0 ps  Iteration: 0  Process: /fft_test/i_fft/u_serial_fft/our_fft/U0/i_synth/axi_wrapper/gen_config_fifo_in/line__94240  File: C:/Xilinx/2025.1/Vivado/data/ip/xilinx/xfft_v9_1/hdl/xfft_v9_1_vh_rfs.vhd
Note:     - field_width = 18
Time: 0 ps  Iteration: 0  Process: /fft_test/i_fft/u_serial_fft/our_fft/U0/i_synth/axi_wrapper/gen_config_fifo_in/line__94240  File: C:/Xilinx/2025.1/Vivado/data/ip/xilinx/xfft_v9_1/hdl/xfft_v9_1_vh_rfs.vhd
Note:   - Copying SCALE_SCH from 18 downto 1 to 18 downto 1
Time: 0 ps  Iteration: 0  Process: /fft_test/i_fft/u_serial_fft/our_fft/U0/i_synth/axi_wrapper/gen_config_fifo_in/line__94240  File: C:/Xilinx/2025.1/Vivado/data/ip/xilinx/xfft_v9_1/hdl/xfft_v9_1_vh_rfs.vhd
Note:   - SCALING_SCH: in_ptr = 1, out_ptr = 1
Time: 0 ps  Iteration: 1  Process: /fft_test/i_fft/u_serial_fft/our_fft/U0/i_synth/axi_wrapper/gen_config_fifo_in/line__94240  File: C:/Xilinx/2025.1/Vivado/data/ip/xilinx/xfft_v9_1/hdl/xfft_v9_1_vh_rfs.vhd
Note:     - C_CHANNELS  = 1
Time: 0 ps  Iteration: 1  Process: /fft_test/i_fft/u_serial_fft/our_fft/U0/i_synth/axi_wrapper/gen_config_fifo_in/line__94240  File: C:/Xilinx/2025.1/Vivado/data/ip/xilinx/xfft_v9_1/hdl/xfft_v9_1_vh_rfs.vhd
Note:     - field_width = 18
Time: 0 ps  Iteration: 1  Process: /fft_test/i_fft/u_serial_fft/our_fft/U0/i_synth/axi_wrapper/gen_config_fifo_in/line__94240  File: C:/Xilinx/2025.1/Vivado/data/ip/xilinx/xfft_v9_1/hdl/xfft_v9_1_vh_rfs.vhd
Note:   - Copying SCALE_SCH from 18 downto 1 to 18 downto 1
Time: 0 ps  Iteration: 1  Process: /fft_test/i_fft/u_serial_fft/our_fft/U0/i_synth/axi_wrapper/gen_config_fifo_in/line__94240  File: C:/Xilinx/2025.1/Vivado/data/ip/xilinx/xfft_v9_1/hdl/xfft_v9_1_vh_rfs.vhd
Info: [XPM_MEMORY 20-1] MEMORY_PRIMITIVE (0) instructs Vivado Synthesis to choose the memory primitive type. Depending on their values, other XPM_MEMORY parameters may preclude the choice of certain memory primitive types. Review XPM_MEMORY documentation and parameter values to understand any limitations, or set MEMORY_PRIMITIVE to a different value. fft_test.i_fft.u_serial_fft.i_xpm_memory_tdpram.xpm_memory_base_inst.config_drc
Time: 1 ps  Iteration: 0  Process: /fft_test/i_fft/u_serial_fft/i_xpm_memory_tdpram/xpm_memory_base_inst/Initial310_0  Scope: fft_test.i_fft.u_serial_fft.i_xpm_memory_tdpram.xpm_memory_base_inst.config_drc  File: C:/Xilinx/2025.1/Vivado/data/ip/xpm/xpm_memory/hdl/xpm_memory.sv Line: 522
Info: [XPM_MEMORY 20-2] MEMORY_INIT_FILE (none), MEMORY_INIT_PARAM together specify no memory initialization. Initial memory contents will be all 0's. fft_test.i_fft.u_serial_fft.i_xpm_memory_tdpram.xpm_memory_base_inst.config_drc 48
Time: 1 ps  Iteration: 0  Process: /fft_test/i_fft/u_serial_fft/i_xpm_memory_tdpram/xpm_memory_base_inst/Initial310_0  Scope: fft_test.i_fft.u_serial_fft.i_xpm_memory_tdpram.xpm_memory_base_inst.config_drc  File: C:/Xilinx/2025.1/Vivado/data/ip/xpm/xpm_memory/hdl/xpm_memory.sv Line: 524
Failure: ERROR:add_1 must be in range [-1,DEPTH-1]
Time: 35 ns  Iteration: 1
$finish called at time : 35 ns
Warning: NUMERIC_STD."=": metavalue detected, returning FALSE
Time: 35 ns  Iteration: 1
Warning: NUMERIC_STD."=": metavalue detected, returning FALSE
Time: 35 ns  Iteration: 1
Failure: ERROR:empty_1 and not_empty_1 are inconsistent
Time: 35 ns  Iteration: 1
$finish called at time : 35 ns
Failure: ERROR:add_1 must be in range [-1,DEPTH-1]
Time: 45 ns  Iteration: 1
$finish called at time : 45 ns
Warning: NUMERIC_STD."=": metavalue detected, returning FALSE
Time: 45 ns  Iteration: 1
Warning: NUMERIC_STD."=": metavalue detected, returning FALSE
Time: 45 ns  Iteration: 1
Failure: ERROR:empty_1 and not_empty_1 are inconsistent
Time: 45 ns  Iteration: 1
$finish called at time : 45 ns
Failure: ERROR:add_1 must be in range [-1,DEPTH-1]
Time: 55 ns  Iteration: 1
$finish called at time : 55 ns
Warning: NUMERIC_STD."=": metavalue detected, returning FALSE
Time: 55 ns  Iteration: 1
Warning: NUMERIC_STD."=": metavalue detected, returning FALSE
Time: 55 ns  Iteration: 1
Failure: ERROR:empty_1 and not_empty_1 are inconsistent
Time: 55 ns  Iteration: 1
$finish called at time : 55 ns
Failure: ERROR:add_1 must be in range [-1,DEPTH-1]
Time: 65 ns  Iteration: 1
$finish called at time : 65 ns
Warning: NUMERIC_STD."=": metavalue detected, returning FALSE
Time: 65 ns  Iteration: 1
Warning: NUMERIC_STD."=": metavalue detected, returning FALSE
Time: 65 ns  Iteration: 1
Failure: ERROR:empty_1 and not_empty_1 are inconsistent
Time: 65 ns  Iteration: 1
$finish called at time : 65 ns
Failure: ERROR:add_1 must be in range [-1,DEPTH-1]
Time: 75 ns  Iteration: 1
$finish called at time : 75 ns
Warning: NUMERIC_STD."=": metavalue detected, returning FALSE
Time: 75 ns  Iteration: 1
Warning: NUMERIC_STD."=": metavalue detected, returning FALSE
Time: 75 ns  Iteration: 1
Failure: ERROR:empty_1 and not_empty_1 are inconsistent
Time: 75 ns  Iteration: 1
$finish called at time : 75 ns
Failure: ERROR:add_1 must be in range [-1,DEPTH-1]
Time: 85 ns  Iteration: 1
$finish called at time : 85 ns
Warning: NUMERIC_STD."=": metavalue detected, returning FALSE
Time: 85 ns  Iteration: 1
Warning: NUMERIC_STD."=": metavalue detected, returning FALSE
Time: 85 ns  Iteration: 1
Failure: ERROR:empty_1 and not_empty_1 are inconsistent
Time: 85 ns  Iteration: 1
$finish called at time : 85 ns
Failure: ERROR:add_1 must be in range [-1,DEPTH-1]
Time: 95 ns  Iteration: 1
$finish called at time : 95 ns
Warning: NUMERIC_STD."=": metavalue detected, returning FALSE
Time: 95 ns  Iteration: 1
Warning: NUMERIC_STD."=": metavalue detected, returning FALSE
Time: 95 ns  Iteration: 1
Failure: ERROR:empty_1 and not_empty_1 are inconsistent
Time: 95 ns  Iteration: 1
$finish called at time : 95 ns
Failure: ERROR:add_1 must be in range [-1,DEPTH-1]
Time: 105 ns  Iteration: 1
$finish called at time : 105 ns
Warning: NUMERIC_STD."=": metavalue detected, returning FALSE
Time: 105 ns  Iteration: 1
Warning: NUMERIC_STD."=": metavalue detected, returning FALSE
Time: 105 ns  Iteration: 1
Failure: ERROR:empty_1 and not_empty_1 are inconsistent
Time: 105 ns  Iteration: 1
$finish called at time : 105 ns
Failure: ERROR:add_1 must be in range [-1,DEPTH-1]
Time: 105 ns  Iteration: 1
$finish called at time : 105 ns
Warning: NUMERIC_STD."=": metavalue detected, returning FALSE
Time: 105 ns  Iteration: 1
Warning: NUMERIC_STD."=": metavalue detected, returning FALSE
Time: 105 ns  Iteration: 1
Failure: ERROR:empty_1 and not_empty_1 are inconsistent
Time: 105 ns  Iteration: 1
$finish called at time : 105 ns
Failure: ERROR:rd_avail asserted when rd_valid deasserted
Time: 115 ns  Iteration: 1
$finish called at time : 115 ns
Failure: ERROR:add_1 must be in range [-1,DEPTH-1]
Time: 115 ns  Iteration: 1
$finish called at time : 115 ns
Warning: NUMERIC_STD."=": metavalue detected, returning FALSE
Time: 115 ns  Iteration: 1
Warning: NUMERIC_STD."=": metavalue detected, returning FALSE
Time: 115 ns  Iteration: 1
Failure: ERROR:empty_1 and not_empty_1 are inconsistent
Time: 115 ns  Iteration: 1
$finish called at time : 115 ns
Failure: ERROR:add_1 must be in range [-1,DEPTH-1]
Time: 115 ns  Iteration: 1
$finish called at time : 115 ns
Warning: NUMERIC_STD."=": metavalue detected, returning FALSE
Time: 115 ns  Iteration: 1
Warning: NUMERIC_STD."=": metavalue detected, returning FALSE
Time: 115 ns  Iteration: 1
Failure: ERROR:empty_1 and not_empty_1 are inconsistent
Time: 115 ns  Iteration: 1
$finish called at time : 115 ns
Failure: ERROR:rd_avail asserted when rd_valid deasserted
Time: 125 ns  Iteration: 1
$finish called at time : 125 ns
