

================================================================
== Vitis HLS Report for 'mfcc_Pipeline_task_6'
================================================================
* Date:           Mon Jan 19 23:15:31 2026

* Version:        2023.1 (Build 3854077 on May  4 2023)
* Project:        audrey_4_hls
* Solution:       solution1 (Vivado IP Flow Target)
* Product family: artix7
* Target device:  xc7a100t-csg324-1


================================================================
== Performance Estimates
================================================================
+ Timing: 
    * Summary: 
    +--------+----------+----------+------------+
    |  Clock |  Target  | Estimated| Uncertainty|
    +--------+----------+----------+------------+
    |ap_clk  |  10.00 ns|  3.556 ns|     2.70 ns|
    +--------+----------+----------+------------+

+ Latency: 
    * Summary: 
    +---------+---------+----------+----------+-----+-----+---------+
    |  Latency (cycles) |  Latency (absolute) |  Interval | Pipeline|
    |   min   |   max   |    min   |    max   | min | max |   Type  |
    +---------+---------+----------+----------+-----+-----+---------+
    |       44|       44|  0.440 us|  0.440 us|   44|   44|       no|
    +---------+---------+----------+----------+-----+-----+---------+

    + Detail: 
        * Instance: 
        N/A

        * Loop: 
        +----------+---------+---------+----------+-----------+-----------+------+----------+
        |          |  Latency (cycles) | Iteration|  Initiation Interval  | Trip |          |
        | Loop Name|   min   |   max   |  Latency |  achieved |   target  | Count| Pipelined|
        +----------+---------+---------+----------+-----------+-----------+------+----------+
        |- task_6  |       42|       42|         2|          1|          1|    42|       yes|
        +----------+---------+---------+----------+-----------+-----------+------+----------+



================================================================
== Utilization Estimates
================================================================
* Summary: 
+-----------------+---------+-----+--------+-------+-----+
|       Name      | BRAM_18K| DSP |   FF   |  LUT  | URAM|
+-----------------+---------+-----+--------+-------+-----+
|DSP              |        -|    -|       -|      -|    -|
|Expression       |        -|    -|       0|     46|    -|
|FIFO             |        -|    -|       -|      -|    -|
|Instance         |        -|    -|       -|      -|    -|
|Memory           |        -|    -|       -|      -|    -|
|Multiplexer      |        -|    -|       -|     45|    -|
|Register         |        -|    -|      10|      -|    -|
+-----------------+---------+-----+--------+-------+-----+
|Total            |        0|    0|      10|     91|    0|
+-----------------+---------+-----+--------+-------+-----+
|Available        |      270|  240|  126800|  63400|    0|
+-----------------+---------+-----+--------+-------+-----+
|Utilization (%)  |        0|    0|      ~0|     ~0|    0|
+-----------------+---------+-----+--------+-------+-----+

+ Detail: 
    * Instance: 
    N/A

    * DSP: 
    N/A

    * Memory: 
    N/A

    * FIFO: 
    N/A

    * Expression: 
    +---------------------------+----------+----+---+----+------------+------------+
    |       Variable Name       | Operation| DSP| FF| LUT| Bitwidth P0| Bitwidth P1|
    +---------------------------+----------+----+---+----+------------+------------+
    |add_ln107_fu_105_p2        |         +|   0|  0|  14|           6|           1|
    |ap_block_pp0_stage0_01001  |       and|   0|  0|   2|           1|           1|
    |icmp_ln107_fu_99_p2        |      icmp|   0|  0|  14|           6|           6|
    |val_out_last_fu_116_p2     |      icmp|   0|  0|  14|           6|           6|
    |ap_enable_pp0              |       xor|   0|  0|   2|           1|           2|
    +---------------------------+----------+----+---+----+------------+------------+
    |Total                      |          |   0|  0|  46|          20|          16|
    +---------------------------+----------+----+---+----+------------+------------+

    * Multiplexer: 
    +-------------------------+----+-----------+-----+-----------+
    |           Name          | LUT| Input Size| Bits| Total Bits|
    +-------------------------+----+-----------+-----+-----------+
    |ap_done_int              |   9|          2|    1|          2|
    |ap_enable_reg_pp0_iter1  |   9|          2|    1|          2|
    |ap_sig_allocacmp_m_1     |   9|          2|    6|         12|
    |m_fu_56                  |   9|          2|    6|         12|
    |out_stream_TDATA_blk_n   |   9|          2|    1|          2|
    +-------------------------+----+-----------+-----+-----------+
    |Total                    |  45|         10|   15|         30|
    +-------------------------+----+-----------+-----+-----------+

    * Register: 
    +-------------------------+---+----+-----+-----------+
    |           Name          | FF| LUT| Bits| Const Bits|
    +-------------------------+---+----+-----+-----------+
    |ap_CS_fsm                |  1|   0|    1|          0|
    |ap_done_reg              |  1|   0|    1|          0|
    |ap_enable_reg_pp0_iter1  |  1|   0|    1|          0|
    |m_fu_56                  |  6|   0|    6|          0|
    |val_out_last_reg_147     |  1|   0|    1|          0|
    +-------------------------+---+----+-----+-----------+
    |Total                    | 10|   0|   10|          0|
    +-------------------------+---+----+-----+-----------+



================================================================
== Interface
================================================================
* Summary: 
+-------------------+-----+-----+------------+----------------------+--------------+
|     RTL Ports     | Dir | Bits|  Protocol  |     Source Object    |    C Type    |
+-------------------+-----+-----+------------+----------------------+--------------+
|ap_clk             |   in|    1|  ap_ctrl_hs|  mfcc_Pipeline_task_6|  return value|
|ap_rst             |   in|    1|  ap_ctrl_hs|  mfcc_Pipeline_task_6|  return value|
|ap_start           |   in|    1|  ap_ctrl_hs|  mfcc_Pipeline_task_6|  return value|
|ap_done            |  out|    1|  ap_ctrl_hs|  mfcc_Pipeline_task_6|  return value|
|ap_idle            |  out|    1|  ap_ctrl_hs|  mfcc_Pipeline_task_6|  return value|
|ap_ready           |  out|    1|  ap_ctrl_hs|  mfcc_Pipeline_task_6|  return value|
|out_stream_TREADY  |   in|    1|        axis|   out_stream_V_data_V|       pointer|
|out_stream_TDATA   |  out|   16|        axis|   out_stream_V_data_V|       pointer|
|mfcc_1_address0    |  out|    6|   ap_memory|                mfcc_1|         array|
|mfcc_1_ce0         |  out|    1|   ap_memory|                mfcc_1|         array|
|mfcc_1_q0          |   in|   15|   ap_memory|                mfcc_1|         array|
|out_stream_TVALID  |  out|    1|        axis|   out_stream_V_last_V|       pointer|
|out_stream_TLAST   |  out|    1|        axis|   out_stream_V_last_V|       pointer|
|out_stream_TKEEP   |  out|    2|        axis|   out_stream_V_keep_V|       pointer|
|out_stream_TSTRB   |  out|    2|        axis|   out_stream_V_strb_V|       pointer|
+-------------------+-----+-----+------------+----------------------+--------------+

============================================================
+ Verbose Summary: Synthesis Manager
============================================================
InlineROM: 1
ExposeGlobal: 0
============================================================
+ Verbose Summary: CDFG Model
============================================================
IsTopModel: 0
ResetActiveHigh: 1
IsCombinational: 2
IsDatapathOnly: 2
HasWiredReturn: 1
HasMFsm: 2
HasVarLatency: 1
IsPipeline: 0
IsRtlPipelined: 0
IsInstanceOverlapped: 0
IsDontTouch: 0
HasImplIP: 0
IsGatedGlobalClock: 0

+ Individual pipeline summary: 
  * Pipeline-0: initiation interval (II) = 1, depth = 2


============================================================
+ Verbose Summary: Schedule
============================================================
* Number of FSM states : 2
* Pipeline : 1
  Pipeline-0 : II = 1, D = 2, States = { 1 2 }
* Dataflow Pipeline: 0

* FSM state transitions: 
1 --> 2 
2 --> 

* FSM state operations: 

State 1 <SV = 0> <Delay = 3.55>
ST_1 : Operation 5 [1/1] (0.00ns)   --->   "%m = alloca i32 1"   --->   Operation 5 'alloca' 'm' <Predicate = true> <Delay = 0.00>
ST_1 : Operation 6 [1/1] (0.00ns)   --->   "%specaxissidechannel_ln0 = specaxissidechannel void @_ssdm_op_SpecAXISSideChannel, i16 %out_stream_V_data_V, i2 %out_stream_V_keep_V, i2 %out_stream_V_strb_V, i1 0, i1 %out_stream_V_last_V, i1 0, i1 0, void @empty_2"   --->   Operation 6 'specaxissidechannel' 'specaxissidechannel_ln0' <Predicate = true> <Delay = 0.00>
ST_1 : Operation 7 [1/1] (0.00ns)   --->   "%specinterface_ln0 = specinterface void @_ssdm_op_SpecInterface, i1 %out_stream_V_last_V, i2 %out_stream_V_strb_V, i2 %out_stream_V_keep_V, i16 %out_stream_V_data_V, void @empty_5, i32 0, i32 0, void @empty_0, i32 0, i32 0, void @empty_1, void @empty_1, void @empty_1, i32 0, i32 0, i32 0, i32 0, void @empty_1, void @empty_1, i32 4294967295, i32 0"   --->   Operation 7 'specinterface' 'specinterface_ln0' <Predicate = true> <Delay = 0.00>
ST_1 : Operation 8 [1/1] (1.61ns)   --->   "%store_ln0 = store i6 0, i6 %m"   --->   Operation 8 'store' 'store_ln0' <Predicate = true> <Delay = 1.61>
ST_1 : Operation 9 [1/1] (0.00ns)   --->   "%br_ln0 = br void %for.inc33"   --->   Operation 9 'br' 'br_ln0' <Predicate = true> <Delay = 0.00>
ST_1 : Operation 10 [1/1] (0.00ns)   --->   "%m_1 = load i6 %m" [audrey_4_hls/mfcc.cpp:107]   --->   Operation 10 'load' 'm_1' <Predicate = true> <Delay = 0.00>
ST_1 : Operation 11 [1/1] (0.00ns)   --->   "%specpipeline_ln0 = specpipeline void @_ssdm_op_SpecPipeline, i32 4294967295, i32 0, i32 1, i32 0, void @p_str"   --->   Operation 11 'specpipeline' 'specpipeline_ln0' <Predicate = true> <Delay = 0.00>
ST_1 : Operation 12 [1/1] (1.94ns)   --->   "%icmp_ln107 = icmp_eq  i6 %m_1, i6 42" [audrey_4_hls/mfcc.cpp:107]   --->   Operation 12 'icmp' 'icmp_ln107' <Predicate = true> <Delay = 1.94> <CoreInst = "Cmp">   --->   Core 9 'Cmp' <Latency = 0> <II = 1> <Delay = 1.94> <FuncUnit> <Opcode : 'icmp'> <InPorts = 2> <OutPorts = 1>
ST_1 : Operation 13 [1/1] (1.94ns)   --->   "%add_ln107 = add i6 %m_1, i6 1" [audrey_4_hls/mfcc.cpp:107]   --->   Operation 13 'add' 'add_ln107' <Predicate = true> <Delay = 1.94> <CoreInst = "Adder">   --->   Core 1 'Adder' <Latency = 0> <II = 1> <Delay = 1.94> <FuncUnit> <Opcode : 'add' 'sub'> <InPorts = 2> <OutPorts = 1>
ST_1 : Operation 14 [1/1] (0.00ns)   --->   "%br_ln107 = br i1 %icmp_ln107, void %for.inc33.split, void %for.end35.exitStub" [audrey_4_hls/mfcc.cpp:107]   --->   Operation 14 'br' 'br_ln107' <Predicate = true> <Delay = 0.00>
ST_1 : Operation 15 [1/1] (0.00ns)   --->   "%m_2_cast = zext i6 %m_1" [audrey_4_hls/mfcc.cpp:107]   --->   Operation 15 'zext' 'm_2_cast' <Predicate = (!icmp_ln107)> <Delay = 0.00>
ST_1 : Operation 16 [1/1] (0.00ns)   --->   "%mfcc_1_addr = getelementptr i15 %mfcc_1, i64 0, i64 %m_2_cast" [audrey_4_hls/mfcc.cpp:110]   --->   Operation 16 'getelementptr' 'mfcc_1_addr' <Predicate = (!icmp_ln107)> <Delay = 0.00>
ST_1 : Operation 17 [2/2] (2.15ns)   --->   "%val_out_data = load i6 %mfcc_1_addr" [audrey_4_hls/mfcc.cpp:110]   --->   Operation 17 'load' 'val_out_data' <Predicate = (!icmp_ln107)> <Delay = 2.15> <CoreInst = "RAM">   --->   Core 82 'RAM' <Latency = 1> <II = 1> <Delay = 2.15> <Storage> <Opcode : 'load' 'store'> <Ports = 2> <Width = 15> <Depth = 42> <RAM>
ST_1 : Operation 18 [1/1] (1.94ns)   --->   "%val_out_last = icmp_eq  i6 %m_1, i6 41" [audrey_4_hls/mfcc.cpp:114]   --->   Operation 18 'icmp' 'val_out_last' <Predicate = (!icmp_ln107)> <Delay = 1.94> <CoreInst = "Cmp">   --->   Core 9 'Cmp' <Latency = 0> <II = 1> <Delay = 1.94> <FuncUnit> <Opcode : 'icmp'> <InPorts = 2> <OutPorts = 1>
ST_1 : Operation 19 [1/1] (1.61ns)   --->   "%store_ln107 = store i6 %add_ln107, i6 %m" [audrey_4_hls/mfcc.cpp:107]   --->   Operation 19 'store' 'store_ln107' <Predicate = (!icmp_ln107)> <Delay = 1.61>
ST_1 : Operation 26 [1/1] (0.00ns)   --->   "%ret_ln0 = ret"   --->   Operation 26 'ret' 'ret_ln0' <Predicate = (icmp_ln107)> <Delay = 0.00>

State 2 <SV = 1> <Delay = 2.15>
ST_2 : Operation 20 [1/1] (0.00ns)   --->   "%speclooptripcount_ln107 = speclooptripcount void @_ssdm_op_SpecLoopTripCount, i64 42, i64 42, i64 42" [audrey_4_hls/mfcc.cpp:107]   --->   Operation 20 'speclooptripcount' 'speclooptripcount_ln107' <Predicate = true> <Delay = 0.00>
ST_2 : Operation 21 [1/1] (0.00ns)   --->   "%specloopname_ln107 = specloopname void @_ssdm_op_SpecLoopName, void @empty_7" [audrey_4_hls/mfcc.cpp:107]   --->   Operation 21 'specloopname' 'specloopname_ln107' <Predicate = true> <Delay = 0.00>
ST_2 : Operation 22 [1/2] (2.15ns)   --->   "%val_out_data = load i6 %mfcc_1_addr" [audrey_4_hls/mfcc.cpp:110]   --->   Operation 22 'load' 'val_out_data' <Predicate = true> <Delay = 2.15> <CoreInst = "RAM">   --->   Core 82 'RAM' <Latency = 1> <II = 1> <Delay = 2.15> <Storage> <Opcode : 'load' 'store'> <Ports = 2> <Width = 15> <Depth = 42> <RAM>
ST_2 : Operation 23 [1/1] (0.00ns)   --->   "%sext_ln109 = sext i15 %val_out_data" [audrey_4_hls/mfcc.cpp:109]   --->   Operation 23 'sext' 'sext_ln109' <Predicate = true> <Delay = 0.00>
ST_2 : Operation 24 [1/1] (0.00ns)   --->   "%write_ln117 = write void @_ssdm_op_Write.axis.volatile.i16P0A.i2P0A.i2P0A.i1P0A, i16 %out_stream_V_data_V, i2 %out_stream_V_keep_V, i2 %out_stream_V_strb_V, i1 %out_stream_V_last_V, i16 %sext_ln109, i2 3, i2 3, i1 %val_out_last" [audrey_4_hls/mfcc.cpp:117]   --->   Operation 24 'write' 'write_ln117' <Predicate = true> <Delay = 0.00> <CoreInst = "axis">   --->   Core 115 'axis' <Latency = 0> <II = 1> <Delay = 1.00> <Adapter> <Opcode : >
ST_2 : Operation 25 [1/1] (0.00ns)   --->   "%br_ln107 = br void %for.inc33" [audrey_4_hls/mfcc.cpp:107]   --->   Operation 25 'br' 'br_ln107' <Predicate = true> <Delay = 0.00>


============================================================
+ Verbose Summary: Binding
============================================================
STG Binding: 
---------------- STG Properties BEGIN ----------------
- Is combinational: 0
- Is one-state seq: 0
- Is datapath-only: 0
- Is pipelined: 0
- Is top level: 0
Port [ Return ] is wired: 1; IO mode=ap_ctrl_hs:ce=0
Port [ mfcc_1]:  wired=1; compound=1; hidden=0; nouse=0; global=0; static=0; extern=0; dir=0; type=1; pingpong=0; private_global=0; MemPort=[13]; IO mode=ap_memory:ce=0
Port [ out_stream_V_data_V]:  wired=1; compound=1; hidden=0; nouse=0; global=0; static=0; extern=0; dir=1; type=0; pingpong=0; private_global=0; IO mode=axis:ce=0
Port [ out_stream_V_keep_V]:  wired=1; compound=1; hidden=0; nouse=0; global=0; static=0; extern=0; dir=1; type=0; pingpong=0; private_global=0; IO mode=axis:ce=0
Port [ out_stream_V_strb_V]:  wired=1; compound=1; hidden=0; nouse=0; global=0; static=0; extern=0; dir=1; type=0; pingpong=0; private_global=0; IO mode=axis:ce=0
Port [ out_stream_V_last_V]:  wired=1; compound=1; hidden=0; nouse=0; global=0; static=0; extern=0; dir=1; type=0; pingpong=0; private_global=0; IO mode=axis:ce=0
---------------- STG Properties END ------------------

---------------- Datapath Model BEGIN ----------------

<LifeTime>
<method=bitvector/>
m                       (alloca             ) [ 010]
specaxissidechannel_ln0 (specaxissidechannel) [ 000]
specinterface_ln0       (specinterface      ) [ 000]
store_ln0               (store              ) [ 000]
br_ln0                  (br                 ) [ 000]
m_1                     (load               ) [ 000]
specpipeline_ln0        (specpipeline       ) [ 000]
icmp_ln107              (icmp               ) [ 010]
add_ln107               (add                ) [ 000]
br_ln107                (br                 ) [ 000]
m_2_cast                (zext               ) [ 000]
mfcc_1_addr             (getelementptr      ) [ 011]
val_out_last            (icmp               ) [ 011]
store_ln107             (store              ) [ 000]
speclooptripcount_ln107 (speclooptripcount  ) [ 000]
specloopname_ln107      (specloopname       ) [ 000]
val_out_data            (load               ) [ 000]
sext_ln109              (sext               ) [ 000]
write_ln117             (write              ) [ 000]
br_ln107                (br                 ) [ 000]
ret_ln0                 (ret                ) [ 000]
</LifeTime>

<model>

<comp_list>
<comp id="0" class="1000" name="mfcc_1">
<pin_list>
<pin id="1" dir="1" index="0" bw="1" slack="0"/>
</pin_list>
<bind>
<StgValue><ssdm name="mfcc_1"/><MemPortTyVec>1 3 </MemPortTyVec>
</StgValue>
</bind>
</comp>

<comp id="2" class="1000" name="out_stream_V_data_V">
<pin_list>
<pin id="3" dir="1" index="0" bw="1" slack="0"/>
</pin_list>
<bind>
<StgValue><ssdm name="out_stream_V_data_V"/></StgValue>
</bind>
</comp>

<comp id="4" class="1000" name="out_stream_V_keep_V">
<pin_list>
<pin id="5" dir="1" index="0" bw="1" slack="0"/>
</pin_list>
<bind>
<StgValue><ssdm name="out_stream_V_keep_V"/></StgValue>
</bind>
</comp>

<comp id="6" class="1000" name="out_stream_V_strb_V">
<pin_list>
<pin id="7" dir="1" index="0" bw="1" slack="0"/>
</pin_list>
<bind>
<StgValue><ssdm name="out_stream_V_strb_V"/></StgValue>
</bind>
</comp>

<comp id="8" class="1000" name="out_stream_V_last_V">
<pin_list>
<pin id="9" dir="1" index="0" bw="1" slack="0"/>
</pin_list>
<bind>
<StgValue><ssdm name="out_stream_V_last_V"/></StgValue>
</bind>
</comp>

<comp id="10" class="1001" name="const_10">
<pin_list>
<pin id="11" dir="1" index="0" bw="1" slack="0"/>
</pin_list>
<bind>
<StgValue><ssdm name=""/></StgValue>
</bind>
</comp>

<comp id="12" class="1001" name="const_12">
<pin_list>
<pin id="13" dir="1" index="0" bw="1" slack="2147483647"/>
</pin_list>
<bind>
<StgValue><ssdm name="_ssdm_op_SpecAXISSideChannel"/></StgValue>
</bind>
</comp>

<comp id="14" class="1001" name="const_14">
<pin_list>
<pin id="15" dir="1" index="0" bw="1" slack="2147483647"/>
</pin_list>
<bind>
<StgValue><ssdm name=""/></StgValue>
</bind>
</comp>

<comp id="16" class="1001" name="const_16">
<pin_list>
<pin id="17" dir="1" index="0" bw="1" slack="2147483647"/>
</pin_list>
<bind>
<StgValue><ssdm name="empty_2"/></StgValue>
</bind>
</comp>

<comp id="18" class="1001" name="const_18">
<pin_list>
<pin id="19" dir="1" index="0" bw="1" slack="2147483647"/>
</pin_list>
<bind>
<StgValue><ssdm name="_ssdm_op_SpecInterface"/></StgValue>
</bind>
</comp>

<comp id="20" class="1001" name="const_20">
<pin_list>
<pin id="21" dir="1" index="0" bw="1" slack="2147483647"/>
</pin_list>
<bind>
<StgValue><ssdm name="empty_5"/></StgValue>
</bind>
</comp>

<comp id="22" class="1001" name="const_22">
<pin_list>
<pin id="23" dir="1" index="0" bw="1" slack="2147483647"/>
</pin_list>
<bind>
<StgValue><ssdm name=""/></StgValue>
</bind>
</comp>

<comp id="24" class="1001" name="const_24">
<pin_list>
<pin id="25" dir="1" index="0" bw="1" slack="2147483647"/>
</pin_list>
<bind>
<StgValue><ssdm name="empty_0"/></StgValue>
</bind>
</comp>

<comp id="26" class="1001" name="const_26">
<pin_list>
<pin id="27" dir="1" index="0" bw="1" slack="2147483647"/>
</pin_list>
<bind>
<StgValue><ssdm name="empty_1"/></StgValue>
</bind>
</comp>

<comp id="28" class="1001" name="const_28">
<pin_list>
<pin id="29" dir="1" index="0" bw="1" slack="2147483647"/>
</pin_list>
<bind>
<StgValue><ssdm name=""/></StgValue>
</bind>
</comp>

<comp id="30" class="1001" name="const_30">
<pin_list>
<pin id="31" dir="1" index="0" bw="1" slack="0"/>
</pin_list>
<bind>
<StgValue><ssdm name=""/></StgValue>
</bind>
</comp>

<comp id="32" class="1001" name="const_32">
<pin_list>
<pin id="33" dir="1" index="0" bw="1" slack="2147483647"/>
</pin_list>
<bind>
<StgValue><ssdm name="_ssdm_op_SpecPipeline"/></StgValue>
</bind>
</comp>

<comp id="34" class="1001" name="const_34">
<pin_list>
<pin id="35" dir="1" index="0" bw="1" slack="2147483647"/>
</pin_list>
<bind>
<StgValue><ssdm name="p_str"/></StgValue>
</bind>
</comp>

<comp id="36" class="1001" name="const_36">
<pin_list>
<pin id="37" dir="1" index="0" bw="1" slack="0"/>
</pin_list>
<bind>
<StgValue><ssdm name=""/></StgValue>
</bind>
</comp>

<comp id="38" class="1001" name="const_38">
<pin_list>
<pin id="39" dir="1" index="0" bw="1" slack="0"/>
</pin_list>
<bind>
<StgValue><ssdm name=""/></StgValue>
</bind>
</comp>

<comp id="40" class="1001" name="const_40">
<pin_list>
<pin id="41" dir="1" index="0" bw="1" slack="0"/>
</pin_list>
<bind>
<StgValue><ssdm name=""/></StgValue>
</bind>
</comp>

<comp id="42" class="1001" name="const_42">
<pin_list>
<pin id="43" dir="1" index="0" bw="1" slack="0"/>
</pin_list>
<bind>
<StgValue><ssdm name=""/></StgValue>
</bind>
</comp>

<comp id="44" class="1001" name="const_44">
<pin_list>
<pin id="45" dir="1" index="0" bw="1" slack="2147483647"/>
</pin_list>
<bind>
<StgValue><ssdm name="_ssdm_op_SpecLoopTripCount"/></StgValue>
</bind>
</comp>

<comp id="46" class="1001" name="const_46">
<pin_list>
<pin id="47" dir="1" index="0" bw="1" slack="2147483647"/>
</pin_list>
<bind>
<StgValue><ssdm name=""/></StgValue>
</bind>
</comp>

<comp id="48" class="1001" name="const_48">
<pin_list>
<pin id="49" dir="1" index="0" bw="1" slack="2147483647"/>
</pin_list>
<bind>
<StgValue><ssdm name="_ssdm_op_SpecLoopName"/></StgValue>
</bind>
</comp>

<comp id="50" class="1001" name="const_50">
<pin_list>
<pin id="51" dir="1" index="0" bw="1" slack="2147483647"/>
</pin_list>
<bind>
<StgValue><ssdm name="empty_7"/></StgValue>
</bind>
</comp>

<comp id="52" class="1001" name="const_52">
<pin_list>
<pin id="53" dir="1" index="0" bw="1" slack="0"/>
</pin_list>
<bind>
<StgValue><ssdm name="_ssdm_op_Write.axis.volatile.i16P0A.i2P0A.i2P0A.i1P0A"/></StgValue>
</bind>
</comp>

<comp id="54" class="1001" name="const_54">
<pin_list>
<pin id="55" dir="1" index="0" bw="1" slack="0"/>
</pin_list>
<bind>
<StgValue><ssdm name=""/></StgValue>
</bind>
</comp>

<comp id="56" class="1004" name="m_fu_56">
<pin_list>
<pin id="57" dir="0" index="0" bw="1" slack="0"/>
<pin id="58" dir="1" index="1" bw="6" slack="0"/>
</pin_list>
<bind>
<opcode="alloca(26) " fcode="alloca"/>
<opset="m/1 "/>
</bind>
</comp>

<comp id="60" class="1004" name="write_ln117_write_fu_60">
<pin_list>
<pin id="61" dir="0" index="0" bw="0" slack="0"/>
<pin id="62" dir="0" index="1" bw="16" slack="0"/>
<pin id="63" dir="0" index="2" bw="2" slack="0"/>
<pin id="64" dir="0" index="3" bw="2" slack="0"/>
<pin id="65" dir="0" index="4" bw="1" slack="0"/>
<pin id="66" dir="0" index="5" bw="15" slack="0"/>
<pin id="67" dir="0" index="6" bw="1" slack="0"/>
<pin id="68" dir="0" index="7" bw="1" slack="0"/>
<pin id="69" dir="0" index="8" bw="1" slack="1"/>
<pin id="70" dir="1" index="9" bw="0" slack="2147483647"/>
</pin_list>
<bind>
<opcode="write(1151) " fcode="write"/>
<opset="write_ln117/2 "/>
</bind>
</comp>

<comp id="78" class="1004" name="mfcc_1_addr_gep_fu_78">
<pin_list>
<pin id="79" dir="0" index="0" bw="15" slack="0"/>
<pin id="80" dir="0" index="1" bw="1" slack="0"/>
<pin id="81" dir="0" index="2" bw="6" slack="0"/>
<pin id="82" dir="1" index="3" bw="6" slack="0"/>
</pin_list>
<bind>
<opcode="getelementptr(29) " fcode="getelementptr"/>
<opset="mfcc_1_addr/1 "/>
</bind>
</comp>

<comp id="85" class="1004" name="grp_access_fu_85">
<pin_list>
<pin id="86" dir="0" index="0" bw="6" slack="0"/>
<pin id="87" dir="0" index="1" bw="15" slack="2147483647"/>
<pin id="88" dir="0" index="2" bw="0" slack="2147483647"/>
<pin id="89" dir="1" index="3" bw="15" slack="0"/>
</pin_list>
<bind>
<opcode="load(27) " fcode="load"/>
<opset="val_out_data/1 "/>
</bind>
</comp>

<comp id="91" class="1004" name="store_ln0_store_fu_91">
<pin_list>
<pin id="92" dir="0" index="0" bw="1" slack="0"/>
<pin id="93" dir="0" index="1" bw="6" slack="0"/>
<pin id="94" dir="1" index="2" bw="0" slack="2147483647"/>
</pin_list>
<bind>
<opcode="store(28) " fcode="store"/>
<opset="store_ln0/1 "/>
</bind>
</comp>

<comp id="96" class="1004" name="m_1_load_fu_96">
<pin_list>
<pin id="97" dir="0" index="0" bw="6" slack="0"/>
<pin id="98" dir="1" index="1" bw="6" slack="0"/>
</pin_list>
<bind>
<opcode="load(27) " fcode="load"/>
<opset="m_1/1 "/>
</bind>
</comp>

<comp id="99" class="1004" name="icmp_ln107_fu_99">
<pin_list>
<pin id="100" dir="0" index="0" bw="6" slack="0"/>
<pin id="101" dir="0" index="1" bw="6" slack="0"/>
<pin id="102" dir="1" index="2" bw="1" slack="2147483647"/>
</pin_list>
<bind>
<opcode="icmp(45) " fcode="icmp"/>
<opset="icmp_ln107/1 "/>
</bind>
</comp>

<comp id="105" class="1004" name="add_ln107_fu_105">
<pin_list>
<pin id="106" dir="0" index="0" bw="6" slack="0"/>
<pin id="107" dir="0" index="1" bw="1" slack="0"/>
<pin id="108" dir="1" index="2" bw="6" slack="0"/>
</pin_list>
<bind>
<opcode="add(8) " fcode="add"/>
<opset="add_ln107/1 "/>
</bind>
</comp>

<comp id="111" class="1004" name="m_2_cast_fu_111">
<pin_list>
<pin id="112" dir="0" index="0" bw="6" slack="0"/>
<pin id="113" dir="1" index="1" bw="64" slack="0"/>
</pin_list>
<bind>
<opcode="zext(34) " fcode="zext"/>
<opset="m_2_cast/1 "/>
</bind>
</comp>

<comp id="116" class="1004" name="val_out_last_fu_116">
<pin_list>
<pin id="117" dir="0" index="0" bw="6" slack="0"/>
<pin id="118" dir="0" index="1" bw="6" slack="0"/>
<pin id="119" dir="1" index="2" bw="1" slack="1"/>
</pin_list>
<bind>
<opcode="icmp(45) " fcode="icmp"/>
<opset="val_out_last/1 "/>
</bind>
</comp>

<comp id="122" class="1004" name="store_ln107_store_fu_122">
<pin_list>
<pin id="123" dir="0" index="0" bw="6" slack="0"/>
<pin id="124" dir="0" index="1" bw="6" slack="0"/>
<pin id="125" dir="1" index="2" bw="0" slack="2147483647"/>
</pin_list>
<bind>
<opcode="store(28) " fcode="store"/>
<opset="store_ln107/1 "/>
</bind>
</comp>

<comp id="127" class="1004" name="sext_ln109_fu_127">
<pin_list>
<pin id="128" dir="0" index="0" bw="15" slack="0"/>
<pin id="129" dir="1" index="1" bw="16" slack="0"/>
</pin_list>
<bind>
<opcode="sext(35) " fcode="sext"/>
<opset="sext_ln109/2 "/>
</bind>
</comp>

<comp id="132" class="1005" name="m_reg_132">
<pin_list>
<pin id="133" dir="0" index="0" bw="6" slack="0"/>
<pin id="134" dir="1" index="1" bw="6" slack="0"/>
</pin_list>
<bind>
<opset="m "/>
</bind>
</comp>

<comp id="142" class="1005" name="mfcc_1_addr_reg_142">
<pin_list>
<pin id="143" dir="0" index="0" bw="6" slack="1"/>
<pin id="144" dir="1" index="1" bw="6" slack="1"/>
</pin_list>
<bind>
<opset="mfcc_1_addr "/>
</bind>
</comp>

<comp id="147" class="1005" name="val_out_last_reg_147">
<pin_list>
<pin id="148" dir="0" index="0" bw="1" slack="1"/>
<pin id="149" dir="1" index="1" bw="1" slack="1"/>
</pin_list>
<bind>
<opset="val_out_last "/>
</bind>
</comp>

</comp_list>

<net_list>
<net id="59"><net_src comp="10" pin="0"/><net_sink comp="56" pin=0"/></net>

<net id="71"><net_src comp="52" pin="0"/><net_sink comp="60" pin=0"/></net>

<net id="72"><net_src comp="2" pin="0"/><net_sink comp="60" pin=1"/></net>

<net id="73"><net_src comp="4" pin="0"/><net_sink comp="60" pin=2"/></net>

<net id="74"><net_src comp="6" pin="0"/><net_sink comp="60" pin=3"/></net>

<net id="75"><net_src comp="8" pin="0"/><net_sink comp="60" pin=4"/></net>

<net id="76"><net_src comp="54" pin="0"/><net_sink comp="60" pin=6"/></net>

<net id="77"><net_src comp="54" pin="0"/><net_sink comp="60" pin=7"/></net>

<net id="83"><net_src comp="0" pin="0"/><net_sink comp="78" pin=0"/></net>

<net id="84"><net_src comp="40" pin="0"/><net_sink comp="78" pin=1"/></net>

<net id="90"><net_src comp="78" pin="3"/><net_sink comp="85" pin=0"/></net>

<net id="95"><net_src comp="30" pin="0"/><net_sink comp="91" pin=0"/></net>

<net id="103"><net_src comp="96" pin="1"/><net_sink comp="99" pin=0"/></net>

<net id="104"><net_src comp="36" pin="0"/><net_sink comp="99" pin=1"/></net>

<net id="109"><net_src comp="96" pin="1"/><net_sink comp="105" pin=0"/></net>

<net id="110"><net_src comp="38" pin="0"/><net_sink comp="105" pin=1"/></net>

<net id="114"><net_src comp="96" pin="1"/><net_sink comp="111" pin=0"/></net>

<net id="115"><net_src comp="111" pin="1"/><net_sink comp="78" pin=2"/></net>

<net id="120"><net_src comp="96" pin="1"/><net_sink comp="116" pin=0"/></net>

<net id="121"><net_src comp="42" pin="0"/><net_sink comp="116" pin=1"/></net>

<net id="126"><net_src comp="105" pin="2"/><net_sink comp="122" pin=0"/></net>

<net id="130"><net_src comp="85" pin="3"/><net_sink comp="127" pin=0"/></net>

<net id="131"><net_src comp="127" pin="1"/><net_sink comp="60" pin=5"/></net>

<net id="135"><net_src comp="56" pin="1"/><net_sink comp="132" pin=0"/></net>

<net id="136"><net_src comp="132" pin="1"/><net_sink comp="91" pin=1"/></net>

<net id="137"><net_src comp="132" pin="1"/><net_sink comp="96" pin=0"/></net>

<net id="138"><net_src comp="132" pin="1"/><net_sink comp="122" pin=1"/></net>

<net id="145"><net_src comp="78" pin="3"/><net_sink comp="142" pin=0"/></net>

<net id="146"><net_src comp="142" pin="1"/><net_sink comp="85" pin=0"/></net>

<net id="150"><net_src comp="116" pin="2"/><net_sink comp="147" pin=0"/></net>

<net id="151"><net_src comp="147" pin="1"/><net_sink comp="60" pin=8"/></net>

</net_list>

</model> 
---------------- Datapath Model END ------------------

* FSMD analyzer results:
  - Output states:
	Port: out_stream_V_data_V | {2 }
	Port: out_stream_V_keep_V | {2 }
	Port: out_stream_V_strb_V | {2 }
	Port: out_stream_V_last_V | {2 }
 - Input state : 
	Port: mfcc_Pipeline_task_6 : mfcc_1 | {1 2 }
	Port: mfcc_Pipeline_task_6 : out_stream_V_data_V | {}
	Port: mfcc_Pipeline_task_6 : out_stream_V_keep_V | {}
	Port: mfcc_Pipeline_task_6 : out_stream_V_strb_V | {}
	Port: mfcc_Pipeline_task_6 : out_stream_V_last_V | {}
  - Chain level:
	State 1
		store_ln0 : 1
		m_1 : 1
		icmp_ln107 : 2
		add_ln107 : 2
		br_ln107 : 3
		m_2_cast : 2
		mfcc_1_addr : 3
		val_out_data : 4
		val_out_last : 2
		store_ln107 : 3
	State 2
		sext_ln109 : 1
		write_ln117 : 2


============================================================
+ Verbose Summary: Datapath Resource usage 
============================================================

* Functional unit list:
|----------|-------------------------|---------|---------|
| Operation|     Functional Unit     |    FF   |   LUT   |
|----------|-------------------------|---------|---------|
|   icmp   |     icmp_ln107_fu_99    |    0    |    14   |
|          |   val_out_last_fu_116   |    0    |    14   |
|----------|-------------------------|---------|---------|
|    add   |     add_ln107_fu_105    |    0    |    14   |
|----------|-------------------------|---------|---------|
|   write  | write_ln117_write_fu_60 |    0    |    0    |
|----------|-------------------------|---------|---------|
|   zext   |     m_2_cast_fu_111     |    0    |    0    |
|----------|-------------------------|---------|---------|
|   sext   |    sext_ln109_fu_127    |    0    |    0    |
|----------|-------------------------|---------|---------|
|   Total  |                         |    0    |    42   |
|----------|-------------------------|---------|---------|

Memories:
N/A

* Register list:
+--------------------+--------+
|                    |   FF   |
+--------------------+--------+
|      m_reg_132     |    6   |
| mfcc_1_addr_reg_142|    6   |
|val_out_last_reg_147|    1   |
+--------------------+--------+
|        Total       |   13   |
+--------------------+--------+

* Multiplexer (MUX) list: 
|------------------|------|------|------|--------||---------||---------|
|       Comp       |  Pin | Size |  BW  | S x BW ||  Delay  ||   LUT   |
|------------------|------|------|------|--------||---------||---------|
| grp_access_fu_85 |  p0  |   2  |   6  |   12   ||    9    |
|------------------|------|------|------|--------||---------||---------|
|       Total      |      |      |      |   12   ||   1.61  ||    9    |
|------------------|------|------|------|--------||---------||---------|



* Summary:
+-----------+--------+--------+--------+
|           |  Delay |   FF   |   LUT  |
+-----------+--------+--------+--------+
|  Function |    -   |    0   |   42   |
|   Memory  |    -   |    -   |    -   |
|Multiplexer|    1   |    -   |    9   |
|  Register |    -   |   13   |    -   |
+-----------+--------+--------+--------+
|   Total   |    1   |   13   |   51   |
+-----------+--------+--------+--------+
