

================================================================
== Vitis HLS Report for 'mfcc_Pipeline_VITIS_LOOP_199_1'
================================================================
* Date:           Mon Jan 19 23:15:28 2026

* Version:        2023.1 (Build 3854077 on May  4 2023)
* Project:        audrey_4_hls
* Solution:       solution1 (Vivado IP Flow Target)
* Product family: artix7
* Target device:  xc7a100t-csg324-1


================================================================
== Performance Estimates
================================================================
+ Timing: 
    * Summary: 
    +--------+----------+----------+------------+
    |  Clock |  Target  | Estimated| Uncertainty|
    +--------+----------+----------+------------+
    |ap_clk  |  10.00 ns|  6.876 ns|     2.70 ns|
    +--------+----------+----------+------------+

+ Latency: 
    * Summary: 
    +---------+---------+----------+----------+-----+-----+---------+
    |  Latency (cycles) |  Latency (absolute) |  Interval | Pipeline|
    |   min   |   max   |    min   |    max   | min | max |   Type  |
    +---------+---------+----------+----------+-----+-----+---------+
    |       55|       55|  0.550 us|  0.550 us|   55|   55|       no|
    +---------+---------+----------+----------+-----+-----+---------+

    + Detail: 
        * Instance: 
        +----------------------+------------+---------+---------+----------+----------+-----+-----+---------+
        |                      |            |  Latency (cycles) |  Latency (absolute) |  Interval | Pipeline|
        |       Instance       |   Module   |   min   |   max   |    min   |    max   | min | max |   Type  |
        +----------------------+------------+---------+---------+----------+----------+-----+-----+---------+
        |grp_log_17_9_s_fu_70  |log_17_9_s  |       10|       10|  0.100 us|  0.100 us|    1|    1|      yes|
        +----------------------+------------+---------+---------+----------+----------+-----+-----+---------+

        * Loop: 
        +--------------------+---------+---------+----------+-----------+-----------+------+----------+
        |                    |  Latency (cycles) | Iteration|  Initiation Interval  | Trip |          |
        |      Loop Name     |   min   |   max   |  Latency |  achieved |   target  | Count| Pipelined|
        +--------------------+---------+---------+----------+-----------+-----------+------+----------+
        |- VITIS_LOOP_199_1  |       53|       53|        13|          1|          1|    42|       yes|
        +--------------------+---------+---------+----------+-----------+-----------+------+----------+

============================================================
+ Verbose Summary: Synthesis Manager
============================================================
InlineROM: 1
ExposeGlobal: 0
============================================================
+ Verbose Summary: CDFG Model
============================================================
IsTopModel: 0
ResetActiveHigh: 1
IsCombinational: 0
IsDatapathOnly: 0
HasWiredReturn: 1
HasMFsm: 2
HasVarLatency: 1
IsPipeline: 0
IsRtlPipelined: 0
IsInstanceOverlapped: 0
IsDontTouch: 0
HasImplIP: 0
IsGatedGlobalClock: 0

+ Individual pipeline summary: 
  * Pipeline-0: initiation interval (II) = 1, depth = 13


============================================================
+ Verbose Summary: Schedule
============================================================
* Number of FSM states : 13
* Pipeline : 1
  Pipeline-0 : II = 1, D = 13, States = { 1 2 3 4 5 6 7 8 9 10 11 12 13 }
* Dataflow Pipeline: 0

* FSM state transitions: 
1 --> 2 
2 --> 3 
3 --> 4 
4 --> 5 
5 --> 6 
6 --> 7 
7 --> 8 
8 --> 9 
9 --> 10 
10 --> 11 
11 --> 12 
12 --> 13 
13 --> 

* FSM state operations: 

State 1 <SV = 0> <Delay = 3.55>
ST_1 : Operation 16 [1/1] (0.00ns)   --->   "%m_1 = alloca i32 1"   --->   Operation 16 'alloca' 'm_1' <Predicate = true> <Delay = 0.00>
ST_1 : Operation 17 [1/1] (1.61ns)   --->   "%store_ln0 = store i6 0, i6 %m_1"   --->   Operation 17 'store' 'store_ln0' <Predicate = true> <Delay = 1.61>
ST_1 : Operation 18 [1/1] (0.00ns)   --->   "%br_ln0 = br void %for.body.i96"   --->   Operation 18 'br' 'br_ln0' <Predicate = true> <Delay = 0.00>
ST_1 : Operation 19 [1/1] (0.00ns)   --->   "%m = load i6 %m_1" [audrey_4_hls/mfcc.cpp:199->audrey_4_hls/mfcc.cpp:72]   --->   Operation 19 'load' 'm' <Predicate = true> <Delay = 0.00>
ST_1 : Operation 20 [1/1] (0.00ns)   --->   "%specpipeline_ln0 = specpipeline void @_ssdm_op_SpecPipeline, i32 4294967295, i32 0, i32 1, i32 0, void @p_str"   --->   Operation 20 'specpipeline' 'specpipeline_ln0' <Predicate = true> <Delay = 0.00>
ST_1 : Operation 21 [1/1] (1.94ns)   --->   "%icmp_ln199 = icmp_eq  i6 %m, i6 42" [audrey_4_hls/mfcc.cpp:199->audrey_4_hls/mfcc.cpp:72]   --->   Operation 21 'icmp' 'icmp_ln199' <Predicate = true> <Delay = 1.94> <CoreInst = "Cmp">   --->   Core 9 'Cmp' <Latency = 0> <II = 1> <Delay = 1.94> <FuncUnit> <Opcode : 'icmp'> <InPorts = 2> <OutPorts = 1>
ST_1 : Operation 22 [1/1] (1.94ns)   --->   "%add_ln199 = add i6 %m, i6 1" [audrey_4_hls/mfcc.cpp:199->audrey_4_hls/mfcc.cpp:72]   --->   Operation 22 'add' 'add_ln199' <Predicate = true> <Delay = 1.94> <CoreInst = "Adder">   --->   Core 1 'Adder' <Latency = 0> <II = 1> <Delay = 1.94> <FuncUnit> <Opcode : 'add' 'sub'> <InPorts = 2> <OutPorts = 1>
ST_1 : Operation 23 [1/1] (0.00ns)   --->   "%br_ln199 = br i1 %icmp_ln199, void %for.body.i96.split, void %for.inc33.preheader.exitStub" [audrey_4_hls/mfcc.cpp:199->audrey_4_hls/mfcc.cpp:72]   --->   Operation 23 'br' 'br_ln199' <Predicate = true> <Delay = 0.00>
ST_1 : Operation 24 [1/1] (0.00ns)   --->   "%m_1_cast = zext i6 %m" [audrey_4_hls/mfcc.cpp:199->audrey_4_hls/mfcc.cpp:72]   --->   Operation 24 'zext' 'm_1_cast' <Predicate = (!icmp_ln199)> <Delay = 0.00>
ST_1 : Operation 25 [1/1] (0.00ns)   --->   "%mel_filtered_addr = getelementptr i16 %mel_filtered, i64 0, i64 %m_1_cast" [audrey_4_hls/mfcc.cpp:201->audrey_4_hls/mfcc.cpp:72]   --->   Operation 25 'getelementptr' 'mel_filtered_addr' <Predicate = (!icmp_ln199)> <Delay = 0.00>
ST_1 : Operation 26 [2/2] (2.15ns)   --->   "%mel_filtered_load = load i6 %mel_filtered_addr" [audrey_4_hls/mfcc.cpp:201->audrey_4_hls/mfcc.cpp:72]   --->   Operation 26 'load' 'mel_filtered_load' <Predicate = (!icmp_ln199)> <Delay = 2.15> <CoreInst = "RAM">   --->   Core 82 'RAM' <Latency = 1> <II = 1> <Delay = 2.15> <Storage> <Opcode : 'load' 'store'> <Ports = 2> <Width = 16> <Depth = 42> <RAM>
ST_1 : Operation 27 [1/1] (1.61ns)   --->   "%store_ln199 = store i6 %add_ln199, i6 %m_1" [audrey_4_hls/mfcc.cpp:199->audrey_4_hls/mfcc.cpp:72]   --->   Operation 27 'store' 'store_ln199' <Predicate = (!icmp_ln199)> <Delay = 1.61>

State 2 <SV = 1> <Delay = 4.29>
ST_2 : Operation 28 [1/2] (2.15ns)   --->   "%mel_filtered_load = load i6 %mel_filtered_addr" [audrey_4_hls/mfcc.cpp:201->audrey_4_hls/mfcc.cpp:72]   --->   Operation 28 'load' 'mel_filtered_load' <Predicate = true> <Delay = 2.15> <CoreInst = "RAM">   --->   Core 82 'RAM' <Latency = 1> <II = 1> <Delay = 2.15> <Storage> <Opcode : 'load' 'store'> <Ports = 2> <Width = 16> <Depth = 42> <RAM>
ST_2 : Operation 29 [1/1] (0.00ns)   --->   "%sext_ln201 = sext i16 %mel_filtered_load" [audrey_4_hls/mfcc.cpp:201->audrey_4_hls/mfcc.cpp:72]   --->   Operation 29 'sext' 'sext_ln201' <Predicate = true> <Delay = 0.00>
ST_2 : Operation 30 [1/1] (2.14ns)   --->   "%x = add i17 %sext_ln201, i17 1" [audrey_4_hls/mfcc.cpp:201->audrey_4_hls/mfcc.cpp:72]   --->   Operation 30 'add' 'x' <Predicate = true> <Delay = 2.14> <CoreInst = "Adder">   --->   Core 1 'Adder' <Latency = 0> <II = 1> <Delay = 2.14> <FuncUnit> <Opcode : 'add' 'sub'> <InPorts = 2> <OutPorts = 1>

State 3 <SV = 2> <Delay = 6.56>
ST_3 : Operation 31 [11/11] (6.56ns)   --->   "%trunc_ln = call i15 @log<17, 9>, i17 %x, i6 %log_apfixed_reduce_log_inverse_lut_table_array, i22 %log_apfixed_reduce_log0_lut_table_ap_fixed_0_5_64_array, i18 %log_apfixed_reduce_log_lut_table_ap_fixed_4_4_16_array" [audrey_4_hls/mfcc.cpp:201->audrey_4_hls/mfcc.cpp:72]   --->   Operation 31 'call' 'trunc_ln' <Predicate = (!icmp_ln199)> <Delay = 6.56> <CoreType = "Generic">   --->   Core 0 '' <Latency = 0> <II = 1> <Delay = 1.00> <Generic> <Opcode : >

State 4 <SV = 3> <Delay = 6.87>
ST_4 : Operation 32 [10/11] (6.87ns)   --->   "%trunc_ln = call i15 @log<17, 9>, i17 %x, i6 %log_apfixed_reduce_log_inverse_lut_table_array, i22 %log_apfixed_reduce_log0_lut_table_ap_fixed_0_5_64_array, i18 %log_apfixed_reduce_log_lut_table_ap_fixed_4_4_16_array" [audrey_4_hls/mfcc.cpp:201->audrey_4_hls/mfcc.cpp:72]   --->   Operation 32 'call' 'trunc_ln' <Predicate = (!icmp_ln199)> <Delay = 6.87> <CoreType = "Generic">   --->   Core 0 '' <Latency = 0> <II = 1> <Delay = 1.00> <Generic> <Opcode : >

State 5 <SV = 4> <Delay = 6.87>
ST_5 : Operation 33 [9/11] (6.87ns)   --->   "%trunc_ln = call i15 @log<17, 9>, i17 %x, i6 %log_apfixed_reduce_log_inverse_lut_table_array, i22 %log_apfixed_reduce_log0_lut_table_ap_fixed_0_5_64_array, i18 %log_apfixed_reduce_log_lut_table_ap_fixed_4_4_16_array" [audrey_4_hls/mfcc.cpp:201->audrey_4_hls/mfcc.cpp:72]   --->   Operation 33 'call' 'trunc_ln' <Predicate = (!icmp_ln199)> <Delay = 6.87> <CoreType = "Generic">   --->   Core 0 '' <Latency = 0> <II = 1> <Delay = 1.00> <Generic> <Opcode : >

State 6 <SV = 5> <Delay = 6.87>
ST_6 : Operation 34 [8/11] (6.87ns)   --->   "%trunc_ln = call i15 @log<17, 9>, i17 %x, i6 %log_apfixed_reduce_log_inverse_lut_table_array, i22 %log_apfixed_reduce_log0_lut_table_ap_fixed_0_5_64_array, i18 %log_apfixed_reduce_log_lut_table_ap_fixed_4_4_16_array" [audrey_4_hls/mfcc.cpp:201->audrey_4_hls/mfcc.cpp:72]   --->   Operation 34 'call' 'trunc_ln' <Predicate = (!icmp_ln199)> <Delay = 6.87> <CoreType = "Generic">   --->   Core 0 '' <Latency = 0> <II = 1> <Delay = 1.00> <Generic> <Opcode : >

State 7 <SV = 6> <Delay = 6.87>
ST_7 : Operation 35 [7/11] (6.87ns)   --->   "%trunc_ln = call i15 @log<17, 9>, i17 %x, i6 %log_apfixed_reduce_log_inverse_lut_table_array, i22 %log_apfixed_reduce_log0_lut_table_ap_fixed_0_5_64_array, i18 %log_apfixed_reduce_log_lut_table_ap_fixed_4_4_16_array" [audrey_4_hls/mfcc.cpp:201->audrey_4_hls/mfcc.cpp:72]   --->   Operation 35 'call' 'trunc_ln' <Predicate = (!icmp_ln199)> <Delay = 6.87> <CoreType = "Generic">   --->   Core 0 '' <Latency = 0> <II = 1> <Delay = 1.00> <Generic> <Opcode : >

State 8 <SV = 7> <Delay = 6.87>
ST_8 : Operation 36 [6/11] (6.87ns)   --->   "%trunc_ln = call i15 @log<17, 9>, i17 %x, i6 %log_apfixed_reduce_log_inverse_lut_table_array, i22 %log_apfixed_reduce_log0_lut_table_ap_fixed_0_5_64_array, i18 %log_apfixed_reduce_log_lut_table_ap_fixed_4_4_16_array" [audrey_4_hls/mfcc.cpp:201->audrey_4_hls/mfcc.cpp:72]   --->   Operation 36 'call' 'trunc_ln' <Predicate = (!icmp_ln199)> <Delay = 6.87> <CoreType = "Generic">   --->   Core 0 '' <Latency = 0> <II = 1> <Delay = 1.00> <Generic> <Opcode : >

State 9 <SV = 8> <Delay = 6.87>
ST_9 : Operation 37 [5/11] (6.87ns)   --->   "%trunc_ln = call i15 @log<17, 9>, i17 %x, i6 %log_apfixed_reduce_log_inverse_lut_table_array, i22 %log_apfixed_reduce_log0_lut_table_ap_fixed_0_5_64_array, i18 %log_apfixed_reduce_log_lut_table_ap_fixed_4_4_16_array" [audrey_4_hls/mfcc.cpp:201->audrey_4_hls/mfcc.cpp:72]   --->   Operation 37 'call' 'trunc_ln' <Predicate = (!icmp_ln199)> <Delay = 6.87> <CoreType = "Generic">   --->   Core 0 '' <Latency = 0> <II = 1> <Delay = 1.00> <Generic> <Opcode : >

State 10 <SV = 9> <Delay = 6.87>
ST_10 : Operation 38 [4/11] (6.87ns)   --->   "%trunc_ln = call i15 @log<17, 9>, i17 %x, i6 %log_apfixed_reduce_log_inverse_lut_table_array, i22 %log_apfixed_reduce_log0_lut_table_ap_fixed_0_5_64_array, i18 %log_apfixed_reduce_log_lut_table_ap_fixed_4_4_16_array" [audrey_4_hls/mfcc.cpp:201->audrey_4_hls/mfcc.cpp:72]   --->   Operation 38 'call' 'trunc_ln' <Predicate = (!icmp_ln199)> <Delay = 6.87> <CoreType = "Generic">   --->   Core 0 '' <Latency = 0> <II = 1> <Delay = 1.00> <Generic> <Opcode : >

State 11 <SV = 10> <Delay = 6.87>
ST_11 : Operation 39 [3/11] (6.87ns)   --->   "%trunc_ln = call i15 @log<17, 9>, i17 %x, i6 %log_apfixed_reduce_log_inverse_lut_table_array, i22 %log_apfixed_reduce_log0_lut_table_ap_fixed_0_5_64_array, i18 %log_apfixed_reduce_log_lut_table_ap_fixed_4_4_16_array" [audrey_4_hls/mfcc.cpp:201->audrey_4_hls/mfcc.cpp:72]   --->   Operation 39 'call' 'trunc_ln' <Predicate = (!icmp_ln199)> <Delay = 6.87> <CoreType = "Generic">   --->   Core 0 '' <Latency = 0> <II = 1> <Delay = 1.00> <Generic> <Opcode : >

State 12 <SV = 11> <Delay = 6.87>
ST_12 : Operation 40 [2/11] (6.87ns)   --->   "%trunc_ln = call i15 @log<17, 9>, i17 %x, i6 %log_apfixed_reduce_log_inverse_lut_table_array, i22 %log_apfixed_reduce_log0_lut_table_ap_fixed_0_5_64_array, i18 %log_apfixed_reduce_log_lut_table_ap_fixed_4_4_16_array" [audrey_4_hls/mfcc.cpp:201->audrey_4_hls/mfcc.cpp:72]   --->   Operation 40 'call' 'trunc_ln' <Predicate = (!icmp_ln199)> <Delay = 6.87> <CoreType = "Generic">   --->   Core 0 '' <Latency = 0> <II = 1> <Delay = 1.00> <Generic> <Opcode : >
ST_12 : Operation 47 [1/1] (0.00ns)   --->   "%ret_ln0 = ret"   --->   Operation 47 'ret' 'ret_ln0' <Predicate = (icmp_ln199)> <Delay = 0.00>

State 13 <SV = 12> <Delay = 6.35>
ST_13 : Operation 41 [1/1] (0.00ns)   --->   "%speclooptripcount_ln199 = speclooptripcount void @_ssdm_op_SpecLoopTripCount, i64 42, i64 42, i64 42" [audrey_4_hls/mfcc.cpp:199->audrey_4_hls/mfcc.cpp:72]   --->   Operation 41 'speclooptripcount' 'speclooptripcount_ln199' <Predicate = true> <Delay = 0.00>
ST_13 : Operation 42 [1/1] (0.00ns)   --->   "%specloopname_ln199 = specloopname void @_ssdm_op_SpecLoopName, void @empty_4" [audrey_4_hls/mfcc.cpp:199->audrey_4_hls/mfcc.cpp:72]   --->   Operation 42 'specloopname' 'specloopname_ln199' <Predicate = true> <Delay = 0.00>
ST_13 : Operation 43 [1/11] (4.20ns)   --->   "%trunc_ln = call i15 @log<17, 9>, i17 %x, i6 %log_apfixed_reduce_log_inverse_lut_table_array, i22 %log_apfixed_reduce_log0_lut_table_ap_fixed_0_5_64_array, i18 %log_apfixed_reduce_log_lut_table_ap_fixed_4_4_16_array" [audrey_4_hls/mfcc.cpp:201->audrey_4_hls/mfcc.cpp:72]   --->   Operation 43 'call' 'trunc_ln' <Predicate = (!icmp_ln199)> <Delay = 4.20> <CoreType = "Generic">   --->   Core 0 '' <Latency = 0> <II = 1> <Delay = 1.00> <Generic> <Opcode : >
ST_13 : Operation 44 [1/1] (0.00ns)   --->   "%mfcc_1_addr = getelementptr i15 %mfcc_1, i64 0, i64 %m_1_cast" [audrey_4_hls/mfcc.cpp:201->audrey_4_hls/mfcc.cpp:72]   --->   Operation 44 'getelementptr' 'mfcc_1_addr' <Predicate = true> <Delay = 0.00>
ST_13 : Operation 45 [1/1] (2.15ns)   --->   "%store_ln201 = store i15 %trunc_ln, i6 %mfcc_1_addr" [audrey_4_hls/mfcc.cpp:201->audrey_4_hls/mfcc.cpp:72]   --->   Operation 45 'store' 'store_ln201' <Predicate = true> <Delay = 2.15> <CoreInst = "RAM">   --->   Core 82 'RAM' <Latency = 1> <II = 1> <Delay = 2.15> <Storage> <Opcode : 'load' 'store'> <Ports = 2> <Width = 15> <Depth = 42> <RAM>
ST_13 : Operation 46 [1/1] (0.00ns)   --->   "%br_ln199 = br void %for.body.i96" [audrey_4_hls/mfcc.cpp:199->audrey_4_hls/mfcc.cpp:72]   --->   Operation 46 'br' 'br_ln199' <Predicate = true> <Delay = 0.00>


============================================================
+ Verbose Summary: Binding
============================================================
STG Binding: 
---------------- STG Properties BEGIN ----------------
- Is combinational: 0
- Is one-state seq: 0
- Is datapath-only: 0
- Is pipelined: 0
- Is top level: 0
Port [ Return ] is wired: 1; IO mode=ap_ctrl_hs:ce=0
Port [ mel_filtered]:  wired=1; compound=1; hidden=0; nouse=0; global=0; static=0; extern=0; dir=0; type=1; pingpong=0; private_global=0; MemPort=[13]; IO mode=ap_memory:ce=0
Port [ mfcc_1]:  wired=1; compound=1; hidden=0; nouse=0; global=0; static=0; extern=0; dir=1; type=1; pingpong=0; private_global=0; MemPort=[03]; IO mode=ap_memory:ce=0
Port [ log_apfixed_reduce_log_inverse_lut_table_array]:  wired=0; compound=1; hidden=1; nouse=1; global=1; static=1; extern=0; dir=0; type=1; pingpong=0; private_global=0; MemPort=[1]; IO mode=ap_memory:ce=0
Port [ log_apfixed_reduce_log0_lut_table_ap_fixed_0_5_64_array]:  wired=0; compound=1; hidden=1; nouse=1; global=1; static=1; extern=0; dir=0; type=1; pingpong=0; private_global=0; MemPort=[1]; IO mode=ap_memory:ce=0
Port [ log_apfixed_reduce_log_lut_table_ap_fixed_4_4_16_array]:  wired=0; compound=1; hidden=1; nouse=1; global=1; static=1; extern=0; dir=0; type=1; pingpong=0; private_global=0; MemPort=[1]; IO mode=ap_memory:ce=0
---------------- STG Properties END ------------------

---------------- Datapath Model BEGIN ----------------

<LifeTime>
<method=bitvector/>
m_1                     (alloca           ) [ 01000000000000]
store_ln0               (store            ) [ 00000000000000]
br_ln0                  (br               ) [ 00000000000000]
m                       (load             ) [ 00000000000000]
specpipeline_ln0        (specpipeline     ) [ 00000000000000]
icmp_ln199              (icmp             ) [ 01111111111111]
add_ln199               (add              ) [ 00000000000000]
br_ln199                (br               ) [ 00000000000000]
m_1_cast                (zext             ) [ 01111111111111]
mel_filtered_addr       (getelementptr    ) [ 01100000000000]
store_ln199             (store            ) [ 00000000000000]
mel_filtered_load       (load             ) [ 00000000000000]
sext_ln201              (sext             ) [ 00000000000000]
x                       (add              ) [ 01010000000000]
speclooptripcount_ln199 (speclooptripcount) [ 00000000000000]
specloopname_ln199      (specloopname     ) [ 00000000000000]
trunc_ln                (call             ) [ 00000000000000]
mfcc_1_addr             (getelementptr    ) [ 00000000000000]
store_ln201             (store            ) [ 00000000000000]
br_ln199                (br               ) [ 00000000000000]
ret_ln0                 (ret              ) [ 00000000000000]
</LifeTime>

<model>

<comp_list>
<comp id="0" class="1000" name="mel_filtered">
<pin_list>
<pin id="1" dir="1" index="0" bw="1" slack="0"/>
</pin_list>
<bind>
<StgValue><ssdm name="mel_filtered"/><MemPortTyVec>1 3 </MemPortTyVec>
</StgValue>
</bind>
</comp>

<comp id="2" class="1000" name="mfcc_1">
<pin_list>
<pin id="3" dir="1" index="0" bw="1" slack="0"/>
</pin_list>
<bind>
<StgValue><ssdm name="mfcc_1"/><MemPortTyVec>0 3 </MemPortTyVec>
</StgValue>
</bind>
</comp>

<comp id="4" class="1000" name="log_apfixed_reduce_log_inverse_lut_table_array">
<pin_list>
<pin id="5" dir="1" index="0" bw="1" slack="0"/>
</pin_list>
<bind>
<StgValue><ssdm name="log_apfixed_reduce_log_inverse_lut_table_array"/><MemPortTyVec>1 </MemPortTyVec>
</StgValue>
</bind>
</comp>

<comp id="6" class="1000" name="log_apfixed_reduce_log0_lut_table_ap_fixed_0_5_64_array">
<pin_list>
<pin id="7" dir="1" index="0" bw="1" slack="0"/>
</pin_list>
<bind>
<StgValue><ssdm name="log_apfixed_reduce_log0_lut_table_ap_fixed_0_5_64_array"/><MemPortTyVec>1 </MemPortTyVec>
</StgValue>
</bind>
</comp>

<comp id="8" class="1000" name="log_apfixed_reduce_log_lut_table_ap_fixed_4_4_16_array">
<pin_list>
<pin id="9" dir="1" index="0" bw="1" slack="0"/>
</pin_list>
<bind>
<StgValue><ssdm name="log_apfixed_reduce_log_lut_table_ap_fixed_4_4_16_array"/><MemPortTyVec>1 </MemPortTyVec>
</StgValue>
</bind>
</comp>

<comp id="10" class="1001" name="const_10">
<pin_list>
<pin id="11" dir="1" index="0" bw="1" slack="0"/>
</pin_list>
<bind>
<StgValue><ssdm name=""/></StgValue>
</bind>
</comp>

<comp id="12" class="1001" name="const_12">
<pin_list>
<pin id="13" dir="1" index="0" bw="1" slack="0"/>
</pin_list>
<bind>
<StgValue><ssdm name=""/></StgValue>
</bind>
</comp>

<comp id="14" class="1001" name="const_14">
<pin_list>
<pin id="15" dir="1" index="0" bw="1" slack="2147483647"/>
</pin_list>
<bind>
<StgValue><ssdm name="_ssdm_op_SpecPipeline"/></StgValue>
</bind>
</comp>

<comp id="16" class="1001" name="const_16">
<pin_list>
<pin id="17" dir="1" index="0" bw="1" slack="2147483647"/>
</pin_list>
<bind>
<StgValue><ssdm name=""/></StgValue>
</bind>
</comp>

<comp id="18" class="1001" name="const_18">
<pin_list>
<pin id="19" dir="1" index="0" bw="1" slack="2147483647"/>
</pin_list>
<bind>
<StgValue><ssdm name=""/></StgValue>
</bind>
</comp>

<comp id="20" class="1001" name="const_20">
<pin_list>
<pin id="21" dir="1" index="0" bw="1" slack="2147483647"/>
</pin_list>
<bind>
<StgValue><ssdm name="p_str"/></StgValue>
</bind>
</comp>

<comp id="22" class="1001" name="const_22">
<pin_list>
<pin id="23" dir="1" index="0" bw="1" slack="0"/>
</pin_list>
<bind>
<StgValue><ssdm name=""/></StgValue>
</bind>
</comp>

<comp id="24" class="1001" name="const_24">
<pin_list>
<pin id="25" dir="1" index="0" bw="1" slack="0"/>
</pin_list>
<bind>
<StgValue><ssdm name=""/></StgValue>
</bind>
</comp>

<comp id="26" class="1001" name="const_26">
<pin_list>
<pin id="27" dir="1" index="0" bw="1" slack="0"/>
</pin_list>
<bind>
<StgValue><ssdm name=""/></StgValue>
</bind>
</comp>

<comp id="28" class="1001" name="const_28">
<pin_list>
<pin id="29" dir="1" index="0" bw="1" slack="0"/>
</pin_list>
<bind>
<StgValue><ssdm name=""/></StgValue>
</bind>
</comp>

<comp id="30" class="1001" name="const_30">
<pin_list>
<pin id="31" dir="1" index="0" bw="1" slack="0"/>
</pin_list>
<bind>
<StgValue><ssdm name="log<17, 9>"/></StgValue>
</bind>
</comp>

<comp id="32" class="1001" name="const_32">
<pin_list>
<pin id="33" dir="1" index="0" bw="1" slack="2147483647"/>
</pin_list>
<bind>
<StgValue><ssdm name="_ssdm_op_SpecLoopTripCount"/></StgValue>
</bind>
</comp>

<comp id="34" class="1001" name="const_34">
<pin_list>
<pin id="35" dir="1" index="0" bw="1" slack="2147483647"/>
</pin_list>
<bind>
<StgValue><ssdm name=""/></StgValue>
</bind>
</comp>

<comp id="36" class="1001" name="const_36">
<pin_list>
<pin id="37" dir="1" index="0" bw="1" slack="2147483647"/>
</pin_list>
<bind>
<StgValue><ssdm name="_ssdm_op_SpecLoopName"/></StgValue>
</bind>
</comp>

<comp id="38" class="1001" name="const_38">
<pin_list>
<pin id="39" dir="1" index="0" bw="1" slack="2147483647"/>
</pin_list>
<bind>
<StgValue><ssdm name="empty_4"/></StgValue>
</bind>
</comp>

<comp id="40" class="1004" name="m_1_fu_40">
<pin_list>
<pin id="41" dir="0" index="0" bw="1" slack="0"/>
<pin id="42" dir="1" index="1" bw="6" slack="0"/>
</pin_list>
<bind>
<opcode="alloca(26) " fcode="alloca"/>
<opset="m_1/1 "/>
</bind>
</comp>

<comp id="44" class="1004" name="mel_filtered_addr_gep_fu_44">
<pin_list>
<pin id="45" dir="0" index="0" bw="16" slack="0"/>
<pin id="46" dir="0" index="1" bw="1" slack="0"/>
<pin id="47" dir="0" index="2" bw="6" slack="0"/>
<pin id="48" dir="1" index="3" bw="6" slack="0"/>
</pin_list>
<bind>
<opcode="getelementptr(29) " fcode="getelementptr"/>
<opset="mel_filtered_addr/1 "/>
</bind>
</comp>

<comp id="51" class="1004" name="grp_access_fu_51">
<pin_list>
<pin id="52" dir="0" index="0" bw="6" slack="0"/>
<pin id="53" dir="0" index="1" bw="16" slack="2147483647"/>
<pin id="54" dir="0" index="2" bw="0" slack="2147483647"/>
<pin id="55" dir="1" index="3" bw="16" slack="0"/>
</pin_list>
<bind>
<opcode="load(27) " fcode="load"/>
<opset="mel_filtered_load/1 "/>
</bind>
</comp>

<comp id="57" class="1004" name="mfcc_1_addr_gep_fu_57">
<pin_list>
<pin id="58" dir="0" index="0" bw="15" slack="0"/>
<pin id="59" dir="0" index="1" bw="1" slack="0"/>
<pin id="60" dir="0" index="2" bw="6" slack="12"/>
<pin id="61" dir="1" index="3" bw="6" slack="0"/>
</pin_list>
<bind>
<opcode="getelementptr(29) " fcode="getelementptr"/>
<opset="mfcc_1_addr/13 "/>
</bind>
</comp>

<comp id="64" class="1004" name="store_ln201_access_fu_64">
<pin_list>
<pin id="65" dir="0" index="0" bw="6" slack="0"/>
<pin id="66" dir="0" index="1" bw="15" slack="0"/>
<pin id="67" dir="0" index="2" bw="0" slack="2147483647"/>
<pin id="68" dir="1" index="3" bw="15" slack="2147483647"/>
</pin_list>
<bind>
<opcode="store(28) " fcode="store"/>
<opset="store_ln201/13 "/>
</bind>
</comp>

<comp id="70" class="1004" name="grp_log_17_9_s_fu_70">
<pin_list>
<pin id="71" dir="0" index="0" bw="15" slack="0"/>
<pin id="72" dir="0" index="1" bw="17" slack="1"/>
<pin id="73" dir="0" index="2" bw="6" slack="0"/>
<pin id="74" dir="0" index="3" bw="22" slack="0"/>
<pin id="75" dir="0" index="4" bw="18" slack="0"/>
<pin id="76" dir="1" index="5" bw="15" slack="0"/>
</pin_list>
<bind>
<opcode="call(48) " fcode="call"/>
<opset="trunc_ln/3 "/>
</bind>
</comp>

<comp id="82" class="1004" name="store_ln0_store_fu_82">
<pin_list>
<pin id="83" dir="0" index="0" bw="1" slack="0"/>
<pin id="84" dir="0" index="1" bw="6" slack="0"/>
<pin id="85" dir="1" index="2" bw="0" slack="2147483647"/>
</pin_list>
<bind>
<opcode="store(28) " fcode="store"/>
<opset="store_ln0/1 "/>
</bind>
</comp>

<comp id="87" class="1004" name="m_load_fu_87">
<pin_list>
<pin id="88" dir="0" index="0" bw="6" slack="0"/>
<pin id="89" dir="1" index="1" bw="6" slack="0"/>
</pin_list>
<bind>
<opcode="load(27) " fcode="load"/>
<opset="m/1 "/>
</bind>
</comp>

<comp id="90" class="1004" name="icmp_ln199_fu_90">
<pin_list>
<pin id="91" dir="0" index="0" bw="6" slack="0"/>
<pin id="92" dir="0" index="1" bw="6" slack="0"/>
<pin id="93" dir="1" index="2" bw="1" slack="2"/>
</pin_list>
<bind>
<opcode="icmp(45) " fcode="icmp"/>
<opset="icmp_ln199/1 "/>
</bind>
</comp>

<comp id="96" class="1004" name="add_ln199_fu_96">
<pin_list>
<pin id="97" dir="0" index="0" bw="6" slack="0"/>
<pin id="98" dir="0" index="1" bw="1" slack="0"/>
<pin id="99" dir="1" index="2" bw="6" slack="0"/>
</pin_list>
<bind>
<opcode="add(8) " fcode="add"/>
<opset="add_ln199/1 "/>
</bind>
</comp>

<comp id="102" class="1004" name="m_1_cast_fu_102">
<pin_list>
<pin id="103" dir="0" index="0" bw="6" slack="0"/>
<pin id="104" dir="1" index="1" bw="64" slack="0"/>
</pin_list>
<bind>
<opcode="zext(34) " fcode="zext"/>
<opset="m_1_cast/1 "/>
</bind>
</comp>

<comp id="107" class="1004" name="store_ln199_store_fu_107">
<pin_list>
<pin id="108" dir="0" index="0" bw="6" slack="0"/>
<pin id="109" dir="0" index="1" bw="6" slack="0"/>
<pin id="110" dir="1" index="2" bw="0" slack="2147483647"/>
</pin_list>
<bind>
<opcode="store(28) " fcode="store"/>
<opset="store_ln199/1 "/>
</bind>
</comp>

<comp id="112" class="1004" name="sext_ln201_fu_112">
<pin_list>
<pin id="113" dir="0" index="0" bw="16" slack="0"/>
<pin id="114" dir="1" index="1" bw="17" slack="0"/>
</pin_list>
<bind>
<opcode="sext(35) " fcode="sext"/>
<opset="sext_ln201/2 "/>
</bind>
</comp>

<comp id="116" class="1004" name="x_fu_116">
<pin_list>
<pin id="117" dir="0" index="0" bw="16" slack="0"/>
<pin id="118" dir="0" index="1" bw="1" slack="0"/>
<pin id="119" dir="1" index="2" bw="17" slack="1"/>
</pin_list>
<bind>
<opcode="add(8) " fcode="add"/>
<opset="x/2 "/>
</bind>
</comp>

<comp id="122" class="1005" name="m_1_reg_122">
<pin_list>
<pin id="123" dir="0" index="0" bw="6" slack="0"/>
<pin id="124" dir="1" index="1" bw="6" slack="0"/>
</pin_list>
<bind>
<opset="m_1 "/>
</bind>
</comp>

<comp id="129" class="1005" name="icmp_ln199_reg_129">
<pin_list>
<pin id="130" dir="0" index="0" bw="1" slack="2"/>
<pin id="131" dir="1" index="1" bw="1" slack="2147483647"/>
</pin_list>
<bind>
<opset="icmp_ln199 "/>
</bind>
</comp>

<comp id="133" class="1005" name="m_1_cast_reg_133">
<pin_list>
<pin id="134" dir="0" index="0" bw="64" slack="12"/>
<pin id="135" dir="1" index="1" bw="64" slack="12"/>
</pin_list>
<bind>
<opset="m_1_cast "/>
</bind>
</comp>

<comp id="138" class="1005" name="mel_filtered_addr_reg_138">
<pin_list>
<pin id="139" dir="0" index="0" bw="6" slack="1"/>
<pin id="140" dir="1" index="1" bw="6" slack="1"/>
</pin_list>
<bind>
<opset="mel_filtered_addr "/>
</bind>
</comp>

<comp id="143" class="1005" name="x_reg_143">
<pin_list>
<pin id="144" dir="0" index="0" bw="17" slack="1"/>
<pin id="145" dir="1" index="1" bw="17" slack="1"/>
</pin_list>
<bind>
<opset="x "/>
</bind>
</comp>

</comp_list>

<net_list>
<net id="43"><net_src comp="10" pin="0"/><net_sink comp="40" pin=0"/></net>

<net id="49"><net_src comp="0" pin="0"/><net_sink comp="44" pin=0"/></net>

<net id="50"><net_src comp="26" pin="0"/><net_sink comp="44" pin=1"/></net>

<net id="56"><net_src comp="44" pin="3"/><net_sink comp="51" pin=0"/></net>

<net id="62"><net_src comp="2" pin="0"/><net_sink comp="57" pin=0"/></net>

<net id="63"><net_src comp="26" pin="0"/><net_sink comp="57" pin=1"/></net>

<net id="69"><net_src comp="57" pin="3"/><net_sink comp="64" pin=0"/></net>

<net id="77"><net_src comp="70" pin="5"/><net_sink comp="64" pin=1"/></net>

<net id="78"><net_src comp="30" pin="0"/><net_sink comp="70" pin=0"/></net>

<net id="79"><net_src comp="4" pin="0"/><net_sink comp="70" pin=2"/></net>

<net id="80"><net_src comp="6" pin="0"/><net_sink comp="70" pin=3"/></net>

<net id="81"><net_src comp="8" pin="0"/><net_sink comp="70" pin=4"/></net>

<net id="86"><net_src comp="12" pin="0"/><net_sink comp="82" pin=0"/></net>

<net id="94"><net_src comp="87" pin="1"/><net_sink comp="90" pin=0"/></net>

<net id="95"><net_src comp="22" pin="0"/><net_sink comp="90" pin=1"/></net>

<net id="100"><net_src comp="87" pin="1"/><net_sink comp="96" pin=0"/></net>

<net id="101"><net_src comp="24" pin="0"/><net_sink comp="96" pin=1"/></net>

<net id="105"><net_src comp="87" pin="1"/><net_sink comp="102" pin=0"/></net>

<net id="106"><net_src comp="102" pin="1"/><net_sink comp="44" pin=2"/></net>

<net id="111"><net_src comp="96" pin="2"/><net_sink comp="107" pin=0"/></net>

<net id="115"><net_src comp="51" pin="3"/><net_sink comp="112" pin=0"/></net>

<net id="120"><net_src comp="112" pin="1"/><net_sink comp="116" pin=0"/></net>

<net id="121"><net_src comp="28" pin="0"/><net_sink comp="116" pin=1"/></net>

<net id="125"><net_src comp="40" pin="1"/><net_sink comp="122" pin=0"/></net>

<net id="126"><net_src comp="122" pin="1"/><net_sink comp="82" pin=1"/></net>

<net id="127"><net_src comp="122" pin="1"/><net_sink comp="87" pin=0"/></net>

<net id="128"><net_src comp="122" pin="1"/><net_sink comp="107" pin=1"/></net>

<net id="132"><net_src comp="90" pin="2"/><net_sink comp="129" pin=0"/></net>

<net id="136"><net_src comp="102" pin="1"/><net_sink comp="133" pin=0"/></net>

<net id="137"><net_src comp="133" pin="1"/><net_sink comp="57" pin=2"/></net>

<net id="141"><net_src comp="44" pin="3"/><net_sink comp="138" pin=0"/></net>

<net id="142"><net_src comp="138" pin="1"/><net_sink comp="51" pin=0"/></net>

<net id="146"><net_src comp="116" pin="2"/><net_sink comp="143" pin=0"/></net>

<net id="147"><net_src comp="143" pin="1"/><net_sink comp="70" pin=1"/></net>

</net_list>

</model> 
---------------- Datapath Model END ------------------

* FSMD analyzer results:
  - Output states:
	Port: mfcc_1 | {13 }
 - Input state : 
	Port: mfcc_Pipeline_VITIS_LOOP_199_1 : mel_filtered | {1 2 }
	Port: mfcc_Pipeline_VITIS_LOOP_199_1 : log_apfixed_reduce_log_inverse_lut_table_array | {4 5 }
	Port: mfcc_Pipeline_VITIS_LOOP_199_1 : log_apfixed_reduce_log0_lut_table_ap_fixed_0_5_64_array | {4 5 }
	Port: mfcc_Pipeline_VITIS_LOOP_199_1 : log_apfixed_reduce_log_lut_table_ap_fixed_4_4_16_array | {8 9 }
  - Chain level:
	State 1
		store_ln0 : 1
		m : 1
		icmp_ln199 : 2
		add_ln199 : 2
		br_ln199 : 3
		m_1_cast : 2
		mel_filtered_addr : 3
		mel_filtered_load : 4
		store_ln199 : 3
	State 2
		sext_ln201 : 1
		x : 2
	State 3
	State 4
	State 5
	State 6
	State 7
	State 8
	State 9
	State 10
	State 11
	State 12
	State 13
		store_ln201 : 1


============================================================
+ Verbose Summary: Datapath Resource usage 
============================================================

* Functional unit list:
|----------|----------------------|---------|---------|---------|---------|
| Operation|    Functional Unit   |   DSP   |  Delay  |    FF   |   LUT   |
|----------|----------------------|---------|---------|---------|---------|
|   call   | grp_log_17_9_s_fu_70 |    4    | 11.7564 |   970   |   1113  |
|----------|----------------------|---------|---------|---------|---------|
|    add   |    add_ln199_fu_96   |    0    |    0    |    0    |    14   |
|          |       x_fu_116       |    0    |    0    |    0    |    23   |
|----------|----------------------|---------|---------|---------|---------|
|   icmp   |   icmp_ln199_fu_90   |    0    |    0    |    0    |    14   |
|----------|----------------------|---------|---------|---------|---------|
|   zext   |    m_1_cast_fu_102   |    0    |    0    |    0    |    0    |
|----------|----------------------|---------|---------|---------|---------|
|   sext   |   sext_ln201_fu_112  |    0    |    0    |    0    |    0    |
|----------|----------------------|---------|---------|---------|---------|
|   Total  |                      |    4    | 11.7564 |   970   |   1164  |
|----------|----------------------|---------|---------|---------|---------|

Memories:
N/A

* Register list:
+-------------------------+--------+
|                         |   FF   |
+-------------------------+--------+
|    icmp_ln199_reg_129   |    1   |
|     m_1_cast_reg_133    |   64   |
|       m_1_reg_122       |    6   |
|mel_filtered_addr_reg_138|    6   |
|        x_reg_143        |   17   |
+-------------------------+--------+
|          Total          |   94   |
+-------------------------+--------+

* Multiplexer (MUX) list: 
|------------------|------|------|------|--------||---------||---------|
|       Comp       |  Pin | Size |  BW  | S x BW ||  Delay  ||   LUT   |
|------------------|------|------|------|--------||---------||---------|
| grp_access_fu_51 |  p0  |   2  |   6  |   12   ||    9    |
|------------------|------|------|------|--------||---------||---------|
|       Total      |      |      |      |   12   ||   1.61  ||    9    |
|------------------|------|------|------|--------||---------||---------|



* Summary:
+-----------+--------+--------+--------+--------+
|           |   DSP  |  Delay |   FF   |   LUT  |
+-----------+--------+--------+--------+--------+
|  Function |    4   |   11   |   970  |  1164  |
|   Memory  |    -   |    -   |    -   |    -   |
|Multiplexer|    -   |    1   |    -   |    9   |
|  Register |    -   |    -   |   94   |    -   |
+-----------+--------+--------+--------+--------+
|   Total   |    4   |   13   |  1064  |  1173  |
+-----------+--------+--------+--------+--------+
