

================================================================
== Vitis HLS Report for 'mfcc_Pipeline_task_3'
================================================================
* Date:           Mon Jan 19 23:15:26 2026

* Version:        2023.1 (Build 3854077 on May  4 2023)
* Project:        audrey_4_hls
* Solution:       solution1 (Vivado IP Flow Target)
* Product family: artix7
* Target device:  xc7a100t-csg324-1


================================================================
== Performance Estimates
================================================================
+ Timing: 
    * Summary: 
    +--------+----------+----------+------------+
    |  Clock |  Target  | Estimated| Uncertainty|
    +--------+----------+----------+------------+
    |ap_clk  |  10.00 ns|  5.376 ns|     2.70 ns|
    +--------+----------+----------+------------+

+ Latency: 
    * Summary: 
    +---------+---------+----------+----------+-----+-----+---------+
    |  Latency (cycles) |  Latency (absolute) |  Interval | Pipeline|
    |   min   |   max   |    min   |    max   | min | max |   Type  |
    +---------+---------+----------+----------+-----+-----+---------+
    |      259|      259|  2.590 us|  2.590 us|  259|  259|       no|
    +---------+---------+----------+----------+-----+-----+---------+

    + Detail: 
        * Instance: 
        N/A

        * Loop: 
        +----------+---------+---------+----------+-----------+-----------+------+----------+
        |          |  Latency (cycles) | Iteration|  Initiation Interval  | Trip |          |
        | Loop Name|   min   |   max   |  Latency |  achieved |   target  | Count| Pipelined|
        +----------+---------+---------+----------+-----------+-----------+------+----------+
        |- task_3  |      257|      257|         1|          1|          1|   257|       yes|
        +----------+---------+---------+----------+-----------+-----------+------+----------+

============================================================
+ Verbose Summary: Synthesis Manager
============================================================
InlineROM: 1
ExposeGlobal: 0
============================================================
+ Verbose Summary: CDFG Model
============================================================
IsTopModel: 0
ResetActiveHigh: 1
IsCombinational: 0
IsDatapathOnly: 0
HasWiredReturn: 1
HasMFsm: 2
HasVarLatency: 1
IsPipeline: 0
IsRtlPipelined: 0
IsInstanceOverlapped: 0
IsDontTouch: 0
HasImplIP: 0
IsGatedGlobalClock: 0

+ Individual pipeline summary: 
  * Pipeline-0: initiation interval (II) = 1, depth = 1


============================================================
+ Verbose Summary: Schedule
============================================================
* Number of FSM states : 1
* Pipeline : 1
  Pipeline-0 : II = 1, D = 1, States = { 1 }
* Dataflow Pipeline: 0

* FSM state transitions: 
1 --> 

* FSM state operations: 

State 1 <SV = 0> <Delay = 5.37>
ST_1 : Operation 4 [1/1] (0.00ns)   --->   "%i = alloca i32 1"   --->   Operation 4 'alloca' 'i' <Predicate = true> <Delay = 0.00>
ST_1 : Operation 5 [1/1] (0.00ns)   --->   "%specaxissidechannel_ln0 = specaxissidechannel void @_ssdm_op_SpecAXISSideChannel, i16 %in_stream_V_data_V, i2 %in_stream_V_keep_V, i2 %in_stream_V_strb_V, i1 0, i1 %in_stream_V_last_V, i1 0, i1 0, void @empty_3"   --->   Operation 5 'specaxissidechannel' 'specaxissidechannel_ln0' <Predicate = true> <Delay = 0.00>
ST_1 : Operation 6 [1/1] (0.00ns)   --->   "%specinterface_ln0 = specinterface void @_ssdm_op_SpecInterface, i1 %in_stream_V_last_V, i2 %in_stream_V_strb_V, i2 %in_stream_V_keep_V, i16 %in_stream_V_data_V, void @empty_5, i32 0, i32 0, void @empty_0, i32 0, i32 0, void @empty_1, void @empty_1, void @empty_1, i32 0, i32 0, i32 0, i32 0, void @empty_1, void @empty_1, i32 4294967295, i32 0"   --->   Operation 6 'specinterface' 'specinterface_ln0' <Predicate = true> <Delay = 0.00>
ST_1 : Operation 7 [1/1] (1.61ns)   --->   "%store_ln0 = store i9 0, i9 %i"   --->   Operation 7 'store' 'store_ln0' <Predicate = true> <Delay = 1.61>
ST_1 : Operation 8 [1/1] (0.00ns)   --->   "%br_ln0 = br void %for.inc"   --->   Operation 8 'br' 'br_ln0' <Predicate = true> <Delay = 0.00>
ST_1 : Operation 9 [1/1] (0.00ns)   --->   "%i_1 = load i9 %i" [audrey_4_hls/mfcc.cpp:42]   --->   Operation 9 'load' 'i_1' <Predicate = true> <Delay = 0.00>
ST_1 : Operation 10 [1/1] (2.11ns)   --->   "%icmp_ln42 = icmp_eq  i9 %i_1, i9 257" [audrey_4_hls/mfcc.cpp:42]   --->   Operation 10 'icmp' 'icmp_ln42' <Predicate = true> <Delay = 2.11> <CoreInst = "Cmp">   --->   Core 9 'Cmp' <Latency = 0> <II = 1> <Delay = 2.11> <FuncUnit> <Opcode : 'icmp'> <InPorts = 2> <OutPorts = 1>
ST_1 : Operation 11 [1/1] (2.11ns)   --->   "%add_ln42 = add i9 %i_1, i9 1" [audrey_4_hls/mfcc.cpp:42]   --->   Operation 11 'add' 'add_ln42' <Predicate = true> <Delay = 2.11> <CoreInst = "Adder">   --->   Core 1 'Adder' <Latency = 0> <II = 1> <Delay = 2.11> <FuncUnit> <Opcode : 'add' 'sub'> <InPorts = 2> <OutPorts = 1>
ST_1 : Operation 12 [1/1] (0.00ns)   --->   "%br_ln42 = br i1 %icmp_ln42, void %for.inc.split, void %for.body.i.preheader.exitStub" [audrey_4_hls/mfcc.cpp:42]   --->   Operation 12 'br' 'br_ln42' <Predicate = true> <Delay = 0.00>
ST_1 : Operation 13 [1/1] (0.00ns)   --->   "%zext_ln42 = zext i9 %i_1" [audrey_4_hls/mfcc.cpp:42]   --->   Operation 13 'zext' 'zext_ln42' <Predicate = (!icmp_ln42)> <Delay = 0.00>
ST_1 : Operation 14 [1/1] (0.00ns)   --->   "%specpipeline_ln43 = specpipeline void @_ssdm_op_SpecPipeline, i32 4294967295, i32 0, i32 0, i32 0, void @empty_1" [audrey_4_hls/mfcc.cpp:43]   --->   Operation 14 'specpipeline' 'specpipeline_ln43' <Predicate = (!icmp_ln42)> <Delay = 0.00>
ST_1 : Operation 15 [1/1] (0.00ns)   --->   "%speclooptripcount_ln45 = speclooptripcount void @_ssdm_op_SpecLoopTripCount, i64 257, i64 257, i64 257" [audrey_4_hls/mfcc.cpp:45]   --->   Operation 15 'speclooptripcount' 'speclooptripcount_ln45' <Predicate = (!icmp_ln42)> <Delay = 0.00>
ST_1 : Operation 16 [1/1] (0.00ns)   --->   "%specloopname_ln42 = specloopname void @_ssdm_op_SpecLoopName, void @empty_8" [audrey_4_hls/mfcc.cpp:42]   --->   Operation 16 'specloopname' 'specloopname_ln42' <Predicate = (!icmp_ln42)> <Delay = 0.00>
ST_1 : Operation 17 [1/1] (0.00ns)   --->   "%empty = read i21 @_ssdm_op_Read.axis.volatile.i16P0A.i2P0A.i2P0A.i1P0A, i16 %in_stream_V_data_V, i2 %in_stream_V_keep_V, i2 %in_stream_V_strb_V, i1 %in_stream_V_last_V" [audrey_4_hls/mfcc.cpp:45]   --->   Operation 17 'read' 'empty' <Predicate = (!icmp_ln42)> <Delay = 0.00> <CoreInst = "axis">   --->   Core 115 'axis' <Latency = 0> <II = 1> <Delay = 1.00> <Adapter> <Opcode : >
ST_1 : Operation 18 [1/1] (0.00ns)   --->   "%val_in_data_V = extractvalue i21 %empty" [audrey_4_hls/mfcc.cpp:45]   --->   Operation 18 'extractvalue' 'val_in_data_V' <Predicate = (!icmp_ln42)> <Delay = 0.00>
ST_1 : Operation 19 [1/1] (0.00ns)   --->   "%abs_spectrogram_addr = getelementptr i16 %abs_spectrogram, i64 0, i64 %zext_ln42" [audrey_4_hls/mfcc.cpp:46]   --->   Operation 19 'getelementptr' 'abs_spectrogram_addr' <Predicate = (!icmp_ln42)> <Delay = 0.00>
ST_1 : Operation 20 [1/1] (3.25ns)   --->   "%store_ln46 = store i16 %val_in_data_V, i9 %abs_spectrogram_addr" [audrey_4_hls/mfcc.cpp:46]   --->   Operation 20 'store' 'store_ln46' <Predicate = (!icmp_ln42)> <Delay = 3.25> <CoreInst = "RAM_1WnR">   --->   Core 83 'RAM_1WnR' <Latency = 1> <II = 1> <Delay = 3.25> <Storage> <Opcode : 'load' 'store'> <Ports = 17> <Width = 16> <Depth = 257> <RAM>
ST_1 : Operation 21 [1/1] (1.61ns)   --->   "%store_ln42 = store i9 %add_ln42, i9 %i" [audrey_4_hls/mfcc.cpp:42]   --->   Operation 21 'store' 'store_ln42' <Predicate = (!icmp_ln42)> <Delay = 1.61>
ST_1 : Operation 22 [1/1] (0.00ns)   --->   "%br_ln42 = br void %for.inc" [audrey_4_hls/mfcc.cpp:42]   --->   Operation 22 'br' 'br_ln42' <Predicate = (!icmp_ln42)> <Delay = 0.00>
ST_1 : Operation 23 [1/1] (0.00ns)   --->   "%ret_ln0 = ret"   --->   Operation 23 'ret' 'ret_ln0' <Predicate = (icmp_ln42)> <Delay = 0.00>


============================================================
+ Verbose Summary: Timing violations
============================================================
Target clock period: 10.000ns, clock uncertainty: 2.700ns.

 <State 1>: 5.376ns
The critical path consists of the following:
	'alloca' operation ('i') [6]  (0.000 ns)
	'load' operation ('i', audrey_4_hls/mfcc.cpp:42) on local variable 'i' [12]  (0.000 ns)
	'add' operation ('add_ln42', audrey_4_hls/mfcc.cpp:42) [14]  (2.119 ns)
	'store' operation ('store_ln42', audrey_4_hls/mfcc.cpp:42) of variable 'add_ln42', audrey_4_hls/mfcc.cpp:42 on local variable 'i' [25]  (1.610 ns)
	blocking operation 1.647 ns on control path)


============================================================
+ Verbose Summary: Binding
============================================================
N/A
* FSMD analyzer results:
  - Output states:
 - Input state : 
  - Chain level:
	State 1


============================================================
+ Verbose Summary: Datapath Resource usage 
============================================================
N/A
