

================================================================
== Vitis HLS Report for 'mfcc_Pipeline_task_2'
================================================================
* Date:           Tue Jan 20 12:41:16 2026

* Version:        2023.1 (Build 3854077 on May  4 2023)
* Project:        audrey_4_hls
* Solution:       solution1 (Vivado IP Flow Target)
* Product family: artix7
* Target device:  xc7a100t-csg324-1


================================================================
== Performance Estimates
================================================================
+ Timing: 
    * Summary: 
    +--------+----------+----------+------------+
    |  Clock |  Target  | Estimated| Uncertainty|
    +--------+----------+----------+------------+
    |ap_clk  |  10.00 ns|  3.733 ns|     2.70 ns|
    +--------+----------+----------+------------+

+ Latency: 
    * Summary: 
    +---------+---------+----------+----------+-----+-----+---------+
    |  Latency (cycles) |  Latency (absolute) |  Interval | Pipeline|
    |   min   |   max   |    min   |    max   | min | max |   Type  |
    +---------+---------+----------+----------+-----+-----+---------+
    |      514|      514|  5.140 us|  5.140 us|  514|  514|       no|
    +---------+---------+----------+----------+-----+-----+---------+

    + Detail: 
        * Instance: 
        N/A

        * Loop: 
        +----------+---------+---------+----------+-----------+-----------+------+----------+
        |          |  Latency (cycles) | Iteration|  Initiation Interval  | Trip |          |
        | Loop Name|   min   |   max   |  Latency |  achieved |   target  | Count| Pipelined|
        +----------+---------+---------+----------+-----------+-----------+------+----------+
        |- task_2  |      512|      512|         1|          1|          1|   512|       yes|
        +----------+---------+---------+----------+-----------+-----------+------+----------+

============================================================
+ Verbose Summary: Synthesis Manager
============================================================
InlineROM: 1
ExposeGlobal: 0
============================================================
+ Verbose Summary: CDFG Model
============================================================
IsTopModel: 0
ResetActiveHigh: 1
IsCombinational: 0
IsDatapathOnly: 0
HasWiredReturn: 1
HasMFsm: 2
HasVarLatency: 1
IsPipeline: 0
IsRtlPipelined: 0
IsInstanceOverlapped: 0
IsDontTouch: 0
HasImplIP: 0
IsGatedGlobalClock: 0

+ Individual pipeline summary: 
  * Pipeline-0: initiation interval (II) = 1, depth = 1


============================================================
+ Verbose Summary: Schedule
============================================================
* Number of FSM states : 1
* Pipeline : 1
  Pipeline-0 : II = 1, D = 1, States = { 1 }
* Dataflow Pipeline: 0

* FSM state transitions: 
1 --> 

* FSM state operations: 

State 1 <SV = 0> <Delay = 3.73>
ST_1 : Operation 4 [1/1] (0.00ns)   --->   "%i = alloca i32 1"   --->   Operation 4 'alloca' 'i' <Predicate = true> <Delay = 0.00>
ST_1 : Operation 5 [1/1] (0.00ns)   --->   "%specaxissidechannel_ln0 = specaxissidechannel void @_ssdm_op_SpecAXISSideChannel, i16 %in_stream_V_data_V, i2 %in_stream_V_keep_V, i2 %in_stream_V_strb_V, i1 0, i1 %in_stream_V_last_V, i1 0, i1 0, void @empty_7"   --->   Operation 5 'specaxissidechannel' 'specaxissidechannel_ln0' <Predicate = true> <Delay = 0.00>
ST_1 : Operation 6 [1/1] (0.00ns)   --->   "%specinterface_ln0 = specinterface void @_ssdm_op_SpecInterface, i1 %in_stream_V_last_V, i2 %in_stream_V_strb_V, i2 %in_stream_V_keep_V, i16 %in_stream_V_data_V, void @empty_3, i32 0, i32 0, void @empty_2, i32 0, i32 0, void @empty_4, void @empty_4, void @empty_4, i32 0, i32 0, i32 0, i32 0, void @empty_4, void @empty_4, i32 4294967295, i32 0"   --->   Operation 6 'specinterface' 'specinterface_ln0' <Predicate = true> <Delay = 0.00>
ST_1 : Operation 7 [1/1] (1.61ns)   --->   "%store_ln0 = store i10 0, i10 %i"   --->   Operation 7 'store' 'store_ln0' <Predicate = true> <Delay = 1.61>
ST_1 : Operation 8 [1/1] (0.00ns)   --->   "%br_ln0 = br void %for.body"   --->   Operation 8 'br' 'br_ln0' <Predicate = true> <Delay = 0.00>
ST_1 : Operation 9 [1/1] (0.00ns)   --->   "%i_1 = load i10 %i" [audrey_4_hls/mfcc.cpp:32]   --->   Operation 9 'load' 'i_1' <Predicate = true> <Delay = 0.00>
ST_1 : Operation 10 [1/1] (2.12ns)   --->   "%icmp_ln32 = icmp_eq  i10 %i_1, i10 512" [audrey_4_hls/mfcc.cpp:32]   --->   Operation 10 'icmp' 'icmp_ln32' <Predicate = true> <Delay = 2.12> <CoreInst = "Cmp">   --->   Core 9 'Cmp' <Latency = 0> <II = 1> <Delay = 2.12> <FuncUnit> <Opcode : 'icmp'> <InPorts = 2> <OutPorts = 1>
ST_1 : Operation 11 [1/1] (2.12ns)   --->   "%i_2 = add i10 %i_1, i10 1" [audrey_4_hls/mfcc.cpp:32]   --->   Operation 11 'add' 'i_2' <Predicate = true> <Delay = 2.12> <CoreInst = "Adder">   --->   Core 1 'Adder' <Latency = 0> <II = 1> <Delay = 2.12> <FuncUnit> <Opcode : 'add' 'sub'> <InPorts = 2> <OutPorts = 1>
ST_1 : Operation 12 [1/1] (0.00ns)   --->   "%br_ln32 = br i1 %icmp_ln32, void %for.body.split, void %for.inc52.preheader.exitStub" [audrey_4_hls/mfcc.cpp:32]   --->   Operation 12 'br' 'br_ln32' <Predicate = true> <Delay = 0.00>
ST_1 : Operation 13 [1/1] (0.00ns)   --->   "%specpipeline_ln34 = specpipeline void @_ssdm_op_SpecPipeline, i32 1, i32 0, i32 0, i32 0, void @empty_4" [audrey_4_hls/mfcc.cpp:34]   --->   Operation 13 'specpipeline' 'specpipeline_ln34' <Predicate = (!icmp_ln32)> <Delay = 0.00>
ST_1 : Operation 14 [1/1] (0.00ns)   --->   "%speclooptripcount_ln32 = speclooptripcount void @_ssdm_op_SpecLoopTripCount, i64 512, i64 512, i64 512" [audrey_4_hls/mfcc.cpp:32]   --->   Operation 14 'speclooptripcount' 'speclooptripcount_ln32' <Predicate = (!icmp_ln32)> <Delay = 0.00>
ST_1 : Operation 15 [1/1] (0.00ns)   --->   "%specloopname_ln32 = specloopname void @_ssdm_op_SpecLoopName, void @empty" [audrey_4_hls/mfcc.cpp:32]   --->   Operation 15 'specloopname' 'specloopname_ln32' <Predicate = (!icmp_ln32)> <Delay = 0.00>
ST_1 : Operation 16 [1/1] (0.00ns)   --->   "%empty = read i21 @_ssdm_op_Read.axis.volatile.i16P0A.i2P0A.i2P0A.i1P0A, i16 %in_stream_V_data_V, i2 %in_stream_V_keep_V, i2 %in_stream_V_strb_V, i1 %in_stream_V_last_V" [audrey_4_hls/mfcc.cpp:35]   --->   Operation 16 'read' 'empty' <Predicate = (!icmp_ln32)> <Delay = 0.00> <CoreInst = "axis">   --->   Core 115 'axis' <Latency = 0> <II = 1> <Delay = 1.00> <Adapter> <Opcode : >
ST_1 : Operation 17 [1/1] (1.61ns)   --->   "%store_ln32 = store i10 %i_2, i10 %i" [audrey_4_hls/mfcc.cpp:32]   --->   Operation 17 'store' 'store_ln32' <Predicate = (!icmp_ln32)> <Delay = 1.61>
ST_1 : Operation 18 [1/1] (0.00ns)   --->   "%br_ln32 = br void %for.body" [audrey_4_hls/mfcc.cpp:32]   --->   Operation 18 'br' 'br_ln32' <Predicate = (!icmp_ln32)> <Delay = 0.00>
ST_1 : Operation 19 [1/1] (0.00ns)   --->   "%ret_ln0 = ret"   --->   Operation 19 'ret' 'ret_ln0' <Predicate = (icmp_ln32)> <Delay = 0.00>


============================================================
+ Verbose Summary: Timing violations
============================================================
Target clock period: 10.000ns, clock uncertainty: 2.700ns.

 <State 1>: 3.733ns
The critical path consists of the following:
	'alloca' operation ('i') [5]  (0.000 ns)
	'load' operation ('i', audrey_4_hls/mfcc.cpp:32) on local variable 'i' [11]  (0.000 ns)
	'add' operation ('i', audrey_4_hls/mfcc.cpp:32) [13]  (2.123 ns)
	'store' operation ('store_ln32', audrey_4_hls/mfcc.cpp:32) of variable 'i', audrey_4_hls/mfcc.cpp:32 on local variable 'i' [20]  (1.610 ns)


============================================================
+ Verbose Summary: Binding
============================================================
N/A
* FSMD analyzer results:
  - Output states:
 - Input state : 
  - Chain level:
	State 1


============================================================
+ Verbose Summary: Datapath Resource usage 
============================================================
N/A
