

================================================================
== Vitis HLS Report for 'mfcc_Pipeline_VITIS_LOOP_199_1'
================================================================
* Date:           Mon Jan 19 23:15:27 2026

* Version:        2023.1 (Build 3854077 on May  4 2023)
* Project:        audrey_4_hls
* Solution:       solution1 (Vivado IP Flow Target)
* Product family: artix7
* Target device:  xc7a100t-csg324-1


================================================================
== Performance Estimates
================================================================
+ Timing: 
    * Summary: 
    +--------+----------+----------+------------+
    |  Clock |  Target  | Estimated| Uncertainty|
    +--------+----------+----------+------------+
    |ap_clk  |  10.00 ns|  6.876 ns|     2.70 ns|
    +--------+----------+----------+------------+

+ Latency: 
    * Summary: 
    +---------+---------+----------+----------+-----+-----+---------+
    |  Latency (cycles) |  Latency (absolute) |  Interval | Pipeline|
    |   min   |   max   |    min   |    max   | min | max |   Type  |
    +---------+---------+----------+----------+-----+-----+---------+
    |       55|       55|  0.550 us|  0.550 us|   55|   55|       no|
    +---------+---------+----------+----------+-----+-----+---------+

    + Detail: 
        * Instance: 
        N/A

        * Loop: 
        +--------------------+---------+---------+----------+-----------+-----------+------+----------+
        |                    |  Latency (cycles) | Iteration|  Initiation Interval  | Trip |          |
        |      Loop Name     |   min   |   max   |  Latency |  achieved |   target  | Count| Pipelined|
        +--------------------+---------+---------+----------+-----------+-----------+------+----------+
        |- VITIS_LOOP_199_1  |       53|       53|        13|          1|          1|    42|       yes|
        +--------------------+---------+---------+----------+-----------+-----------+------+----------+

============================================================
+ Verbose Summary: Synthesis Manager
============================================================
InlineROM: 1
ExposeGlobal: 0
============================================================
+ Verbose Summary: CDFG Model
============================================================
IsTopModel: 0
ResetActiveHigh: 1
IsCombinational: 0
IsDatapathOnly: 0
HasWiredReturn: 1
HasMFsm: 2
HasVarLatency: 1
IsPipeline: 0
IsRtlPipelined: 0
IsInstanceOverlapped: 0
IsDontTouch: 0
HasImplIP: 0
IsGatedGlobalClock: 0

+ Individual pipeline summary: 
  * Pipeline-0: initiation interval (II) = 1, depth = 13


============================================================
+ Verbose Summary: Schedule
============================================================
* Number of FSM states : 13
* Pipeline : 1
  Pipeline-0 : II = 1, D = 13, States = { 1 2 3 4 5 6 7 8 9 10 11 12 13 }
* Dataflow Pipeline: 0

* FSM state transitions: 
1 --> 2 
2 --> 3 
3 --> 4 
4 --> 5 
5 --> 6 
6 --> 7 
7 --> 8 
8 --> 9 
9 --> 10 
10 --> 11 
11 --> 12 
12 --> 13 
13 --> 

* FSM state operations: 

State 1 <SV = 0> <Delay = 3.55>
ST_1 : Operation 16 [1/1] (0.00ns)   --->   "%m_1 = alloca i32 1"   --->   Operation 16 'alloca' 'm_1' <Predicate = true> <Delay = 0.00>
ST_1 : Operation 17 [1/1] (1.61ns)   --->   "%store_ln0 = store i6 0, i6 %m_1"   --->   Operation 17 'store' 'store_ln0' <Predicate = true> <Delay = 1.61>
ST_1 : Operation 18 [1/1] (0.00ns)   --->   "%br_ln0 = br void %for.body.i96"   --->   Operation 18 'br' 'br_ln0' <Predicate = true> <Delay = 0.00>
ST_1 : Operation 19 [1/1] (0.00ns)   --->   "%m = load i6 %m_1" [audrey_4_hls/mfcc.cpp:199->audrey_4_hls/mfcc.cpp:72]   --->   Operation 19 'load' 'm' <Predicate = true> <Delay = 0.00>
ST_1 : Operation 20 [1/1] (0.00ns)   --->   "%specpipeline_ln0 = specpipeline void @_ssdm_op_SpecPipeline, i32 4294967295, i32 0, i32 1, i32 0, void @p_str"   --->   Operation 20 'specpipeline' 'specpipeline_ln0' <Predicate = true> <Delay = 0.00>
ST_1 : Operation 21 [1/1] (1.94ns)   --->   "%icmp_ln199 = icmp_eq  i6 %m, i6 42" [audrey_4_hls/mfcc.cpp:199->audrey_4_hls/mfcc.cpp:72]   --->   Operation 21 'icmp' 'icmp_ln199' <Predicate = true> <Delay = 1.94> <CoreInst = "Cmp">   --->   Core 9 'Cmp' <Latency = 0> <II = 1> <Delay = 1.94> <FuncUnit> <Opcode : 'icmp'> <InPorts = 2> <OutPorts = 1>
ST_1 : Operation 22 [1/1] (1.94ns)   --->   "%add_ln199 = add i6 %m, i6 1" [audrey_4_hls/mfcc.cpp:199->audrey_4_hls/mfcc.cpp:72]   --->   Operation 22 'add' 'add_ln199' <Predicate = true> <Delay = 1.94> <CoreInst = "Adder">   --->   Core 1 'Adder' <Latency = 0> <II = 1> <Delay = 1.94> <FuncUnit> <Opcode : 'add' 'sub'> <InPorts = 2> <OutPorts = 1>
ST_1 : Operation 23 [1/1] (0.00ns)   --->   "%br_ln199 = br i1 %icmp_ln199, void %for.body.i96.split, void %for.inc33.preheader.exitStub" [audrey_4_hls/mfcc.cpp:199->audrey_4_hls/mfcc.cpp:72]   --->   Operation 23 'br' 'br_ln199' <Predicate = true> <Delay = 0.00>
ST_1 : Operation 24 [1/1] (0.00ns)   --->   "%m_1_cast = zext i6 %m" [audrey_4_hls/mfcc.cpp:199->audrey_4_hls/mfcc.cpp:72]   --->   Operation 24 'zext' 'm_1_cast' <Predicate = (!icmp_ln199)> <Delay = 0.00>
ST_1 : Operation 25 [1/1] (0.00ns)   --->   "%mel_filtered_addr = getelementptr i16 %mel_filtered, i64 0, i64 %m_1_cast" [audrey_4_hls/mfcc.cpp:201->audrey_4_hls/mfcc.cpp:72]   --->   Operation 25 'getelementptr' 'mel_filtered_addr' <Predicate = (!icmp_ln199)> <Delay = 0.00>
ST_1 : Operation 26 [2/2] (2.15ns)   --->   "%mel_filtered_load = load i6 %mel_filtered_addr" [audrey_4_hls/mfcc.cpp:201->audrey_4_hls/mfcc.cpp:72]   --->   Operation 26 'load' 'mel_filtered_load' <Predicate = (!icmp_ln199)> <Delay = 2.15> <CoreInst = "RAM">   --->   Core 82 'RAM' <Latency = 1> <II = 1> <Delay = 2.15> <Storage> <Opcode : 'load' 'store'> <Ports = 2> <Width = 16> <Depth = 42> <RAM>
ST_1 : Operation 27 [1/1] (1.61ns)   --->   "%store_ln199 = store i6 %add_ln199, i6 %m_1" [audrey_4_hls/mfcc.cpp:199->audrey_4_hls/mfcc.cpp:72]   --->   Operation 27 'store' 'store_ln199' <Predicate = (!icmp_ln199)> <Delay = 1.61>

State 2 <SV = 1> <Delay = 4.29>
ST_2 : Operation 28 [1/2] (2.15ns)   --->   "%mel_filtered_load = load i6 %mel_filtered_addr" [audrey_4_hls/mfcc.cpp:201->audrey_4_hls/mfcc.cpp:72]   --->   Operation 28 'load' 'mel_filtered_load' <Predicate = true> <Delay = 2.15> <CoreInst = "RAM">   --->   Core 82 'RAM' <Latency = 1> <II = 1> <Delay = 2.15> <Storage> <Opcode : 'load' 'store'> <Ports = 2> <Width = 16> <Depth = 42> <RAM>
ST_2 : Operation 29 [1/1] (0.00ns)   --->   "%sext_ln201 = sext i16 %mel_filtered_load" [audrey_4_hls/mfcc.cpp:201->audrey_4_hls/mfcc.cpp:72]   --->   Operation 29 'sext' 'sext_ln201' <Predicate = true> <Delay = 0.00>
ST_2 : Operation 30 [1/1] (2.14ns)   --->   "%x = add i17 %sext_ln201, i17 1" [audrey_4_hls/mfcc.cpp:201->audrey_4_hls/mfcc.cpp:72]   --->   Operation 30 'add' 'x' <Predicate = true> <Delay = 2.14> <CoreInst = "Adder">   --->   Core 1 'Adder' <Latency = 0> <II = 1> <Delay = 2.14> <FuncUnit> <Opcode : 'add' 'sub'> <InPorts = 2> <OutPorts = 1>

State 3 <SV = 2> <Delay = 6.56>
ST_3 : Operation 31 [11/11] (6.56ns)   --->   "%trunc_ln = call i15 @log<17, 9>, i17 %x, i6 %log_apfixed_reduce_log_inverse_lut_table_array, i22 %log_apfixed_reduce_log0_lut_table_ap_fixed_0_5_64_array, i18 %log_apfixed_reduce_log_lut_table_ap_fixed_4_4_16_array" [audrey_4_hls/mfcc.cpp:201->audrey_4_hls/mfcc.cpp:72]   --->   Operation 31 'call' 'trunc_ln' <Predicate = (!icmp_ln199)> <Delay = 6.56> <CoreType = "Generic">   --->   Core 0 '' <Latency = 0> <II = 1> <Delay = 1.00> <Generic> <Opcode : >

State 4 <SV = 3> <Delay = 6.87>
ST_4 : Operation 32 [10/11] (6.87ns)   --->   "%trunc_ln = call i15 @log<17, 9>, i17 %x, i6 %log_apfixed_reduce_log_inverse_lut_table_array, i22 %log_apfixed_reduce_log0_lut_table_ap_fixed_0_5_64_array, i18 %log_apfixed_reduce_log_lut_table_ap_fixed_4_4_16_array" [audrey_4_hls/mfcc.cpp:201->audrey_4_hls/mfcc.cpp:72]   --->   Operation 32 'call' 'trunc_ln' <Predicate = (!icmp_ln199)> <Delay = 6.87> <CoreType = "Generic">   --->   Core 0 '' <Latency = 0> <II = 1> <Delay = 1.00> <Generic> <Opcode : >

State 5 <SV = 4> <Delay = 6.87>
ST_5 : Operation 33 [9/11] (6.87ns)   --->   "%trunc_ln = call i15 @log<17, 9>, i17 %x, i6 %log_apfixed_reduce_log_inverse_lut_table_array, i22 %log_apfixed_reduce_log0_lut_table_ap_fixed_0_5_64_array, i18 %log_apfixed_reduce_log_lut_table_ap_fixed_4_4_16_array" [audrey_4_hls/mfcc.cpp:201->audrey_4_hls/mfcc.cpp:72]   --->   Operation 33 'call' 'trunc_ln' <Predicate = (!icmp_ln199)> <Delay = 6.87> <CoreType = "Generic">   --->   Core 0 '' <Latency = 0> <II = 1> <Delay = 1.00> <Generic> <Opcode : >

State 6 <SV = 5> <Delay = 6.87>
ST_6 : Operation 34 [8/11] (6.87ns)   --->   "%trunc_ln = call i15 @log<17, 9>, i17 %x, i6 %log_apfixed_reduce_log_inverse_lut_table_array, i22 %log_apfixed_reduce_log0_lut_table_ap_fixed_0_5_64_array, i18 %log_apfixed_reduce_log_lut_table_ap_fixed_4_4_16_array" [audrey_4_hls/mfcc.cpp:201->audrey_4_hls/mfcc.cpp:72]   --->   Operation 34 'call' 'trunc_ln' <Predicate = (!icmp_ln199)> <Delay = 6.87> <CoreType = "Generic">   --->   Core 0 '' <Latency = 0> <II = 1> <Delay = 1.00> <Generic> <Opcode : >

State 7 <SV = 6> <Delay = 6.87>
ST_7 : Operation 35 [7/11] (6.87ns)   --->   "%trunc_ln = call i15 @log<17, 9>, i17 %x, i6 %log_apfixed_reduce_log_inverse_lut_table_array, i22 %log_apfixed_reduce_log0_lut_table_ap_fixed_0_5_64_array, i18 %log_apfixed_reduce_log_lut_table_ap_fixed_4_4_16_array" [audrey_4_hls/mfcc.cpp:201->audrey_4_hls/mfcc.cpp:72]   --->   Operation 35 'call' 'trunc_ln' <Predicate = (!icmp_ln199)> <Delay = 6.87> <CoreType = "Generic">   --->   Core 0 '' <Latency = 0> <II = 1> <Delay = 1.00> <Generic> <Opcode : >

State 8 <SV = 7> <Delay = 6.87>
ST_8 : Operation 36 [6/11] (6.87ns)   --->   "%trunc_ln = call i15 @log<17, 9>, i17 %x, i6 %log_apfixed_reduce_log_inverse_lut_table_array, i22 %log_apfixed_reduce_log0_lut_table_ap_fixed_0_5_64_array, i18 %log_apfixed_reduce_log_lut_table_ap_fixed_4_4_16_array" [audrey_4_hls/mfcc.cpp:201->audrey_4_hls/mfcc.cpp:72]   --->   Operation 36 'call' 'trunc_ln' <Predicate = (!icmp_ln199)> <Delay = 6.87> <CoreType = "Generic">   --->   Core 0 '' <Latency = 0> <II = 1> <Delay = 1.00> <Generic> <Opcode : >

State 9 <SV = 8> <Delay = 6.87>
ST_9 : Operation 37 [5/11] (6.87ns)   --->   "%trunc_ln = call i15 @log<17, 9>, i17 %x, i6 %log_apfixed_reduce_log_inverse_lut_table_array, i22 %log_apfixed_reduce_log0_lut_table_ap_fixed_0_5_64_array, i18 %log_apfixed_reduce_log_lut_table_ap_fixed_4_4_16_array" [audrey_4_hls/mfcc.cpp:201->audrey_4_hls/mfcc.cpp:72]   --->   Operation 37 'call' 'trunc_ln' <Predicate = (!icmp_ln199)> <Delay = 6.87> <CoreType = "Generic">   --->   Core 0 '' <Latency = 0> <II = 1> <Delay = 1.00> <Generic> <Opcode : >

State 10 <SV = 9> <Delay = 6.87>
ST_10 : Operation 38 [4/11] (6.87ns)   --->   "%trunc_ln = call i15 @log<17, 9>, i17 %x, i6 %log_apfixed_reduce_log_inverse_lut_table_array, i22 %log_apfixed_reduce_log0_lut_table_ap_fixed_0_5_64_array, i18 %log_apfixed_reduce_log_lut_table_ap_fixed_4_4_16_array" [audrey_4_hls/mfcc.cpp:201->audrey_4_hls/mfcc.cpp:72]   --->   Operation 38 'call' 'trunc_ln' <Predicate = (!icmp_ln199)> <Delay = 6.87> <CoreType = "Generic">   --->   Core 0 '' <Latency = 0> <II = 1> <Delay = 1.00> <Generic> <Opcode : >

State 11 <SV = 10> <Delay = 6.87>
ST_11 : Operation 39 [3/11] (6.87ns)   --->   "%trunc_ln = call i15 @log<17, 9>, i17 %x, i6 %log_apfixed_reduce_log_inverse_lut_table_array, i22 %log_apfixed_reduce_log0_lut_table_ap_fixed_0_5_64_array, i18 %log_apfixed_reduce_log_lut_table_ap_fixed_4_4_16_array" [audrey_4_hls/mfcc.cpp:201->audrey_4_hls/mfcc.cpp:72]   --->   Operation 39 'call' 'trunc_ln' <Predicate = (!icmp_ln199)> <Delay = 6.87> <CoreType = "Generic">   --->   Core 0 '' <Latency = 0> <II = 1> <Delay = 1.00> <Generic> <Opcode : >

State 12 <SV = 11> <Delay = 6.87>
ST_12 : Operation 40 [2/11] (6.87ns)   --->   "%trunc_ln = call i15 @log<17, 9>, i17 %x, i6 %log_apfixed_reduce_log_inverse_lut_table_array, i22 %log_apfixed_reduce_log0_lut_table_ap_fixed_0_5_64_array, i18 %log_apfixed_reduce_log_lut_table_ap_fixed_4_4_16_array" [audrey_4_hls/mfcc.cpp:201->audrey_4_hls/mfcc.cpp:72]   --->   Operation 40 'call' 'trunc_ln' <Predicate = (!icmp_ln199)> <Delay = 6.87> <CoreType = "Generic">   --->   Core 0 '' <Latency = 0> <II = 1> <Delay = 1.00> <Generic> <Opcode : >
ST_12 : Operation 47 [1/1] (0.00ns)   --->   "%ret_ln0 = ret"   --->   Operation 47 'ret' 'ret_ln0' <Predicate = (icmp_ln199)> <Delay = 0.00>

State 13 <SV = 12> <Delay = 6.35>
ST_13 : Operation 41 [1/1] (0.00ns)   --->   "%speclooptripcount_ln199 = speclooptripcount void @_ssdm_op_SpecLoopTripCount, i64 42, i64 42, i64 42" [audrey_4_hls/mfcc.cpp:199->audrey_4_hls/mfcc.cpp:72]   --->   Operation 41 'speclooptripcount' 'speclooptripcount_ln199' <Predicate = true> <Delay = 0.00>
ST_13 : Operation 42 [1/1] (0.00ns)   --->   "%specloopname_ln199 = specloopname void @_ssdm_op_SpecLoopName, void @empty_4" [audrey_4_hls/mfcc.cpp:199->audrey_4_hls/mfcc.cpp:72]   --->   Operation 42 'specloopname' 'specloopname_ln199' <Predicate = true> <Delay = 0.00>
ST_13 : Operation 43 [1/11] (4.20ns)   --->   "%trunc_ln = call i15 @log<17, 9>, i17 %x, i6 %log_apfixed_reduce_log_inverse_lut_table_array, i22 %log_apfixed_reduce_log0_lut_table_ap_fixed_0_5_64_array, i18 %log_apfixed_reduce_log_lut_table_ap_fixed_4_4_16_array" [audrey_4_hls/mfcc.cpp:201->audrey_4_hls/mfcc.cpp:72]   --->   Operation 43 'call' 'trunc_ln' <Predicate = (!icmp_ln199)> <Delay = 4.20> <CoreType = "Generic">   --->   Core 0 '' <Latency = 0> <II = 1> <Delay = 1.00> <Generic> <Opcode : >
ST_13 : Operation 44 [1/1] (0.00ns)   --->   "%mfcc_1_addr = getelementptr i15 %mfcc_1, i64 0, i64 %m_1_cast" [audrey_4_hls/mfcc.cpp:201->audrey_4_hls/mfcc.cpp:72]   --->   Operation 44 'getelementptr' 'mfcc_1_addr' <Predicate = true> <Delay = 0.00>
ST_13 : Operation 45 [1/1] (2.15ns)   --->   "%store_ln201 = store i15 %trunc_ln, i6 %mfcc_1_addr" [audrey_4_hls/mfcc.cpp:201->audrey_4_hls/mfcc.cpp:72]   --->   Operation 45 'store' 'store_ln201' <Predicate = true> <Delay = 2.15> <CoreInst = "RAM">   --->   Core 82 'RAM' <Latency = 1> <II = 1> <Delay = 2.15> <Storage> <Opcode : 'load' 'store'> <Ports = 2> <Width = 15> <Depth = 42> <RAM>
ST_13 : Operation 46 [1/1] (0.00ns)   --->   "%br_ln199 = br void %for.body.i96" [audrey_4_hls/mfcc.cpp:199->audrey_4_hls/mfcc.cpp:72]   --->   Operation 46 'br' 'br_ln199' <Predicate = true> <Delay = 0.00>


============================================================
+ Verbose Summary: Timing violations
============================================================
Target clock period: 10.000ns, clock uncertainty: 2.700ns.

 <State 1>: 3.556ns
The critical path consists of the following:
	'alloca' operation ('m') [6]  (0.000 ns)
	'load' operation ('m', audrey_4_hls/mfcc.cpp:199->audrey_4_hls/mfcc.cpp:72) on local variable 'm' [10]  (0.000 ns)
	'add' operation ('add_ln199', audrey_4_hls/mfcc.cpp:199->audrey_4_hls/mfcc.cpp:72) [13]  (1.946 ns)
	'store' operation ('store_ln199', audrey_4_hls/mfcc.cpp:199->audrey_4_hls/mfcc.cpp:72) of variable 'add_ln199', audrey_4_hls/mfcc.cpp:199->audrey_4_hls/mfcc.cpp:72 on local variable 'm' [26]  (1.610 ns)

 <State 2>: 4.298ns
The critical path consists of the following:
	'load' operation ('mel_filtered_load', audrey_4_hls/mfcc.cpp:201->audrey_4_hls/mfcc.cpp:72) on array 'mel_filtered' [20]  (2.152 ns)
	'add' operation ('x', audrey_4_hls/mfcc.cpp:201->audrey_4_hls/mfcc.cpp:72) [22]  (2.146 ns)

 <State 3>: 6.567ns
The critical path consists of the following:
	'call' operation ('trunc_ln', audrey_4_hls/mfcc.cpp:201->audrey_4_hls/mfcc.cpp:72) to 'log<17, 9>' [23]  (6.567 ns)

 <State 4>: 6.876ns
The critical path consists of the following:
	'call' operation ('trunc_ln', audrey_4_hls/mfcc.cpp:201->audrey_4_hls/mfcc.cpp:72) to 'log<17, 9>' [23]  (6.876 ns)

 <State 5>: 6.876ns
The critical path consists of the following:
	'call' operation ('trunc_ln', audrey_4_hls/mfcc.cpp:201->audrey_4_hls/mfcc.cpp:72) to 'log<17, 9>' [23]  (6.876 ns)

 <State 6>: 6.876ns
The critical path consists of the following:
	'call' operation ('trunc_ln', audrey_4_hls/mfcc.cpp:201->audrey_4_hls/mfcc.cpp:72) to 'log<17, 9>' [23]  (6.876 ns)

 <State 7>: 6.876ns
The critical path consists of the following:
	'call' operation ('trunc_ln', audrey_4_hls/mfcc.cpp:201->audrey_4_hls/mfcc.cpp:72) to 'log<17, 9>' [23]  (6.876 ns)

 <State 8>: 6.876ns
The critical path consists of the following:
	'call' operation ('trunc_ln', audrey_4_hls/mfcc.cpp:201->audrey_4_hls/mfcc.cpp:72) to 'log<17, 9>' [23]  (6.876 ns)

 <State 9>: 6.876ns
The critical path consists of the following:
	'call' operation ('trunc_ln', audrey_4_hls/mfcc.cpp:201->audrey_4_hls/mfcc.cpp:72) to 'log<17, 9>' [23]  (6.876 ns)

 <State 10>: 6.876ns
The critical path consists of the following:
	'call' operation ('trunc_ln', audrey_4_hls/mfcc.cpp:201->audrey_4_hls/mfcc.cpp:72) to 'log<17, 9>' [23]  (6.876 ns)

 <State 11>: 6.876ns
The critical path consists of the following:
	'call' operation ('trunc_ln', audrey_4_hls/mfcc.cpp:201->audrey_4_hls/mfcc.cpp:72) to 'log<17, 9>' [23]  (6.876 ns)

 <State 12>: 6.876ns
The critical path consists of the following:
	'call' operation ('trunc_ln', audrey_4_hls/mfcc.cpp:201->audrey_4_hls/mfcc.cpp:72) to 'log<17, 9>' [23]  (6.876 ns)

 <State 13>: 6.360ns
The critical path consists of the following:
	'call' operation ('trunc_ln', audrey_4_hls/mfcc.cpp:201->audrey_4_hls/mfcc.cpp:72) to 'log<17, 9>' [23]  (4.208 ns)
	'store' operation ('store_ln201', audrey_4_hls/mfcc.cpp:201->audrey_4_hls/mfcc.cpp:72) of variable 'trunc_ln', audrey_4_hls/mfcc.cpp:201->audrey_4_hls/mfcc.cpp:72 on array 'mfcc_1' [25]  (2.152 ns)


============================================================
+ Verbose Summary: Binding
============================================================
N/A
* FSMD analyzer results:
  - Output states:
 - Input state : 
  - Chain level:
	State 1
	State 2
	State 3
	State 4
	State 5
	State 6
	State 7
	State 8
	State 9
	State 10
	State 11
	State 12
	State 13


============================================================
+ Verbose Summary: Datapath Resource usage 
============================================================
N/A
