
*** Running vivado
    with args -log top.vds -m64 -product Vivado -mode batch -messageDb vivado.pb -notrace -source top.tcl


****** Vivado v2023.1 (64-bit)
  **** SW Build 3865809 on Sun May  7 15:04:56 MDT 2023
  **** IP Build 3864474 on Sun May  7 20:36:21 MDT 2023
  **** SharedData Build 3865790 on Sun May 07 13:33:03 MDT 2023
    ** Copyright 1986-2022 Xilinx, Inc. All Rights Reserved.
    ** Copyright 2022-2023 Advanced Micro Devices, Inc. All Rights Reserved.

source top.tcl -notrace
create_project: Time (s): cpu = 00:00:10 ; elapsed = 00:00:11 . Memory (MB): peak = 1329.422 ; gain = 0.023 ; free physical = 1979 ; free virtual = 3959
Command: read_checkpoint -auto_incremental -incremental /home/fpga13/group_admi/fpga_project/fpga_project.srcs/utils_1/imports/synth_1/top.dcp
INFO: [Vivado 12-5825] Read reference checkpoint from /home/fpga13/group_admi/fpga_project/fpga_project.srcs/utils_1/imports/synth_1/top.dcp for incremental synthesis
INFO: [Vivado 12-7989] Please ensure there are no constraint changes
Command: synth_design -top top -part xc7a100tcsg324-1
Starting synth_design
Attempting to get a license for feature 'Synthesis' and/or device 'xc7a100t'
INFO: [Common 17-349] Got license for feature 'Synthesis' and/or device 'xc7a100t'
INFO: [Device 21-403] Loading part xc7a100tcsg324-1
INFO: [Designutils 20-5440] No compile time benefit to using incremental synthesis; A full resynthesis will be run
INFO: [Designutils 20-4379] Flow is switching to default flow due to incremental criteria not met. If you would like to alter this behaviour and have the flow terminate instead, please set the following parameter config_implementation {autoIncr.Synth.RejectBehavior Terminate}
INFO: [Synth 8-7079] Multithreading enabled for synth_design using a maximum of 4 processes.
INFO: [Synth 8-7078] Launching helper process for spawning children vivado processes
INFO: [Synth 8-7075] Helper process launched with PID 136798
WARNING: [Synth 8-11067] parameter 'BITSIMAG' declared inside package 'fft_pkg' shall be treated as localparam [/home/fpga13/group_admi/fpga_project/fpga_project.srcs/sources_1/imports/1/pkg.sv:5]
WARNING: [Synth 8-11067] parameter 'BITSREAL' declared inside package 'fft_pkg' shall be treated as localparam [/home/fpga13/group_admi/fpga_project/fpga_project.srcs/sources_1/imports/1/pkg.sv:6]
WARNING: [Synth 8-11067] parameter 'WINDOWSTEP_MS' declared inside package 'fft_pkg' shall be treated as localparam [/home/fpga13/group_admi/fpga_project/fpga_project.srcs/sources_1/imports/1/pkg.sv:17]
WARNING: [Synth 8-11067] parameter 'WINDOWSIZE_MS' declared inside package 'fft_pkg' shall be treated as localparam [/home/fpga13/group_admi/fpga_project/fpga_project.srcs/sources_1/imports/1/pkg.sv:18]
WARNING: [Synth 8-11067] parameter 'SAMPLE_PER_MS' declared inside package 'fft_pkg' shall be treated as localparam [/home/fpga13/group_admi/fpga_project/fpga_project.srcs/sources_1/imports/1/pkg.sv:19]
WARNING: [Synth 8-11067] parameter 'FRAME_WIDTH_MS' declared inside package 'fft_pkg' shall be treated as localparam [/home/fpga13/group_admi/fpga_project/fpga_project.srcs/sources_1/imports/1/pkg.sv:20]
WARNING: [Synth 8-11067] parameter 'REQUIRED_FRAMES' declared inside package 'fft_pkg' shall be treated as localparam [/home/fpga13/group_admi/fpga_project/fpga_project.srcs/sources_1/imports/1/pkg.sv:22]
WARNING: [Synth 8-11067] parameter 'PARALLELISM' declared inside package 'fft_pkg' shall be treated as localparam [/home/fpga13/group_admi/fpga_project/fpga_project.srcs/sources_1/imports/1/pkg.sv:26]
WARNING: [Synth 8-11067] parameter 'FIFO_DEPTH_MS' declared inside package 'fft_pkg' shall be treated as localparam [/home/fpga13/group_admi/fpga_project/fpga_project.srcs/sources_1/imports/1/pkg.sv:27]
WARNING: [Synth 8-11067] parameter 'FIFO_DEPTH' declared inside package 'fft_pkg' shall be treated as localparam [/home/fpga13/group_admi/fpga_project/fpga_project.srcs/sources_1/imports/1/pkg.sv:28]
WARNING: [Synth 8-11067] parameter 'WINDOWSTEP' declared inside package 'fft_pkg' shall be treated as localparam [/home/fpga13/group_admi/fpga_project/fpga_project.srcs/sources_1/imports/1/pkg.sv:29]
WARNING: [Synth 8-11067] parameter 'ENOUGH_DATA' declared inside package 'fft_pkg' shall be treated as localparam [/home/fpga13/group_admi/fpga_project/fpga_project.srcs/sources_1/imports/1/pkg.sv:32]
WARNING: [Synth 8-11067] parameter 'FRAME_SIZE' declared inside package 'fft_pkg' shall be treated as localparam [/home/fpga13/group_admi/fpga_project/fpga_project.srcs/sources_1/imports/1/pkg.sv:33]
WARNING: [Synth 8-11067] parameter 'WAIT_SIZE' declared inside package 'fft_pkg' shall be treated as localparam [/home/fpga13/group_admi/fpga_project/fpga_project.srcs/sources_1/imports/1/pkg.sv:34]
WARNING: [Synth 8-11067] parameter 'FRAME_COUNT' declared inside package 'fft_pkg' shall be treated as localparam [/home/fpga13/group_admi/fpga_project/fpga_project.srcs/sources_1/imports/1/pkg.sv:36]
WARNING: [Synth 8-9661] initial value of parameter 'dtype_t' is omitted [/home/fpga13/group_admi/fpga_project/fpga_project.srcs/sources_1/imports/fpga13/group_admi/exp_2/exp_2.srcs/sources_1/imports/fpga13/fft_top.sv:410]
WARNING: [Synth 8-11065] parameter 'BITSPERPIXEL' becomes localparam in 'vga_top' with formal parameter declaration list [/home/fpga13/group_admi/fpga_project/fpga_project.srcs/sources_1/imports/fpga13/vga_top.sv:42]
WARNING: [Synth 8-11065] parameter 'FFT2D' becomes localparam in 'vga_top' with formal parameter declaration list [/home/fpga13/group_admi/fpga_project/fpga_project.srcs/sources_1/imports/fpga13/vga_top.sv:43]
WARNING: [Synth 8-11065] parameter 'MEMHORPIXEL' becomes localparam in 'vga_top' with formal parameter declaration list [/home/fpga13/group_admi/fpga_project/fpga_project.srcs/sources_1/imports/fpga13/vga_top.sv:44]
WARNING: [Synth 8-11065] parameter 'MEMVERPIXEL' becomes localparam in 'vga_top' with formal parameter declaration list [/home/fpga13/group_admi/fpga_project/fpga_project.srcs/sources_1/imports/fpga13/vga_top.sv:45]
CRITICAL WARNING: [Synth 8-9873] overwriting previous definition of module 'stream_register' [/home/fpga13/group_admi/fpga_project/fpga_project.srcs/sources_1/imports/fpga13/vga_top.sv:669]
INFO: [Synth 8-9937] previous definition of design element 'stream_register' is here [/home/fpga13/group_admi/fpga_project/fpga_project.srcs/sources_1/imports/fpga13/group_admi/exp_2/exp_2.srcs/sources_1/imports/fpga13/fft_top.sv:404]
---------------------------------------------------------------------------------
Starting RTL Elaboration : Time (s): cpu = 00:00:04 ; elapsed = 00:00:05 . Memory (MB): peak = 2063.035 ; gain = 378.730 ; free physical = 982 ; free virtual = 2961
---------------------------------------------------------------------------------
INFO: [Synth 8-6157] synthesizing module 'top' [/home/fpga13/group_admi/fpga_project/fpga_project.srcs/sources_1/imports/new/top.sv:22]
INFO: [Synth 8-6157] synthesizing module 'i2s_to_pcm' [/home/fpga13/group_admi/fpga_project/fpga_project.srcs/sources_1/imports/fpga13/group_admi/exp_1/exp_1.srcs/sources_1/new/i2s_interface.sv:21]
INFO: [Synth 8-6157] synthesizing module 'clk_wiz_0' [/home/fpga13/group_admi/fpga_project/fpga_project.runs/synth_1/.Xil/Vivado-136680-FPGA13L/realtime/clk_wiz_0_stub.v:6]
INFO: [Synth 8-6155] done synthesizing module 'clk_wiz_0' (0#1) [/home/fpga13/group_admi/fpga_project/fpga_project.runs/synth_1/.Xil/Vivado-136680-FPGA13L/realtime/clk_wiz_0_stub.v:6]
INFO: [Synth 8-6157] synthesizing module 'xpm_cdc_pulse' [/mnt/data40tb/Xilinx/Vivado/2023.1/data/ip/xpm/xpm_cdc/hdl/xpm_cdc.sv:714]
	Parameter DEST_SYNC_FF bound to: 4 - type: integer 
	Parameter INIT_SYNC_FF bound to: 1 - type: integer 
	Parameter REG_OUTPUT bound to: 1 - type: integer 
	Parameter RST_USED bound to: 1 - type: integer 
	Parameter SIM_ASSERT_CHK bound to: 1 - type: integer 
INFO: [Synth 8-6157] synthesizing module 'xpm_cdc_single' [/mnt/data40tb/Xilinx/Vivado/2023.1/data/ip/xpm/xpm_cdc/hdl/xpm_cdc.sv:152]
INFO: [Synth 8-6155] done synthesizing module 'xpm_cdc_single' (0#1) [/mnt/data40tb/Xilinx/Vivado/2023.1/data/ip/xpm/xpm_cdc/hdl/xpm_cdc.sv:152]
INFO: [Synth 8-6155] done synthesizing module 'xpm_cdc_pulse' (0#1) [/mnt/data40tb/Xilinx/Vivado/2023.1/data/ip/xpm/xpm_cdc/hdl/xpm_cdc.sv:714]
INFO: [Synth 8-6157] synthesizing module 'dc_block' [/home/fpga13/group_admi/fpga_project/fpga_project.srcs/sources_1/imports/fpga13/group_admi/exp_1/exp_1.srcs/sources_1/new/i2s_interface.sv:3]
	Parameter WIDTH bound to: 32'sb00000000000000000000000000010010 
INFO: [Synth 8-6155] done synthesizing module 'dc_block' (0#1) [/home/fpga13/group_admi/fpga_project/fpga_project.srcs/sources_1/imports/fpga13/group_admi/exp_1/exp_1.srcs/sources_1/new/i2s_interface.sv:3]
INFO: [Synth 8-6155] done synthesizing module 'i2s_to_pcm' (0#1) [/home/fpga13/group_admi/fpga_project/fpga_project.srcs/sources_1/imports/fpga13/group_admi/exp_1/exp_1.srcs/sources_1/new/i2s_interface.sv:21]
INFO: [Synth 8-6157] synthesizing module 'fft_top' [/home/fpga13/group_admi/fpga_project/fpga_project.srcs/sources_1/imports/fpga13/group_admi/exp_2/exp_2.srcs/sources_1/imports/fpga13/fft_top.sv:3]
INFO: [Synth 8-6157] synthesizing module 'serial_fft' [/home/fpga13/group_admi/fpga_project/fpga_project.srcs/sources_1/imports/fpga13/group_admi/exp_2/exp_2.srcs/sources_1/imports/fpga13/fft_top.sv:80]
INFO: [Synth 8-6157] synthesizing module 'xpm_memory_tdpram' [/mnt/data40tb/Xilinx/Vivado/2023.1/data/ip/xpm/xpm_memory/hdl/xpm_memory.sv:9044]
	Parameter MEMORY_SIZE bound to: 32768 - type: integer 
	Parameter MEMORY_PRIMITIVE bound to: auto - type: string 
	Parameter CLOCKING_MODE bound to: common_clock - type: string 
	Parameter ECC_MODE bound to: no_ecc - type: string 
	Parameter MEMORY_INIT_FILE bound to: none - type: string 
	Parameter MEMORY_INIT_PARAM bound to: 0 - type: string 
	Parameter USE_MEM_INIT bound to: 1 - type: integer 
	Parameter WAKEUP_TIME bound to: disable_sleep - type: string 
	Parameter AUTO_SLEEP_TIME bound to: 0 - type: integer 
	Parameter MESSAGE_CONTROL bound to: 0 - type: integer 
	Parameter USE_EMBEDDED_CONSTRAINT bound to: 0 - type: integer 
	Parameter MEMORY_OPTIMIZATION bound to: true - type: string 
	Parameter WRITE_DATA_WIDTH_A bound to: 32 - type: integer 
	Parameter READ_DATA_WIDTH_A bound to: 32 - type: integer 
	Parameter BYTE_WRITE_WIDTH_A bound to: 32 - type: integer 
	Parameter ADDR_WIDTH_A bound to: 10 - type: integer 
	Parameter READ_RESET_VALUE_A bound to: 0 - type: string 
	Parameter READ_LATENCY_A bound to: 2 - type: integer 
	Parameter WRITE_MODE_A bound to: no_change - type: string 
	Parameter WRITE_DATA_WIDTH_B bound to: 32 - type: integer 
	Parameter READ_DATA_WIDTH_B bound to: 32 - type: integer 
	Parameter BYTE_WRITE_WIDTH_B bound to: 32 - type: integer 
	Parameter ADDR_WIDTH_B bound to: 10 - type: integer 
	Parameter READ_RESET_VALUE_B bound to: 0 - type: string 
	Parameter READ_LATENCY_B bound to: 2 - type: integer 
	Parameter WRITE_MODE_B bound to: no_change - type: string 
INFO: [Synth 8-6157] synthesizing module 'xpm_memory_base' [/mnt/data40tb/Xilinx/Vivado/2023.1/data/ip/xpm/xpm_memory/hdl/xpm_memory.sv:56]
INFO: [Synth 8-6059] Synth Info: [XPM_MEMORY 20-1] MEMORY_PRIMITIVE (0) instructs Vivado Synthesis to choose the memory primitive type. Depending on their values, other XPM_MEMORY parameters may preclude the choice of certain memory primitive types. Review XPM_MEMORY documentation and parameter values to understand any limitations, or set MEMORY_PRIMITIVE to a different value.   [/mnt/data40tb/Xilinx/Vivado/2023.1/data/ip/xpm/xpm_memory/hdl/xpm_memory.sv:508]
INFO: [Synth 8-6059] Synth Info: [XPM_MEMORY 20-2] MEMORY_INIT_FILE (none), MEMORY_INIT_PARAM together specify no memory initialization. Initial memory contents will be all 0's.   [/mnt/data40tb/Xilinx/Vivado/2023.1/data/ip/xpm/xpm_memory/hdl/xpm_memory.sv:510]
INFO: [Synth 8-6155] done synthesizing module 'xpm_memory_base' (0#1) [/mnt/data40tb/Xilinx/Vivado/2023.1/data/ip/xpm/xpm_memory/hdl/xpm_memory.sv:56]
INFO: [Synth 8-6155] done synthesizing module 'xpm_memory_tdpram' (0#1) [/mnt/data40tb/Xilinx/Vivado/2023.1/data/ip/xpm/xpm_memory/hdl/xpm_memory.sv:9044]
INFO: [Synth 8-155] case statement is not full and has no default [/home/fpga13/group_admi/fpga_project/fpga_project.srcs/sources_1/imports/fpga13/group_admi/exp_2/exp_2.srcs/sources_1/imports/fpga13/fft_top.sv:197]
INFO: [Synth 8-6157] synthesizing module 'BUFGCE' [/mnt/data40tb/Xilinx/Vivado/2023.1/scripts/rt/data/unisim_comp.v:1529]
INFO: [Synth 8-6155] done synthesizing module 'BUFGCE' (0#1) [/mnt/data40tb/Xilinx/Vivado/2023.1/scripts/rt/data/unisim_comp.v:1529]
INFO: [Synth 8-6157] synthesizing module 'fft' [/home/fpga13/group_admi/fpga_project/fpga_project.runs/synth_1/.Xil/Vivado-136680-FPGA13L/realtime/fft_stub.v:6]
INFO: [Synth 8-6155] done synthesizing module 'fft' (0#1) [/home/fpga13/group_admi/fpga_project/fpga_project.runs/synth_1/.Xil/Vivado-136680-FPGA13L/realtime/fft_stub.v:6]
INFO: [Synth 8-6155] done synthesizing module 'serial_fft' (0#1) [/home/fpga13/group_admi/fpga_project/fpga_project.srcs/sources_1/imports/fpga13/group_admi/exp_2/exp_2.srcs/sources_1/imports/fpga13/fft_top.sv:80]
INFO: [Synth 8-6157] synthesizing module 'fft_abs_value' [/home/fpga13/group_admi/fpga_project/fpga_project.srcs/sources_1/imports/fpga13/group_admi/exp_2/exp_2.srcs/sources_1/imports/fpga13/fft_top.sv:327]
INFO: [Synth 8-6157] synthesizing module 'stream_register' [/home/fpga13/group_admi/fpga_project/fpga_project.srcs/sources_1/imports/fpga13/vga_top.sv:625]
INFO: [Synth 8-6155] done synthesizing module 'stream_register' (0#1) [/home/fpga13/group_admi/fpga_project/fpga_project.srcs/sources_1/imports/fpga13/vga_top.sv:625]
INFO: [Synth 8-6157] synthesizing module 'sqrt_cordic' [/home/fpga13/group_admi/fpga_project/fpga_project.runs/synth_1/.Xil/Vivado-136680-FPGA13L/realtime/sqrt_cordic_stub.v:6]
INFO: [Synth 8-6155] done synthesizing module 'sqrt_cordic' (0#1) [/home/fpga13/group_admi/fpga_project/fpga_project.runs/synth_1/.Xil/Vivado-136680-FPGA13L/realtime/sqrt_cordic_stub.v:6]
INFO: [Synth 8-6155] done synthesizing module 'fft_abs_value' (0#1) [/home/fpga13/group_admi/fpga_project/fpga_project.srcs/sources_1/imports/fpga13/group_admi/exp_2/exp_2.srcs/sources_1/imports/fpga13/fft_top.sv:327]
INFO: [Synth 8-6157] synthesizing module 'drop_upper_freqs' [/home/fpga13/group_admi/fpga_project/fpga_project.srcs/sources_1/imports/fpga13/group_admi/exp_2/exp_2.srcs/sources_1/imports/fpga13/fft_top.sv:408]
INFO: [Synth 8-6155] done synthesizing module 'drop_upper_freqs' (0#1) [/home/fpga13/group_admi/fpga_project/fpga_project.srcs/sources_1/imports/fpga13/group_admi/exp_2/exp_2.srcs/sources_1/imports/fpga13/fft_top.sv:408]
INFO: [Synth 8-6155] done synthesizing module 'fft_top' (0#1) [/home/fpga13/group_admi/fpga_project/fpga_project.srcs/sources_1/imports/fpga13/group_admi/exp_2/exp_2.srcs/sources_1/imports/fpga13/fft_top.sv:3]
INFO: [Synth 8-6157] synthesizing module 'vga_top' [/home/fpga13/group_admi/fpga_project/fpga_project.srcs/sources_1/imports/fpga13/vga_top.sv:4]
INFO: [Synth 8-6157] synthesizing module 'clk_wiz' [/home/fpga13/group_admi/fpga_project/fpga_project.runs/synth_1/.Xil/Vivado-136680-FPGA13L/realtime/clk_wiz_stub.v:6]
INFO: [Synth 8-6155] done synthesizing module 'clk_wiz' (0#1) [/home/fpga13/group_admi/fpga_project/fpga_project.runs/synth_1/.Xil/Vivado-136680-FPGA13L/realtime/clk_wiz_stub.v:6]
INFO: [Synth 8-6157] synthesizing module 'vga_gen' [/home/fpga13/group_admi/fpga_project/fpga_project.srcs/sources_1/imports/fpga13/vga_top.sv:207]
INFO: [Synth 8-6155] done synthesizing module 'vga_gen' (0#1) [/home/fpga13/group_admi/fpga_project/fpga_project.srcs/sources_1/imports/fpga13/vga_top.sv:207]
INFO: [Synth 8-6157] synthesizing module 'render_fft' [/home/fpga13/group_admi/fpga_project/fpga_project.srcs/sources_1/imports/fpga13/vga_top.sv:429]
	Parameter TRANSFORMLENGTH bound to: 32'sb00000000000000000000000100000001 
INFO: [Synth 8-6157] synthesizing module 'stream_register__parameterized0' [/home/fpga13/group_admi/fpga_project/fpga_project.srcs/sources_1/imports/fpga13/vga_top.sv:625]
INFO: [Synth 8-6155] done synthesizing module 'stream_register__parameterized0' (0#1) [/home/fpga13/group_admi/fpga_project/fpga_project.srcs/sources_1/imports/fpga13/vga_top.sv:625]
INFO: [Synth 8-6155] done synthesizing module 'render_fft' (0#1) [/home/fpga13/group_admi/fpga_project/fpga_project.srcs/sources_1/imports/fpga13/vga_top.sv:429]
INFO: [Synth 8-6157] synthesizing module 'image_buf' [/home/fpga13/group_admi/fpga_project/fpga_project.srcs/sources_1/imports/fpga13/vga_top.sv:305]
	Parameter MEMHORPIXEL bound to: 32'sb00000000000000000000000001100001 
	Parameter MEMVERPIXEL bound to: 32'sb00000000000000000000000100000001 
	Parameter BITSPERPIXEL bound to: 32'sb00000000000000000000000000001000 
INFO: [Synth 8-6157] synthesizing module 'xpm_memory_tdpram__parameterized0' [/mnt/data40tb/Xilinx/Vivado/2023.1/data/ip/xpm/xpm_memory/hdl/xpm_memory.sv:9044]
	Parameter MEMORY_SIZE bound to: 199432 - type: integer 
	Parameter MEMORY_PRIMITIVE bound to: auto - type: string 
	Parameter CLOCKING_MODE bound to: independent_clock - type: string 
	Parameter ECC_MODE bound to: no_ecc - type: string 
	Parameter MEMORY_INIT_FILE bound to: ../../../fpga-lab-vga/data/default.mem - type: string 
	Parameter MEMORY_INIT_PARAM bound to: 0 - type: string 
	Parameter USE_MEM_INIT bound to: 1 - type: integer 
	Parameter WAKEUP_TIME bound to: disable_sleep - type: string 
	Parameter AUTO_SLEEP_TIME bound to: 0 - type: integer 
	Parameter MESSAGE_CONTROL bound to: 0 - type: integer 
	Parameter USE_EMBEDDED_CONSTRAINT bound to: 0 - type: integer 
	Parameter MEMORY_OPTIMIZATION bound to: true - type: string 
	Parameter WRITE_DATA_WIDTH_A bound to: 8 - type: integer 
	Parameter READ_DATA_WIDTH_A bound to: 8 - type: integer 
	Parameter BYTE_WRITE_WIDTH_A bound to: 8 - type: integer 
	Parameter ADDR_WIDTH_A bound to: 15 - type: integer 
	Parameter READ_RESET_VALUE_A bound to: 0 - type: string 
	Parameter READ_LATENCY_A bound to: 2 - type: integer 
	Parameter WRITE_MODE_A bound to: no_change - type: string 
	Parameter WRITE_DATA_WIDTH_B bound to: 8 - type: integer 
	Parameter READ_DATA_WIDTH_B bound to: 8 - type: integer 
	Parameter BYTE_WRITE_WIDTH_B bound to: 8 - type: integer 
	Parameter ADDR_WIDTH_B bound to: 15 - type: integer 
	Parameter READ_RESET_VALUE_B bound to: 0 - type: string 
	Parameter READ_LATENCY_B bound to: 2 - type: integer 
	Parameter WRITE_MODE_B bound to: no_change - type: string 
INFO: [Synth 8-6157] synthesizing module 'xpm_memory_base__parameterized0' [/mnt/data40tb/Xilinx/Vivado/2023.1/data/ip/xpm/xpm_memory/hdl/xpm_memory.sv:56]
INFO: [Synth 8-6059] Synth Info: [XPM_MEMORY 20-1] MEMORY_PRIMITIVE (0) instructs Vivado Synthesis to choose the memory primitive type. Depending on their values, other XPM_MEMORY parameters may preclude the choice of certain memory primitive types. Review XPM_MEMORY documentation and parameter values to understand any limitations, or set MEMORY_PRIMITIVE to a different value.   [/mnt/data40tb/Xilinx/Vivado/2023.1/data/ip/xpm/xpm_memory/hdl/xpm_memory.sv:508]
CRITICAL WARNING: [Synth 8-4445] could not open $readmem data file '../../../fpga-lab-vga/data/default.mem'; please make sure the file is added to project and has read permission, ignoring [/mnt/data40tb/Xilinx/Vivado/2023.1/data/ip/xpm/xpm_memory/hdl/xpm_memory.sv:1195]
INFO: [Synth 8-6155] done synthesizing module 'xpm_memory_base__parameterized0' (0#1) [/mnt/data40tb/Xilinx/Vivado/2023.1/data/ip/xpm/xpm_memory/hdl/xpm_memory.sv:56]
INFO: [Synth 8-6155] done synthesizing module 'xpm_memory_tdpram__parameterized0' (0#1) [/mnt/data40tb/Xilinx/Vivado/2023.1/data/ip/xpm/xpm_memory/hdl/xpm_memory.sv:9044]
INFO: [Synth 8-6155] done synthesizing module 'image_buf' (0#1) [/home/fpga13/group_admi/fpga_project/fpga_project.srcs/sources_1/imports/fpga13/vga_top.sv:305]
INFO: [Synth 8-6157] synthesizing module 'colorize_pixel' [/home/fpga13/group_admi/fpga_project/fpga_project.srcs/sources_1/imports/fpga13/vga_top.sv:121]
	Parameter BITSPERPIXEL bound to: 32'sb00000000000000000000000000001000 
INFO: [Synth 8-6157] synthesizing module 'xpm_memory_sprom' [/mnt/data40tb/Xilinx/Vivado/2023.1/data/ip/xpm/xpm_memory/hdl/xpm_memory.sv:8891]
	Parameter MEMORY_SIZE bound to: 3072 - type: integer 
	Parameter MEMORY_PRIMITIVE bound to: auto - type: string 
	Parameter ECC_MODE bound to: no_ecc - type: string 
	Parameter MEMORY_INIT_FILE bound to: ../../../data/lut.mem - type: string 
	Parameter MEMORY_INIT_PARAM bound to: 0 - type: string 
	Parameter USE_MEM_INIT bound to: 1 - type: integer 
	Parameter WAKEUP_TIME bound to: disable_sleep - type: string 
	Parameter AUTO_SLEEP_TIME bound to: 0 - type: integer 
	Parameter MESSAGE_CONTROL bound to: 0 - type: integer 
	Parameter MEMORY_OPTIMIZATION bound to: true - type: string 
	Parameter CASCADE_HEIGHT bound to: 0 - type: integer 
	Parameter SIM_ASSERT_CHK bound to: 0 - type: integer 
	Parameter READ_DATA_WIDTH_A bound to: 12 - type: integer 
	Parameter ADDR_WIDTH_A bound to: 8 - type: integer 
	Parameter READ_RESET_VALUE_A bound to: 0 - type: string 
	Parameter READ_LATENCY_A bound to: 2 - type: integer 
	Parameter RST_MODE_A bound to: SYNC - type: string 
INFO: [Synth 8-6157] synthesizing module 'xpm_memory_base__parameterized1' [/mnt/data40tb/Xilinx/Vivado/2023.1/data/ip/xpm/xpm_memory/hdl/xpm_memory.sv:56]
INFO: [Synth 8-6059] Synth Info: [XPM_MEMORY 20-1] MEMORY_PRIMITIVE (0) instructs Vivado Synthesis to choose the memory primitive type. Depending on their values, other XPM_MEMORY parameters may preclude the choice of certain memory primitive types. Review XPM_MEMORY documentation and parameter values to understand any limitations, or set MEMORY_PRIMITIVE to a different value.   [/mnt/data40tb/Xilinx/Vivado/2023.1/data/ip/xpm/xpm_memory/hdl/xpm_memory.sv:508]
CRITICAL WARNING: [Synth 8-4445] could not open $readmem data file '../../../data/lut.mem'; please make sure the file is added to project and has read permission, ignoring [/mnt/data40tb/Xilinx/Vivado/2023.1/data/ip/xpm/xpm_memory/hdl/xpm_memory.sv:1149]
INFO: [Synth 8-6155] done synthesizing module 'xpm_memory_base__parameterized1' (0#1) [/mnt/data40tb/Xilinx/Vivado/2023.1/data/ip/xpm/xpm_memory/hdl/xpm_memory.sv:56]
INFO: [Synth 8-6155] done synthesizing module 'xpm_memory_sprom' (0#1) [/mnt/data40tb/Xilinx/Vivado/2023.1/data/ip/xpm/xpm_memory/hdl/xpm_memory.sv:8891]
WARNING: [Synth 8-7071] port 'sbiterra' of module 'xpm_memory_sprom' is unconnected for instance 'lut_mem' [/home/fpga13/group_admi/fpga_project/fpga_project.srcs/sources_1/imports/fpga13/vga_top.sv:174]
WARNING: [Synth 8-7071] port 'dbiterra' of module 'xpm_memory_sprom' is unconnected for instance 'lut_mem' [/home/fpga13/group_admi/fpga_project/fpga_project.srcs/sources_1/imports/fpga13/vga_top.sv:174]
WARNING: [Synth 8-7023] instance 'lut_mem' of module 'xpm_memory_sprom' has 11 connections declared, but only 9 given [/home/fpga13/group_admi/fpga_project/fpga_project.srcs/sources_1/imports/fpga13/vga_top.sv:174]
INFO: [Synth 8-6155] done synthesizing module 'colorize_pixel' (0#1) [/home/fpga13/group_admi/fpga_project/fpga_project.srcs/sources_1/imports/fpga13/vga_top.sv:121]
INFO: [Synth 8-6157] synthesizing module 'detection_overlay' [/home/fpga13/group_admi/fpga_project/fpga_project.srcs/sources_1/imports/fpga13/vga_top.sv:538]
INFO: [Synth 8-6157] synthesizing module 'xpm_memory_sprom__parameterized0' [/mnt/data40tb/Xilinx/Vivado/2023.1/data/ip/xpm/xpm_memory/hdl/xpm_memory.sv:8891]
	Parameter MEMORY_SIZE bound to: 21600 - type: integer 
	Parameter MEMORY_PRIMITIVE bound to: auto - type: string 
	Parameter ECC_MODE bound to: no_ecc - type: string 
	Parameter MEMORY_INIT_FILE bound to: ../../../fpga-lab-vga/data/text.mem - type: string 
	Parameter MEMORY_INIT_PARAM bound to: 0 - type: string 
	Parameter USE_MEM_INIT bound to: 1 - type: integer 
	Parameter WAKEUP_TIME bound to: disable_sleep - type: string 
	Parameter AUTO_SLEEP_TIME bound to: 0 - type: integer 
	Parameter MESSAGE_CONTROL bound to: 0 - type: integer 
	Parameter MEMORY_OPTIMIZATION bound to: true - type: string 
	Parameter CASCADE_HEIGHT bound to: 0 - type: integer 
	Parameter SIM_ASSERT_CHK bound to: 0 - type: integer 
	Parameter READ_DATA_WIDTH_A bound to: 1 - type: integer 
	Parameter ADDR_WIDTH_A bound to: 15 - type: integer 
	Parameter READ_RESET_VALUE_A bound to: 0 - type: string 
	Parameter READ_LATENCY_A bound to: 2 - type: integer 
	Parameter RST_MODE_A bound to: SYNC - type: string 
INFO: [Synth 8-6157] synthesizing module 'xpm_memory_base__parameterized2' [/mnt/data40tb/Xilinx/Vivado/2023.1/data/ip/xpm/xpm_memory/hdl/xpm_memory.sv:56]
INFO: [Synth 8-6059] Synth Info: [XPM_MEMORY 20-1] MEMORY_PRIMITIVE (0) instructs Vivado Synthesis to choose the memory primitive type. Depending on their values, other XPM_MEMORY parameters may preclude the choice of certain memory primitive types. Review XPM_MEMORY documentation and parameter values to understand any limitations, or set MEMORY_PRIMITIVE to a different value.   [/mnt/data40tb/Xilinx/Vivado/2023.1/data/ip/xpm/xpm_memory/hdl/xpm_memory.sv:508]
CRITICAL WARNING: [Synth 8-4445] could not open $readmem data file '../../../fpga-lab-vga/data/text.mem'; please make sure the file is added to project and has read permission, ignoring [/mnt/data40tb/Xilinx/Vivado/2023.1/data/ip/xpm/xpm_memory/hdl/xpm_memory.sv:1195]
INFO: [Synth 8-6155] done synthesizing module 'xpm_memory_base__parameterized2' (0#1) [/mnt/data40tb/Xilinx/Vivado/2023.1/data/ip/xpm/xpm_memory/hdl/xpm_memory.sv:56]
INFO: [Synth 8-6155] done synthesizing module 'xpm_memory_sprom__parameterized0' (0#1) [/mnt/data40tb/Xilinx/Vivado/2023.1/data/ip/xpm/xpm_memory/hdl/xpm_memory.sv:8891]
WARNING: [Synth 8-7071] port 'sbiterra' of module 'xpm_memory_sprom' is unconnected for instance 'lut_words' [/home/fpga13/group_admi/fpga_project/fpga_project.srcs/sources_1/imports/fpga13/vga_top.sv:583]
WARNING: [Synth 8-7071] port 'dbiterra' of module 'xpm_memory_sprom' is unconnected for instance 'lut_words' [/home/fpga13/group_admi/fpga_project/fpga_project.srcs/sources_1/imports/fpga13/vga_top.sv:583]
WARNING: [Synth 8-7023] instance 'lut_words' of module 'xpm_memory_sprom' has 11 connections declared, but only 9 given [/home/fpga13/group_admi/fpga_project/fpga_project.srcs/sources_1/imports/fpga13/vga_top.sv:583]
INFO: [Synth 8-6155] done synthesizing module 'detection_overlay' (0#1) [/home/fpga13/group_admi/fpga_project/fpga_project.srcs/sources_1/imports/fpga13/vga_top.sv:538]
INFO: [Synth 8-6155] done synthesizing module 'vga_top' (0#1) [/home/fpga13/group_admi/fpga_project/fpga_project.srcs/sources_1/imports/fpga13/vga_top.sv:4]
INFO: [Synth 8-6155] done synthesizing module 'top' (0#1) [/home/fpga13/group_admi/fpga_project/fpga_project.srcs/sources_1/imports/new/top.sv:22]
WARNING: [Synth 8-6014] Unused sequential element rreg_reg was removed.  [/home/fpga13/group_admi/fpga_project/fpga_project.srcs/sources_1/imports/fpga13/group_admi/exp_1/exp_1.srcs/sources_1/new/i2s_interface.sv:86]
WARNING: [Synth 8-6014] Unused sequential element gen_rd_a.gen_douta_pipe.ena_pipe_reg[0] was removed.  [/mnt/data40tb/Xilinx/Vivado/2023.1/data/ip/xpm/xpm_memory/hdl/xpm_memory.sv:2381]
WARNING: [Synth 8-6014] Unused sequential element gen_rd_b.gen_doutb_pipe.enb_pipe_reg[0] was removed.  [/mnt/data40tb/Xilinx/Vivado/2023.1/data/ip/xpm/xpm_memory/hdl/xpm_memory.sv:3071]
WARNING: [Synth 8-6014] Unused sequential element wdata_reg was removed.  [/home/fpga13/group_admi/fpga_project/fpga_project.srcs/sources_1/imports/fpga13/group_admi/exp_2/exp_2.srcs/sources_1/imports/fpga13/fft_top.sv:220]
WARNING: [Synth 8-3848] Net config_data[pad] in module/entity serial_fft does not have driver. [/home/fpga13/group_admi/fpga_project/fpga_project.srcs/sources_1/imports/fpga13/group_admi/exp_2/exp_2.srcs/sources_1/imports/fpga13/fft_top.sv:289]
WARNING: [Synth 8-6014] Unused sequential element gen_rd_a.gen_douta_pipe.ena_pipe_reg[0] was removed.  [/mnt/data40tb/Xilinx/Vivado/2023.1/data/ip/xpm/xpm_memory/hdl/xpm_memory.sv:2381]
WARNING: [Synth 8-6014] Unused sequential element gen_rd_b.gen_doutb_pipe.enb_pipe_reg[0] was removed.  [/mnt/data40tb/Xilinx/Vivado/2023.1/data/ip/xpm/xpm_memory/hdl/xpm_memory.sv:3071]
WARNING: [Synth 8-6014] Unused sequential element gen_rd_a.gen_douta_pipe.ena_pipe_reg[0] was removed.  [/mnt/data40tb/Xilinx/Vivado/2023.1/data/ip/xpm/xpm_memory/hdl/xpm_memory.sv:2381]
WARNING: [Synth 8-4767] Trying to implement RAM ' ' in registers. Block RAM or DRAM implementation is not possible; see log for reasons.
	1: Unable to determine number of words or word size in RAM. 
	2: No valid read/write found for RAM. 
RAM dissolved into registers
WARNING: [Synth 8-3848] Net mem in module/entity xpm_memory_base__parameterized1 does not have driver. [/mnt/data40tb/Xilinx/Vivado/2023.1/data/ip/xpm/xpm_memory/hdl/xpm_memory.sv:1067]
WARNING: [Synth 8-3848] Net mem in module/entity xpm_memory_base__parameterized1 does not have driver. [/mnt/data40tb/Xilinx/Vivado/2023.1/data/ip/xpm/xpm_memory/hdl/xpm_memory.sv:1067]
WARNING: [Synth 8-3848] Net mem in module/entity xpm_memory_base__parameterized1 does not have driver. [/mnt/data40tb/Xilinx/Vivado/2023.1/data/ip/xpm/xpm_memory/hdl/xpm_memory.sv:1067]
WARNING: [Synth 8-3848] Net mem in module/entity xpm_memory_base__parameterized1 does not have driver. [/mnt/data40tb/Xilinx/Vivado/2023.1/data/ip/xpm/xpm_memory/hdl/xpm_memory.sv:1067]
WARNING: [Synth 8-3848] Net mem in module/entity xpm_memory_base__parameterized1 does not have driver. [/mnt/data40tb/Xilinx/Vivado/2023.1/data/ip/xpm/xpm_memory/hdl/xpm_memory.sv:1067]
WARNING: [Synth 8-3848] Net mem in module/entity xpm_memory_base__parameterized1 does not have driver. [/mnt/data40tb/Xilinx/Vivado/2023.1/data/ip/xpm/xpm_memory/hdl/xpm_memory.sv:1067]
WARNING: [Synth 8-3848] Net mem in module/entity xpm_memory_base__parameterized1 does not have driver. [/mnt/data40tb/Xilinx/Vivado/2023.1/data/ip/xpm/xpm_memory/hdl/xpm_memory.sv:1067]
WARNING: [Synth 8-3848] Net mem in module/entity xpm_memory_base__parameterized1 does not have driver. [/mnt/data40tb/Xilinx/Vivado/2023.1/data/ip/xpm/xpm_memory/hdl/xpm_memory.sv:1067]
WARNING: [Synth 8-3848] Net mem in module/entity xpm_memory_base__parameterized1 does not have driver. [/mnt/data40tb/Xilinx/Vivado/2023.1/data/ip/xpm/xpm_memory/hdl/xpm_memory.sv:1067]
WARNING: [Synth 8-3848] Net mem in module/entity xpm_memory_base__parameterized1 does not have driver. [/mnt/data40tb/Xilinx/Vivado/2023.1/data/ip/xpm/xpm_memory/hdl/xpm_memory.sv:1067]
WARNING: [Synth 8-3848] Net mem in module/entity xpm_memory_base__parameterized1 does not have driver. [/mnt/data40tb/Xilinx/Vivado/2023.1/data/ip/xpm/xpm_memory/hdl/xpm_memory.sv:1067]
WARNING: [Synth 8-3848] Net mem in module/entity xpm_memory_base__parameterized1 does not have driver. [/mnt/data40tb/Xilinx/Vivado/2023.1/data/ip/xpm/xpm_memory/hdl/xpm_memory.sv:1067]
WARNING: [Synth 8-3848] Net mem in module/entity xpm_memory_base__parameterized1 does not have driver. [/mnt/data40tb/Xilinx/Vivado/2023.1/data/ip/xpm/xpm_memory/hdl/xpm_memory.sv:1067]
WARNING: [Synth 8-3848] Net mem in module/entity xpm_memory_base__parameterized1 does not have driver. [/mnt/data40tb/Xilinx/Vivado/2023.1/data/ip/xpm/xpm_memory/hdl/xpm_memory.sv:1067]
WARNING: [Synth 8-3848] Net mem in module/entity xpm_memory_base__parameterized1 does not have driver. [/mnt/data40tb/Xilinx/Vivado/2023.1/data/ip/xpm/xpm_memory/hdl/xpm_memory.sv:1067]
WARNING: [Synth 8-3848] Net mem in module/entity xpm_memory_base__parameterized1 does not have driver. [/mnt/data40tb/Xilinx/Vivado/2023.1/data/ip/xpm/xpm_memory/hdl/xpm_memory.sv:1067]
WARNING: [Synth 8-3848] Net mem in module/entity xpm_memory_base__parameterized1 does not have driver. [/mnt/data40tb/Xilinx/Vivado/2023.1/data/ip/xpm/xpm_memory/hdl/xpm_memory.sv:1067]
WARNING: [Synth 8-3848] Net mem in module/entity xpm_memory_base__parameterized1 does not have driver. [/mnt/data40tb/Xilinx/Vivado/2023.1/data/ip/xpm/xpm_memory/hdl/xpm_memory.sv:1067]
WARNING: [Synth 8-3848] Net mem in module/entity xpm_memory_base__parameterized1 does not have driver. [/mnt/data40tb/Xilinx/Vivado/2023.1/data/ip/xpm/xpm_memory/hdl/xpm_memory.sv:1067]
WARNING: [Synth 8-3848] Net mem in module/entity xpm_memory_base__parameterized1 does not have driver. [/mnt/data40tb/Xilinx/Vivado/2023.1/data/ip/xpm/xpm_memory/hdl/xpm_memory.sv:1067]
WARNING: [Synth 8-3848] Net mem in module/entity xpm_memory_base__parameterized1 does not have driver. [/mnt/data40tb/Xilinx/Vivado/2023.1/data/ip/xpm/xpm_memory/hdl/xpm_memory.sv:1067]
WARNING: [Synth 8-3848] Net mem in module/entity xpm_memory_base__parameterized1 does not have driver. [/mnt/data40tb/Xilinx/Vivado/2023.1/data/ip/xpm/xpm_memory/hdl/xpm_memory.sv:1067]
WARNING: [Synth 8-3848] Net mem in module/entity xpm_memory_base__parameterized1 does not have driver. [/mnt/data40tb/Xilinx/Vivado/2023.1/data/ip/xpm/xpm_memory/hdl/xpm_memory.sv:1067]
WARNING: [Synth 8-3848] Net mem in module/entity xpm_memory_base__parameterized1 does not have driver. [/mnt/data40tb/Xilinx/Vivado/2023.1/data/ip/xpm/xpm_memory/hdl/xpm_memory.sv:1067]
WARNING: [Synth 8-3848] Net mem in module/entity xpm_memory_base__parameterized1 does not have driver. [/mnt/data40tb/Xilinx/Vivado/2023.1/data/ip/xpm/xpm_memory/hdl/xpm_memory.sv:1067]
WARNING: [Synth 8-3848] Net mem in module/entity xpm_memory_base__parameterized1 does not have driver. [/mnt/data40tb/Xilinx/Vivado/2023.1/data/ip/xpm/xpm_memory/hdl/xpm_memory.sv:1067]
WARNING: [Synth 8-3848] Net mem in module/entity xpm_memory_base__parameterized1 does not have driver. [/mnt/data40tb/Xilinx/Vivado/2023.1/data/ip/xpm/xpm_memory/hdl/xpm_memory.sv:1067]
WARNING: [Synth 8-3848] Net mem in module/entity xpm_memory_base__parameterized1 does not have driver. [/mnt/data40tb/Xilinx/Vivado/2023.1/data/ip/xpm/xpm_memory/hdl/xpm_memory.sv:1067]
WARNING: [Synth 8-3848] Net mem in module/entity xpm_memory_base__parameterized1 does not have driver. [/mnt/data40tb/Xilinx/Vivado/2023.1/data/ip/xpm/xpm_memory/hdl/xpm_memory.sv:1067]
WARNING: [Synth 8-3848] Net mem in module/entity xpm_memory_base__parameterized1 does not have driver. [/mnt/data40tb/Xilinx/Vivado/2023.1/data/ip/xpm/xpm_memory/hdl/xpm_memory.sv:1067]
WARNING: [Synth 8-3848] Net mem in module/entity xpm_memory_base__parameterized1 does not have driver. [/mnt/data40tb/Xilinx/Vivado/2023.1/data/ip/xpm/xpm_memory/hdl/xpm_memory.sv:1067]
WARNING: [Synth 8-3848] Net mem in module/entity xpm_memory_base__parameterized1 does not have driver. [/mnt/data40tb/Xilinx/Vivado/2023.1/data/ip/xpm/xpm_memory/hdl/xpm_memory.sv:1067]
WARNING: [Synth 8-3848] Net mem in module/entity xpm_memory_base__parameterized1 does not have driver. [/mnt/data40tb/Xilinx/Vivado/2023.1/data/ip/xpm/xpm_memory/hdl/xpm_memory.sv:1067]
WARNING: [Synth 8-3848] Net mem in module/entity xpm_memory_base__parameterized1 does not have driver. [/mnt/data40tb/Xilinx/Vivado/2023.1/data/ip/xpm/xpm_memory/hdl/xpm_memory.sv:1067]
WARNING: [Synth 8-3848] Net mem in module/entity xpm_memory_base__parameterized1 does not have driver. [/mnt/data40tb/Xilinx/Vivado/2023.1/data/ip/xpm/xpm_memory/hdl/xpm_memory.sv:1067]
WARNING: [Synth 8-3848] Net mem in module/entity xpm_memory_base__parameterized1 does not have driver. [/mnt/data40tb/Xilinx/Vivado/2023.1/data/ip/xpm/xpm_memory/hdl/xpm_memory.sv:1067]
WARNING: [Synth 8-3848] Net mem in module/entity xpm_memory_base__parameterized1 does not have driver. [/mnt/data40tb/Xilinx/Vivado/2023.1/data/ip/xpm/xpm_memory/hdl/xpm_memory.sv:1067]
WARNING: [Synth 8-3848] Net mem in module/entity xpm_memory_base__parameterized1 does not have driver. [/mnt/data40tb/Xilinx/Vivado/2023.1/data/ip/xpm/xpm_memory/hdl/xpm_memory.sv:1067]
WARNING: [Synth 8-3848] Net mem in module/entity xpm_memory_base__parameterized1 does not have driver. [/mnt/data40tb/Xilinx/Vivado/2023.1/data/ip/xpm/xpm_memory/hdl/xpm_memory.sv:1067]
WARNING: [Synth 8-3848] Net mem in module/entity xpm_memory_base__parameterized1 does not have driver. [/mnt/data40tb/Xilinx/Vivado/2023.1/data/ip/xpm/xpm_memory/hdl/xpm_memory.sv:1067]
WARNING: [Synth 8-3848] Net mem in module/entity xpm_memory_base__parameterized1 does not have driver. [/mnt/data40tb/Xilinx/Vivado/2023.1/data/ip/xpm/xpm_memory/hdl/xpm_memory.sv:1067]
WARNING: [Synth 8-3848] Net mem in module/entity xpm_memory_base__parameterized1 does not have driver. [/mnt/data40tb/Xilinx/Vivado/2023.1/data/ip/xpm/xpm_memory/hdl/xpm_memory.sv:1067]
WARNING: [Synth 8-3848] Net mem in module/entity xpm_memory_base__parameterized1 does not have driver. [/mnt/data40tb/Xilinx/Vivado/2023.1/data/ip/xpm/xpm_memory/hdl/xpm_memory.sv:1067]
WARNING: [Synth 8-3848] Net mem in module/entity xpm_memory_base__parameterized1 does not have driver. [/mnt/data40tb/Xilinx/Vivado/2023.1/data/ip/xpm/xpm_memory/hdl/xpm_memory.sv:1067]
WARNING: [Synth 8-3848] Net mem in module/entity xpm_memory_base__parameterized1 does not have driver. [/mnt/data40tb/Xilinx/Vivado/2023.1/data/ip/xpm/xpm_memory/hdl/xpm_memory.sv:1067]
WARNING: [Synth 8-3848] Net mem in module/entity xpm_memory_base__parameterized1 does not have driver. [/mnt/data40tb/Xilinx/Vivado/2023.1/data/ip/xpm/xpm_memory/hdl/xpm_memory.sv:1067]
WARNING: [Synth 8-3848] Net mem in module/entity xpm_memory_base__parameterized1 does not have driver. [/mnt/data40tb/Xilinx/Vivado/2023.1/data/ip/xpm/xpm_memory/hdl/xpm_memory.sv:1067]
WARNING: [Synth 8-3848] Net mem in module/entity xpm_memory_base__parameterized1 does not have driver. [/mnt/data40tb/Xilinx/Vivado/2023.1/data/ip/xpm/xpm_memory/hdl/xpm_memory.sv:1067]
WARNING: [Synth 8-3848] Net mem in module/entity xpm_memory_base__parameterized1 does not have driver. [/mnt/data40tb/Xilinx/Vivado/2023.1/data/ip/xpm/xpm_memory/hdl/xpm_memory.sv:1067]
WARNING: [Synth 8-3848] Net mem in module/entity xpm_memory_base__parameterized1 does not have driver. [/mnt/data40tb/Xilinx/Vivado/2023.1/data/ip/xpm/xpm_memory/hdl/xpm_memory.sv:1067]
WARNING: [Synth 8-3848] Net mem in module/entity xpm_memory_base__parameterized1 does not have driver. [/mnt/data40tb/Xilinx/Vivado/2023.1/data/ip/xpm/xpm_memory/hdl/xpm_memory.sv:1067]
WARNING: [Synth 8-3848] Net mem in module/entity xpm_memory_base__parameterized1 does not have driver. [/mnt/data40tb/Xilinx/Vivado/2023.1/data/ip/xpm/xpm_memory/hdl/xpm_memory.sv:1067]
WARNING: [Synth 8-3848] Net mem in module/entity xpm_memory_base__parameterized1 does not have driver. [/mnt/data40tb/Xilinx/Vivado/2023.1/data/ip/xpm/xpm_memory/hdl/xpm_memory.sv:1067]
WARNING: [Synth 8-3848] Net mem in module/entity xpm_memory_base__parameterized1 does not have driver. [/mnt/data40tb/Xilinx/Vivado/2023.1/data/ip/xpm/xpm_memory/hdl/xpm_memory.sv:1067]
WARNING: [Synth 8-3848] Net mem in module/entity xpm_memory_base__parameterized1 does not have driver. [/mnt/data40tb/Xilinx/Vivado/2023.1/data/ip/xpm/xpm_memory/hdl/xpm_memory.sv:1067]
WARNING: [Synth 8-3848] Net mem in module/entity xpm_memory_base__parameterized1 does not have driver. [/mnt/data40tb/Xilinx/Vivado/2023.1/data/ip/xpm/xpm_memory/hdl/xpm_memory.sv:1067]
WARNING: [Synth 8-3848] Net mem in module/entity xpm_memory_base__parameterized1 does not have driver. [/mnt/data40tb/Xilinx/Vivado/2023.1/data/ip/xpm/xpm_memory/hdl/xpm_memory.sv:1067]
WARNING: [Synth 8-3848] Net mem in module/entity xpm_memory_base__parameterized1 does not have driver. [/mnt/data40tb/Xilinx/Vivado/2023.1/data/ip/xpm/xpm_memory/hdl/xpm_memory.sv:1067]
WARNING: [Synth 8-3848] Net mem in module/entity xpm_memory_base__parameterized1 does not have driver. [/mnt/data40tb/Xilinx/Vivado/2023.1/data/ip/xpm/xpm_memory/hdl/xpm_memory.sv:1067]
WARNING: [Synth 8-3848] Net mem in module/entity xpm_memory_base__parameterized1 does not have driver. [/mnt/data40tb/Xilinx/Vivado/2023.1/data/ip/xpm/xpm_memory/hdl/xpm_memory.sv:1067]
WARNING: [Synth 8-3848] Net mem in module/entity xpm_memory_base__parameterized1 does not have driver. [/mnt/data40tb/Xilinx/Vivado/2023.1/data/ip/xpm/xpm_memory/hdl/xpm_memory.sv:1067]
WARNING: [Synth 8-3848] Net mem in module/entity xpm_memory_base__parameterized1 does not have driver. [/mnt/data40tb/Xilinx/Vivado/2023.1/data/ip/xpm/xpm_memory/hdl/xpm_memory.sv:1067]
WARNING: [Synth 8-3848] Net mem in module/entity xpm_memory_base__parameterized1 does not have driver. [/mnt/data40tb/Xilinx/Vivado/2023.1/data/ip/xpm/xpm_memory/hdl/xpm_memory.sv:1067]
WARNING: [Synth 8-3848] Net mem in module/entity xpm_memory_base__parameterized1 does not have driver. [/mnt/data40tb/Xilinx/Vivado/2023.1/data/ip/xpm/xpm_memory/hdl/xpm_memory.sv:1067]
WARNING: [Synth 8-3848] Net mem in module/entity xpm_memory_base__parameterized1 does not have driver. [/mnt/data40tb/Xilinx/Vivado/2023.1/data/ip/xpm/xpm_memory/hdl/xpm_memory.sv:1067]
WARNING: [Synth 8-3848] Net mem in module/entity xpm_memory_base__parameterized1 does not have driver. [/mnt/data40tb/Xilinx/Vivado/2023.1/data/ip/xpm/xpm_memory/hdl/xpm_memory.sv:1067]
WARNING: [Synth 8-3848] Net mem in module/entity xpm_memory_base__parameterized1 does not have driver. [/mnt/data40tb/Xilinx/Vivado/2023.1/data/ip/xpm/xpm_memory/hdl/xpm_memory.sv:1067]
WARNING: [Synth 8-3848] Net mem in module/entity xpm_memory_base__parameterized1 does not have driver. [/mnt/data40tb/Xilinx/Vivado/2023.1/data/ip/xpm/xpm_memory/hdl/xpm_memory.sv:1067]
WARNING: [Synth 8-3848] Net mem in module/entity xpm_memory_base__parameterized1 does not have driver. [/mnt/data40tb/Xilinx/Vivado/2023.1/data/ip/xpm/xpm_memory/hdl/xpm_memory.sv:1067]
WARNING: [Synth 8-3848] Net mem in module/entity xpm_memory_base__parameterized1 does not have driver. [/mnt/data40tb/Xilinx/Vivado/2023.1/data/ip/xpm/xpm_memory/hdl/xpm_memory.sv:1067]
WARNING: [Synth 8-3848] Net mem in module/entity xpm_memory_base__parameterized1 does not have driver. [/mnt/data40tb/Xilinx/Vivado/2023.1/data/ip/xpm/xpm_memory/hdl/xpm_memory.sv:1067]
WARNING: [Synth 8-3848] Net mem in module/entity xpm_memory_base__parameterized1 does not have driver. [/mnt/data40tb/Xilinx/Vivado/2023.1/data/ip/xpm/xpm_memory/hdl/xpm_memory.sv:1067]
WARNING: [Synth 8-3848] Net mem in module/entity xpm_memory_base__parameterized1 does not have driver. [/mnt/data40tb/Xilinx/Vivado/2023.1/data/ip/xpm/xpm_memory/hdl/xpm_memory.sv:1067]
WARNING: [Synth 8-3848] Net mem in module/entity xpm_memory_base__parameterized1 does not have driver. [/mnt/data40tb/Xilinx/Vivado/2023.1/data/ip/xpm/xpm_memory/hdl/xpm_memory.sv:1067]
WARNING: [Synth 8-3848] Net mem in module/entity xpm_memory_base__parameterized1 does not have driver. [/mnt/data40tb/Xilinx/Vivado/2023.1/data/ip/xpm/xpm_memory/hdl/xpm_memory.sv:1067]
WARNING: [Synth 8-3848] Net mem in module/entity xpm_memory_base__parameterized1 does not have driver. [/mnt/data40tb/Xilinx/Vivado/2023.1/data/ip/xpm/xpm_memory/hdl/xpm_memory.sv:1067]
WARNING: [Synth 8-3848] Net mem in module/entity xpm_memory_base__parameterized1 does not have driver. [/mnt/data40tb/Xilinx/Vivado/2023.1/data/ip/xpm/xpm_memory/hdl/xpm_memory.sv:1067]
WARNING: [Synth 8-3848] Net mem in module/entity xpm_memory_base__parameterized1 does not have driver. [/mnt/data40tb/Xilinx/Vivado/2023.1/data/ip/xpm/xpm_memory/hdl/xpm_memory.sv:1067]
WARNING: [Synth 8-3848] Net mem in module/entity xpm_memory_base__parameterized1 does not have driver. [/mnt/data40tb/Xilinx/Vivado/2023.1/data/ip/xpm/xpm_memory/hdl/xpm_memory.sv:1067]
WARNING: [Synth 8-3848] Net mem in module/entity xpm_memory_base__parameterized1 does not have driver. [/mnt/data40tb/Xilinx/Vivado/2023.1/data/ip/xpm/xpm_memory/hdl/xpm_memory.sv:1067]
WARNING: [Synth 8-3848] Net mem in module/entity xpm_memory_base__parameterized1 does not have driver. [/mnt/data40tb/Xilinx/Vivado/2023.1/data/ip/xpm/xpm_memory/hdl/xpm_memory.sv:1067]
WARNING: [Synth 8-3848] Net mem in module/entity xpm_memory_base__parameterized1 does not have driver. [/mnt/data40tb/Xilinx/Vivado/2023.1/data/ip/xpm/xpm_memory/hdl/xpm_memory.sv:1067]
WARNING: [Synth 8-3848] Net mem in module/entity xpm_memory_base__parameterized1 does not have driver. [/mnt/data40tb/Xilinx/Vivado/2023.1/data/ip/xpm/xpm_memory/hdl/xpm_memory.sv:1067]
WARNING: [Synth 8-3848] Net mem in module/entity xpm_memory_base__parameterized1 does not have driver. [/mnt/data40tb/Xilinx/Vivado/2023.1/data/ip/xpm/xpm_memory/hdl/xpm_memory.sv:1067]
WARNING: [Synth 8-3848] Net mem in module/entity xpm_memory_base__parameterized1 does not have driver. [/mnt/data40tb/Xilinx/Vivado/2023.1/data/ip/xpm/xpm_memory/hdl/xpm_memory.sv:1067]
WARNING: [Synth 8-3848] Net mem in module/entity xpm_memory_base__parameterized1 does not have driver. [/mnt/data40tb/Xilinx/Vivado/2023.1/data/ip/xpm/xpm_memory/hdl/xpm_memory.sv:1067]
WARNING: [Synth 8-3848] Net mem in module/entity xpm_memory_base__parameterized1 does not have driver. [/mnt/data40tb/Xilinx/Vivado/2023.1/data/ip/xpm/xpm_memory/hdl/xpm_memory.sv:1067]
WARNING: [Synth 8-3848] Net mem in module/entity xpm_memory_base__parameterized1 does not have driver. [/mnt/data40tb/Xilinx/Vivado/2023.1/data/ip/xpm/xpm_memory/hdl/xpm_memory.sv:1067]
WARNING: [Synth 8-3848] Net mem in module/entity xpm_memory_base__parameterized1 does not have driver. [/mnt/data40tb/Xilinx/Vivado/2023.1/data/ip/xpm/xpm_memory/hdl/xpm_memory.sv:1067]
WARNING: [Synth 8-3848] Net mem in module/entity xpm_memory_base__parameterized1 does not have driver. [/mnt/data40tb/Xilinx/Vivado/2023.1/data/ip/xpm/xpm_memory/hdl/xpm_memory.sv:1067]
WARNING: [Synth 8-3848] Net mem in module/entity xpm_memory_base__parameterized1 does not have driver. [/mnt/data40tb/Xilinx/Vivado/2023.1/data/ip/xpm/xpm_memory/hdl/xpm_memory.sv:1067]
WARNING: [Synth 8-3848] Net mem in module/entity xpm_memory_base__parameterized1 does not have driver. [/mnt/data40tb/Xilinx/Vivado/2023.1/data/ip/xpm/xpm_memory/hdl/xpm_memory.sv:1067]
WARNING: [Synth 8-3848] Net mem in module/entity xpm_memory_base__parameterized1 does not have driver. [/mnt/data40tb/Xilinx/Vivado/2023.1/data/ip/xpm/xpm_memory/hdl/xpm_memory.sv:1067]
WARNING: [Synth 8-3848] Net mem in module/entity xpm_memory_base__parameterized1 does not have driver. [/mnt/data40tb/Xilinx/Vivado/2023.1/data/ip/xpm/xpm_memory/hdl/xpm_memory.sv:1067]
WARNING: [Synth 8-3848] Net mem in module/entity xpm_memory_base__parameterized1 does not have driver. [/mnt/data40tb/Xilinx/Vivado/2023.1/data/ip/xpm/xpm_memory/hdl/xpm_memory.sv:1067]
WARNING: [Synth 8-3848] Net mem in module/entity xpm_memory_base__parameterized1 does not have driver. [/mnt/data40tb/Xilinx/Vivado/2023.1/data/ip/xpm/xpm_memory/hdl/xpm_memory.sv:1067]
WARNING: [Synth 8-3848] Net mem in module/entity xpm_memory_base__parameterized1 does not have driver. [/mnt/data40tb/Xilinx/Vivado/2023.1/data/ip/xpm/xpm_memory/hdl/xpm_memory.sv:1067]
WARNING: [Synth 8-3848] Net mem in module/entity xpm_memory_base__parameterized1 does not have driver. [/mnt/data40tb/Xilinx/Vivado/2023.1/data/ip/xpm/xpm_memory/hdl/xpm_memory.sv:1067]
WARNING: [Synth 8-3848] Net mem in module/entity xpm_memory_base__parameterized1 does not have driver. [/mnt/data40tb/Xilinx/Vivado/2023.1/data/ip/xpm/xpm_memory/hdl/xpm_memory.sv:1067]
INFO: [Common 17-14] Message 'Synth 8-3848' appears 100 times and further instances of the messages will be disabled. Use the Tcl command set_msg_config to change the current settings.
WARNING: [Synth 8-6014] Unused sequential element gen_rd_a.gen_douta_pipe.ena_pipe_reg[0] was removed.  [/mnt/data40tb/Xilinx/Vivado/2023.1/data/ip/xpm/xpm_memory/hdl/xpm_memory.sv:2381]
WARNING: [Synth 8-4767] Trying to implement RAM ' ' in registers. Block RAM or DRAM implementation is not possible; see log for reasons.
	1: Unable to determine number of words or word size in RAM. 
	2: No valid read/write found for RAM. 
RAM dissolved into registers
WARNING: [Synth 8-3917] design top has port VGA_R[3] driven by constant 1
WARNING: [Synth 8-3917] design top has port VGA_R[2] driven by constant 1
WARNING: [Synth 8-3917] design top has port VGA_R[1] driven by constant 1
WARNING: [Synth 8-3917] design top has port VGA_R[0] driven by constant 1
WARNING: [Synth 8-3917] design top has port VGA_G[3] driven by constant 0
WARNING: [Synth 8-3917] design top has port VGA_G[2] driven by constant 0
WARNING: [Synth 8-3917] design top has port VGA_G[1] driven by constant 1
WARNING: [Synth 8-3917] design top has port VGA_G[0] driven by constant 1
WARNING: [Synth 8-3917] design top has port VGA_B[3] driven by constant 0
WARNING: [Synth 8-3917] design top has port VGA_B[2] driven by constant 0
WARNING: [Synth 8-3917] design top has port VGA_B[1] driven by constant 0
WARNING: [Synth 8-3917] design top has port VGA_B[0] driven by constant 0
WARNING: [Synth 8-7129] Port sleep in module xpm_memory_base__parameterized2 is either unconnected or has no load
WARNING: [Synth 8-7129] Port wea[0] in module xpm_memory_base__parameterized2 is either unconnected or has no load
WARNING: [Synth 8-7129] Port dina[0] in module xpm_memory_base__parameterized2 is either unconnected or has no load
WARNING: [Synth 8-7129] Port injectsbiterra in module xpm_memory_base__parameterized2 is either unconnected or has no load
WARNING: [Synth 8-7129] Port injectdbiterra in module xpm_memory_base__parameterized2 is either unconnected or has no load
WARNING: [Synth 8-7129] Port clkb in module xpm_memory_base__parameterized2 is either unconnected or has no load
WARNING: [Synth 8-7129] Port rstb in module xpm_memory_base__parameterized2 is either unconnected or has no load
WARNING: [Synth 8-7129] Port enb in module xpm_memory_base__parameterized2 is either unconnected or has no load
WARNING: [Synth 8-7129] Port regceb in module xpm_memory_base__parameterized2 is either unconnected or has no load
WARNING: [Synth 8-7129] Port web[0] in module xpm_memory_base__parameterized2 is either unconnected or has no load
WARNING: [Synth 8-7129] Port addrb[14] in module xpm_memory_base__parameterized2 is either unconnected or has no load
WARNING: [Synth 8-7129] Port addrb[13] in module xpm_memory_base__parameterized2 is either unconnected or has no load
WARNING: [Synth 8-7129] Port addrb[12] in module xpm_memory_base__parameterized2 is either unconnected or has no load
WARNING: [Synth 8-7129] Port addrb[11] in module xpm_memory_base__parameterized2 is either unconnected or has no load
WARNING: [Synth 8-7129] Port addrb[10] in module xpm_memory_base__parameterized2 is either unconnected or has no load
WARNING: [Synth 8-7129] Port addrb[9] in module xpm_memory_base__parameterized2 is either unconnected or has no load
WARNING: [Synth 8-7129] Port addrb[8] in module xpm_memory_base__parameterized2 is either unconnected or has no load
WARNING: [Synth 8-7129] Port addrb[7] in module xpm_memory_base__parameterized2 is either unconnected or has no load
WARNING: [Synth 8-7129] Port addrb[6] in module xpm_memory_base__parameterized2 is either unconnected or has no load
WARNING: [Synth 8-7129] Port addrb[5] in module xpm_memory_base__parameterized2 is either unconnected or has no load
WARNING: [Synth 8-7129] Port addrb[4] in module xpm_memory_base__parameterized2 is either unconnected or has no load
WARNING: [Synth 8-7129] Port addrb[3] in module xpm_memory_base__parameterized2 is either unconnected or has no load
WARNING: [Synth 8-7129] Port addrb[2] in module xpm_memory_base__parameterized2 is either unconnected or has no load
WARNING: [Synth 8-7129] Port addrb[1] in module xpm_memory_base__parameterized2 is either unconnected or has no load
WARNING: [Synth 8-7129] Port addrb[0] in module xpm_memory_base__parameterized2 is either unconnected or has no load
WARNING: [Synth 8-7129] Port dinb[0] in module xpm_memory_base__parameterized2 is either unconnected or has no load
WARNING: [Synth 8-7129] Port injectsbiterrb in module xpm_memory_base__parameterized2 is either unconnected or has no load
WARNING: [Synth 8-7129] Port injectdbiterrb in module xpm_memory_base__parameterized2 is either unconnected or has no load
WARNING: [Synth 8-7129] Port sleep in module xpm_memory_base__parameterized1 is either unconnected or has no load
WARNING: [Synth 8-7129] Port wea[0] in module xpm_memory_base__parameterized1 is either unconnected or has no load
WARNING: [Synth 8-7129] Port dina[11] in module xpm_memory_base__parameterized1 is either unconnected or has no load
WARNING: [Synth 8-7129] Port dina[10] in module xpm_memory_base__parameterized1 is either unconnected or has no load
WARNING: [Synth 8-7129] Port dina[9] in module xpm_memory_base__parameterized1 is either unconnected or has no load
WARNING: [Synth 8-7129] Port dina[8] in module xpm_memory_base__parameterized1 is either unconnected or has no load
WARNING: [Synth 8-7129] Port dina[7] in module xpm_memory_base__parameterized1 is either unconnected or has no load
WARNING: [Synth 8-7129] Port dina[6] in module xpm_memory_base__parameterized1 is either unconnected or has no load
WARNING: [Synth 8-7129] Port dina[5] in module xpm_memory_base__parameterized1 is either unconnected or has no load
WARNING: [Synth 8-7129] Port dina[4] in module xpm_memory_base__parameterized1 is either unconnected or has no load
WARNING: [Synth 8-7129] Port dina[3] in module xpm_memory_base__parameterized1 is either unconnected or has no load
WARNING: [Synth 8-7129] Port dina[2] in module xpm_memory_base__parameterized1 is either unconnected or has no load
WARNING: [Synth 8-7129] Port dina[1] in module xpm_memory_base__parameterized1 is either unconnected or has no load
WARNING: [Synth 8-7129] Port dina[0] in module xpm_memory_base__parameterized1 is either unconnected or has no load
WARNING: [Synth 8-7129] Port injectsbiterra in module xpm_memory_base__parameterized1 is either unconnected or has no load
WARNING: [Synth 8-7129] Port injectdbiterra in module xpm_memory_base__parameterized1 is either unconnected or has no load
WARNING: [Synth 8-7129] Port clkb in module xpm_memory_base__parameterized1 is either unconnected or has no load
WARNING: [Synth 8-7129] Port rstb in module xpm_memory_base__parameterized1 is either unconnected or has no load
WARNING: [Synth 8-7129] Port enb in module xpm_memory_base__parameterized1 is either unconnected or has no load
WARNING: [Synth 8-7129] Port regceb in module xpm_memory_base__parameterized1 is either unconnected or has no load
WARNING: [Synth 8-7129] Port web[0] in module xpm_memory_base__parameterized1 is either unconnected or has no load
WARNING: [Synth 8-7129] Port addrb[7] in module xpm_memory_base__parameterized1 is either unconnected or has no load
WARNING: [Synth 8-7129] Port addrb[6] in module xpm_memory_base__parameterized1 is either unconnected or has no load
WARNING: [Synth 8-7129] Port addrb[5] in module xpm_memory_base__parameterized1 is either unconnected or has no load
WARNING: [Synth 8-7129] Port addrb[4] in module xpm_memory_base__parameterized1 is either unconnected or has no load
WARNING: [Synth 8-7129] Port addrb[3] in module xpm_memory_base__parameterized1 is either unconnected or has no load
WARNING: [Synth 8-7129] Port addrb[2] in module xpm_memory_base__parameterized1 is either unconnected or has no load
WARNING: [Synth 8-7129] Port addrb[1] in module xpm_memory_base__parameterized1 is either unconnected or has no load
WARNING: [Synth 8-7129] Port addrb[0] in module xpm_memory_base__parameterized1 is either unconnected or has no load
WARNING: [Synth 8-7129] Port dinb[11] in module xpm_memory_base__parameterized1 is either unconnected or has no load
WARNING: [Synth 8-7129] Port dinb[10] in module xpm_memory_base__parameterized1 is either unconnected or has no load
WARNING: [Synth 8-7129] Port dinb[9] in module xpm_memory_base__parameterized1 is either unconnected or has no load
WARNING: [Synth 8-7129] Port dinb[8] in module xpm_memory_base__parameterized1 is either unconnected or has no load
WARNING: [Synth 8-7129] Port dinb[7] in module xpm_memory_base__parameterized1 is either unconnected or has no load
WARNING: [Synth 8-7129] Port dinb[6] in module xpm_memory_base__parameterized1 is either unconnected or has no load
WARNING: [Synth 8-7129] Port dinb[5] in module xpm_memory_base__parameterized1 is either unconnected or has no load
WARNING: [Synth 8-7129] Port dinb[4] in module xpm_memory_base__parameterized1 is either unconnected or has no load
WARNING: [Synth 8-7129] Port dinb[3] in module xpm_memory_base__parameterized1 is either unconnected or has no load
WARNING: [Synth 8-7129] Port dinb[2] in module xpm_memory_base__parameterized1 is either unconnected or has no load
WARNING: [Synth 8-7129] Port dinb[1] in module xpm_memory_base__parameterized1 is either unconnected or has no load
WARNING: [Synth 8-7129] Port dinb[0] in module xpm_memory_base__parameterized1 is either unconnected or has no load
WARNING: [Synth 8-7129] Port injectsbiterrb in module xpm_memory_base__parameterized1 is either unconnected or has no load
WARNING: [Synth 8-7129] Port injectdbiterrb in module xpm_memory_base__parameterized1 is either unconnected or has no load
WARNING: [Synth 8-7129] Port sleep in module xpm_memory_base__parameterized0 is either unconnected or has no load
WARNING: [Synth 8-7129] Port injectsbiterra in module xpm_memory_base__parameterized0 is either unconnected or has no load
WARNING: [Synth 8-7129] Port injectdbiterra in module xpm_memory_base__parameterized0 is either unconnected or has no load
WARNING: [Synth 8-7129] Port injectsbiterrb in module xpm_memory_base__parameterized0 is either unconnected or has no load
WARNING: [Synth 8-7129] Port injectdbiterrb in module xpm_memory_base__parameterized0 is either unconnected or has no load
WARNING: [Synth 8-7129] Port fft_data[tdata][15] in module render_fft is either unconnected or has no load
WARNING: [Synth 8-7129] Port fft_data[tdata][14] in module render_fft is either unconnected or has no load
WARNING: [Synth 8-7129] Port fft_data[tdata][13] in module render_fft is either unconnected or has no load
WARNING: [Synth 8-7129] Port fft_data[tdata][12] in module render_fft is either unconnected or has no load
WARNING: [Synth 8-7129] Port fft_data[tdata][11] in module render_fft is either unconnected or has no load
WARNING: [Synth 8-7129] Port fft_data[tdata][10] in module render_fft is either unconnected or has no load
WARNING: [Synth 8-7129] Port fft_data[tdata][9] in module render_fft is either unconnected or has no load
WARNING: [Synth 8-7129] Port fft_data[tdata][8] in module render_fft is either unconnected or has no load
WARNING: [Synth 8-7129] Port sleep in module xpm_memory_base is either unconnected or has no load
WARNING: [Synth 8-7129] Port injectsbiterra in module xpm_memory_base is either unconnected or has no load
WARNING: [Synth 8-7129] Port injectdbiterra in module xpm_memory_base is either unconnected or has no load
WARNING: [Synth 8-7129] Port clkb in module xpm_memory_base is either unconnected or has no load
WARNING: [Synth 8-7129] Port injectsbiterrb in module xpm_memory_base is either unconnected or has no load
WARNING: [Synth 8-7129] Port injectdbiterrb in module xpm_memory_base is either unconnected or has no load
WARNING: [Synth 8-7129] Port clk in module dc_block is either unconnected or has no load
WARNING: [Synth 8-7129] Port arstn in module dc_block is either unconnected or has no load
WARNING: [Synth 8-7129] Port src_clk in module xpm_cdc_single is either unconnected or has no load
---------------------------------------------------------------------------------
Finished RTL Elaboration : Time (s): cpu = 00:00:10 ; elapsed = 00:00:10 . Memory (MB): peak = 2246.113 ; gain = 561.809 ; free physical = 789 ; free virtual = 2771
---------------------------------------------------------------------------------
---------------------------------------------------------------------------------
Start Handling Custom Attributes
---------------------------------------------------------------------------------
---------------------------------------------------------------------------------
Finished Handling Custom Attributes : Time (s): cpu = 00:00:10 ; elapsed = 00:00:11 . Memory (MB): peak = 2257.988 ; gain = 573.684 ; free physical = 783 ; free virtual = 2765
---------------------------------------------------------------------------------
---------------------------------------------------------------------------------
Finished RTL Optimization Phase 1 : Time (s): cpu = 00:00:10 ; elapsed = 00:00:11 . Memory (MB): peak = 2257.988 ; gain = 573.684 ; free physical = 783 ; free virtual = 2765
---------------------------------------------------------------------------------
Netlist sorting complete. Time (s): cpu = 00:00:00.02 ; elapsed = 00:00:00.03 . Memory (MB): peak = 2263.926 ; gain = 0.000 ; free physical = 773 ; free virtual = 2755
WARNING: [Netlist 29-345] The value of SIM_DEVICE on instance 'fft0/u_serial_fft/clk_gate' of type 'BUFGCE' is 'ULTRASCALE'; it is being changed to match the current FPGA architecture, '7SERIES'. For functional simulation to match hardware behavior, the value of SIM_DEVICE should be changed in the source netlist. 
INFO: [Netlist 29-17] Analyzing 1 Unisim elements for replacement
INFO: [Netlist 29-28] Unisim Transformation completed in 0 CPU seconds
INFO: [Project 1-570] Preparing netlist for logic optimization

Processing XDC Constraints
Initializing timing engine
Parsing XDC File [/home/fpga13/group_admi/fpga_project/fpga_project.gen/sources_1/ip/clk_wiz_0/clk_wiz_0/clk_wiz_0_in_context.xdc] for cell 'i2spcm0/inst'
Finished Parsing XDC File [/home/fpga13/group_admi/fpga_project/fpga_project.gen/sources_1/ip/clk_wiz_0/clk_wiz_0/clk_wiz_0_in_context.xdc] for cell 'i2spcm0/inst'
Parsing XDC File [/home/fpga13/group_admi/fpga_project/fpga_project.gen/sources_1/ip/fft/fft/fft_in_context.xdc] for cell 'fft0/u_serial_fft/fft_i'
Finished Parsing XDC File [/home/fpga13/group_admi/fpga_project/fpga_project.gen/sources_1/ip/fft/fft/fft_in_context.xdc] for cell 'fft0/u_serial_fft/fft_i'
Parsing XDC File [/home/fpga13/group_admi/fpga_project/fpga_project.gen/sources_1/ip/sqrt_cordic/sqrt_cordic/sqrt_cordic_in_context.xdc] for cell 'fft0/abs_value_i/sqrt_i'
Finished Parsing XDC File [/home/fpga13/group_admi/fpga_project/fpga_project.gen/sources_1/ip/sqrt_cordic/sqrt_cordic/sqrt_cordic_in_context.xdc] for cell 'fft0/abs_value_i/sqrt_i'
Parsing XDC File [/home/fpga13/group_admi/fpga_project/fpga_project.gen/sources_1/ip/clk_wiz/clk_wiz/clk_wiz_in_context.xdc] for cell 'vga0/clk_wiz_i'
WARNING: [Constraints 18-619] A clock with name 'clk' already exists, overwriting the previous clock with the same name. [/home/fpga13/group_admi/fpga_project/fpga_project.gen/sources_1/ip/clk_wiz/clk_wiz/clk_wiz_in_context.xdc:1]
Finished Parsing XDC File [/home/fpga13/group_admi/fpga_project/fpga_project.gen/sources_1/ip/clk_wiz/clk_wiz/clk_wiz_in_context.xdc] for cell 'vga0/clk_wiz_i'
Parsing XDC File [/home/fpga13/group_admi/fpga_project/fpga_project.srcs/constrs_1/imports/fpga13/floorplan.xdc]
Finished Parsing XDC File [/home/fpga13/group_admi/fpga_project/fpga_project.srcs/constrs_1/imports/fpga13/floorplan.xdc]
INFO: [Project 1-236] Implementation specific constraints were found while reading constraint file [/home/fpga13/group_admi/fpga_project/fpga_project.srcs/constrs_1/imports/fpga13/floorplan.xdc]. These constraints will be ignored for synthesis but will be used in implementation. Impacted constraints are listed in the file [.Xil/top_propImpl.xdc].
Resolution: To avoid this warning, move constraints listed in [.Xil/top_propImpl.xdc] to another XDC file and exclude this new file from synthesis with the used_in_synthesis property (File Properties dialog in GUI) and re-run elaboration/synthesis.
Parsing XDC File [/home/fpga13/group_admi/fpga_project/fpga_project.srcs/constrs_1/imports/fpga13/timing.xdc]
WARNING: [Constraints 18-619] A clock with name 'clk' already exists, overwriting the previous clock with the same name. [/home/fpga13/group_admi/fpga_project/fpga_project.srcs/constrs_1/imports/fpga13/timing.xdc:2]
WARNING: [Vivado 12-584] No ports matched 'led*'. [/home/fpga13/group_admi/fpga_project/fpga_project.srcs/constrs_1/imports/fpga13/timing.xdc:16]
Finished Parsing XDC File [/home/fpga13/group_admi/fpga_project/fpga_project.srcs/constrs_1/imports/fpga13/timing.xdc]
WARNING: [Project 1-498] One or more constraints failed evaluation while reading constraint file [/home/fpga13/group_admi/fpga_project/fpga_project.srcs/constrs_1/imports/fpga13/timing.xdc] and the design contains unresolved black boxes. These constraints will be read post-synthesis (as long as their source constraint file is marked as used_in_implementation) and should be applied correctly then. You should review the constraints listed in the file [.Xil/top_propImpl.xdc] and check the run log file to verify that these constraints were correctly applied.
Parsing XDC File [/home/fpga13/group_admi/fpga_project/fpga_project.runs/synth_1/dont_touch.xdc]
Finished Parsing XDC File [/home/fpga13/group_admi/fpga_project/fpga_project.runs/synth_1/dont_touch.xdc]
INFO: [Project 1-236] Implementation specific constraints were found while reading constraint file [/mnt/data40tb/Xilinx/Vivado/2023.1/data/ip/xpm/xpm_cdc/tcl/xpm_cdc_single.tcl]. These constraints will be ignored for synthesis but will be used in implementation. Impacted constraints are listed in the file [.Xil/top_propImpl.xdc].
Resolution: To avoid this warning, move constraints listed in [.Xil/top_propImpl.xdc] to another XDC file and exclude this new file from synthesis with the used_in_synthesis property (File Properties dialog in GUI) and re-run elaboration/synthesis.
INFO: [Project 1-236] Implementation specific constraints were found while reading constraint file [/mnt/data40tb/Xilinx/Vivado/2023.1/data/ip/xpm/xpm_memory/tcl/xpm_memory_xdc.tcl]. These constraints will be ignored for synthesis but will be used in implementation. Impacted constraints are listed in the file [.Xil/top_propImpl.xdc].
Resolution: To avoid this warning, move constraints listed in [.Xil/top_propImpl.xdc] to another XDC file and exclude this new file from synthesis with the used_in_synthesis property (File Properties dialog in GUI) and re-run elaboration/synthesis.
INFO: [Project 1-1714] 3 XPM XDC files have been applied to the design.
Completed Processing XDC Constraints

Netlist sorting complete. Time (s): cpu = 00:00:00.01 ; elapsed = 00:00:00 . Memory (MB): peak = 2311.785 ; gain = 0.000 ; free physical = 767 ; free virtual = 2749
INFO: [Project 1-111] Unisim Transformation Summary:
  A total of 1 instances were transformed.
  BUFGCE => BUFGCTRL: 1 instance 

Constraint Validation Runtime : Time (s): cpu = 00:00:00 ; elapsed = 00:00:00.01 . Memory (MB): peak = 2311.785 ; gain = 0.000 ; free physical = 767 ; free virtual = 2749
WARNING: [Timing 38-316] Clock period '1000.000' specified during out-of-context synthesis of instance 'fft0/abs_value_i/sqrt_i' at clock pin 'aclk' is different from the actual clock period '10.000', this can lead to different synthesis results.
INFO: [Designutils 20-5440] No compile time benefit to using incremental synthesis; A full resynthesis will be run
INFO: [Designutils 20-4379] Flow is switching to default flow due to incremental criteria not met. If you would like to alter this behaviour and have the flow terminate instead, please set the following parameter config_implementation {autoIncr.Synth.RejectBehavior Terminate}
---------------------------------------------------------------------------------
Finished Constraint Validation : Time (s): cpu = 00:00:19 ; elapsed = 00:00:21 . Memory (MB): peak = 2311.785 ; gain = 627.480 ; free physical = 734 ; free virtual = 2716
---------------------------------------------------------------------------------
---------------------------------------------------------------------------------
Start Loading Part and Timing Information
---------------------------------------------------------------------------------
Loading part: xc7a100tcsg324-1
---------------------------------------------------------------------------------
Finished Loading Part and Timing Information : Time (s): cpu = 00:00:19 ; elapsed = 00:00:21 . Memory (MB): peak = 2311.785 ; gain = 627.480 ; free physical = 734 ; free virtual = 2716
---------------------------------------------------------------------------------
---------------------------------------------------------------------------------
Start Applying 'set_property' XDC Constraints
---------------------------------------------------------------------------------
Applied set_property IO_BUFFER_TYPE = NONE for clk. (constraint file  /home/fpga13/group_admi/fpga_project/fpga_project.gen/sources_1/ip/clk_wiz/clk_wiz/clk_wiz_in_context.xdc, line 3).
Applied set_property CLOCK_BUFFER_TYPE = NONE for clk. (constraint file  /home/fpga13/group_admi/fpga_project/fpga_project.gen/sources_1/ip/clk_wiz/clk_wiz/clk_wiz_in_context.xdc, line 4).
Applied set_property KEEP_HIERARCHY = SOFT for i2spcm0/inst. (constraint file  auto generated constraint).
Applied set_property KEEP_HIERARCHY = SOFT for fft0/u_serial_fft/fft_i. (constraint file  auto generated constraint).
Applied set_property KEEP_HIERARCHY = SOFT for fft0/abs_value_i/sqrt_i. (constraint file  auto generated constraint).
Applied set_property KEEP_HIERARCHY = SOFT for vga0/clk_wiz_i. (constraint file  auto generated constraint).
Applied set_property KEEP_HIERARCHY = SOFT for i2spcm0/xpm_cdc_pulse_inst/xpm_cdc_single_inst. (constraint file  auto generated constraint).
Applied set_property KEEP_HIERARCHY = SOFT for fft0/u_serial_fft/i_xpm_memory_tdpram. (constraint file  auto generated constraint).
Applied set_property KEEP_HIERARCHY = SOFT for vga0/image_buf_i/i_xpm_memory_tdpram. (constraint file  auto generated constraint).
---------------------------------------------------------------------------------
Finished applying 'set_property' XDC Constraints : Time (s): cpu = 00:00:19 ; elapsed = 00:00:21 . Memory (MB): peak = 2311.785 ; gain = 627.480 ; free physical = 734 ; free virtual = 2716
---------------------------------------------------------------------------------
INFO: [Synth 8-3971] The signal "xpm_memory_base:/gen_wr_b.gen_word_narrow.mem_reg" was recognized as a true dual port RAM template.
INFO: [Synth 8-3971] The signal "xpm_memory_base__parameterized0:/gen_wr_b.gen_word_narrow.mem_reg" was recognized as a true dual port RAM template.
---------------------------------------------------------------------------------
Finished RTL Optimization Phase 2 : Time (s): cpu = 00:01:01 ; elapsed = 00:01:02 . Memory (MB): peak = 2311.785 ; gain = 627.480 ; free physical = 773 ; free virtual = 2758
---------------------------------------------------------------------------------
---------------------------------------------------------------------------------
Start RTL Component Statistics 
---------------------------------------------------------------------------------
Detailed RTL Component Info : 
+---Adders : 
	   2 Input   32 Bit       Adders := 1     
	   4 Input   21 Bit       Adders := 1     
	   2 Input   19 Bit       Adders := 1     
	   2 Input   11 Bit       Adders := 1     
	   2 Input   10 Bit       Adders := 11    
	   2 Input    9 Bit       Adders := 4     
	   2 Input    7 Bit       Adders := 2     
	   2 Input    6 Bit       Adders := 1     
	   2 Input    2 Bit       Adders := 2     
+---XORs : 
	   2 Input      1 Bit         XORs := 2     
+---Registers : 
	               40 Bit    Registers := 1     
	               32 Bit    Registers := 9     
	               19 Bit    Registers := 4     
	               16 Bit    Registers := 1     
	               15 Bit    Registers := 1     
	               12 Bit    Registers := 2     
	               10 Bit    Registers := 17    
	                9 Bit    Registers := 13    
	                8 Bit    Registers := 5     
	                7 Bit    Registers := 3     
	                6 Bit    Registers := 1     
	                4 Bit    Registers := 13    
	                2 Bit    Registers := 3     
	                1 Bit    Registers := 51    
+---RAMs : 
	             194K Bit	(24929 X 8 bit)          RAMs := 1     
	              32K Bit	(1024 X 32 bit)          RAMs := 1     
	               2K Bit	(257 X 8 bit)          RAMs := 1     
+---Muxes : 
	   2 Input   32 Bit        Muxes := 4     
	   2 Input   10 Bit        Muxes := 7     
	   2 Input    9 Bit        Muxes := 4     
	   2 Input    6 Bit        Muxes := 1     
	   2 Input    4 Bit        Muxes := 3     
	   2 Input    2 Bit        Muxes := 1     
	   2 Input    1 Bit        Muxes := 15    
---------------------------------------------------------------------------------
Finished RTL Component Statistics 
---------------------------------------------------------------------------------
---------------------------------------------------------------------------------
Start Part Resource Summary
---------------------------------------------------------------------------------
Part Resources:
DSPs: 240 (col length:80)
BRAMs: 270 (col length: RAMB18 80 RAMB36 40)
---------------------------------------------------------------------------------
Finished Part Resource Summary
---------------------------------------------------------------------------------
---------------------------------------------------------------------------------
Start Cross Boundary and Area Optimization
---------------------------------------------------------------------------------
WARNING: [Synth 8-7080] Parallel synthesis criteria is not met
DSP Report: Generating DSP abs_value_i/square_value[value]0, operation Mode is: A*B.
DSP Report: operator abs_value_i/square_value[value]0 is absorbed into DSP abs_value_i/square_value[value]0.
DSP Report: Generating DSP abs_value_i/square_value[value], operation Mode is: PCIN+A*B.
DSP Report: operator abs_value_i/square_value[value] is absorbed into DSP abs_value_i/square_value[value].
DSP Report: operator abs_value_i/square_value[value]0 is absorbed into DSP abs_value_i/square_value[value].
DSP Report: Generating DSP image_buf_i/addr_x_scaled0, operation Mode is: A*(B:0x61).
DSP Report: operator image_buf_i/addr_x_scaled0 is absorbed into DSP image_buf_i/addr_x_scaled0.
DSP Report: Generating DSP p_1_out, operation Mode is: (D+(A:0x3fffff38))*(B:0x5a).
DSP Report: operator p_1_out is absorbed into DSP p_1_out.
DSP Report: operator p_0_out is absorbed into DSP p_1_out.
WARNING: [Synth 8-3917] design top has port VGA_R[3] driven by constant 1
WARNING: [Synth 8-3917] design top has port VGA_R[2] driven by constant 1
WARNING: [Synth 8-3917] design top has port VGA_R[1] driven by constant 1
WARNING: [Synth 8-3917] design top has port VGA_R[0] driven by constant 1
WARNING: [Synth 8-3917] design top has port VGA_G[3] driven by constant 0
WARNING: [Synth 8-3917] design top has port VGA_G[2] driven by constant 0
WARNING: [Synth 8-3917] design top has port VGA_G[1] driven by constant 1
WARNING: [Synth 8-3917] design top has port VGA_G[0] driven by constant 1
WARNING: [Synth 8-3917] design top has port VGA_B[3] driven by constant 0
WARNING: [Synth 8-3917] design top has port VGA_B[2] driven by constant 0
WARNING: [Synth 8-3917] design top has port VGA_B[1] driven by constant 0
WARNING: [Synth 8-3917] design top has port VGA_B[0] driven by constant 0
WARNING: [Synth 8-7129] Port wea[0] in module xpm_memory_base__parameterized2 is either unconnected or has no load
WARNING: [Synth 8-7129] Port dina[0] in module xpm_memory_base__parameterized2 is either unconnected or has no load
WARNING: [Synth 8-7129] Port injectsbiterra in module xpm_memory_base__parameterized2 is either unconnected or has no load
WARNING: [Synth 8-7129] Port injectdbiterra in module xpm_memory_base__parameterized2 is either unconnected or has no load
WARNING: [Synth 8-7129] Port clkb in module xpm_memory_base__parameterized2 is either unconnected or has no load
WARNING: [Synth 8-7129] Port rstb in module xpm_memory_base__parameterized2 is either unconnected or has no load
WARNING: [Synth 8-7129] Port enb in module xpm_memory_base__parameterized2 is either unconnected or has no load
INFO: [Common 17-14] Message 'Synth 8-7129' appears 100 times and further instances of the messages will be disabled. Use the Tcl command set_msg_config to change the current settings.
WARNING: [Synth 8-6014] Unused sequential element gen_wr_a.gen_word_narrow.mem_reg was removed. 
WARNING: [Synth 8-6014] Unused sequential element gen_wr_a.gen_word_narrow.mem_reg was removed. 
WARNING: [Synth 8-3332] Sequential element (vga0/render_i/fft_buffer_reg_async_reset_b) is unused and will be removed from module top.
---------------------------------------------------------------------------------
Finished Cross Boundary and Area Optimization : Time (s): cpu = 00:01:16 ; elapsed = 00:01:18 . Memory (MB): peak = 2311.785 ; gain = 627.480 ; free physical = 743 ; free virtual = 2745
---------------------------------------------------------------------------------
---------------------------------------------------------------------------------
Start ROM, RAM, DSP, Shift Register and Retiming Reporting
---------------------------------------------------------------------------------

Block RAM: Preliminary Mapping Report (see note below)
+-----------------+----------------------------------+------------------------+---+---+------------------------+---+---+------------------+--------+--------+
|Module Name      | RTL Object                       | PORT A (Depth x Width) | W | R | PORT B (Depth x Width) | W | R | Ports driving FF | RAMB18 | RAMB36 | 
+-----------------+----------------------------------+------------------------+---+---+------------------------+---+---+------------------+--------+--------+
|xpm_memory_base: | gen_wr_b.gen_word_narrow.mem_reg | 1 K x 32(NO_CHANGE)    | W | R | 1 K x 32(NO_CHANGE)    | W | R | Port A and B     | 0      | 1      | 
+-----------------+----------------------------------+------------------------+---+---+------------------------+---+---+------------------+--------+--------+

Note: The table above is a preliminary report that shows the Block RAMs at the current stage of the synthesis flow. Some Block RAMs may be reimplemented as non Block RAM primitives later in the synthesis flow. Multiple instantiated Block RAMs are reported only once. 

DSP: Preliminary Mapping Report (see note below. The ' indicates corresponding REG is set)
+------------------+-----------------------------+--------+--------+--------+--------+--------+------+------+------+------+-------+------+------+
|Module Name       | DSP Mapping                 | A Size | B Size | C Size | D Size | P Size | AREG | BREG | CREG | DREG | ADREG | MREG | PREG | 
+------------------+-----------------------------+--------+--------+--------+--------+--------+------+------+------+------+-------+------+------+
|fft_abs_value     | A*B                         | 16     | 16     | -      | -      | 32     | 0    | 0    | -    | -    | -     | 0    | 0    | 
|fft_abs_value     | PCIN+A*B                    | 16     | 16     | -      | -      | 33     | 0    | 0    | -    | -    | -     | 0    | 0    | 
|image_buf         | A*(B:0x61)                  | 10     | 7      | -      | -      | 17     | 0    | 0    | -    | -    | -     | 0    | 0    | 
|detection_overlay | (D+(A:0x3fffff38))*(B:0x5a) | 15     | 7      | -      | 9      | 22     | 0    | 0    | -    | 0    | 0     | 0    | 0    | 
+------------------+-----------------------------+--------+--------+--------+--------+--------+------+------+------+------+-------+------+------+

Note: The table above is a preliminary report that shows the DSPs inferred at the current stage of the synthesis flow. Some DSP may be reimplemented as non DSP primitives later in the synthesis flow. Multiple instantiated DSPs are reported only once.
---------------------------------------------------------------------------------
Finished ROM, RAM, DSP, Shift Register and Retiming Reporting
---------------------------------------------------------------------------------
---------------------------------------------------------------------------------
Start Applying XDC Timing Constraints
---------------------------------------------------------------------------------
WARNING: [Synth 8-565] redefining clock 'clk'
WARNING: [Synth 8-565] redefining clock 'clk'
---------------------------------------------------------------------------------
Finished Applying XDC Timing Constraints : Time (s): cpu = 00:01:22 ; elapsed = 00:01:24 . Memory (MB): peak = 2311.785 ; gain = 627.480 ; free physical = 743 ; free virtual = 2745
---------------------------------------------------------------------------------
---------------------------------------------------------------------------------
Start Timing Optimization
---------------------------------------------------------------------------------
---------------------------------------------------------------------------------
Finished Timing Optimization : Time (s): cpu = 00:01:23 ; elapsed = 00:01:25 . Memory (MB): peak = 2311.785 ; gain = 627.480 ; free physical = 744 ; free virtual = 2746
---------------------------------------------------------------------------------
---------------------------------------------------------------------------------
Start ROM, RAM, DSP, Shift Register and Retiming Reporting
---------------------------------------------------------------------------------

Block RAM: Final Mapping Report
+-----------------+----------------------------------+------------------------+---+---+------------------------+---+---+------------------+--------+--------+
|Module Name      | RTL Object                       | PORT A (Depth x Width) | W | R | PORT B (Depth x Width) | W | R | Ports driving FF | RAMB18 | RAMB36 | 
+-----------------+----------------------------------+------------------------+---+---+------------------------+---+---+------------------+--------+--------+
|xpm_memory_base: | gen_wr_b.gen_word_narrow.mem_reg | 1 K x 32(NO_CHANGE)    | W | R | 1 K x 32(NO_CHANGE)    | W | R | Port A and B     | 0      | 1      | 
+-----------------+----------------------------------+------------------------+---+---+------------------------+---+---+------------------+--------+--------+

---------------------------------------------------------------------------------
Finished ROM, RAM, DSP, Shift Register and Retiming Reporting
---------------------------------------------------------------------------------
---------------------------------------------------------------------------------
Start Technology Mapping
---------------------------------------------------------------------------------
INFO: [Synth 8-7052] The timing for the instance fft0/u_serial_fft/i_xpm_memory_tdpram/xpm_memory_base_inst/gen_wr_b.gen_word_narrow.mem_reg (implemented as a Block RAM) might be sub-optimal as no optional output register could be merged into the ram block. Providing additional output register may help in improving timing.
---------------------------------------------------------------------------------
Finished Technology Mapping : Time (s): cpu = 00:01:23 ; elapsed = 00:01:25 . Memory (MB): peak = 2311.785 ; gain = 627.480 ; free physical = 744 ; free virtual = 2746
---------------------------------------------------------------------------------
---------------------------------------------------------------------------------
Start IO Insertion
---------------------------------------------------------------------------------
---------------------------------------------------------------------------------
Start Flattening Before IO Insertion
---------------------------------------------------------------------------------
---------------------------------------------------------------------------------
Finished Flattening Before IO Insertion
---------------------------------------------------------------------------------
---------------------------------------------------------------------------------
Start Final Netlist Cleanup
---------------------------------------------------------------------------------
---------------------------------------------------------------------------------
Finished Final Netlist Cleanup
---------------------------------------------------------------------------------
CRITICAL WARNING: [Synth 8-4442] BlackBox module \fft0/u_serial_fft/fft_i  has unconnected pin s_axis_config_tdata[23]
CRITICAL WARNING: [Synth 8-4442] BlackBox module \fft0/u_serial_fft/fft_i  has unconnected pin s_axis_config_tdata[22]
CRITICAL WARNING: [Synth 8-4442] BlackBox module \fft0/u_serial_fft/fft_i  has unconnected pin s_axis_config_tdata[21]
CRITICAL WARNING: [Synth 8-4442] BlackBox module \fft0/u_serial_fft/fft_i  has unconnected pin s_axis_config_tdata[20]
CRITICAL WARNING: [Synth 8-4442] BlackBox module \fft0/u_serial_fft/fft_i  has unconnected pin s_axis_config_tdata[19]
---------------------------------------------------------------------------------
Finished IO Insertion : Time (s): cpu = 00:01:27 ; elapsed = 00:01:29 . Memory (MB): peak = 2311.785 ; gain = 627.480 ; free physical = 746 ; free virtual = 2748
---------------------------------------------------------------------------------
---------------------------------------------------------------------------------
Start Renaming Generated Instances
---------------------------------------------------------------------------------
---------------------------------------------------------------------------------
Finished Renaming Generated Instances : Time (s): cpu = 00:01:27 ; elapsed = 00:01:29 . Memory (MB): peak = 2311.785 ; gain = 627.480 ; free physical = 746 ; free virtual = 2748
---------------------------------------------------------------------------------
---------------------------------------------------------------------------------
Start Rebuilding User Hierarchy
---------------------------------------------------------------------------------
---------------------------------------------------------------------------------
Finished Rebuilding User Hierarchy : Time (s): cpu = 00:01:28 ; elapsed = 00:01:29 . Memory (MB): peak = 2311.785 ; gain = 627.480 ; free physical = 746 ; free virtual = 2748
---------------------------------------------------------------------------------
---------------------------------------------------------------------------------
Start Renaming Generated Ports
---------------------------------------------------------------------------------
---------------------------------------------------------------------------------
Finished Renaming Generated Ports : Time (s): cpu = 00:01:28 ; elapsed = 00:01:29 . Memory (MB): peak = 2311.785 ; gain = 627.480 ; free physical = 746 ; free virtual = 2748
---------------------------------------------------------------------------------
---------------------------------------------------------------------------------
Start Handling Custom Attributes
---------------------------------------------------------------------------------
---------------------------------------------------------------------------------
Finished Handling Custom Attributes : Time (s): cpu = 00:01:28 ; elapsed = 00:01:29 . Memory (MB): peak = 2311.785 ; gain = 627.480 ; free physical = 746 ; free virtual = 2748
---------------------------------------------------------------------------------
---------------------------------------------------------------------------------
Start Renaming Generated Nets
---------------------------------------------------------------------------------
---------------------------------------------------------------------------------
Finished Renaming Generated Nets : Time (s): cpu = 00:01:28 ; elapsed = 00:01:29 . Memory (MB): peak = 2311.785 ; gain = 627.480 ; free physical = 746 ; free virtual = 2748
---------------------------------------------------------------------------------
---------------------------------------------------------------------------------
Start ROM, RAM, DSP, Shift Register and Retiming Reporting
---------------------------------------------------------------------------------

Static Shift Register Report:
+------------+--------------------------------------+--------+-------+--------------+--------------------+-------------------+--------+---------+
|Module Name | RTL Name                             | Length | Width | Reset Signal | Pull out first Reg | Pull out last Reg | SRL16E | SRLC32E | 
+------------+--------------------------------------+--------+-------+--------------+--------------------+-------------------+--------+---------+
|top         | vga0/overlay_i/pixel_o_reg[ctrl][hs] | 10     | 2     | YES          | NO                 | YES               | 2      | 0       | 
+------------+--------------------------------------+--------+-------+--------------+--------------------+-------------------+--------+---------+

---------------------------------------------------------------------------------
Finished ROM, RAM, DSP, Shift Register and Retiming Reporting
---------------------------------------------------------------------------------
---------------------------------------------------------------------------------
Start Writing Synthesis Report
---------------------------------------------------------------------------------

DSP Final Report (the ' indicates corresponding REG is set)
+--------------+-------------+--------+--------+--------+--------+--------+------+------+------+------+-------+------+------+
|Module Name   | DSP Mapping | A Size | B Size | C Size | D Size | P Size | AREG | BREG | CREG | DREG | ADREG | MREG | PREG | 
+--------------+-------------+--------+--------+--------+--------+--------+------+------+------+------+-------+------+------+
|fft_abs_value | A*B         | 30     | 18     | -      | -      | 32     | 0    | 0    | -    | -    | -     | 0    | 0    | 
|fft_abs_value | PCIN+A*B    | 30     | 18     | -      | -      | 33     | 0    | 0    | -    | -    | -     | 0    | 0    | 
+--------------+-------------+--------+--------+--------+--------+--------+------+------+------+------+-------+------+------+


Report BlackBoxes: 
+------+--------------+----------+
|      |BlackBox name |Instances |
+------+--------------+----------+
|1     |sqrt_cordic   |         1|
|2     |fft           |         1|
|3     |clk_wiz_0     |         1|
|4     |clk_wiz       |         1|
+------+--------------+----------+

Report Cell Usage: 
+------+------------+------+
|      |Cell        |Count |
+------+------------+------+
|1     |clk_wiz     |     2|
|3     |fft         |     1|
|4     |sqrt_cordic |     1|
|5     |BUFGCE      |     1|
|6     |CARRY4      |    20|
|7     |DSP48E1     |     2|
|8     |LUT1        |    15|
|9     |LUT2        |    30|
|10    |LUT3        |    53|
|11    |LUT4        |    51|
|12    |LUT5        |    67|
|13    |LUT6        |   108|
|14    |RAMB36E1    |     1|
|15    |SRL16E      |     2|
|16    |FDCE        |   289|
|17    |FDPE        |    12|
|18    |FDRE        |   100|
|19    |IBUF        |     3|
|20    |OBUF        |    17|
+------+------------+------+
---------------------------------------------------------------------------------
Finished Writing Synthesis Report : Time (s): cpu = 00:01:28 ; elapsed = 00:01:29 . Memory (MB): peak = 2311.785 ; gain = 627.480 ; free physical = 746 ; free virtual = 2748
---------------------------------------------------------------------------------
Synthesis finished with 0 errors, 5 critical warnings and 105 warnings.
Synthesis Optimization Runtime : Time (s): cpu = 00:01:24 ; elapsed = 00:01:25 . Memory (MB): peak = 2311.785 ; gain = 573.684 ; free physical = 747 ; free virtual = 2749
Synthesis Optimization Complete : Time (s): cpu = 00:01:28 ; elapsed = 00:01:30 . Memory (MB): peak = 2311.793 ; gain = 627.480 ; free physical = 747 ; free virtual = 2749
INFO: [Project 1-571] Translating synthesized netlist
Netlist sorting complete. Time (s): cpu = 00:00:00.01 ; elapsed = 00:00:00.01 . Memory (MB): peak = 2311.793 ; gain = 0.000 ; free physical = 873 ; free virtual = 2875
WARNING: [Netlist 29-345] The value of SIM_DEVICE on instance 'fft0/u_serial_fft/clk_gate' of type 'BUFGCE' is 'ULTRASCALE'; it is being changed to match the current FPGA architecture, '7SERIES'. For functional simulation to match hardware behavior, the value of SIM_DEVICE should be changed in the source netlist. 
INFO: [Netlist 29-17] Analyzing 24 Unisim elements for replacement
INFO: [Netlist 29-28] Unisim Transformation completed in 0 CPU seconds
INFO: [Project 1-570] Preparing netlist for logic optimization
INFO: [Opt 31-140] Inserted 1 IBUFs to IO ports without IO buffers.
INFO: [Opt 31-138] Pushed 0 inverter(s) to 0 load pin(s).
Netlist sorting complete. Time (s): cpu = 00:00:00 ; elapsed = 00:00:00 . Memory (MB): peak = 2311.793 ; gain = 0.000 ; free physical = 1006 ; free virtual = 3008
INFO: [Project 1-111] Unisim Transformation Summary:
  A total of 1 instances were transformed.
  BUFGCE => BUFGCTRL: 1 instance 

Synth Design complete | Checksum: f858bcb2
INFO: [Common 17-83] Releasing license: Synthesis
99 Infos, 273 Warnings, 9 Critical Warnings and 0 Errors encountered.
synth_design completed successfully
synth_design: Time (s): cpu = 00:01:35 ; elapsed = 00:01:36 . Memory (MB): peak = 2311.793 ; gain = 963.559 ; free physical = 1006 ; free virtual = 3008
INFO: [Common 17-2834] synth_design peak Physical Memory [PSS] (MB): overall = 1973.497; main = 1661.630; forked = 362.041
INFO: [Common 17-2834] synth_design peak Virtual Memory [VSS] (MB): overall = 3282.152; main = 2311.789; forked = 970.363
INFO: [runtcl-6] Synthesis results are not added to the cache due to CRITICAL_WARNING
INFO: [Common 17-1381] The checkpoint '/home/fpga13/group_admi/fpga_project/fpga_project.runs/synth_1/top.dcp' has been generated.
INFO: [runtcl-4] Executing : report_utilization -file top_utilization_synth.rpt -pb top_utilization_synth.pb
INFO: [Common 17-206] Exiting Vivado at Tue Dec 16 11:53:17 2025...
