#-----------------------------------------------------------
# Vivado v2023.1 (64-bit)
# SW Build 3865809 on Sun May  7 15:05:29 MDT 2023
# IP Build 3864474 on Sun May  7 20:36:21 MDT 2023
# SharedData Build 3865790 on Sun May 07 13:33:03 MDT 2023
# Start of session at: Sat Jan 24 17:47:49 2026
# Process ID: 10056
# Current directory: C:/Users/necde/Documents/GitHub Repos/rwth-lab-fpga-WIP/exp2_try2
# Command line: vivado.exe -gui_launcher_event rodinguilauncherevent28460 C:\Users\necde\Documents\GitHub Repos\rwth-lab-fpga-WIP\exp2_try2\exp2_try2.xpr
# Log file: C:/Users/necde/Documents/GitHub Repos/rwth-lab-fpga-WIP/exp2_try2/vivado.log
# Journal file: C:/Users/necde/Documents/GitHub Repos/rwth-lab-fpga-WIP/exp2_try2\vivado.jou
# Running On: DESKTOP-OS4G7S0, OS: Windows, CPU Frequency: 2918 MHz, CPU Physical cores: 14, Host memory: 16834 MB
#-----------------------------------------------------------
start_gui
open_project {C:/Users/necde/Documents/GitHub Repos/rwth-lab-fpga-WIP/exp2_try2/exp2_try2.xpr}
update_compile_order -fileset sources_1
close_project
