
*** Running vivado
    with args -log fft_top.vdi -applog -m64 -product Vivado -messageDb vivado.pb -mode batch -source fft_top.tcl -notrace


****** Vivado v2023.1 (64-bit)
  **** SW Build 3865809 on Sun May  7 15:04:56 MDT 2023
  **** IP Build 3864474 on Sun May  7 20:36:21 MDT 2023
  **** SharedData Build 3865790 on Sun May 07 13:33:03 MDT 2023
    ** Copyright 1986-2022 Xilinx, Inc. All Rights Reserved.
    ** Copyright 2022-2023 Advanced Micro Devices, Inc. All Rights Reserved.

source fft_top.tcl -notrace
create_project: Time (s): cpu = 00:00:11 ; elapsed = 00:00:11 . Memory (MB): peak = 1314.418 ; gain = 48.039 ; free physical = 1099 ; free virtual = 3660
Command: link_design -top fft_top -part xc7a100tcsg324-1
Design is defaulting to srcset: sources_1
Design is defaulting to constrset: constrs_1
INFO: [Device 21-403] Loading part xc7a100tcsg324-1
INFO: [Project 1-454] Reading design checkpoint '/home/fpga13/group_admi/exp_2/exp_2.gen/sources_1/ip/sqrt_cordic/sqrt_cordic.dcp' for cell 'abs_value_i/sqrt_i'
Netlist sorting complete. Time (s): cpu = 00:00:00.01 ; elapsed = 00:00:00.01 . Memory (MB): peak = 1710.059 ; gain = 0.000 ; free physical = 725 ; free virtual = 3294
INFO: [Netlist 29-17] Analyzing 50 Unisim elements for replacement
INFO: [Netlist 29-28] Unisim Transformation completed in 0 CPU seconds
INFO: [Project 1-479] Netlist was created with Vivado 2023.1
INFO: [Project 1-570] Preparing netlist for logic optimization
INFO: [Opt 31-138] Pushed 0 inverter(s) to 0 load pin(s).
Netlist sorting complete. Time (s): cpu = 00:00:00 ; elapsed = 00:00:00 . Memory (MB): peak = 1809.820 ; gain = 0.000 ; free physical = 645 ; free virtual = 3214
INFO: [Project 1-111] Unisim Transformation Summary:
No Unisim elements were transformed.

8 Infos, 0 Warnings, 0 Critical Warnings and 0 Errors encountered.
link_design completed successfully
link_design: Time (s): cpu = 00:00:06 ; elapsed = 00:00:07 . Memory (MB): peak = 1809.820 ; gain = 463.551 ; free physical = 641 ; free virtual = 3210
Command: opt_design
Attempting to get a license for feature 'Implementation' and/or device 'xc7a100t'
INFO: [Common 17-349] Got license for feature 'Implementation' and/or device 'xc7a100t'
Running DRC as a precondition to command opt_design

Starting DRC Task
INFO: [DRC 23-27] Running DRC with 4 threads
INFO: [Project 1-461] DRC finished with 0 Errors
INFO: [Project 1-462] Please refer to the DRC report (report_drc) for more information.

Time (s): cpu = 00:00:01 ; elapsed = 00:00:00.89 . Memory (MB): peak = 1868.586 ; gain = 58.766 ; free physical = 623 ; free virtual = 3193

Starting Cache Timing Information Task
INFO: [Timing 38-35] Done setting XDC timing constraints.
Ending Cache Timing Information Task | Checksum: 7815a1b0

Time (s): cpu = 00:00:07 ; elapsed = 00:00:07 . Memory (MB): peak = 2373.445 ; gain = 504.859 ; free physical = 162 ; free virtual = 2749

Starting Logic Optimization Task

Phase 1 Retarget
INFO: [Opt 31-1566] Pulled 1 inverters resulting in an inversion of 8 pins
INFO: [Opt 31-138] Pushed 1 inverter(s) to 1 load pin(s).
INFO: [Opt 31-49] Retargeted 0 cell(s).
Phase 1 Retarget | Checksum: f2e1977c

Time (s): cpu = 00:00:00.08 ; elapsed = 00:00:00.07 . Memory (MB): peak = 2656.336 ; gain = 0.000 ; free physical = 182 ; free virtual = 2515
INFO: [Opt 31-389] Phase Retarget created 35 cells and removed 36 cells

Phase 2 Constant propagation
INFO: [Opt 31-138] Pushed 12 inverter(s) to 12 load pin(s).
Phase 2 Constant propagation | Checksum: 1c0d64845

Time (s): cpu = 00:00:00.14 ; elapsed = 00:00:00.14 . Memory (MB): peak = 2656.336 ; gain = 0.000 ; free physical = 271 ; free virtual = 2517
INFO: [Opt 31-389] Phase Constant propagation created 53 cells and removed 252 cells

Phase 3 Sweep
Phase 3 Sweep | Checksum: 18823c4d2

Time (s): cpu = 00:00:00.16 ; elapsed = 00:00:00.16 . Memory (MB): peak = 2656.336 ; gain = 0.000 ; free physical = 272 ; free virtual = 2518
INFO: [Opt 31-389] Phase Sweep created 0 cells and removed 7 cells

Phase 4 BUFG optimization
Phase 4 BUFG optimization | Checksum: 18823c4d2

Time (s): cpu = 00:00:00.19 ; elapsed = 00:00:00.18 . Memory (MB): peak = 2688.352 ; gain = 32.016 ; free physical = 272 ; free virtual = 2518
INFO: [Opt 31-662] Phase BUFG optimization created 0 cells of which 0 are BUFGs and removed 0 cells.

Phase 5 Shift Register Optimization
INFO: [Opt 31-1064] SRL Remap converted 0 SRLs to 0 registers and converted 0 registers of register chains to 0 SRLs
Phase 5 Shift Register Optimization | Checksum: a364c50a

Time (s): cpu = 00:00:00.22 ; elapsed = 00:00:00.22 . Memory (MB): peak = 2688.352 ; gain = 32.016 ; free physical = 272 ; free virtual = 2518
INFO: [Opt 31-389] Phase Shift Register Optimization created 0 cells and removed 0 cells

Phase 6 Post Processing Netlist
Phase 6 Post Processing Netlist | Checksum: a364c50a

Time (s): cpu = 00:00:00.23 ; elapsed = 00:00:00.22 . Memory (MB): peak = 2688.352 ; gain = 32.016 ; free physical = 272 ; free virtual = 2518
INFO: [Opt 31-389] Phase Post Processing Netlist created 0 cells and removed 0 cells
Opt_design Change Summary
=========================


-------------------------------------------------------------------------------------------------------------------------
|  Phase                        |  #Cells created  |  #Cells Removed  |  #Constrained objects preventing optimizations  |
-------------------------------------------------------------------------------------------------------------------------
|  Retarget                     |              35  |              36  |                                              0  |
|  Constant propagation         |              53  |             252  |                                              0  |
|  Sweep                        |               0  |               7  |                                              0  |
|  BUFG optimization            |               0  |               0  |                                              0  |
|  Shift Register Optimization  |               0  |               0  |                                              0  |
|  Post Processing Netlist      |               0  |               0  |                                              0  |
-------------------------------------------------------------------------------------------------------------------------



Starting Connectivity Check Task

Time (s): cpu = 00:00:00 ; elapsed = 00:00:00 . Memory (MB): peak = 2688.352 ; gain = 0.000 ; free physical = 272 ; free virtual = 2518
Ending Logic Optimization Task | Checksum: a364c50a

Time (s): cpu = 00:00:00.23 ; elapsed = 00:00:00.23 . Memory (MB): peak = 2688.352 ; gain = 32.016 ; free physical = 272 ; free virtual = 2518

Starting Power Optimization Task
INFO: [Pwropt 34-132] Skipping clock gating for clocks with a period < 2.00 ns.
Ending Power Optimization Task | Checksum: a364c50a

Time (s): cpu = 00:00:00 ; elapsed = 00:00:00.01 . Memory (MB): peak = 2688.352 ; gain = 0.000 ; free physical = 271 ; free virtual = 2518

Starting Final Cleanup Task
Ending Final Cleanup Task | Checksum: a364c50a

Time (s): cpu = 00:00:00 ; elapsed = 00:00:00 . Memory (MB): peak = 2688.352 ; gain = 0.000 ; free physical = 271 ; free virtual = 2518

Starting Netlist Obfuscation Task
Netlist sorting complete. Time (s): cpu = 00:00:00 ; elapsed = 00:00:00 . Memory (MB): peak = 2688.352 ; gain = 0.000 ; free physical = 271 ; free virtual = 2518
Ending Netlist Obfuscation Task | Checksum: a364c50a

Time (s): cpu = 00:00:00 ; elapsed = 00:00:00 . Memory (MB): peak = 2688.352 ; gain = 0.000 ; free physical = 271 ; free virtual = 2518
INFO: [Common 17-83] Releasing license: Implementation
26 Infos, 0 Warnings, 0 Critical Warnings and 0 Errors encountered.
opt_design completed successfully
opt_design: Time (s): cpu = 00:00:11 ; elapsed = 00:00:11 . Memory (MB): peak = 2688.352 ; gain = 878.531 ; free physical = 271 ; free virtual = 2518
INFO: [runtcl-4] Executing : report_drc -file fft_top_drc_opted.rpt -pb fft_top_drc_opted.pb -rpx fft_top_drc_opted.rpx
Command: report_drc -file fft_top_drc_opted.rpt -pb fft_top_drc_opted.pb -rpx fft_top_drc_opted.rpx
INFO: [IP_Flow 19-1839] IP Catalog is up to date.
INFO: [DRC 23-27] Running DRC with 4 threads
INFO: [Vivado_Tcl 2-168] The results of DRC are in file /home/fpga13/group_admi/exp_2/exp_2.runs/impl_1/fft_top_drc_opted.rpt.
report_drc completed successfully
INFO: [Common 17-1381] The checkpoint '/home/fpga13/group_admi/exp_2/exp_2.runs/impl_1/fft_top_opt.dcp' has been generated.
Command: place_design
Attempting to get a license for feature 'Implementation' and/or device 'xc7a100t'
INFO: [Common 17-349] Got license for feature 'Implementation' and/or device 'xc7a100t'
INFO: [DRC 23-27] Running DRC with 4 threads
INFO: [Vivado_Tcl 4-198] DRC finished with 0 Errors
INFO: [Vivado_Tcl 4-199] Please refer to the DRC report (report_drc) for more information.
Running DRC as a precondition to command place_design
INFO: [DRC 23-27] Running DRC with 4 threads
INFO: [Vivado_Tcl 4-198] DRC finished with 0 Errors
INFO: [Vivado_Tcl 4-199] Please refer to the DRC report (report_drc) for more information.

Starting Placer Task
INFO: [Place 30-611] Multithreading enabled for place_design using a maximum of 4 CPUs

Phase 1 Placer Initialization

Phase 1.1 Placer Initialization Netlist Sorting
Netlist sorting complete. Time (s): cpu = 00:00:00 ; elapsed = 00:00:00 . Memory (MB): peak = 2736.375 ; gain = 0.000 ; free physical = 218 ; free virtual = 2467
Phase 1.1 Placer Initialization Netlist Sorting | Checksum: 1fe5d7f3

Time (s): cpu = 00:00:00 ; elapsed = 00:00:00.01 . Memory (MB): peak = 2736.375 ; gain = 0.000 ; free physical = 218 ; free virtual = 2467
Netlist sorting complete. Time (s): cpu = 00:00:00 ; elapsed = 00:00:00 . Memory (MB): peak = 2736.375 ; gain = 0.000 ; free physical = 218 ; free virtual = 2467

Phase 1.2 IO Placement/ Clock Placement/ Build Placer Device
INFO: [Timing 38-35] Done setting XDC timing constraints.
Phase 1.2 IO Placement/ Clock Placement/ Build Placer Device | Checksum: 8eeea406

Time (s): cpu = 00:00:00.53 ; elapsed = 00:00:00.3 . Memory (MB): peak = 2736.375 ; gain = 0.000 ; free physical = 212 ; free virtual = 2466

Phase 1.3 Build Placer Netlist Model
Phase 1.3 Build Placer Netlist Model | Checksum: 14903cf90

Time (s): cpu = 00:00:00.6 ; elapsed = 00:00:00.4 . Memory (MB): peak = 2736.375 ; gain = 0.000 ; free physical = 212 ; free virtual = 2467

Phase 1.4 Constrain Clocks/Macros
Phase 1.4 Constrain Clocks/Macros | Checksum: 14903cf90

Time (s): cpu = 00:00:00.61 ; elapsed = 00:00:00.41 . Memory (MB): peak = 2736.375 ; gain = 0.000 ; free physical = 212 ; free virtual = 2467
Phase 1 Placer Initialization | Checksum: 14903cf90

Time (s): cpu = 00:00:00.61 ; elapsed = 00:00:00.41 . Memory (MB): peak = 2736.375 ; gain = 0.000 ; free physical = 210 ; free virtual = 2466

Phase 2 Global Placement

Phase 2.1 Floorplanning
Phase 2.1 Floorplanning | Checksum: 14903cf90

Time (s): cpu = 00:00:00.61 ; elapsed = 00:00:00.42 . Memory (MB): peak = 2736.375 ; gain = 0.000 ; free physical = 208 ; free virtual = 2464

Phase 2.2 Update Timing before SLR Path Opt
Phase 2.2 Update Timing before SLR Path Opt | Checksum: 14903cf90

Time (s): cpu = 00:00:00.61 ; elapsed = 00:00:00.42 . Memory (MB): peak = 2736.375 ; gain = 0.000 ; free physical = 208 ; free virtual = 2464

Phase 2.3 Post-Processing in Floorplanning
Phase 2.3 Post-Processing in Floorplanning | Checksum: 14903cf90

Time (s): cpu = 00:00:00.61 ; elapsed = 00:00:00.42 . Memory (MB): peak = 2736.375 ; gain = 0.000 ; free physical = 208 ; free virtual = 2464

Phase 2.4 Global Placement Core
WARNING: [Place 46-29] Timing had been disabled during Placer and, therefore, physical synthesis in Placer will be skipped.
Phase 2.4 Global Placement Core | Checksum: 16ff836d4

Time (s): cpu = 00:00:01 ; elapsed = 00:00:00.75 . Memory (MB): peak = 2736.375 ; gain = 0.000 ; free physical = 200 ; free virtual = 2457
Phase 2 Global Placement | Checksum: 16ff836d4

Time (s): cpu = 00:00:01 ; elapsed = 00:00:00.75 . Memory (MB): peak = 2736.375 ; gain = 0.000 ; free physical = 200 ; free virtual = 2457

Phase 3 Detail Placement

Phase 3.1 Commit Multi Column Macros
Phase 3.1 Commit Multi Column Macros | Checksum: 16ff836d4

Time (s): cpu = 00:00:01 ; elapsed = 00:00:00.76 . Memory (MB): peak = 2736.375 ; gain = 0.000 ; free physical = 200 ; free virtual = 2457

Phase 3.2 Commit Most Macros & LUTRAMs
Phase 3.2 Commit Most Macros & LUTRAMs | Checksum: 7e3141ab

Time (s): cpu = 00:00:01 ; elapsed = 00:00:00.79 . Memory (MB): peak = 2736.375 ; gain = 0.000 ; free physical = 200 ; free virtual = 2457

Phase 3.3 Area Swap Optimization
Phase 3.3 Area Swap Optimization | Checksum: 1151b2f39

Time (s): cpu = 00:00:01 ; elapsed = 00:00:00.8 . Memory (MB): peak = 2736.375 ; gain = 0.000 ; free physical = 200 ; free virtual = 2457

Phase 3.4 Pipeline Register Optimization
Phase 3.4 Pipeline Register Optimization | Checksum: 133cdff4f

Time (s): cpu = 00:00:01 ; elapsed = 00:00:00.8 . Memory (MB): peak = 2736.375 ; gain = 0.000 ; free physical = 200 ; free virtual = 2457

Phase 3.5 Small Shape Detail Placement
Phase 3.5 Small Shape Detail Placement | Checksum: 115aec585

Time (s): cpu = 00:00:01 ; elapsed = 00:00:01 . Memory (MB): peak = 2736.375 ; gain = 0.000 ; free physical = 196 ; free virtual = 2454

Phase 3.6 Re-assign LUT pins
Phase 3.6 Re-assign LUT pins | Checksum: 115aec585

Time (s): cpu = 00:00:01 ; elapsed = 00:00:01 . Memory (MB): peak = 2736.375 ; gain = 0.000 ; free physical = 196 ; free virtual = 2454

Phase 3.7 Pipeline Register Optimization
Phase 3.7 Pipeline Register Optimization | Checksum: 115aec585

Time (s): cpu = 00:00:01 ; elapsed = 00:00:01 . Memory (MB): peak = 2736.375 ; gain = 0.000 ; free physical = 196 ; free virtual = 2454
Phase 3 Detail Placement | Checksum: 115aec585

Time (s): cpu = 00:00:01 ; elapsed = 00:00:01 . Memory (MB): peak = 2736.375 ; gain = 0.000 ; free physical = 196 ; free virtual = 2454

Phase 4 Post Placement Optimization and Clean-Up

Phase 4.1 Post Commit Optimization
Phase 4.1 Post Commit Optimization | Checksum: 115aec585

Time (s): cpu = 00:00:02 ; elapsed = 00:00:01 . Memory (MB): peak = 2736.375 ; gain = 0.000 ; free physical = 196 ; free virtual = 2454

Phase 4.2 Post Placement Cleanup
Phase 4.2 Post Placement Cleanup | Checksum: 115aec585

Time (s): cpu = 00:00:02 ; elapsed = 00:00:01 . Memory (MB): peak = 2736.375 ; gain = 0.000 ; free physical = 196 ; free virtual = 2454

Phase 4.3 Placer Reporting

Phase 4.3.1 Print Estimated Congestion
INFO: [Place 30-612] Post-Placement Estimated Congestion 
 ____________________________________________________
|           | Global Congestion | Short Congestion  |
| Direction | Region Size       | Region Size       |
|___________|___________________|___________________|
|      North|                1x1|                1x1|
|___________|___________________|___________________|
|      South|                1x1|                1x1|
|___________|___________________|___________________|
|       East|                1x1|                1x1|
|___________|___________________|___________________|
|       West|                1x1|                1x1|
|___________|___________________|___________________|

Phase 4.3.1 Print Estimated Congestion | Checksum: 115aec585

Time (s): cpu = 00:00:02 ; elapsed = 00:00:01 . Memory (MB): peak = 2736.375 ; gain = 0.000 ; free physical = 196 ; free virtual = 2454
Phase 4.3 Placer Reporting | Checksum: 115aec585

Time (s): cpu = 00:00:02 ; elapsed = 00:00:01 . Memory (MB): peak = 2736.375 ; gain = 0.000 ; free physical = 196 ; free virtual = 2454

Phase 4.4 Final Placement Cleanup
Netlist sorting complete. Time (s): cpu = 00:00:00 ; elapsed = 00:00:00 . Memory (MB): peak = 2736.375 ; gain = 0.000 ; free physical = 196 ; free virtual = 2454

Time (s): cpu = 00:00:02 ; elapsed = 00:00:01 . Memory (MB): peak = 2736.375 ; gain = 0.000 ; free physical = 196 ; free virtual = 2454
Phase 4 Post Placement Optimization and Clean-Up | Checksum: 12a9c1a6c

Time (s): cpu = 00:00:02 ; elapsed = 00:00:01 . Memory (MB): peak = 2736.375 ; gain = 0.000 ; free physical = 196 ; free virtual = 2454
Ending Placer Task | Checksum: c1c0af6f

Time (s): cpu = 00:00:02 ; elapsed = 00:00:01 . Memory (MB): peak = 2736.375 ; gain = 0.000 ; free physical = 196 ; free virtual = 2454
INFO: [Common 17-83] Releasing license: Implementation
42 Infos, 1 Warnings, 0 Critical Warnings and 0 Errors encountered.
place_design completed successfully
INFO: [runtcl-4] Executing : report_io -file fft_top_io_placed.rpt
report_io: Time (s): cpu = 00:00:00.14 ; elapsed = 00:00:00.22 . Memory (MB): peak = 2736.375 ; gain = 0.000 ; free physical = 180 ; free virtual = 2438
INFO: [runtcl-4] Executing : report_utilization -file fft_top_utilization_placed.rpt -pb fft_top_utilization_placed.pb
INFO: [runtcl-4] Executing : report_control_sets -verbose -file fft_top_control_sets_placed.rpt
report_control_sets: Time (s): cpu = 00:00:00.06 ; elapsed = 00:00:00.14 . Memory (MB): peak = 2736.375 ; gain = 0.000 ; free physical = 176 ; free virtual = 2435
Writing XDEF routing.
Writing XDEF routing logical nets.
Writing XDEF routing special nets.
Write XDEF Complete: Time (s): cpu = 00:00:00.25 ; elapsed = 00:00:00.16 . Memory (MB): peak = 2739.387 ; gain = 3.012 ; free physical = 174 ; free virtual = 2434
INFO: [Common 17-1381] The checkpoint '/home/fpga13/group_admi/exp_2/exp_2.runs/impl_1/fft_top_placed.dcp' has been generated.
Command: phys_opt_design
Attempting to get a license for feature 'Implementation' and/or device 'xc7a100t'
INFO: [Common 17-349] Got license for feature 'Implementation' and/or device 'xc7a100t'

Starting Initial Update Timing Task

Time (s): cpu = 00:00:00.04 ; elapsed = 00:00:00.05 . Memory (MB): peak = 2747.391 ; gain = 0.000 ; free physical = 156 ; free virtual = 2415
INFO: [Vivado_Tcl 4-235] No timing constraint found. The netlist was not modified.
INFO: [Common 17-83] Releasing license: Implementation
49 Infos, 1 Warnings, 0 Critical Warnings and 0 Errors encountered.
phys_opt_design completed successfully
Writing XDEF routing.
Writing XDEF routing logical nets.
Writing XDEF routing special nets.
Write XDEF Complete: Time (s): cpu = 00:00:00.18 ; elapsed = 00:00:00.1 . Memory (MB): peak = 2761.199 ; gain = 13.809 ; free physical = 158 ; free virtual = 2419
INFO: [Common 17-1381] The checkpoint '/home/fpga13/group_admi/exp_2/exp_2.runs/impl_1/fft_top_physopt.dcp' has been generated.
Command: route_design
Attempting to get a license for feature 'Implementation' and/or device 'xc7a100t'
INFO: [Common 17-349] Got license for feature 'Implementation' and/or device 'xc7a100t'
Running DRC as a precondition to command route_design
INFO: [DRC 23-27] Running DRC with 4 threads
INFO: [Vivado_Tcl 4-198] DRC finished with 0 Errors
INFO: [Vivado_Tcl 4-199] Please refer to the DRC report (report_drc) for more information.


Starting Routing Task
INFO: [Route 35-254] Multithreading enabled for route_design using a maximum of 4 CPUs

Phase 1 Build RT Design
Checksum: PlaceDB: 98252f96 ConstDB: 0 ShapeSum: 299b7fd9 RouteDB: 0
Post Restoration Checksum: NetGraph: 99064bac | NumContArr: 5e2a4886 | Constraints: 190a55ad | Timing: 0
Phase 1 Build RT Design | Checksum: 1103ae9df

Time (s): cpu = 00:00:29 ; elapsed = 00:00:25 . Memory (MB): peak = 2863.008 ; gain = 99.973 ; free physical = 188 ; free virtual = 2220

Phase 2 Router Initialization
INFO: [Route 35-64] No timing constraints were detected. The router will operate in resource-optimization mode.

Phase 2.1 Fix Topology Constraints
Phase 2.1 Fix Topology Constraints | Checksum: 1103ae9df

Time (s): cpu = 00:00:29 ; elapsed = 00:00:25 . Memory (MB): peak = 2879.008 ; gain = 115.973 ; free physical = 180 ; free virtual = 2213

Phase 2.2 Pre Route Cleanup
Phase 2.2 Pre Route Cleanup | Checksum: 1103ae9df

Time (s): cpu = 00:00:29 ; elapsed = 00:00:25 . Memory (MB): peak = 2879.008 ; gain = 115.973 ; free physical = 180 ; free virtual = 2213
 Number of Nodes with overlaps = 0

Router Utilization Summary
  Global Vertical Routing Utilization    = 0 %
  Global Horizontal Routing Utilization  = 0 %
  Routable Net Status*
  *Does not include unroutable nets such as driverless and loadless.
  Run report_route_status for detailed report.
  Number of Failed Nets               = 508
    (Failed Nets is the sum of unrouted and partially routed nets)
  Number of Unrouted Nets             = 508
  Number of Partially Routed Nets     = 0
  Number of Node Overlaps             = 0

Phase 2 Router Initialization | Checksum: de49c245

Time (s): cpu = 00:00:30 ; elapsed = 00:00:26 . Memory (MB): peak = 2895.914 ; gain = 132.879 ; free physical = 157 ; free virtual = 2190

Phase 3 Initial Routing

Phase 3.1 Global Routing
Phase 3.1 Global Routing | Checksum: de49c245

Time (s): cpu = 00:00:30 ; elapsed = 00:00:26 . Memory (MB): peak = 2895.914 ; gain = 132.879 ; free physical = 157 ; free virtual = 2190
Phase 3 Initial Routing | Checksum: 13587d95c

Time (s): cpu = 00:00:30 ; elapsed = 00:00:26 . Memory (MB): peak = 2895.914 ; gain = 132.879 ; free physical = 157 ; free virtual = 2190

Phase 4 Rip-up And Reroute

Phase 4.1 Global Iteration 0
 Number of Nodes with overlaps = 15
 Number of Nodes with overlaps = 0
Phase 4.1 Global Iteration 0 | Checksum: 9410f5e7

Time (s): cpu = 00:00:30 ; elapsed = 00:00:26 . Memory (MB): peak = 2895.914 ; gain = 132.879 ; free physical = 157 ; free virtual = 2190
Phase 4 Rip-up And Reroute | Checksum: 9410f5e7

Time (s): cpu = 00:00:30 ; elapsed = 00:00:26 . Memory (MB): peak = 2895.914 ; gain = 132.879 ; free physical = 157 ; free virtual = 2190

Phase 5 Delay and Skew Optimization
Phase 5 Delay and Skew Optimization | Checksum: 9410f5e7

Time (s): cpu = 00:00:30 ; elapsed = 00:00:26 . Memory (MB): peak = 2895.914 ; gain = 132.879 ; free physical = 157 ; free virtual = 2190

Phase 6 Post Hold Fix

Phase 6.1 Hold Fix Iter
Phase 6.1 Hold Fix Iter | Checksum: 9410f5e7

Time (s): cpu = 00:00:30 ; elapsed = 00:00:26 . Memory (MB): peak = 2895.914 ; gain = 132.879 ; free physical = 157 ; free virtual = 2190
Phase 6 Post Hold Fix | Checksum: 9410f5e7

Time (s): cpu = 00:00:30 ; elapsed = 00:00:26 . Memory (MB): peak = 2895.914 ; gain = 132.879 ; free physical = 157 ; free virtual = 2190

Phase 7 Route finalize

Router Utilization Summary
  Global Vertical Routing Utilization    = 0.0346869 %
  Global Horizontal Routing Utilization  = 0.0473146 %
  Routable Net Status*
  *Does not include unroutable nets such as driverless and loadless.
  Run report_route_status for detailed report.
  Number of Failed Nets               = 0
    (Failed Nets is the sum of unrouted and partially routed nets)
  Number of Unrouted Nets             = 0
  Number of Partially Routed Nets     = 0
  Number of Node Overlaps             = 0


--GLOBAL Congestion:
Utilization threshold used for congestion level computation: 0.85
Congestion Report
North Dir 1x1 Area, Max Cong = 22.5225%, No Congested Regions.
South Dir 1x1 Area, Max Cong = 12.6126%, No Congested Regions.
East Dir 1x1 Area, Max Cong = 19.1176%, No Congested Regions.
West Dir 1x1 Area, Max Cong = 29.4118%, No Congested Regions.

------------------------------
Reporting congestion hotspots
------------------------------
Direction: North
----------------
Congested clusters found at Level 0
Effective congestion level: 0 Aspect Ratio: 1 Sparse Ratio: 0
Direction: South
----------------
Congested clusters found at Level 0
Effective congestion level: 0 Aspect Ratio: 1 Sparse Ratio: 0
Direction: East
----------------
Congested clusters found at Level 0
Effective congestion level: 0 Aspect Ratio: 1 Sparse Ratio: 0
Direction: West
----------------
Congested clusters found at Level 0
Effective congestion level: 0 Aspect Ratio: 1 Sparse Ratio: 0

Phase 7 Route finalize | Checksum: 9410f5e7

Time (s): cpu = 00:00:30 ; elapsed = 00:00:26 . Memory (MB): peak = 2895.914 ; gain = 132.879 ; free physical = 157 ; free virtual = 2190

Phase 8 Verifying routed nets

 Verification completed successfully
Phase 8 Verifying routed nets | Checksum: 9410f5e7

Time (s): cpu = 00:00:30 ; elapsed = 00:00:26 . Memory (MB): peak = 2895.914 ; gain = 132.879 ; free physical = 157 ; free virtual = 2190

Phase 9 Depositing Routes
Phase 9 Depositing Routes | Checksum: 82620cf6

Time (s): cpu = 00:00:31 ; elapsed = 00:00:26 . Memory (MB): peak = 2895.914 ; gain = 132.879 ; free physical = 157 ; free virtual = 2190
INFO: [Route 35-16] Router Completed Successfully

Phase 10 Post-Route Event Processing
Phase 10 Post-Route Event Processing | Checksum: fc2269f1

Time (s): cpu = 00:00:31 ; elapsed = 00:00:26 . Memory (MB): peak = 2895.914 ; gain = 132.879 ; free physical = 157 ; free virtual = 2190

Time (s): cpu = 00:00:31 ; elapsed = 00:00:26 . Memory (MB): peak = 2895.914 ; gain = 132.879 ; free physical = 157 ; free virtual = 2190

Routing Is Done.
INFO: [Common 17-83] Releasing license: Implementation
58 Infos, 1 Warnings, 0 Critical Warnings and 0 Errors encountered.
route_design completed successfully
route_design: Time (s): cpu = 00:00:32 ; elapsed = 00:00:26 . Memory (MB): peak = 2895.914 ; gain = 134.715 ; free physical = 156 ; free virtual = 2190
INFO: [runtcl-4] Executing : report_drc -file fft_top_drc_routed.rpt -pb fft_top_drc_routed.pb -rpx fft_top_drc_routed.rpx
Command: report_drc -file fft_top_drc_routed.rpt -pb fft_top_drc_routed.pb -rpx fft_top_drc_routed.rpx
INFO: [IP_Flow 19-1839] IP Catalog is up to date.
INFO: [DRC 23-27] Running DRC with 4 threads
INFO: [Vivado_Tcl 2-168] The results of DRC are in file /home/fpga13/group_admi/exp_2/exp_2.runs/impl_1/fft_top_drc_routed.rpt.
report_drc completed successfully
INFO: [runtcl-4] Executing : report_methodology -file fft_top_methodology_drc_routed.rpt -pb fft_top_methodology_drc_routed.pb -rpx fft_top_methodology_drc_routed.rpx
Command: report_methodology -file fft_top_methodology_drc_routed.rpt -pb fft_top_methodology_drc_routed.pb -rpx fft_top_methodology_drc_routed.rpx
INFO: [Timing 38-35] Done setting XDC timing constraints.
INFO: [DRC 23-133] Running Methodology with 4 threads
INFO: [Vivado_Tcl 2-1520] The results of Report Methodology are in file /home/fpga13/group_admi/exp_2/exp_2.runs/impl_1/fft_top_methodology_drc_routed.rpt.
report_methodology completed successfully
INFO: [runtcl-4] Executing : report_power -file fft_top_power_routed.rpt -pb fft_top_power_summary_routed.pb -rpx fft_top_power_routed.rpx
Command: report_power -file fft_top_power_routed.rpt -pb fft_top_power_summary_routed.pb -rpx fft_top_power_routed.rpx
INFO: [Timing 38-35] Done setting XDC timing constraints.
WARNING: [Power 33-232] No user defined clocks were found in the design! Power estimation will be inaccurate until this is corrected.
Resolution: Please specify clocks using create_clock/create_generated_clock for sequential elements. For pure combinatorial circuits, please specify a virtual clock, otherwise the vectorless estimation might be inaccurate
Running Vector-less Activity Propagation...
WARNING: [Power 33-230] Invalid input clock frequency for u_serial_fft/clk_gate. Out of range!
Resolution: Please refer to Clocking Resources User Guide for valid input clock frequency.
WARNING: [Power 33-230] Invalid input clock frequency for u_serial_fft/clk_gate. Out of range!
Resolution: Please refer to Clocking Resources User Guide for valid input clock frequency.
WARNING: [Power 33-230] Invalid input clock frequency for u_serial_fft/clk_gate. Out of range!
Resolution: Please refer to Clocking Resources User Guide for valid input clock frequency.
WARNING: [Power 33-230] Invalid input clock frequency for u_serial_fft/clk_gate. Out of range!
Resolution: Please refer to Clocking Resources User Guide for valid input clock frequency.
WARNING: [Power 33-230] Invalid input clock frequency for u_serial_fft/clk_gate. Out of range!
Resolution: Please refer to Clocking Resources User Guide for valid input clock frequency.
WARNING: [Power 33-230] Invalid input clock frequency for u_serial_fft/clk_gate. Out of range!
Resolution: Please refer to Clocking Resources User Guide for valid input clock frequency.

Finished Running Vector-less Activity Propagation
68 Infos, 8 Warnings, 0 Critical Warnings and 0 Errors encountered.
report_power completed successfully
INFO: [runtcl-4] Executing : report_route_status -file fft_top_route_status.rpt -pb fft_top_route_status.pb
INFO: [runtcl-4] Executing : report_timing_summary -max_paths 10 -report_unconstrained -file fft_top_timing_summary_routed.rpt -pb fft_top_timing_summary_routed.pb -rpx fft_top_timing_summary_routed.rpx -warn_on_violation 
INFO: [Timing 38-91] UpdateTimingParams: Speed grade: -1, Delay Type: min_max.
INFO: [Timing 38-191] Multithreading enabled for timing update using a maximum of 4 CPUs
WARNING: [Timing 38-313] There are no user specified timing constraints. Timing constraints are needed for proper timing analysis.
INFO: [runtcl-4] Executing : report_incremental_reuse -file fft_top_incremental_reuse_routed.rpt
INFO: [Vivado_Tcl 4-1062] Incremental flow is disabled. No incremental reuse Info to report.
INFO: [runtcl-4] Executing : report_clock_utilization -file fft_top_clock_utilization_routed.rpt
INFO: [runtcl-4] Executing : report_bus_skew -warn_on_violation -file fft_top_bus_skew_routed.rpt -pb fft_top_bus_skew_routed.pb -rpx fft_top_bus_skew_routed.rpx
INFO: [Timing 38-91] UpdateTimingParams: Speed grade: -1, Delay Type: min_max.
INFO: [Timing 38-191] Multithreading enabled for timing update using a maximum of 4 CPUs
Writing XDEF routing.
Writing XDEF routing logical nets.
Writing XDEF routing special nets.
Write XDEF Complete: Time (s): cpu = 00:00:00.18 ; elapsed = 00:00:00.1 . Memory (MB): peak = 2967.586 ; gain = 0.000 ; free physical = 189 ; free virtual = 2139
INFO: [Common 17-1381] The checkpoint '/home/fpga13/group_admi/exp_2/exp_2.runs/impl_1/fft_top_routed.dcp' has been generated.
INFO: [Common 17-206] Exiting Vivado at Tue Nov 18 10:45:12 2025...
