#-----------------------------------------------------------
# Vivado v2025.1 (64-bit)
# SW Build 6140274 on Thu May 22 00:12:29 MDT 2025
# IP Build 6138677 on Thu May 22 03:10:11 MDT 2025
# SharedData Build 6139179 on Tue May 20 17:58:58 MDT 2025
# Start of session at: Sat Nov 29 17:36:54 2025
# Process ID         : 15928
# Current directory  : C:/Users/the5t/OneDrive/Documents/GitHub/rwth-lab-fpga-WIP/exp_2/exp_2.runs/sqrt_cordic_synth_1
# Command line       : vivado.exe -log sqrt_cordic.vds -product Vivado -mode batch -messageDb vivado.pb -notrace -source sqrt_cordic.tcl
# Log file           : C:/Users/the5t/OneDrive/Documents/GitHub/rwth-lab-fpga-WIP/exp_2/exp_2.runs/sqrt_cordic_synth_1/sqrt_cordic.vds
# Journal file       : C:/Users/the5t/OneDrive/Documents/GitHub/rwth-lab-fpga-WIP/exp_2/exp_2.runs/sqrt_cordic_synth_1\vivado.jou
# Running On         : audrey
# Platform           : Windows Server 2016 or Windows 10
# Operating System   : 26100
# Processor Detail   : Intel(R) Core(TM) Ultra 7 256V
# CPU Frequency      : 3302 MHz
# CPU Physical cores : 8
# CPU Logical cores  : 8
# Host memory        : 16693 MB
# Swap memory        : 34359 MB
# Total Virtual      : 51053 MB
# Available Virtual  : 29537 MB
#-----------------------------------------------------------
source sqrt_cordic.tcl -notrace
