Vivado Simulator v2023.1
Copyright 1986-2022 Xilinx, Inc. All Rights Reserved.
Copyright 2022-2023 Advanced Micro Devices, Inc. All Rights Reserved.
Running: C:/Xilinx/Vivado/2023.1/bin/unwrapped/win64.o/xelab.exe --incr --debug typical --relax --mt 2 -L xil_defaultlib -L xbip_utils_v3_0_10 -L c_reg_fd_v12_0_6 -L xbip_dsp48_wrapper_v3_0_4 -L xbip_pipe_v3_0_6 -L xbip_dsp48_addsub_v3_0_6 -L xbip_addsub_v3_0_6 -L c_addsub_v12_0_15 -L xbip_bram18k_v3_0_6 -L mult_gen_v12_0_18 -L axi_utils_v2_0_6 -L cordic_v6_0_19 -L c_mux_bit_v12_0_6 -L c_shift_ram_v12_0_14 -L cmpy_v6_0_21 -L floating_point_v7_0_20 -L xfft_v9_1_9 -L uvm -L unisims_ver -L unimacro_ver -L secureip -L xpm --snapshot fft_test_behav xil_defaultlib.fft_test xil_defaultlib.glbl -log elaborate.log 
Using 2 slave threads.
Starting static elaboration
Pass Through NonSizing Optimizer
Completed static elaboration
Starting simulation data flow analysis
WARNING: [XSIM 43-4100] "C:/Users/necde/Documents/GitHub Repos/rwth-lab-fpga-WIP/exp_2_try3/exp_2_try3.srcs/sim_1/imports/new/fft_test.sv" Line 23. Module fft_test has a timescale but at least one module in design doesn't have timescale.
WARNING: [XSIM 43-4100] "/wrk/ci/prod/2023.1/sw/continuous/3753/packages/customer/vivado/data/ip/xpm/xpm_memory/hdl/xpm_memory.sv" Line 9044. Module xpm_memory_tdpram(MEMORY_SIZE=32768,MEMORY_INIT_PARAM="0",READ_DATA_WIDTH_A=32,BYTE_WRITE_WIDTH_A=32,ADDR_WIDTH_A=10,WRITE_DATA_WIDTH_B=32,READ_DATA_WIDTH_B=32,BYTE_WRITE_WIDTH_B=32,ADDR_WIDTH_B=10,READ_LATENCY_B=2) has a timescale but at least one module in design doesn't have timescale.
WARNING: [XSIM 43-4100] "/wrk/ci/prod/2023.1/sw/continuous/3753/packages/customer/vivado/data/ip/xpm/xpm_memory/hdl/xpm_memory.sv" Line 56. Module xpm_memory_base(MEMORY_SIZE=32768,MEMORY_INIT_PARAM="0",READ_DATA_WIDTH_A=32,BYTE_WRITE_WIDTH_A=32,ADDR_WIDTH_A=10,WRITE_DATA_WIDTH_B=32,READ_DATA_WIDTH_B=32,BYTE_WRITE_WIDTH_B=32,ADDR_WIDTH_B=10,READ_LATENCY_B=2,WRITE_MODE_B=2) has a timescale but at least one module in design doesn't have timescale.
WARNING: [XSIM 43-4100] "/wrk/ci/prod/2023.1/rdi_builds/continuous/2023_05_07_3865809/data/verilog/src/unisims/BUFGCE.v" Line 26. Module BUFGCE has a timescale but at least one module in design doesn't have timescale.
WARNING: [XSIM 43-4100] "C:/Users/necde/Documents/GitHub Repos/rwth-lab-fpga-WIP/exp_2_try3/exp_2_try3.srcs/sim_1/imports/new/fft_test.sv" Line 23. Module fft_test has a timescale but at least one module in design doesn't have timescale.
WARNING: [XSIM 43-4100] "/wrk/ci/prod/2023.1/sw/continuous/3753/packages/customer/vivado/data/ip/xpm/xpm_memory/hdl/xpm_memory.sv" Line 9044. Module xpm_memory_tdpram(MEMORY_SIZE=32768,MEMORY_INIT_PARAM="0",READ_DATA_WIDTH_A=32,BYTE_WRITE_WIDTH_A=32,ADDR_WIDTH_A=10,WRITE_DATA_WIDTH_B=32,READ_DATA_WIDTH_B=32,BYTE_WRITE_WIDTH_B=32,ADDR_WIDTH_B=10,READ_LATENCY_B=2) has a timescale but at least one module in design doesn't have timescale.
WARNING: [XSIM 43-4100] "/wrk/ci/prod/2023.1/sw/continuous/3753/packages/customer/vivado/data/ip/xpm/xpm_memory/hdl/xpm_memory.sv" Line 56. Module xpm_memory_base(MEMORY_SIZE=32768,MEMORY_INIT_PARAM="0",READ_DATA_WIDTH_A=32,BYTE_WRITE_WIDTH_A=32,ADDR_WIDTH_A=10,WRITE_DATA_WIDTH_B=32,READ_DATA_WIDTH_B=32,BYTE_WRITE_WIDTH_B=32,ADDR_WIDTH_B=10,READ_LATENCY_B=2,WRITE_MODE_B=2) has a timescale but at least one module in design doesn't have timescale.
WARNING: [XSIM 43-4100] "/wrk/ci/prod/2023.1/rdi_builds/continuous/2023_05_07_3865809/data/verilog/src/unisims/BUFGCE.v" Line 26. Module BUFGCE has a timescale but at least one module in design doesn't have timescale.
WARNING: [XSIM 43-4100] "C:/Users/necde/Documents/GitHub Repos/rwth-lab-fpga-WIP/exp_2_try3/exp_2_try3.sim/sim_1/behav/xsim/glbl.v" Line 6. Module glbl has a timescale but at least one module in design doesn't have timescale.
WARNING: [XSIM 43-4100] "C:/Users/necde/Documents/GitHub Repos/rwth-lab-fpga-WIP/exp_2_try3/exp_2_try3.sim/sim_1/behav/xsim/glbl.v" Line 6. Module glbl has a timescale but at least one module in design doesn't have timescale.
Completed simulation data flow analysis
Time Resolution for simulation is 1ps
Compiling package std.standard
Compiling package std.textio
Compiling package ieee.std_logic_1164
Compiling package ieee.numeric_std
Compiling package xbip_utils_v3_0_10.xbip_utils_v3_0_10_pkg
Compiling package xfft_v9_1_9.xfft_v9_1_9_viv_comp
Compiling package ieee.std_logic_arith
Compiling package ieee.std_logic_unsigned
Compiling package ieee.math_real
Compiling package axi_utils_v2_0_6.axi_utils_v2_0_6_pkg
Compiling package mult_gen_v12_0_18.mult_gen_v12_0_18_pkg
Compiling package ieee.std_logic_signed
Compiling package cmpy_v6_0_21.cmpy_v6_0_21_pkg
Compiling package floating_point_v7_0_20.floating_point_v7_0_20_consts
Compiling package floating_point_v7_0_20.floating_point_v7_0_20_exp_table...
Compiling package floating_point_v7_0_20.floating_point_v7_0_20_pkg
Compiling package xfft_v9_1_9.pkg
Compiling package xfft_v9_1_9.xfft_v9_1_9_axi_pkg
Compiling package axi_utils_v2_0_6.global_util_pkg
Compiling package axi_utils_v2_0_6.axi_utils_comps
Compiling package unisim.vcomponents
Compiling package c_shift_ram_v12_0_14.c_shift_ram_v12_0_14_pkg
Compiling package c_mux_bit_v12_0_6.c_mux_bit_v12_0_6_viv_comp
Compiling package c_reg_fd_v12_0_6.c_reg_fd_v12_0_6_viv_comp
Compiling package ieee.vital_timing
Compiling package ieee.vital_primitives
Compiling package unisim.vpkg
Compiling package xbip_pipe_v3_0_6.xbip_pipe_v3_0_6_viv_comp
Compiling package xbip_addsub_v3_0_6.xbip_addsub_v3_0_6_viv_comp
Compiling package c_addsub_v12_0_15.c_addsub_v12_0_15_pkg
Compiling package c_addsub_v12_0_15.c_addsub_v12_0_15_pkg_legacy
Compiling package xfft_v9_1_9.half_sincos_tw_table
Compiling package xpm.vcomponents
Compiling package ieee.std_logic_textio
Compiling package cordic_v6_0_19.cordic_v6_0_19_viv_comp
Compiling package cordic_v6_0_19.cordic_pack
Compiling package cordic_v6_0_19.cordic_hdl_comps
Compiling package c_addsub_v12_0_15.c_addsub_v12_0_15_viv_comp
Compiling package xil_defaultlib.fft_pkg
Compiling module xpm.xpm_memory_base(MEMORY_SIZE=3276...
Compiling module xpm.xpm_memory_tdpram(MEMORY_SIZE=32...
Compiling module unisims_ver.BUFGCE
Compiling architecture xilinx of entity axi_utils_v2_0_6.glb_srl_fifo [\glb_srl_fifo(width=19,has_uvpro...]
Compiling architecture xilinx of entity axi_utils_v2_0_6.glb_ifx_slave [\glb_ifx_slave(width=19,has_uvpr...]
Compiling architecture synth of entity xfft_v9_1_9.axi_wrapper_input_fifo [\axi_wrapper_input_fifo(c_fifo_w...]
Compiling architecture xilinx of entity axi_utils_v2_0_6.glb_srl_fifo [\glb_srl_fifo(width=33,has_uvpro...]
Compiling architecture xilinx of entity axi_utils_v2_0_6.glb_ifx_slave [\glb_ifx_slave(width=33,has_uvpr...]
Compiling architecture synth of entity xfft_v9_1_9.axi_wrapper_input_fifo [\axi_wrapper_input_fifo(c_fifo_w...]
Compiling architecture xilinx of entity axi_utils_v2_0_6.glb_srl_fifo [\glb_srl_fifo(width=33,has_uvpro...]
Compiling architecture xilinx of entity axi_utils_v2_0_6.glb_ifx_master [\glb_ifx_master(width=33,afull_t...]
Compiling architecture synth of entity xfft_v9_1_9.axi_wrapper_output_fifo [\axi_wrapper_output_fifo(c_fifo_...]
Compiling architecture synth of entity xfft_v9_1_9.axi_wrapper [\axi_wrapper(c_nfft_max=9,c_arch...]
Compiling architecture xilinx of entity xfft_v9_1_9.mux_bus4 [\mux_bus4(c_xdevicefamily="artix...]
Compiling architecture xilinx of entity xfft_v9_1_9.arith_shift3 [\arith_shift3(c_xdevicefamily="a...]
Compiling architecture xilinx of entity xfft_v9_1_9.shift_ram [\shift_ram(c_xdevicefamily="arti...]
Compiling architecture lut3_v of entity unisim.LUT3 [\LUT3(init="11001010")(0,7)\]
Compiling architecture xilinx of entity xfft_v9_1_9.mux_bus2 [\mux_bus2(c_xdevicefamily="artix...]
Compiling architecture rb18_internal_vhdl_v of entity unisim.RB18_INTERNAL_VHDL [\RB18_INTERNAL_VHDL(bram_size=18...]
Compiling architecture ramb18e1_v of entity unisim.RAMB18E1 [\RAMB18E1(doa_reg=1,dob_reg=1,ra...]
Compiling architecture xilinx of entity xfft_v9_1_9.dpm [\dpm(c_xdevicefamily="artix7",wi...]
Compiling architecture xilinx of entity xfft_v9_1_9.so_memory [\so_memory(c_xdevicefamily="arti...]
Compiling architecture xilinx of entity xfft_v9_1_9.mux_bus2 [\mux_bus2(c_xdevicefamily="artix...]
Compiling architecture xilinx of entity xfft_v9_1_9.shift_ram [\shift_ram(c_xdevicefamily="arti...]
Compiling architecture lut3_v of entity unisim.LUT3 [\LUT3(init="11001010")(7,0)\]
Compiling architecture synth of entity cmpy_v6_0_21.cmpy_mux2to1 [\cmpy_mux2to1(c_xdevicefamily="a...]
Compiling architecture xilinx of entity cmpy_v6_0_21.delay_line [\delay_line(c_xdevicefamily="art...]
Compiling architecture xilinx of entity cmpy_v6_0_21.cmpy_xfft_so_sync [\cmpy_xfft_so_sync(c_xdevicefami...]
Compiling architecture xilinx of entity cmpy_v6_0_21.delay_line [\delay_line(c_xdevicefamily="art...]
Compiling architecture xilinx of entity cmpy_v6_0_21.delay_line [\delay_line(c_xdevicefamily="art...]
Compiling architecture xilinx of entity cmpy_v6_0_21.delay_line [\delay_line(c_xdevicefamily="art...]
Compiling architecture dsp48e1_v of entity unisim.DSP48E1 [\DSP48E1(adreg=0,carryinselreg=0...]
Compiling architecture dsp48e1_v of entity unisim.DSP48E1 [\DSP48E1(acascreg=2,adreg=0,areg...]
Compiling architecture xilinx of entity cmpy_v6_0_21.delay_line [\delay_line(c_xdevicefamily="art...]
Compiling architecture xilinx of entity mult_gen_v12_0_18.op_resize [\op_resize(ai_width=17,ao_width=...]
Compiling architecture xilinx of entity cmpy_v6_0_21.cmpy_4_dsp48_mult [\cmpy_4_dsp48_mult(c_xdevicefami...]
Compiling architecture xilinx of entity cmpy_v6_0_21.cmpy_4_dsp48 [\cmpy_4_dsp48(c_xdevicefamily="a...]
Compiling architecture xilinx of entity cmpy_v6_0_21.cmpy_v6_0_21_synth [\cmpy_v6_0_21_synth(c_xdevicefam...]
Compiling architecture xilinx of entity xfft_v9_1_9.cmpy [\cmpy(c_xdevicefamily="artix7",b...]
Compiling architecture xilinx of entity xfft_v9_1_9.shift_ram [\shift_ram(c_xdevicefamily="arti...]
Compiling architecture struct of entity c_shift_ram_v12_0_14.c_shift_ram_v12_0_14_legacy [\c_shift_ram_v12_0_14_legacy(c_x...]
Compiling architecture synth of entity c_shift_ram_v12_0_14.c_shift_ram_v12_0_14_viv [\c_shift_ram_v12_0_14_viv(c_xdev...]
Compiling architecture xilinx of entity xfft_v9_1_9.shift_ram [\shift_ram(c_xdevicefamily="arti...]
Compiling architecture structural of entity c_reg_fd_v12_0_6.c_reg_fd_v12_0_6_viv [\c_reg_fd_v12_0_6_viv(c_width=21...]
Compiling architecture rtl of entity c_addsub_v12_0_15.c_addsub_v12_0_15_lut6_legacy [\c_addsub_v12_0_15_lut6_legacy(c...]
Compiling architecture synth of entity c_addsub_v12_0_15.c_addsub_v12_0_15_fabric_legacy [\c_addsub_v12_0_15_fabric_legacy...]
Compiling architecture synth of entity c_addsub_v12_0_15.c_addsub_v12_0_15_legacy [\c_addsub_v12_0_15_legacy(c_fami...]
Compiling architecture synth of entity c_addsub_v12_0_15.c_addsub_v12_0_15_viv [\c_addsub_v12_0_15_viv(c_xdevice...]
Compiling architecture xilinx of entity xfft_v9_1_9.adder [\adder(c_xdevicefamily="artix7",...]
Compiling architecture rtl of entity c_addsub_v12_0_15.c_addsub_v12_0_15_lut6_legacy [\c_addsub_v12_0_15_lut6_legacy(c...]
Compiling architecture synth of entity c_addsub_v12_0_15.c_addsub_v12_0_15_fabric_legacy [\c_addsub_v12_0_15_fabric_legacy...]
Compiling architecture synth of entity c_addsub_v12_0_15.c_addsub_v12_0_15_legacy [\c_addsub_v12_0_15_legacy(c_fami...]
Compiling architecture synth of entity c_addsub_v12_0_15.c_addsub_v12_0_15_viv [\c_addsub_v12_0_15_viv(c_xdevice...]
Compiling architecture xilinx of entity xfft_v9_1_9.subtracter [\subtracter(c_xdevicefamily="art...]
Compiling architecture xilinx of entity xfft_v9_1_9.butterfly [\butterfly(c_xdevicefamily="arti...]
Compiling architecture xilinx of entity xfft_v9_1_9.so_datapath [\so_datapath(c_xdevicefamily="ar...]
Compiling architecture vcc_v of entity unisim.VCC [vcc_default]
Compiling architecture xilinx of entity xfft_v9_1_9.twgen_half_sincos [\twgen_half_sincos(c_xdevicefami...]
Compiling architecture xilinx of entity xfft_v9_1_9.twiddle_gen [\twiddle_gen(c_xdevicefamily="ar...]
Compiling architecture struct of entity c_shift_ram_v12_0_14.c_shift_ram_v12_0_14_legacy [\c_shift_ram_v12_0_14_legacy(c_x...]
Compiling architecture synth of entity c_shift_ram_v12_0_14.c_shift_ram_v12_0_14_viv [\c_shift_ram_v12_0_14_viv(c_xdev...]
Compiling architecture xilinx of entity xfft_v9_1_9.shift_ram [\shift_ram(c_xdevicefamily="arti...]
Compiling architecture fdse_v of entity unisim.FDSE [fdse_default]
Compiling architecture fdre_v of entity unisim.FDRE [fdre_default]
Compiling architecture xilinx of entity xfft_v9_1_9.so_control_fsm [so_control_fsm_default]
Compiling architecture lut3_v of entity unisim.LUT3 [\LUT3(init="10000000")(0,7)\]
Compiling architecture lut3_v of entity unisim.LUT3 [\LUT3(init="10001010")(0,7)\]
Compiling architecture lut4_v of entity unisim.LUT4 [\LUT4(init="0000000000000001")(0...]
Compiling architecture fd_v of entity unisim.FD [fd_default]
Compiling architecture muxcy_v of entity unisim.MUXCY [muxcy_default]
Compiling architecture xorcy_v of entity unisim.XORCY [xorcy_default]
Compiling architecture rtl of entity c_addsub_v12_0_15.c_addsub_v12_0_15_lut6_legacy [\c_addsub_v12_0_15_lut6_legacy(c...]
Compiling architecture synth of entity c_addsub_v12_0_15.c_addsub_v12_0_15_fabric_legacy [\c_addsub_v12_0_15_fabric_legacy...]
Compiling architecture synth of entity c_addsub_v12_0_15.c_addsub_v12_0_15_legacy [\c_addsub_v12_0_15_legacy(c_fami...]
Compiling architecture synth of entity c_addsub_v12_0_15.c_addsub_v12_0_15_viv [\c_addsub_v12_0_15_viv(c_xdevice...]
Compiling architecture xilinx of entity xfft_v9_1_9.so_n_counter [\so_n_counter(c_xdevicefamily="a...]
Compiling architecture fde_v of entity unisim.FDE [fde_default]
Compiling architecture lut6_v of entity unisim.LUT6 [\LUT6(init="11111111000000001111...]
Compiling architecture muxf7_v of entity unisim.MUXF7 [muxf7_default]
Compiling architecture muxf8_v of entity unisim.MUXF8 [muxf8_default]
Compiling architecture xilinx of entity xfft_v9_1_9.mux_bus16 [\mux_bus16(c_xdevicefamily="arti...]
Compiling architecture xilinx of entity xfft_v9_1_9.shift_ram [\shift_ram(c_xdevicefamily="arti...]
Compiling architecture xilinx of entity xfft_v9_1_9.so_run_addr_gen_rotator [\so_run_addr_gen_rotator(c_xdevi...]
Compiling architecture lut1_v of entity unisim.LUT1 [\LUT1(init="0001")(0,3)\]
Compiling architecture lut4_v of entity unisim.LUT4 [\LUT4(init="0010111000100010")(0...]
Compiling architecture lut2_v of entity unisim.LUT2 [\LUT2(init="1000")(0,3)\]
Compiling architecture rtl of entity c_addsub_v12_0_15.c_addsub_v12_0_15_lut6_legacy [\c_addsub_v12_0_15_lut6_legacy(c...]
Compiling architecture synth of entity c_addsub_v12_0_15.c_addsub_v12_0_15_fabric_legacy [\c_addsub_v12_0_15_fabric_legacy...]
Compiling architecture synth of entity c_addsub_v12_0_15.c_addsub_v12_0_15_legacy [\c_addsub_v12_0_15_legacy(c_fami...]
Compiling architecture synth of entity c_addsub_v12_0_15.c_addsub_v12_0_15_viv [\c_addsub_v12_0_15_viv(c_xdevice...]
Compiling architecture srl16e_v of entity unisim.SRL16E [\SRL16E(0,15)\]
Compiling architecture xilinx of entity xfft_v9_1_9.shift_ram [\shift_ram(c_xdevicefamily="arti...]
Compiling architecture struct of entity c_shift_ram_v12_0_14.c_shift_ram_v12_0_14_legacy [\c_shift_ram_v12_0_14_legacy(c_x...]
Compiling architecture synth of entity c_shift_ram_v12_0_14.c_shift_ram_v12_0_14_viv [\c_shift_ram_v12_0_14_viv(c_xdev...]
Compiling architecture xilinx of entity xfft_v9_1_9.shift_ram [\shift_ram(c_xdevicefamily="arti...]
Compiling architecture struct of entity c_shift_ram_v12_0_14.c_shift_ram_v12_0_14_legacy [\c_shift_ram_v12_0_14_legacy(c_x...]
Compiling architecture synth of entity c_shift_ram_v12_0_14.c_shift_ram_v12_0_14_viv [\c_shift_ram_v12_0_14_viv(c_xdev...]
Compiling architecture xilinx of entity xfft_v9_1_9.shift_ram [\shift_ram(c_xdevicefamily="arti...]
Compiling architecture lut3_v of entity unisim.LUT3 [\LUT3(init="00000100")(0,7)\]
Compiling architecture xilinx of entity xfft_v9_1_9.so_run_addr_gen [\so_run_addr_gen(c_xdevicefamily...]
Compiling architecture struct of entity c_shift_ram_v12_0_14.c_shift_ram_v12_0_14_legacy [\c_shift_ram_v12_0_14_legacy(c_x...]
Compiling architecture synth of entity c_shift_ram_v12_0_14.c_shift_ram_v12_0_14_viv [\c_shift_ram_v12_0_14_viv(c_xdev...]
Compiling architecture xilinx of entity xfft_v9_1_9.shift_ram [\shift_ram(c_xdevicefamily="arti...]
Compiling architecture xilinx of entity xfft_v9_1_9.shift_ram [\shift_ram(c_xdevicefamily="arti...]
Compiling architecture structural of entity c_reg_fd_v12_0_6.c_reg_fd_v12_0_6_viv [\c_reg_fd_v12_0_6_viv(c_width=9,...]
Compiling architecture rtl of entity c_addsub_v12_0_15.c_addsub_v12_0_15_lut6_legacy [\c_addsub_v12_0_15_lut6_legacy(c...]
Compiling architecture synth of entity c_addsub_v12_0_15.c_addsub_v12_0_15_fabric_legacy [\c_addsub_v12_0_15_fabric_legacy...]
Compiling architecture synth of entity c_addsub_v12_0_15.c_addsub_v12_0_15_legacy [\c_addsub_v12_0_15_legacy(c_fami...]
Compiling architecture synth of entity c_addsub_v12_0_15.c_addsub_v12_0_15_viv [\c_addsub_v12_0_15_viv(c_xdevice...]
Compiling architecture xilinx of entity xfft_v9_1_9.so_io_addr_gen [\so_io_addr_gen(c_xdevicefamily=...]
Compiling architecture xilinx of entity xfft_v9_1_9.so_addr_gen [\so_addr_gen(c_xdevicefamily="ar...]
Compiling architecture xilinx of entity xfft_v9_1_9.shift_ram [\shift_ram(c_xdevicefamily="arti...]
Compiling architecture struct of entity c_shift_ram_v12_0_14.c_shift_ram_v12_0_14_legacy [\c_shift_ram_v12_0_14_legacy(c_x...]
Compiling architecture synth of entity c_shift_ram_v12_0_14.c_shift_ram_v12_0_14_viv [\c_shift_ram_v12_0_14_viv(c_xdev...]
Compiling architecture xilinx of entity xfft_v9_1_9.shift_ram [\shift_ram(c_xdevicefamily="arti...]
Compiling architecture xilinx of entity xfft_v9_1_9.so_control [\so_control(c_xdevicefamily="art...]
Compiling architecture xilinx of entity xfft_v9_1_9.xfft_v9_1_9_e [\xfft_v9_1_9_e(c_xdevicefamily="...]
Compiling architecture synth of entity xfft_v9_1_9.xfft_v9_1_9_core [\xfft_v9_1_9_core(c_xdevicefamil...]
Compiling architecture synth of entity xfft_v9_1_9.xfft_v9_1_9_viv [\xfft_v9_1_9_viv(c_xdevicefamily...]
Compiling architecture xilinx of entity xfft_v9_1_9.xfft_v9_1_9 [\xfft_v9_1_9(c_xdevicefamily="ar...]
Compiling architecture fft_arch of entity xil_defaultlib.fft [fft_default]
Compiling module xil_defaultlib.serial_fft_default
Compiling module xil_defaultlib.stream_register(dtype_t=value_t_...
Compiling architecture synth of entity xbip_pipe_v3_0_6.xbip_pipe_v3_0_6_viv [\xbip_pipe_v3_0_6_viv(c_latency=...]
Compiling architecture xilinx of entity axi_utils_v2_0_6.axi_slave_2to1 [\axi_slave_2to1(c_a_tdata_width=...]
Compiling architecture synth of entity xbip_pipe_v3_0_6.xbip_pipe_v3_0_6_viv [\xbip_pipe_v3_0_6_viv(c_latency=...]
Compiling architecture xilinx of entity axi_utils_v2_0_6.glb_srl_fifo [\glb_srl_fifo(width=17,has_uvpro...]
Compiling architecture xilinx of entity axi_utils_v2_0_6.glb_ifx_master [\glb_ifx_master(width=17,afull_t...]
Compiling architecture synth of entity xbip_pipe_v3_0_6.xbip_pipe_v3_0_6_viv [\xbip_pipe_v3_0_6_viv(c_latency=...]
Compiling architecture struct_all of entity cordic_v6_0_19.delay [\delay(delay_len=1,family="artix...]
Compiling architecture rtl of entity c_addsub_v12_0_15.c_addsub_v12_0_15_lut6_legacy [\c_addsub_v12_0_15_lut6_legacy(c...]
Compiling architecture synth of entity c_addsub_v12_0_15.c_addsub_v12_0_15_fabric_legacy [\c_addsub_v12_0_15_fabric_legacy...]
Compiling architecture synth of entity c_addsub_v12_0_15.c_addsub_v12_0_15_legacy [\c_addsub_v12_0_15_legacy(c_fami...]
Compiling architecture synth of entity c_addsub_v12_0_15.c_addsub_v12_0_15_viv [\c_addsub_v12_0_15_viv(c_xdevice...]
Compiling architecture synth of entity cordic_v6_0_19.addsub [\addsub(family="artix7",add_mode...]
Compiling architecture struct_all of entity cordic_v6_0_19.delay [\delay(delay_len=1,family="artix...]
Compiling architecture struct_all of entity cordic_v6_0_19.delay [\delay(delay_len=3,family="artix...]
Compiling architecture synth of entity cordic_v6_0_19.cordic_sqrt_mod [\cordic_sqrt_mod(p_xdevicefamily...]
Compiling architecture struct_all of entity cordic_v6_0_19.delay [\delay(delay_len=0,family="artix...]
Compiling architecture rtl of entity c_addsub_v12_0_15.c_addsub_v12_0_15_lut6_legacy [\c_addsub_v12_0_15_lut6_legacy(c...]
Compiling architecture synth of entity c_addsub_v12_0_15.c_addsub_v12_0_15_fabric_legacy [\c_addsub_v12_0_15_fabric_legacy...]
Compiling architecture synth of entity c_addsub_v12_0_15.c_addsub_v12_0_15_legacy [\c_addsub_v12_0_15_legacy(c_fami...]
Compiling architecture synth of entity c_addsub_v12_0_15.c_addsub_v12_0_15_viv [\c_addsub_v12_0_15_viv(c_xdevice...]
Compiling architecture synth of entity cordic_v6_0_19.addsub [\addsub(family="artix7",add_mode...]
Compiling architecture struct_all of entity cordic_v6_0_19.delay [\delay(delay_len=0,family="artix...]
Compiling architecture struct_all of entity cordic_v6_0_19.delay [\delay(delay_len=4,family="artix...]
Compiling architecture synth of entity cordic_v6_0_19.cordic_sqrt_mod [\cordic_sqrt_mod(p_xdevicefamily...]
Compiling architecture struct_all of entity cordic_v6_0_19.delay [\delay(delay_len=0,family="artix...]
Compiling architecture rtl of entity c_addsub_v12_0_15.c_addsub_v12_0_15_lut6_legacy [\c_addsub_v12_0_15_lut6_legacy(c...]
Compiling architecture synth of entity c_addsub_v12_0_15.c_addsub_v12_0_15_fabric_legacy [\c_addsub_v12_0_15_fabric_legacy...]
Compiling architecture synth of entity c_addsub_v12_0_15.c_addsub_v12_0_15_legacy [\c_addsub_v12_0_15_legacy(c_fami...]
Compiling architecture synth of entity c_addsub_v12_0_15.c_addsub_v12_0_15_viv [\c_addsub_v12_0_15_viv(c_xdevice...]
Compiling architecture synth of entity cordic_v6_0_19.addsub [\addsub(family="artix7",add_mode...]
Compiling architecture struct_all of entity cordic_v6_0_19.delay [\delay(delay_len=0,family="artix...]
Compiling architecture synth of entity cordic_v6_0_19.cordic_sqrt_mod [\cordic_sqrt_mod(p_xdevicefamily...]
Compiling architecture struct_all of entity cordic_v6_0_19.delay [\delay(delay_len=1,family="artix...]
Compiling architecture rtl of entity c_addsub_v12_0_15.c_addsub_v12_0_15_lut6_legacy [\c_addsub_v12_0_15_lut6_legacy(c...]
Compiling architecture synth of entity c_addsub_v12_0_15.c_addsub_v12_0_15_fabric_legacy [\c_addsub_v12_0_15_fabric_legacy...]
Compiling architecture synth of entity c_addsub_v12_0_15.c_addsub_v12_0_15_legacy [\c_addsub_v12_0_15_legacy(c_fami...]
Compiling architecture synth of entity c_addsub_v12_0_15.c_addsub_v12_0_15_viv [\c_addsub_v12_0_15_viv(c_xdevice...]
Compiling architecture synth of entity cordic_v6_0_19.addsub [\addsub(family="artix7",add_mode...]
Compiling architecture struct_all of entity cordic_v6_0_19.delay [\delay(delay_len=1,family="artix...]
Compiling architecture synth of entity cordic_v6_0_19.cordic_sqrt_mod [\cordic_sqrt_mod(p_xdevicefamily...]
Compiling architecture struct_all of entity cordic_v6_0_19.delay [\delay(delay_len=1,family="artix...]
Compiling architecture rtl of entity c_addsub_v12_0_15.c_addsub_v12_0_15_lut6_legacy [\c_addsub_v12_0_15_lut6_legacy(c...]
Compiling architecture synth of entity c_addsub_v12_0_15.c_addsub_v12_0_15_fabric_legacy [\c_addsub_v12_0_15_fabric_legacy...]
Compiling architecture synth of entity c_addsub_v12_0_15.c_addsub_v12_0_15_legacy [\c_addsub_v12_0_15_legacy(c_fami...]
Compiling architecture synth of entity c_addsub_v12_0_15.c_addsub_v12_0_15_viv [\c_addsub_v12_0_15_viv(c_xdevice...]
Compiling architecture synth of entity cordic_v6_0_19.addsub [\addsub(family="artix7",add_mode...]
Compiling architecture struct_all of entity cordic_v6_0_19.delay [\delay(delay_len=1,family="artix...]
Compiling architecture struct_all of entity cordic_v6_0_19.delay [\delay(delay_len=2,family="artix...]
Compiling architecture synth of entity cordic_v6_0_19.cordic_sqrt_mod [\cordic_sqrt_mod(p_xdevicefamily...]
Compiling architecture struct_all of entity cordic_v6_0_19.delay [\delay(delay_len=0,family="artix...]
Compiling architecture rtl of entity c_addsub_v12_0_15.c_addsub_v12_0_15_lut6_legacy [\c_addsub_v12_0_15_lut6_legacy(c...]
Compiling architecture synth of entity c_addsub_v12_0_15.c_addsub_v12_0_15_fabric_legacy [\c_addsub_v12_0_15_fabric_legacy...]
Compiling architecture synth of entity c_addsub_v12_0_15.c_addsub_v12_0_15_legacy [\c_addsub_v12_0_15_legacy(c_fami...]
Compiling architecture synth of entity c_addsub_v12_0_15.c_addsub_v12_0_15_viv [\c_addsub_v12_0_15_viv(c_xdevice...]
Compiling architecture synth of entity cordic_v6_0_19.addsub [\addsub(family="artix7",add_mode...]
Compiling architecture struct_all of entity cordic_v6_0_19.delay [\delay(delay_len=0,family="artix...]
Compiling architecture struct_all of entity cordic_v6_0_19.delay [\delay(delay_len=5,family="artix...]
Compiling architecture synth of entity cordic_v6_0_19.cordic_sqrt_mod [\cordic_sqrt_mod(p_xdevicefamily...]
Compiling architecture struct_all of entity cordic_v6_0_19.delay [\delay(delay_len=0,family="artix...]
Compiling architecture rtl of entity c_addsub_v12_0_15.c_addsub_v12_0_15_lut6_legacy [\c_addsub_v12_0_15_lut6_legacy(c...]
Compiling architecture synth of entity c_addsub_v12_0_15.c_addsub_v12_0_15_fabric_legacy [\c_addsub_v12_0_15_fabric_legacy...]
Compiling architecture synth of entity c_addsub_v12_0_15.c_addsub_v12_0_15_legacy [\c_addsub_v12_0_15_legacy(c_fami...]
Compiling architecture synth of entity c_addsub_v12_0_15.c_addsub_v12_0_15_viv [\c_addsub_v12_0_15_viv(c_xdevice...]
Compiling architecture synth of entity cordic_v6_0_19.addsub [\addsub(family="artix7",add_mode...]
Compiling architecture struct_all of entity cordic_v6_0_19.delay [\delay(delay_len=0,family="artix...]
Compiling architecture synth of entity cordic_v6_0_19.cordic_sqrt_mod [\cordic_sqrt_mod(p_xdevicefamily...]
Compiling architecture struct_all of entity cordic_v6_0_19.delay [\delay(delay_len=1,family="artix...]
Compiling architecture rtl of entity c_addsub_v12_0_15.c_addsub_v12_0_15_lut6_legacy [\c_addsub_v12_0_15_lut6_legacy(c...]
Compiling architecture synth of entity c_addsub_v12_0_15.c_addsub_v12_0_15_fabric_legacy [\c_addsub_v12_0_15_fabric_legacy...]
Compiling architecture synth of entity c_addsub_v12_0_15.c_addsub_v12_0_15_legacy [\c_addsub_v12_0_15_legacy(c_fami...]
Compiling architecture synth of entity c_addsub_v12_0_15.c_addsub_v12_0_15_viv [\c_addsub_v12_0_15_viv(c_xdevice...]
Compiling architecture synth of entity cordic_v6_0_19.addsub [\addsub(family="artix7",add_mode...]
Compiling architecture struct_all of entity cordic_v6_0_19.delay [\delay(delay_len=1,family="artix...]
Compiling architecture synth of entity cordic_v6_0_19.cordic_sqrt_mod [\cordic_sqrt_mod(p_xdevicefamily...]
Compiling architecture struct_all of entity cordic_v6_0_19.delay [\delay(delay_len=1,family="artix...]
Compiling architecture rtl of entity c_addsub_v12_0_15.c_addsub_v12_0_15_lut6_legacy [\c_addsub_v12_0_15_lut6_legacy(c...]
Compiling architecture synth of entity c_addsub_v12_0_15.c_addsub_v12_0_15_fabric_legacy [\c_addsub_v12_0_15_fabric_legacy...]
Compiling architecture synth of entity c_addsub_v12_0_15.c_addsub_v12_0_15_legacy [\c_addsub_v12_0_15_legacy(c_fami...]
Compiling architecture synth of entity c_addsub_v12_0_15.c_addsub_v12_0_15_viv [\c_addsub_v12_0_15_viv(c_xdevice...]
Compiling architecture synth of entity cordic_v6_0_19.addsub [\addsub(family="artix7",add_mode...]
Compiling architecture struct_all of entity cordic_v6_0_19.delay [\delay(delay_len=1,family="artix...]
Compiling architecture struct_all of entity cordic_v6_0_19.delay [\delay(delay_len=1,family="artix...]
Compiling architecture synth of entity cordic_v6_0_19.cordic_sqrt_mod [\cordic_sqrt_mod(p_xdevicefamily...]
Compiling architecture struct_all of entity cordic_v6_0_19.delay [\delay(delay_len=0,family="artix...]
Compiling architecture rtl of entity c_addsub_v12_0_15.c_addsub_v12_0_15_lut6_legacy [\c_addsub_v12_0_15_lut6_legacy(c...]
Compiling architecture synth of entity c_addsub_v12_0_15.c_addsub_v12_0_15_fabric_legacy [\c_addsub_v12_0_15_fabric_legacy...]
Compiling architecture synth of entity c_addsub_v12_0_15.c_addsub_v12_0_15_legacy [\c_addsub_v12_0_15_legacy(c_fami...]
Compiling architecture synth of entity c_addsub_v12_0_15.c_addsub_v12_0_15_viv [\c_addsub_v12_0_15_viv(c_xdevice...]
Compiling architecture synth of entity cordic_v6_0_19.addsub [\addsub(family="artix7",add_mode...]
Compiling architecture struct_all of entity cordic_v6_0_19.delay [\delay(delay_len=0,family="artix...]
Compiling architecture struct_all of entity cordic_v6_0_19.delay [\delay(delay_len=6,family="artix...]
Compiling architecture synth of entity cordic_v6_0_19.cordic_sqrt_mod [\cordic_sqrt_mod(p_xdevicefamily...]
Compiling architecture struct_all of entity cordic_v6_0_19.delay [\delay(delay_len=0,family="artix...]
Compiling architecture rtl of entity c_addsub_v12_0_15.c_addsub_v12_0_15_lut6_legacy [\c_addsub_v12_0_15_lut6_legacy(c...]
Compiling architecture synth of entity c_addsub_v12_0_15.c_addsub_v12_0_15_fabric_legacy [\c_addsub_v12_0_15_fabric_legacy...]
Compiling architecture synth of entity c_addsub_v12_0_15.c_addsub_v12_0_15_legacy [\c_addsub_v12_0_15_legacy(c_fami...]
Compiling architecture synth of entity c_addsub_v12_0_15.c_addsub_v12_0_15_viv [\c_addsub_v12_0_15_viv(c_xdevice...]
Compiling architecture synth of entity cordic_v6_0_19.addsub [\addsub(family="artix7",add_mode...]
Compiling architecture struct_all of entity cordic_v6_0_19.delay [\delay(delay_len=0,family="artix...]
Compiling architecture synth of entity cordic_v6_0_19.cordic_sqrt_mod [\cordic_sqrt_mod(p_xdevicefamily...]
Compiling architecture struct_all of entity cordic_v6_0_19.delay [\delay(delay_len=1,family="artix...]
Compiling architecture rtl of entity c_addsub_v12_0_15.c_addsub_v12_0_15_lut6_legacy [\c_addsub_v12_0_15_lut6_legacy(c...]
Compiling architecture synth of entity c_addsub_v12_0_15.c_addsub_v12_0_15_fabric_legacy [\c_addsub_v12_0_15_fabric_legacy...]
Compiling architecture synth of entity c_addsub_v12_0_15.c_addsub_v12_0_15_legacy [\c_addsub_v12_0_15_legacy(c_fami...]
Compiling architecture synth of entity c_addsub_v12_0_15.c_addsub_v12_0_15_viv [\c_addsub_v12_0_15_viv(c_xdevice...]
Compiling architecture synth of entity cordic_v6_0_19.addsub [\addsub(family="artix7",add_mode...]
Compiling architecture struct_all of entity cordic_v6_0_19.delay [\delay(delay_len=1,family="artix...]
Compiling architecture synth of entity cordic_v6_0_19.cordic_sqrt_mod [\cordic_sqrt_mod(p_xdevicefamily...]
Compiling architecture struct_all of entity cordic_v6_0_19.delay [\delay(delay_len=1,family="artix...]
Compiling architecture rtl of entity c_addsub_v12_0_15.c_addsub_v12_0_15_lut6_legacy [\c_addsub_v12_0_15_lut6_legacy(c...]
Compiling architecture synth of entity c_addsub_v12_0_15.c_addsub_v12_0_15_fabric_legacy [\c_addsub_v12_0_15_fabric_legacy...]
Compiling architecture synth of entity c_addsub_v12_0_15.c_addsub_v12_0_15_legacy [\c_addsub_v12_0_15_legacy(c_fami...]
Compiling architecture synth of entity c_addsub_v12_0_15.c_addsub_v12_0_15_viv [\c_addsub_v12_0_15_viv(c_xdevice...]
Compiling architecture synth of entity cordic_v6_0_19.addsub [\addsub(family="artix7",add_mode...]
Compiling architecture struct_all of entity cordic_v6_0_19.delay [\delay(delay_len=1,family="artix...]
Compiling architecture struct_all of entity cordic_v6_0_19.delay [\delay(delay_len=0,family="artix...]
Compiling architecture synth of entity cordic_v6_0_19.cordic_sqrt_mod [\cordic_sqrt_mod(p_xdevicefamily...]
Compiling architecture rtl of entity c_addsub_v12_0_15.c_addsub_v12_0_15_lut6_legacy [\c_addsub_v12_0_15_lut6_legacy(c...]
Compiling architecture synth of entity c_addsub_v12_0_15.c_addsub_v12_0_15_fabric_legacy [\c_addsub_v12_0_15_fabric_legacy...]
Compiling architecture synth of entity c_addsub_v12_0_15.c_addsub_v12_0_15_legacy [\c_addsub_v12_0_15_legacy(c_fami...]
Compiling architecture synth of entity c_addsub_v12_0_15.c_addsub_v12_0_15_viv [\c_addsub_v12_0_15_viv(c_xdevice...]
Compiling architecture synth of entity cordic_v6_0_19.addsub [\addsub(family="artix7",add_mode...]
Compiling architecture struct_all of entity cordic_v6_0_19.delay [\delay(delay_len=0,family="artix...]
Compiling architecture struct_all of entity cordic_v6_0_19.delay [\delay(delay_len=7,family="artix...]
Compiling architecture synth of entity cordic_v6_0_19.cordic_sqrt_mod [\cordic_sqrt_mod(p_xdevicefamily...]
Compiling architecture struct_all of entity cordic_v6_0_19.delay [\delay(delay_len=0,family="artix...]
Compiling architecture struct_all of entity cordic_v6_0_19.delay_bit [\delay_bit(delay_len=0,family="a...]
Compiling architecture struct_all of entity cordic_v6_0_19.delay_bit [\delay_bit(delay_len=7,family="a...]
Compiling architecture synth of entity cordic_v6_0_19.cordic_sqrt [\cordic_sqrt(p_xdevicefamily="ar...]
Compiling architecture synth of entity cordic_v6_0_19.cordic_v6_0_19_synth [\cordic_v6_0_19_synth(c_architec...]
Compiling architecture synth of entity cordic_v6_0_19.cordic_v6_0_19_viv [\cordic_v6_0_19_viv(c_architectu...]
Compiling architecture xilinx of entity cordic_v6_0_19.cordic_v6_0_19 [\cordic_v6_0_19(c_architecture=2...]
Compiling architecture sqrt_cordic_arch of entity xil_defaultlib.sqrt_cordic [sqrt_cordic_default]
Compiling module xil_defaultlib.fft_abs_value
Compiling module xil_defaultlib.drop_upper_freqs(dtype_t=real_t_...
Compiling module xil_defaultlib.fft_top
Compiling module xil_defaultlib.fft_test
Compiling module xil_defaultlib.glbl
Built simulation snapshot fft_test_behav
