NOTE: Using modified tcl85t.dll from https://gitenterprise.xilinx.com/ACT/vitis_hls_tcl
INFO: [HLS 200-10] Running 'C:/Xilinx/Vitis_HLS/2023.1/bin/unwrapped/win64.o/vitis_hls.exe'
INFO: [HLS 200-10] For user 'the5t' on host 'audrey' (Windows NT_amd64 version 6.2) on Tue Jan 20 12:44:14 +0100 2026
INFO: [HLS 200-10] In directory 'C:/Users/the5t/OneDrive/Documents/GitHub/rwth-lab-fpga-WIP/audrey_2023_vitis'
Sourcing Tcl script 'C:/Users/the5t/OneDrive/Documents/GitHub/rwth-lab-fpga-WIP/audrey_2023_vitis/audrey_4_hls/solution1/export.tcl'
INFO: [HLS 200-1510] Running: source C:/Users/the5t/OneDrive/Documents/GitHub/rwth-lab-fpga-WIP/audrey_2023_vitis/audrey_4_hls/solution1/export.tcl
INFO: [HLS 200-1510] Running: open_project audrey_4_hls 
INFO: [HLS 200-10] Opening project 'C:/Users/the5t/OneDrive/Documents/GitHub/rwth-lab-fpga-WIP/audrey_2023_vitis/audrey_4_hls'.
INFO: [HLS 200-1510] Running: set_top mfcc 
INFO: [HLS 200-1510] Running: add_files audrey_4_hls/mel_filterbank.h 
INFO: [HLS 200-10] Adding design file 'audrey_4_hls/mel_filterbank.h' to the project
INFO: [HLS 200-1510] Running: add_files audrey_4_hls/mfcc.cpp 
INFO: [HLS 200-10] Adding design file 'audrey_4_hls/mfcc.cpp' to the project
INFO: [HLS 200-1510] Running: add_files audrey_4_hls/mfcc.h 
INFO: [HLS 200-10] Adding design file 'audrey_4_hls/mfcc.h' to the project
INFO: [HLS 200-1510] Running: add_files -tb audrey_4_hls/tb.cpp -cflags -Wno-unknown-pragmas 
INFO: [HLS 200-10] Adding test bench file 'audrey_4_hls/tb.cpp' to the project
INFO: [HLS 200-1510] Running: add_files -tb audrey_4_hls/stimuli -cflags -Wno-unknown-pragmas 
INFO: [HLS 200-10] Adding test bench file 'audrey_4_hls/stimuli' to the project
INFO: [HLS 200-1510] Running: open_solution solution1 -flow_target vivado 
INFO: [HLS 200-10] Opening solution 'C:/Users/the5t/OneDrive/Documents/GitHub/rwth-lab-fpga-WIP/audrey_2023_vitis/audrey_4_hls/solution1'.
INFO: [SYN 201-201] Setting up clock 'default' with a period of 10ns.
INFO: [HLS 200-1611] Setting target device to 'xc7a100t-csg324-1'
INFO: [HLS 200-1505] Using flow_target 'vivado'
Resolution: For help on HLS 200-1505 see www.xilinx.com/cgi-bin/docs/rdoc?v=2023.1;t=hls+guidance;d=200-1505.html
INFO: [HLS 200-1464] Running solution command: config_export -display_name=mfcc2
INFO: [HLS 200-1464] Running solution command: config_export -format=ip_catalog
INFO: [HLS 200-1464] Running solution command: config_export -output=C:/Users/the5t/OneDrive/Documents/GitHub/rwth-lab-fpga-WIP
INFO: [HLS 200-1464] Running solution command: config_export -rtl=verilog
INFO: [HLS 200-1510] Running: set_part xc7a100t-csg324-1 
INFO: [HLS 200-1510] Running: create_clock -period 10 -name default 
INFO: [HLS 200-1510] Running: config_export -display_name mfcc2 -format ip_catalog -output C:/Users/the5t/OneDrive/Documents/GitHub/rwth-lab-fpga-WIP -rtl verilog 
INFO: [HLS 200-1510] Running: source ./audrey_4_hls/solution1/directives.tcl
INFO: [HLS 200-1510] Running: set_directive_top -name mfcc mfcc 
INFO: [HLS 200-1510] Running: export_design -rtl verilog -format ip_catalog -output C:/Users/the5t/OneDrive/Documents/GitHub/rwth-lab-fpga-WIP 
INFO: [IMPL 213-8] Exporting RTL as a Vivado IP.

****** Vivado v2023.1 (64-bit)
  **** SW Build 3865809 on Sun May  7 15:05:29 MDT 2023
  **** IP Build 3864474 on Sun May  7 20:36:21 MDT 2023
  **** SharedData Build 3865790 on Sun May 07 13:33:03 MDT 2023
    ** Copyright 1986-2022 Xilinx, Inc. All Rights Reserved.
    ** Copyright 2022-2023 Advanced Micro Devices, Inc. All Rights Reserved.

source run_ippack.tcl -notrace
INFO: [IP_Flow 19-234] Refreshing IP repositories
INFO: [IP_Flow 19-1704] No user IP repositories specified
INFO: [IP_Flow 19-2313] Loaded Vivado IP repository 'C:/Xilinx/Vivado/2023.1/data/ip'.
INFO: [Common 17-206] Exiting Vivado at Tue Jan 20 12:44:27 2026...
INFO: [HLS 200-802] Generated output file C:/Users/the5t/OneDrive/Documents/GitHub/rwth-lab-fpga-WIP/export.zip
INFO: [HLS 200-111] Finished Command export_design CPU user time: 0 seconds. CPU system time: 0 seconds. Elapsed time: 10.616 seconds; current allocated memory: 7.523 MB.
INFO: [HLS 200-112] Total CPU user time: 3 seconds. Total CPU system time: 1 seconds. Total elapsed time: 13.915 seconds; peak allocated memory: 1.038 GB.
